Microchip MPLAB XC8 Compiler V1.40 ()

Linker command line:

-W-3 --edf=D:\Program Files (x86)\Microchip\xc8\v1.40\dat\en_msgs.txt -cs \
  -h+dist/default/production\AER201_PIC.X.production.sym \
  --cmf=dist/default/production\AER201_PIC.X.production.cmf -z -Q18F4620 \
  -oC:\Users\shich\AppData\Local\Temp\s498.2 \
  -Mdist/default/production/AER201_PIC.X.production.map -E1 -ver=XC8 \
  -ASTACK=0EFh-0f7fh -pstack=STACK -ACODE=00h-0FFFFh -ACONST=00h-0FFFFh \
  -ASMALLCONST=01000h-010FFhx240 -AMEDIUMCONST=01000h-0FFFFh \
  -ACOMRAM=01h-07Fh -AABS1=00h-0F7Fh -ABIGRAM=01h-0F7Fh \
  -ARAM=080h-0FFh,0100h-01FFhx14,0F00h-0F7Fh -ABANK0=080h-0FFh \
  -ABANK1=0100h-01FFh -ABANK2=0200h-02FFh -ABANK3=0300h-03FFh \
  -ABANK4=0400h-04FFh -ABANK5=0500h-05FFh -ABANK6=0600h-06FFh \
  -ABANK7=0700h-07FFh -ABANK8=0800h-08FFh -ABANK9=0900h-09FFh \
  -ABANK10=0A00h-0AFFh -ABANK11=0B00h-0BFFh -ABANK12=0C00h-0CFFh \
  -ABANK13=0D00h-0DFFh -ABANK14=0E00h-0EFFh -ABANK15=0F00h-0F7Fh \
  -ASFR=0F80h-0FFFh -preset_vec=00h,intcode=08h,intcodelo,powerup,init \
  -pramtop=01000h -psmallconst=SMALLCONST -pmediumconst=MEDIUMCONST \
  -pconst=CONST -AFARRAM=00h-00h -ACONFIG=0300000h-030000Dh -pconfig=CONFIG \
  -AIDLOC=0200000h-0200007h -pidloc=IDLOC -AEEDATA=0F00000h-0F003FFh \
  -peeprom_data=EEDATA \
  -prdata=COMRAM,nvrram=COMRAM,nvbit=COMRAM,rbss=COMRAM,rbit=COMRAM \
  -pfarbss=FARRAM,fardata=FARRAM,nvFARRAM=FARRAM \
  -pintsave_regs=BIGRAM,bigbss=BIGRAM,bigdata=BIGRAM -pbss=RAM \
  -pidata=CODE,irdata=CODE,ibigdata=CODE,ifardata=CODE -prparam=COMRAM \
  C:\Users\shich\AppData\Local\Temp\s498.obj \
  dist/default/production\AER201_PIC.X.production.obj 

Object code version is 3.11

Machine type is 18F4620

Call graph: (short form)




                Name                               Link     Load   Length Selector   Space Scale
C:\Users\shich\AppData\Local\Temp\s498.obj
                init                                  E        E        4        4       0
                reset_vec                             0        0        4        0       0
                idloc                            200000   200000        8   200000       0
                config                           300000   300000        E   300000       0
dist/default/production\AER201_PIC.X.production.obj
                intcode                               8        8        6        4       0
                temp                                 7E       7E        1        1       1
                mediumconst                        FE0E     FE0E      1F2     7F07       0
                text67                             2720     2720       84        4       0
                text66                             2420     2420       AE        4       0
                text65                             2A1E     2A1E       5C        4       0
                text64                             2DF4     2DF4       24        4       0
                text63                              FE4      FE4      1AC        4       0
                text62                             2BF0     2BF0       40        4       0
                text61                             1BC2     1BC2       F4        4       0
                text60                             2DCE     2DCE       26        4       0
                text59                             2104     2104       D2        4       0
                text58                             281C     281C       78        4       0
                text57                             1ACE     1ACE       F4        4       0
                text56                             2690     2690       90        4       0
                text55                             2600     2600       90        4       0
                text54                             1D9C     1D9C       DE        4       0
                text53                             229E     229E       C6        4       0
                text52                             2CAC     2CAC       38        4       0
                text51                             1CB6     1CB6       E6        4       0
                text50                              DFC      DFC      1E8        4       0
                text49                             159E     159E      11E        4       0
                text48                             1190     1190      176        4       0
                text47                             19D2     19D2       FC        4       0
                text46                             2E84     2E84       12        4       0
                text45                             2DA8     2DA8       26        4       0
                text44                             2EFA     2EFA        8        4       0
                text43                             2EF2     2EF2        8        4       0
                text42                             2ED8     2ED8        A        4       0
                text41                             2894     2894       68        4       0
                text40                             2570     2570       90        4       0
                text39                             2B1C     2B1C       4E        4       0
                text38                             2EC2     2EC2        C        4       0
                text37                             2A7A     2A7A       52        4       0
                text36                             2BAE     2BAE       42        4       0
                text35                             2E3A     2E3A       1E        4       0
                text34                             2EB6     2EB6        C        4       0
                text33                              AD0      AD0      32C        4       0
                text32                             17C8     17C8      106        4       0
                intcode_body                        3E8      3E8      382        4       0
                text30                             2E70     2E70       14        4       0
                text29                             2EEA     2EEA        8        4       0
                text28                             2EE2     2EE2        8        4       0
                text27                             2ECE     2ECE        A        4       0
                text26                             1F56     1F56       DC        4       0
                text25                             2364     2364       BC        4       0
                text24                             29BE     29BE       60        4       0
                text23                             24CE     24CE       A2        4       0
                text22                             295E     295E       60        4       0
                text21                             2EA6     2EA6       10        4       0
                text20                             27A4     27A4       78        4       0
                text19                             28FC     28FC       62        4       0
                text18                             2D1A     2D1A       36        4       0
                text17                             2D7E     2D7E       2A        4       0
                text16                             2E96     2E96       10        4       0
                text15                               12       12      3D6        4       0
                text14                             18CE     18CE      104        4       0
                text13                             2CE4     2CE4       36        4       0
                text12                             2D50     2D50       2E        4       0
                text11                             2032     2032       D2        4       0
                text10                             2E18     2E18       22        4       0
                text9                              2ACC     2ACC       50        4       0
                text8                              16BC     16BC      10C        4       0
                text7                              1452     1452      14C        4       0
                text6                              21D6     21D6       C8        4       0
                text5                              2B6A     2B6A       44        4       0
                text4                              1306     1306      14C        4       0
                text3                               76A      76A      366        4       0
                text2                              2E58     2E58       18        4       0
                text1                              2C6E     2C6E       3E        4       0
                text0                              1E7A     1E7A       DC        4       0
                cstackCOMRAM                          1        1       75        1       1
                cstackBANK0                          B8       B8       35       80       1
                dataBANK0                            ED       ED        2       80       1
                bssBANK0                             80       80       38       80       1
                bssCOMRAM                            76       76        8        1       1
                cinit                              2C30     2C30       3E        4       0
                idataBANK0                         2F02     2F02        2        4       0

TOTAL           Name                               Link     Load   Length     Space
        CLASS   STACK          

        CLASS   CODE           
                intcode                               8        8        6         0
                init                                  E        E        4         0
                reset_vec                             0        0        4         0
                text67                             2720     2720       84         0
                text66                             2420     2420       AE         0
                text65                             2A1E     2A1E       5C         0
                text64                             2DF4     2DF4       24         0
                text63                              FE4      FE4      1AC         0
                text62                             2BF0     2BF0       40         0
                text61                             1BC2     1BC2       F4         0
                text60                             2DCE     2DCE       26         0
                text59                             2104     2104       D2         0
                text58                             281C     281C       78         0
                text57                             1ACE     1ACE       F4         0
                text56                             2690     2690       90         0
                text55                             2600     2600       90         0
                text54                             1D9C     1D9C       DE         0
                text53                             229E     229E       C6         0
                text52                             2CAC     2CAC       38         0
                text51                             1CB6     1CB6       E6         0
                text50                              DFC      DFC      1E8         0
                text49                             159E     159E      11E         0
                text48                             1190     1190      176         0
                text47                             19D2     19D2       FC         0
                text46                             2E84     2E84       12         0
                text45                             2DA8     2DA8       26         0
                text44                             2EFA     2EFA        8         0
                text43                             2EF2     2EF2        8         0
                text42                             2ED8     2ED8        A         0
                text41                             2894     2894       68         0
                text40                             2570     2570       90         0
                text39                             2B1C     2B1C       4E         0
                text38                             2EC2     2EC2        C         0
                text37                             2A7A     2A7A       52         0
                text36                             2BAE     2BAE       42         0
                text35                             2E3A     2E3A       1E         0
                text34                             2EB6     2EB6        C         0
                text33                              AD0      AD0      32C         0
                text32                             17C8     17C8      106         0
                intcode_body                        3E8      3E8      382         0
                text30                             2E70     2E70       14         0
                text29                             2EEA     2EEA        8         0
                text28                             2EE2     2EE2        8         0
                text27                             2ECE     2ECE        A         0
                text26                             1F56     1F56       DC         0
                text25                             2364     2364       BC         0
                text24                             29BE     29BE       60         0
                text23                             24CE     24CE       A2         0
                text22                             295E     295E       60         0
                text21                             2EA6     2EA6       10         0
                text20                             27A4     27A4       78         0
                text19                             28FC     28FC       62         0
                text18                             2D1A     2D1A       36         0
                text17                             2D7E     2D7E       2A         0
                text16                             2E96     2E96       10         0
                text15                               12       12      3D6         0
                text14                             18CE     18CE      104         0
                text13                             2CE4     2CE4       36         0
                text12                             2D50     2D50       2E         0
                text11                             2032     2032       D2         0
                text10                             2E18     2E18       22         0
                text9                              2ACC     2ACC       50         0
                text8                              16BC     16BC      10C         0
                text7                              1452     1452      14C         0
                text6                              21D6     21D6       C8         0
                text5                              2B6A     2B6A       44         0
                text4                              1306     1306      14C         0
                text3                               76A      76A      366         0
                text2                              2E58     2E58       18         0
                text1                              2C6E     2C6E       3E         0
                text0                              1E7A     1E7A       DC         0
                cinit                              2C30     2C30       3E         0
                idataBANK0                         2F02     2F02        2         0

        CLASS   CONST          

        CLASS   SMALLCONST     

        CLASS   MEDIUMCONST    
                mediumconst                        FE0E     FE0E      1F2         0

        CLASS   COMRAM         
                temp                                 7E       7E        1         1
                cstackCOMRAM                          1        1       75         1
                bssCOMRAM                            76       76        8         1

        CLASS   ABS1           

        CLASS   BIGRAM         

        CLASS   RAM            

        CLASS   BANK0          
                cstackBANK0                          B8       B8       35         1
                dataBANK0                            ED       ED        2         1
                bssBANK0                             80       80       38         1

        CLASS   BANK1          

        CLASS   BANK2          

        CLASS   BANK3          

        CLASS   BANK4          

        CLASS   BANK5          

        CLASS   BANK6          

        CLASS   BANK7          

        CLASS   BANK8          

        CLASS   BANK9          

        CLASS   BANK10         

        CLASS   BANK11         

        CLASS   BANK12         

        CLASS   BANK13         

        CLASS   BANK14         

        CLASS   BANK15         

        CLASS   SFR            

        CLASS   FARRAM         

        CLASS   CONFIG         
                config                           300000   300000        E         0

        CLASS   IDLOC          
                idloc                            200000   200000        8         0

        CLASS   EEDATA         



SEGMENTS        Name                           Load    Length   Top    Selector   Space  Class

                reset_vec                      000000  000004  000004         0       0  CODE    
                cstackCOMRAM                   000001  00007E  00007F         1       1  COMRAM  
                intcode                        000008  002EFC  002F04         4       0  CODE    
                bssBANK0                       000080  00006F  0000EF        80       1  BANK0   
                mediumconst                    00FE0E  0001F2  010000      7F07       0  MEDIUMCO
                idloc                          200000  000008  200008    200000       0  IDLOC   
                config                         300000  00000E  30000E    300000       0  CONFIG  


UNUSED ADDRESS RANGES

        Name                Unused          Largest block    Delta
        BANK0            0000EF-0000FF               11
        BANK1            000100-0001FF              100
        BANK10           000A00-000AFF              100
        BANK11           000B00-000BFF              100
        BANK12           000C00-000CFF              100
        BANK13           000D00-000DFF              100
        BANK14           000E00-000EFF              100
        BANK15           000F00-000F7F               80
        BANK2            000200-0002FF              100
        BANK3            000300-0003FF              100
        BANK4            000400-0004FF              100
        BANK5            000500-0005FF              100
        BANK6            000600-0006FF              100
        BANK7            000700-0007FF              100
        BANK8            000800-0008FF              100
        BANK9            000900-0009FF              100
        BIGRAM           00007F-00007F                1
                         0000EF-000F7F              E91
        CODE             000004-000007                4
                         002F04-00FE0D             CF0A
        COMRAM           00007F-00007F                1
        CONST            000004-000007                4
                         002F04-00FE0D             CF0A
        EEDATA           F00000-F003FF              400
        MEDIUMCONST      002F04-00FE0D             CF0A
        RAM              0000EF-000F7F              100
        SFR              000F80-000FFF               80
        SMALLCONST       002F04-00FE0D              100
        STACK            0000EF-000F7F              E91

                                  Symbol Table

?___altoft                    cstackCOMRAM 000037
?___awdiv                     cstackCOMRAM 000001
?___awmod                     cstackBANK0  0000C8
?___awtoft                    cstackBANK0  0000D0
?___ftadd                     cstackCOMRAM 00001C
?___ftdiv                     cstackBANK0  0000D0
?___ftmul                     cstackCOMRAM 00000D
?___ftneg                     cstackCOMRAM 000001
?___ftpack                    cstackBANK0  0000C8
?___ftsub                     cstackCOMRAM 000028
?___fttol                     cstackCOMRAM 000028
?___lldiv                     cstackBANK0  0000C8
?___lltoft                    cstackCOMRAM 000009
?___lwdiv                     cstackBANK0  0000C8
?___lwmod                     cstackBANK0  0000CF
?___wmul                      cstackBANK0  0000C8
?_dec_to_hex                  cstackCOMRAM 000063
?_eval_poly                   cstackCOMRAM 000028
?_exp                         cstackCOMRAM 000049
?_floor                       cstackCOMRAM 000041
?_frexp                       cstackCOMRAM 000001
?_ldexp                       cstackCOMRAM 000034
?_log                         cstackCOMRAM 000034
?_pow                         cstackCOMRAM 000052
?_printf                      cstackBANK0  0000D4
?i2___awtoft                  cstackCOMRAM 000009
?i2___ftdiv                   cstackCOMRAM 000009
?i2___ftpack                  cstackCOMRAM 000001
?i2___lwdiv                   cstackCOMRAM 000001
?i2___lwmod                   cstackCOMRAM 000008
?i2___wmul                    cstackCOMRAM 000001
?i2_printf                    cstackCOMRAM 00000D
I2C_Master_Init@c             cstackBANK0  0000D5
I2C_Master_Read@a             cstackBANK0  0000C9
I2C_Master_Read@temp          cstackBANK0  0000CA
I2C_Master_Write@d            cstackBANK0  0000C9
_ACKDT                        (abs)        007E2D
_ACKEN                        (abs)        007E2C
_ADCON0                       (abs)        000FC2
_ADCON1                       (abs)        000FC1
_GIE                          (abs)        007F97
_I2C_ColorSens_Init           text26       001F56
_I2C_Master_Init              text24       0029BE
_I2C_Master_Read              text12       002D50
_I2C_Master_Start             text29       002EEA
_I2C_Master_Stop              text28       002EE2
_I2C_Master_Wait              text30       002E70
_I2C_Master_Write             text27       002ECE
_INT0IE                       (abs)        007F94
_INT1IE                       (abs)        007F83
_INT1IF                       (abs)        007F80
_INT2IE                       (abs)        007F84
_INTCONbits                   (abs)        000FF2
_LATA                         (abs)        000F89
_LATAbits                     (abs)        000F89
_LATB                         (abs)        000F8A
_LATC                         (abs)        000F8B
_LATCbits                     (abs)        000F8B
_LATD                         (abs)        000F8C
_LATDbits                     (abs)        000F8C
_LATE                         (abs)        000F8D
_PEN                          (abs)        007E2A
_PORTAbits                    (abs)        000F80
_PORTB                        (abs)        000F81
_PSA                          (abs)        007EAB
_RCEN                         (abs)        007E2B
_RSEN                         (abs)        007E29
_SEN                          (abs)        007E28
_SSPADD                       (abs)        000FC8
_SSPBUF                       (abs)        000FC9
_SSPCON1                      (abs)        000FC6
_SSPCON2                      (abs)        000FC5
_SSPSTAT                      (abs)        000FC7
_T08BIT                       (abs)        007EAE
_T0CS                         (abs)        007EAD
_T0PS0                        (abs)        007EA8
_T0PS1                        (abs)        007EA9
_T0PS2                        (abs)        007EAA
_TMR0                         (abs)        000FD6
_TMR0IE                       (abs)        007F95
_TMR0IF                       (abs)        007F92
_TMR0ON                       (abs)        007EAF
_TRISA                        (abs)        000F92
_TRISB                        (abs)        000F93
_TRISC                        (abs)        000F94
_TRISC3                       (abs)        007CA3
_TRISC4                       (abs)        007CA4
_TRISD                        (abs)        000F95
_TRISE                        (abs)        000F96
__CFG_BOREN$SBORDIS           (abs)        000000
__CFG_BORV$3                  (abs)        000000
__CFG_CCP2MX$PORTC            (abs)        000000
__CFG_CP0$OFF                 (abs)        000000
__CFG_CP1$OFF                 (abs)        000000
__CFG_CP2$OFF                 (abs)        000000
__CFG_CP3$OFF                 (abs)        000000
__CFG_CPB$OFF                 (abs)        000000
__CFG_CPD$OFF                 (abs)        000000
__CFG_EBTR0$OFF               (abs)        000000
__CFG_EBTR1$OFF               (abs)        000000
__CFG_EBTR2$OFF               (abs)        000000
__CFG_EBTR3$OFF               (abs)        000000
__CFG_EBTRB$OFF               (abs)        000000
__CFG_FCMEN$OFF               (abs)        000000
__CFG_IESO$OFF                (abs)        000000
__CFG_LPT1OSC$OFF             (abs)        000000
__CFG_LVP$OFF                 (abs)        000000
__CFG_MCLRE$ON                (abs)        000000
__CFG_OSC$HS                  (abs)        000000
__CFG_PBADEN$ON               (abs)        000000
__CFG_PWRT$OFF                (abs)        000000
__CFG_STVREN$ON               (abs)        000000
__CFG_WDT$OFF                 (abs)        000000
__CFG_WDTPS$32768             (abs)        000000
__CFG_WRT0$OFF                (abs)        000000
__CFG_WRT1$OFF                (abs)        000000
__CFG_WRT2$OFF                (abs)        000000
__CFG_WRT3$OFF                (abs)        000000
__CFG_WRTB$OFF                (abs)        000000
__CFG_WRTC$OFF                (abs)        000000
__CFG_WRTD$OFF                (abs)        000000
__CFG_XINST$OFF               (abs)        000000
__HRAM                        (abs)        000000
__Habs1                       abs1         000000
__Hbank0                      bank0        000000
__Hbank1                      bank1        000000
__Hbank10                     bank10       000000
__Hbank11                     bank11       000000
__Hbank12                     bank12       000000
__Hbank13                     bank13       000000
__Hbank14                     bank14       000000
__Hbank15                     bank15       000000
__Hbank2                      bank2        000000
__Hbank3                      bank3        000000
__Hbank4                      bank4        000000
__Hbank5                      bank5        000000
__Hbank6                      bank6        000000
__Hbank7                      bank7        000000
__Hbank8                      bank8        000000
__Hbank9                      bank9        000000
__Hbigbss                     bigbss       000000
__Hbigdata                    bigdata      000000
__Hbigram                     bigram       000000
__Hbss                        bss          000000
__HbssBANK0                   bssBANK0     000000
__HbssCOMRAM                  bssCOMRAM    000000
__Hcinit                      cinit        000000
__Hclrtext                    clrtext      000000
__Hcomram                     comram       000000
__Hconfig                     config       30000E
__Hconst                      const        000000
__HcstackBANK0                cstackBANK0  000000
__HcstackCOMRAM               cstackCOMRAM 000000
__Hdata                       data         000000
__HdataBANK0                  dataBANK0    000000
__Heeprom_data                eeprom_data  000000
__Hfarbss                     farbss       000000
__Hfardata                    fardata      000000
__Hibigdata                   ibigdata     000000
__Hidata                      idata        000000
__HidataBANK0                 idataBANK0   000000
__Hidloc                      idloc        200008
__Hifardata                   ifardata     000000
__Hinit                       init         000012
__Hintcode                    intcode      00000E
__Hintcode_body               intcode_body 000000
__Hintcodelo                  intcodelo    00000E
__Hintentry                   intentry     000000
__Hintret                     intret       000000
__Hintsave_regs               intsave_regs 000000
__Hirdata                     irdata       000000
__Hmediumconst                mediumconst  010000
__HnvFARRAM                   nvFARRAM     000000
__Hnvbit                      nvbit        000000
__Hnvrram                     nvrram       000000
__Hparam                      rparam       000000
__Hpowerup                    powerup      00000E
__Hram                        ram          000000
__Hramtop                     ramtop       001000
__Hrbit                       rbit         000000
__Hrbss                       rbss         000000
__Hrdata                      rdata        000000
__Hreset_vec                  reset_vec    000004
__Hrparam                     rparam       000000
__Hsfr                        sfr          000000
__Hsmallconst                 smallconst   000000
__Hspace_0                    (abs)        30000E
__Hspace_1                    (abs)        0000EF
__Hspace_2                    (abs)        000000
__Hstack                      stack        000000
__Hstruct                     struct       000000
__Htemp                       temp         00007F
__Htext                       text         000000
__Htext0                      text0        000000
__Htext1                      text1        000000
__Htext10                     text10       000000
__Htext11                     text11       000000
__Htext12                     text12       000000
__Htext13                     text13       000000
__Htext14                     text14       000000
__Htext15                     text15       000000
__Htext16                     text16       000000
__Htext17                     text17       000000
__Htext18                     text18       000000
__Htext19                     text19       000000
__Htext2                      text2        000000
__Htext20                     text20       000000
__Htext21                     text21       000000
__Htext22                     text22       000000
__Htext23                     text23       000000
__Htext24                     text24       000000
__Htext25                     text25       000000
__Htext26                     text26       000000
__Htext27                     text27       000000
__Htext28                     text28       000000
__Htext29                     text29       000000
__Htext3                      text3        000000
__Htext30                     text30       000000
__Htext32                     text32       000000
__Htext33                     text33       000000
__Htext34                     text34       000000
__Htext35                     text35       000000
__Htext36                     text36       000000
__Htext37                     text37       000000
__Htext38                     text38       000000
__Htext39                     text39       000000
__Htext4                      text4        000000
__Htext40                     text40       000000
__Htext41                     text41       000000
__Htext42                     text42       000000
__Htext43                     text43       000000
__Htext44                     text44       000000
__Htext45                     text45       000000
__Htext46                     text46       000000
__Htext47                     text47       000000
__Htext48                     text48       000000
__Htext49                     text49       000000
__Htext5                      text5        000000
__Htext50                     text50       000000
__Htext51                     text51       000000
__Htext52                     text52       000000
__Htext53                     text53       000000
__Htext54                     text54       000000
__Htext55                     text55       000000
__Htext56                     text56       000000
__Htext57                     text57       000000
__Htext58                     text58       000000
__Htext59                     text59       000000
__Htext6                      text6        000000
__Htext60                     text60       000000
__Htext61                     text61       000000
__Htext62                     text62       000000
__Htext63                     text63       000000
__Htext64                     text64       000000
__Htext65                     text65       000000
__Htext66                     text66       000000
__Htext67                     text67       000000
__Htext7                      text7        000000
__Htext8                      text8        000000
__Htext9                      text9        000000
__LRAM                        (abs)        000001
__Labs1                       abs1         000000
__Lbank0                      bank0        000000
__Lbank1                      bank1        000000
__Lbank10                     bank10       000000
__Lbank11                     bank11       000000
__Lbank12                     bank12       000000
__Lbank13                     bank13       000000
__Lbank14                     bank14       000000
__Lbank15                     bank15       000000
__Lbank2                      bank2        000000
__Lbank3                      bank3        000000
__Lbank4                      bank4        000000
__Lbank5                      bank5        000000
__Lbank6                      bank6        000000
__Lbank7                      bank7        000000
__Lbank8                      bank8        000000
__Lbank9                      bank9        000000
__Lbigbss                     bigbss       000000
__Lbigdata                    bigdata      000000
__Lbigram                     bigram       000000
__Lbss                        bss          000000
__LbssBANK0                   bssBANK0     000000
__LbssCOMRAM                  bssCOMRAM    000000
__Lcinit                      cinit        000000
__Lclrtext                    clrtext      000000
__Lcomram                     comram       000000
__Lconfig                     config       300000
__Lconst                      const        000000
__LcstackBANK0                cstackBANK0  000000
__LcstackCOMRAM               cstackCOMRAM 000000
__Ldata                       data         000000
__LdataBANK0                  dataBANK0    000000
__Leeprom_data                eeprom_data  000000
__Lfarbss                     farbss       000000
__Lfardata                    fardata      000000
__Libigdata                   ibigdata     000000
__Lidata                      idata        000000
__LidataBANK0                 idataBANK0   000000
__Lidloc                      idloc        200000
__Lifardata                   ifardata     000000
__Linit                       init         00000E
__Lintcode                    intcode      000008
__Lintcode_body               intcode_body 000000
__Lintcodelo                  intcodelo    00000E
__Lintentry                   intentry     000000
__Lintret                     intret       000000
__Lintsave_regs               intsave_regs 000000
__Lirdata                     irdata       000000
__Lmediumconst                mediumconst  00FE0E
__LnvFARRAM                   nvFARRAM     000000
__Lnvbit                      nvbit        000000
__Lnvrram                     nvrram       000000
__Lparam                      rparam       000000
__Lpowerup                    powerup      00000E
__Lram                        ram          000000
__Lramtop                     ramtop       001000
__Lrbit                       rbit         000000
__Lrbss                       rbss         000000
__Lrdata                      rdata        000000
__Lreset_vec                  reset_vec    000000
__Lrparam                     rparam       000000
__Lsfr                        sfr          000000
__Lsmallconst                 smallconst   000000
__Lspace_0                    (abs)        000000
__Lspace_1                    (abs)        000000
__Lspace_2                    (abs)        000000
__Lstack                      stack        000000
__Lstruct                     struct       000000
__Ltemp                       temp         00007E
__Ltext                       text         000000
__Ltext0                      text0        000000
__Ltext1                      text1        000000
__Ltext10                     text10       000000
__Ltext11                     text11       000000
__Ltext12                     text12       000000
__Ltext13                     text13       000000
__Ltext14                     text14       000000
__Ltext15                     text15       000000
__Ltext16                     text16       000000
__Ltext17                     text17       000000
__Ltext18                     text18       000000
__Ltext19                     text19       000000
__Ltext2                      text2        000000
__Ltext20                     text20       000000
__Ltext21                     text21       000000
__Ltext22                     text22       000000
__Ltext23                     text23       000000
__Ltext24                     text24       000000
__Ltext25                     text25       000000
__Ltext26                     text26       000000
__Ltext27                     text27       000000
__Ltext28                     text28       000000
__Ltext29                     text29       000000
__Ltext3                      text3        000000
__Ltext30                     text30       000000
__Ltext32                     text32       000000
__Ltext33                     text33       000000
__Ltext34                     text34       000000
__Ltext35                     text35       000000
__Ltext36                     text36       000000
__Ltext37                     text37       000000
__Ltext38                     text38       000000
__Ltext39                     text39       000000
__Ltext4                      text4        000000
__Ltext40                     text40       000000
__Ltext41                     text41       000000
__Ltext42                     text42       000000
__Ltext43                     text43       000000
__Ltext44                     text44       000000
__Ltext45                     text45       000000
__Ltext46                     text46       000000
__Ltext47                     text47       000000
__Ltext48                     text48       000000
__Ltext49                     text49       000000
__Ltext5                      text5        000000
__Ltext50                     text50       000000
__Ltext51                     text51       000000
__Ltext52                     text52       000000
__Ltext53                     text53       000000
__Ltext54                     text54       000000
__Ltext55                     text55       000000
__Ltext56                     text56       000000
__Ltext57                     text57       000000
__Ltext58                     text58       000000
__Ltext59                     text59       000000
__Ltext6                      text6        000000
__Ltext60                     text60       000000
__Ltext61                     text61       000000
__Ltext62                     text62       000000
__Ltext63                     text63       000000
__Ltext64                     text64       000000
__Ltext65                     text65       000000
__Ltext66                     text66       000000
__Ltext67                     text67       000000
__Ltext7                      text7        000000
__Ltext8                      text8        000000
__Ltext9                      text9        000000
__S0                          (abs)        30000E
__S1                          (abs)        0000EF
__S2                          (abs)        000000
___altoft                     text58       00281C
___altoft@c                   cstackCOMRAM 000037
___altoft@exp                 cstackCOMRAM 00003F
___altoft@sign                cstackCOMRAM 000040
___awdiv                      text67       002720
___awdiv@counter              cstackCOMRAM 000005
___awdiv@dividend             cstackCOMRAM 000001
___awdiv@divisor              cstackCOMRAM 000003
___awdiv@quotient             cstackCOMRAM 000007
___awdiv@sign                 cstackCOMRAM 000006
___awmod                      text23       0024CE
___awmod@counter              cstackBANK0  0000CC
___awmod@dividend             cstackBANK0  0000C8
___awmod@divisor              cstackBANK0  0000CA
___awmod@sign                 cstackBANK0  0000CD
___awtoft                     text5        002B6A
___awtoft@c                   cstackBANK0  0000D0
___awtoft@sign                cstackBANK0  0000D3
___ftadd                      text63       000FE4
___ftadd@exp1                 cstackCOMRAM 000027
___ftadd@exp2                 cstackCOMRAM 000026
___ftadd@f1                   cstackCOMRAM 00001C
___ftadd@f2                   cstackCOMRAM 00001F
___ftadd@sign                 cstackCOMRAM 000025
___ftdiv                      text7        001452
___ftdiv@cntr                 cstackBANK0  0000D9
___ftdiv@exp                  cstackBANK0  0000DD
___ftdiv@f1                   cstackBANK0  0000D0
___ftdiv@f2                   cstackBANK0  0000D3
___ftdiv@f3                   cstackBANK0  0000DA
___ftdiv@sign                 cstackBANK0  0000DE
___ftge                       text6        0021D6
___ftge@ff1                   cstackBANK0  0000DF
___ftge@ff2                   cstackBANK0  0000E2
___ftmul                      text61       001BC2
___ftmul@cntr                 cstackCOMRAM 00001A
___ftmul@exp                  cstackCOMRAM 000016
___ftmul@f1                   cstackCOMRAM 00000D
___ftmul@f2                   cstackCOMRAM 000010
___ftmul@f3_as_product        cstackCOMRAM 000017
___ftmul@sign                 cstackCOMRAM 00001B
___ftneg                      text64       002DF4
___ftneg@f1                   cstackCOMRAM 000001
___ftpack                     text8        0016BC
___ftpack@arg                 cstackBANK0  0000C8
___ftpack@exp                 cstackBANK0  0000CB
___ftpack@sign                cstackBANK0  0000CC
___ftsub                      text62       002BF0
___ftsub@f1                   cstackCOMRAM 000028
___ftsub@f2                   cstackCOMRAM 00002B
___fttol                      text57       001ACE
___fttol@exp1                 cstackCOMRAM 000036
___fttol@f1                   cstackCOMRAM 000028
___fttol@lval                 cstackCOMRAM 000032
___fttol@sign1                cstackCOMRAM 000031
___inthi_sp                   stack        000000
___intlo_sp                   stack        000000
___lldiv                      text25       002364
___lldiv@counter              cstackBANK0  0000D4
___lldiv@dividend             cstackBANK0  0000C8
___lldiv@divisor              cstackBANK0  0000CC
___lldiv@quotient             cstackBANK0  0000D0
___lltoft                     text65       002A1E
___lltoft@c                   cstackCOMRAM 000009
___lltoft@exp                 cstackCOMRAM 000011
___lwdiv                      text20       0027A4
___lwdiv@counter              cstackBANK0  0000CE
___lwdiv@dividend             cstackBANK0  0000C8
___lwdiv@divisor              cstackBANK0  0000CA
___lwdiv@quotient             cstackBANK0  0000CC
___lwmod                      text19       0028FC
___lwmod@counter              cstackBANK0  0000D3
___lwmod@dividend             cstackBANK0  0000CF
___lwmod@divisor              cstackBANK0  0000D1
___param_bank                 (abs)        000000
___rparam_used                (abs)        000001
___sp                         stack        000000
___wmul                       text18       002D1A
___wmul@multiplicand          cstackBANK0  0000CA
___wmul@multiplier            cstackBANK0  0000C8
___wmul@product               cstackBANK0  0000CC
__accesstop                   (abs)        000080
__activetblptr                (abs)        000002
__end_of_I2C_ColorSens_Init   text26       002032
__end_of_I2C_Master_Init      text24       002A1E
__end_of_I2C_Master_Read      text12       002D7E
__end_of_I2C_Master_Start     text29       002EF2
__end_of_I2C_Master_Stop      text28       002EEA
__end_of_I2C_Master_Wait      text30       002E84
__end_of_I2C_Master_Write     text27       002ED8
__end_of___altoft             text58       002894
__end_of___awdiv              text67       0027A4
__end_of___awmod              text23       002570
__end_of___awtoft             text5        002BAE
__end_of___ftadd              text63       001190
__end_of___ftdiv              text7        00159E
__end_of___ftge               text6        00229E
__end_of___ftmul              text61       001CB6
__end_of___ftneg              text64       002E18
__end_of___ftpack             text8        0017C8
__end_of___ftsub              text62       002C30
__end_of___fttol              text57       001BC2
__end_of___lldiv              text25       002420
__end_of___lltoft             text65       002A7A
__end_of___lwdiv              text20       00281C
__end_of___lwmod              text19       00295E
__end_of___wmul               text18       002D50
__end_of__initialization      cinit        002C60
__end_of_bottle_count         text14       0019D2
__end_of_bottle_time          text13       002D1A
__end_of_date_time            text11       002104
__end_of_dec_to_hex           text47       001ACE
__end_of_dpowers              mediumconst  00FE2A
__end_of_emergencystop        text10       002E3A
__end_of_eval_poly            text59       0021D6
__end_of_exp                  text50       000FE4
__end_of_floor                text54       001E7A
__end_of_frexp                text56       002720
__end_of_hexpowers            mediumconst  00FE32
__end_of_initLCD              text9        002B1C
__end_of_isdigit              text17       002DA8
__end_of_isr                  intcode_body 00076A
__end_of_keys                 mediumconst  00FE20
__end_of_lcdInst              text21       002EB6
__end_of_lcdNibble            text22       0029BE
__end_of_ldexp                text53       002364
__end_of_log                  text49       0016BC
__end_of_main                 text0        001F56
__end_of_operation            text3        000AD0
__end_of_operationend         text2        002E70
__end_of_pow                  text48       001306
__end_of_printf               text15       0003E8
__end_of_putch                text16       002EA6
__end_of_read_colorsensor     text4        001452
__end_of_read_time            text41       0028FC
__end_of_servo_rotate0        text40       002600
__end_of_standby              text1        002CAC
__end_of_timeset              mediumconst  00FE39
__end_ofexp@coeff             mediumconst  00FE57
__end_ofi2_I2C_Master_Read    text45       002DCE
__end_ofi2_I2C_Master_Start   text44       002F02
__end_ofi2_I2C_Master_Stop    text43       002EFA
__end_ofi2_I2C_Master_Wait    text46       002E96
__end_ofi2_I2C_Master_Write   text42       002EE2
__end_ofi2___awtoft           text52       002CE4
__end_ofi2___ftdiv            text51       001D9C
__end_ofi2___ftge             text55       002690
__end_ofi2___ftpack           text66       0024CE
__end_ofi2___lwdiv            text37       002ACC
__end_ofi2___lwmod            text36       002BF0
__end_ofi2___wmul             text60       002DF4
__end_ofi2_isdigit            text35       002E58
__end_ofi2_lcdInst            text38       002ECE
__end_ofi2_lcdNibble          text39       002B6A
__end_ofi2_printf             text33       000DFC
__end_ofi2_putch              text34       002EC2
__end_ofi2_read_colorsensor   text32       0018CE
__end_oflog@coeff             mediumconst  00FE72
__initialization              cinit        002C30
__mediumconst                 mediumconst  00FE0E
__pbssBANK0                   bssBANK0     000080
__pbssCOMRAM                  bssCOMRAM    000076
__pcinit                      cinit        002C30
__pcstackBANK0                cstackBANK0  0000B8
__pcstackCOMRAM               cstackCOMRAM 000001
__pdataBANK0                  dataBANK0    0000ED
__pidataBANK0                 idataBANK0   002F02
__pintcode                    intcode      000008
__pintcode_body               intcode_body 0003E8
__pmediumconst                mediumconst  00FE0E
__ptext0                      text0        001E7A
__ptext1                      text1        002C6E
__ptext10                     text10       002E18
__ptext11                     text11       002032
__ptext12                     text12       002D50
__ptext13                     text13       002CE4
__ptext14                     text14       0018CE
__ptext15                     text15       000012
__ptext16                     text16       002E96
__ptext17                     text17       002D7E
__ptext18                     text18       002D1A
__ptext19                     text19       0028FC
__ptext2                      text2        002E58
__ptext20                     text20       0027A4
__ptext21                     text21       002EA6
__ptext22                     text22       00295E
__ptext23                     text23       0024CE
__ptext24                     text24       0029BE
__ptext25                     text25       002364
__ptext26                     text26       001F56
__ptext27                     text27       002ECE
__ptext28                     text28       002EE2
__ptext29                     text29       002EEA
__ptext3                      text3        00076A
__ptext30                     text30       002E70
__ptext32                     text32       0017C8
__ptext33                     text33       000AD0
__ptext34                     text34       002EB6
__ptext35                     text35       002E3A
__ptext36                     text36       002BAE
__ptext37                     text37       002A7A
__ptext38                     text38       002EC2
__ptext39                     text39       002B1C
__ptext4                      text4        001306
__ptext40                     text40       002570
__ptext41                     text41       002894
__ptext42                     text42       002ED8
__ptext43                     text43       002EF2
__ptext44                     text44       002EFA
__ptext45                     text45       002DA8
__ptext46                     text46       002E84
__ptext47                     text47       0019D2
__ptext48                     text48       001190
__ptext49                     text49       00159E
__ptext5                      text5        002B6A
__ptext50                     text50       000DFC
__ptext51                     text51       001CB6
__ptext52                     text52       002CAC
__ptext53                     text53       00229E
__ptext54                     text54       001D9C
__ptext55                     text55       002600
__ptext56                     text56       002690
__ptext57                     text57       001ACE
__ptext58                     text58       00281C
__ptext59                     text59       002104
__ptext6                      text6        0021D6
__ptext60                     text60       002DCE
__ptext61                     text61       001BC2
__ptext62                     text62       002BF0
__ptext63                     text63       000FE4
__ptext64                     text64       002DF4
__ptext65                     text65       002A1E
__ptext66                     text66       002420
__ptext67                     text67       002720
__ptext7                      text7        001452
__ptext8                      text8        0016BC
__ptext9                      text9        002ACC
__ramtop                      ramtop       001000
__size_of_I2C_ColorSens_Init  (abs)        000000
__size_of_I2C_Master_Init     (abs)        000000
__size_of_I2C_Master_Read     (abs)        000000
__size_of_I2C_Master_Start    (abs)        000000
__size_of_I2C_Master_Stop     (abs)        000000
__size_of_I2C_Master_Wait     (abs)        000000
__size_of_I2C_Master_Write    (abs)        000000
__size_of___altoft            (abs)        000000
__size_of___awdiv             (abs)        000000
__size_of___awmod             (abs)        000000
__size_of___awtoft            (abs)        000000
__size_of___ftadd             (abs)        000000
__size_of___ftdiv             (abs)        000000
__size_of___ftge              (abs)        000000
__size_of___ftmul             (abs)        000000
__size_of___ftneg             (abs)        000000
__size_of___ftpack            (abs)        000000
__size_of___ftsub             (abs)        000000
__size_of___fttol             (abs)        000000
__size_of___lldiv             (abs)        000000
__size_of___lltoft            (abs)        000000
__size_of___lwdiv             (abs)        000000
__size_of___lwmod             (abs)        000000
__size_of___wmul              (abs)        000000
__size_of_bottle_count        (abs)        000000
__size_of_bottle_time         (abs)        000000
__size_of_date_time           (abs)        000000
__size_of_dec_to_hex          (abs)        000000
__size_of_emergencystop       (abs)        000000
__size_of_eval_poly           (abs)        000000
__size_of_exp                 (abs)        000000
__size_of_floor               (abs)        000000
__size_of_frexp               (abs)        000000
__size_of_initLCD             (abs)        000000
__size_of_isdigit             (abs)        000000
__size_of_isr                 (abs)        000000
__size_of_lcdInst             (abs)        000000
__size_of_lcdNibble           (abs)        000000
__size_of_ldexp               (abs)        000000
__size_of_log                 (abs)        000000
__size_of_main                (abs)        000000
__size_of_operation           (abs)        000000
__size_of_operationend        (abs)        000000
__size_of_pow                 (abs)        000000
__size_of_printf              (abs)        000000
__size_of_putch               (abs)        000000
__size_of_read_colorsensor    (abs)        000000
__size_of_read_time           (abs)        000000
__size_of_servo_rotate0       (abs)        000000
__size_of_standby             (abs)        000000
__size_ofi2_I2C_Master_Read   (abs)        000000
__size_ofi2_I2C_Master_Start  (abs)        000000
__size_ofi2_I2C_Master_Stop   (abs)        000000
__size_ofi2_I2C_Master_Wait   (abs)        000000
__size_ofi2_I2C_Master_Write  (abs)        000000
__size_ofi2___awtoft          (abs)        000000
__size_ofi2___ftdiv           (abs)        000000
__size_ofi2___ftge            (abs)        000000
__size_ofi2___ftpack          (abs)        000000
__size_ofi2___lwdiv           (abs)        000000
__size_ofi2___lwmod           (abs)        000000
__size_ofi2___wmul            (abs)        000000
__size_ofi2_isdigit           (abs)        000000
__size_ofi2_lcdInst           (abs)        000000
__size_ofi2_lcdNibble         (abs)        000000
__size_ofi2_printf            (abs)        000000
__size_ofi2_putch             (abs)        000000
__size_ofi2_read_colorsensor  (abs)        000000
__smallconst                  smallconst   000000
_bottle_count                 text14       0018CE
_bottle_count_array           bssBANK0     00008C
_bottle_count_disp            dataBANK0    0000ED
_bottle_read_bot              bssBANK0     0000A3
_bottle_read_top              bssBANK0     0000A5
_bottle_time                  text13       002CE4
_color                        bssBANK0     000080
_curr_state                   bssBANK0     0000B7
_date_time                    text11       002032
_dec_to_hex                   text47       0019D2
_dec_to_hex$1237              cstackCOMRAM 000065
_dec_to_hex$1361              cstackCOMRAM 000068
_dpowers                      mediumconst  00FE20
_emergencystop                text10       002E18
_end_time                     bssCOMRAM    000076
_errno                        bssBANK0     0000A7
_etime                        bssCOMRAM    000078
_eval_poly                    text59       002104
_exp                          text50       000DFC
_exp$1240                     cstackCOMRAM 00004C
_flag_bottle                  bssBANK0     0000A9
_flag_bottle_high             bssBANK0     0000AB
_flag_top_read                bssBANK0     0000AD
_flag_yopNC                   bssBANK0     0000AF
_floor                        text54       001D9C
_frexp                        text56       002690
_hexpowers                    mediumconst  00FE2A
_initLCD                      text9        002ACC
_isdigit                      text17       002D7E
_isdigit$797                  cstackBANK0  0000C9
_isr                          intcode      000008
_isr$1360                     cstackCOMRAM 000074
_keys                         mediumconst  00FE0F
_lcdInst                      text21       002EA6
_lcdNibble                    text22       00295E
_ldexp                        text53       00229E
_log                          text49       00159E
_main                         text0        001E7A
_nRBPU                        (abs)        007F8F
_operation                    text3        00076A
_operation_disp               bssBANK0     0000B1
_operation_time               bssBANK0     0000B3
_operationend                 text2        002E58
_pow                          text48       001190
_pow$1238                     cstackCOMRAM 000058
_pow$1239                     cstackCOMRAM 00005B
_printf                       text15       000012
_putch                        text16       002E96
_read_colorsensor             text4        001306
_read_time                    text41       002894
_servo_rotate0                text40       002570
_standby                      text1        002C6E
_start_time                   bssCOMRAM    00007A
_stime                        bssCOMRAM    00007C
_testflag                     bssBANK0     0000B5
_testint                      bssBANK0     00009D
_time                         bssBANK0     000096
_timeset                      mediumconst  00FE32
btemp                         temp         00007E
date_time@i                   cstackBANK0  0000EA
dec_to_hex@hexnum             cstackCOMRAM 00006F
dec_to_hex@i                  cstackCOMRAM 00006D
dec_to_hex@num                cstackCOMRAM 000063
dec_to_hex@quotient           cstackCOMRAM 000071
dec_to_hex@temp               cstackCOMRAM 00006B
end_of_initialization         cinit        002C60
eval_poly@d                   cstackCOMRAM 00002B
eval_poly@n                   cstackCOMRAM 00002D
eval_poly@res                 cstackCOMRAM 000031
eval_poly@x                   cstackCOMRAM 000028
exp@coeff                     mediumconst  00FE39
exp@exponent                  cstackCOMRAM 00004F
exp@sign                      cstackCOMRAM 000051
exp@x                         cstackCOMRAM 000049
floor@expon                   cstackCOMRAM 000047
floor@i                       cstackCOMRAM 000044
floor@x                       cstackCOMRAM 000041
frexp@eptr                    cstackCOMRAM 000004
frexp@value                   cstackCOMRAM 000001
i2I2C_Master_Read@a           cstackCOMRAM 000002
i2I2C_Master_Read@temp        cstackCOMRAM 000003
i2I2C_Master_Write@d          cstackCOMRAM 000002
i2_I2C_Master_Read            text45       002DA8
i2_I2C_Master_Start           text44       002EFA
i2_I2C_Master_Stop            text43       002EF2
i2_I2C_Master_Wait            text46       002E84
i2_I2C_Master_Write           text42       002ED8
i2___awtoft                   text52       002CAC
i2___awtoft@c                 cstackCOMRAM 000009
i2___awtoft@sign              cstackCOMRAM 00000C
i2___ftdiv                    text51       001CB6
i2___ftdiv@cntr               cstackCOMRAM 000012
i2___ftdiv@exp                cstackCOMRAM 000016
i2___ftdiv@f1                 cstackCOMRAM 000009
i2___ftdiv@f2                 cstackCOMRAM 00000C
i2___ftdiv@f3                 cstackCOMRAM 000013
i2___ftdiv@sign               cstackCOMRAM 000017
i2___ftge                     text55       002600
i2___ftge@ff1                 cstackCOMRAM 000001
i2___ftge@ff2                 cstackCOMRAM 000004
i2___ftpack                   text66       002420
i2___ftpack@arg               cstackCOMRAM 000001
i2___ftpack@exp               cstackCOMRAM 000004
i2___ftpack@sign              cstackCOMRAM 000005
i2___lwdiv                    text37       002A7A
i2___lwdiv@counter            cstackCOMRAM 000007
i2___lwdiv@dividend           cstackCOMRAM 000001
i2___lwdiv@divisor            cstackCOMRAM 000003
i2___lwdiv@quotient           cstackCOMRAM 000005
i2___lwmod                    text36       002BAE
i2___lwmod@counter            cstackCOMRAM 00000C
i2___lwmod@dividend           cstackCOMRAM 000008
i2___lwmod@divisor            cstackCOMRAM 00000A
i2___wmul                     text60       002DCE
i2___wmul@multiplicand        cstackCOMRAM 000003
i2___wmul@multiplier          cstackCOMRAM 000001
i2___wmul@product             cstackCOMRAM 000005
i2_isdigit                    text35       002E3A
i2_isdigit$797                cstackCOMRAM 000002
i2_lcdInst                    text38       002EC2
i2_lcdNibble                  text39       002B1C
i2_printf                     text33       000AD0
i2_putch                      text34       002EB6
i2_read_colorsensor           text32       0017C8
i2isdigit@c                   cstackCOMRAM 000003
i2lcdInst@data                cstackCOMRAM 000003
i2lcdNibble@data              cstackCOMRAM 000002
i2lcdNibble@temp              cstackCOMRAM 000001
i2printf@ap                   cstackCOMRAM 00001A
i2printf@c                    cstackCOMRAM 000022
i2printf@f                    cstackCOMRAM 00000D
i2printf@flag                 cstackCOMRAM 00001F
i2printf@idx                  cstackCOMRAM 000019
i2printf@prec                 cstackCOMRAM 00001C
i2printf@val                  cstackCOMRAM 00001D
i2printf@width                cstackCOMRAM 000020
i2putch@data                  cstackCOMRAM 000003
i2read_colorsensor@color_high cstackCOMRAM 000015
i2read_colorsensor@color_low  cstackCOMRAM 000011
i2read_colorsensor@i          cstackCOMRAM 000019
int$flags                     temp         00007E
int_func                      intcode_body 0003E8
intlevel0                     text         000000
intlevel1                     text         000000
intlevel2                     text         000000
intlevel3                     text         000000
isdigit@c                     cstackBANK0  0000CA
isr@i                         cstackCOMRAM 000073
lcdInst@data                  cstackBANK0  0000CA
lcdNibble@data                cstackBANK0  0000C9
lcdNibble@temp                cstackBANK0  0000C8
ldexp@newexp                  cstackCOMRAM 000037
ldexp@value                   cstackCOMRAM 000034
log@coeff                     mediumconst  00FE57
log@exponent                  cstackCOMRAM 000037
log@x                         cstackCOMRAM 000034
pow@sign                      cstackCOMRAM 00005E
pow@x                         cstackCOMRAM 000052
pow@y                         cstackCOMRAM 000055
pow@yi                        cstackCOMRAM 00005F
printf@ap                     cstackBANK0  0000E1
printf@c                      cstackBANK0  0000E9
printf@f                      cstackBANK0  0000D4
printf@flag                   cstackBANK0  0000E6
printf@idx                    cstackBANK0  0000E0
printf@prec                   cstackBANK0  0000E3
printf@val                    cstackBANK0  0000E4
printf@width                  cstackBANK0  0000E7
putch@data                    cstackBANK0  0000CA
read_colorsensor@color_high   cstackBANK0  0000DC
read_colorsensor@color_low    cstackBANK0  0000D8
read_colorsensor@i            cstackBANK0  0000E0
read_time@i                   cstackCOMRAM 000004
servo_rotate0@degree          cstackCOMRAM 000001
servo_rotate0@duty            cstackCOMRAM 000005
servo_rotate0@i               cstackCOMRAM 000007
servo_rotate0@j               cstackCOMRAM 000009
stackhi                       (abs)        000F7F
stacklo                       (abs)        0000EF
start                         init         00000E
start_initialization          cinit        002C30


FUNCTION INFORMATION:

 *************** function _main *****************
 Defined at:
		line 16 in file "main.c"
 Parameters:    Size  Location     Type
		None
 Auto vars:     Size  Location     Type
		None
 Return value:  Size  Location     Type
                  1    wreg      void 
 Registers used:
		wreg, fsr1l, fsr1h, fsr2l, fsr2h, status,2, status,0, tblptrl, tblptrh, tblptru, prodl, prodh, cstack
 Tracked objects:
		On entry : 
		On exit  : 
		Unchanged: 
 Data sizes:     COMRAM   BANK0   BANK1   BANK2   BANK3   BANK4   BANK5   BANK6   BANK7   BANK8   BANK9  BANK10  BANK11  BANK12  BANK13  BANK14  BANK15
      Params:         0       0       0       0       0       0       0       0       0       0       0       0       0       0       0       0       0
      Locals:         0       0       0       0       0       0       0       0       0       0       0       0       0       0       0       0       0
      Temps:          0       1       0       0       0       0       0       0       0       0       0       0       0       0       0       0       0
      Totals:         0       1       0       0       0       0       0       0       0       0       0       0       0       0       0       0       0
Total ram usage:        1 bytes
 Hardware stack levels required when called:   11
 This function calls:
		_I2C_ColorSens_Init
		_I2C_Master_Init
		_bottle_count
		_bottle_time
		_date_time
		_emergencystop
		_initLCD
		_operation
		_operationend
		_standby
 This function is called by:
		Startup code after reset
 This function uses a non-reentrant model


 *************** function _standby *****************
 Defined at:
		line 189 in file "main.c"
 Parameters:    Size  Location     Type
		None
 Auto vars:     Size  Location     Type
		None
 Return value:  Size  Location     Type
                  1    wreg      void 
 Registers used:
		wreg, fsr1l, fsr1h, fsr2l, fsr2h, status,2, status,0, tblptrl, tblptrh, tblptru, prodl, prodh, cstack
 Tracked objects:
		On entry : 
		On exit  : 
		Unchanged: 
 Data sizes:     COMRAM   BANK0   BANK1   BANK2   BANK3   BANK4   BANK5   BANK6   BANK7   BANK8   BANK9  BANK10  BANK11  BANK12  BANK13  BANK14  BANK15
      Params:         0       0       0       0       0       0       0       0       0       0       0       0       0       0       0       0       0
      Locals:         0       0       0       0       0       0       0       0       0       0       0       0       0       0       0       0       0
      Temps:          0       0       0       0       0       0       0       0       0       0       0       0       0       0       0       0       0
      Totals:         0       0       0       0       0       0       0       0       0       0       0       0       0       0       0       0       0
Total ram usage:        0 bytes
 Hardware stack levels used:    1
 Hardware stack levels required when called:   10
 This function calls:
		_lcdInst
		_printf
		_read_colorsensor
 This function is called by:
		_main
 This function uses a non-reentrant model


 *************** function _operationend *****************
 Defined at:
		line 366 in file "main.c"
 Parameters:    Size  Location     Type
		None
 Auto vars:     Size  Location     Type
		None
 Return value:  Size  Location     Type
                  1    wreg      void 
 Registers used:
		wreg, fsr2l, fsr2h, status,2, status,0, tblptrl, tblptrh, tblptru, prodl, prodh, cstack
 Tracked objects:
		On entry : 
		On exit  : 
		Unchanged: 
 Data sizes:     COMRAM   BANK0   BANK1   BANK2   BANK3   BANK4   BANK5   BANK6   BANK7   BANK8   BANK9  BANK10  BANK11  BANK12  BANK13  BANK14  BANK15
      Params:         0       0       0       0       0       0       0       0       0       0       0       0       0       0       0       0       0
      Locals:         0       0       0       0       0       0       0       0       0       0       0       0       0       0       0       0       0
      Temps:          0       0       0       0       0       0       0       0       0       0       0       0       0       0       0       0       0
      Totals:         0       0       0       0       0       0       0       0       0       0       0       0       0       0       0       0       0
Total ram usage:        0 bytes
 Hardware stack levels used:    1
 Hardware stack levels required when called:   10
 This function calls:
		_lcdInst
		_printf
 This function is called by:
		_main
 This function uses a non-reentrant model


 *************** function _operation *****************
 Defined at:
		line 301 in file "main.c"
 Parameters:    Size  Location     Type
		None
 Auto vars:     Size  Location     Type
		None
 Return value:  Size  Location     Type
                  1    wreg      void 
 Registers used:
		wreg, fsr1l, fsr1h, fsr2l, fsr2h, status,2, status,0, tblptrl, tblptrh, tblptru, prodl, prodh, cstack
 Tracked objects:
		On entry : 
		On exit  : 
		Unchanged: 
 Data sizes:     COMRAM   BANK0   BANK1   BANK2   BANK3   BANK4   BANK5   BANK6   BANK7   BANK8   BANK9  BANK10  BANK11  BANK12  BANK13  BANK14  BANK15
      Params:         0       0       0       0       0       0       0       0       0       0       0       0       0       0       0       0       0
      Locals:         0       0       0       0       0       0       0       0       0       0       0       0       0       0       0       0       0
      Temps:          0       2       0       0       0       0       0       0       0       0       0       0       0       0       0       0       0
      Totals:         0       2       0       0       0       0       0       0       0       0       0       0       0       0       0       0       0
Total ram usage:        2 bytes
 Hardware stack levels used:    1
 Hardware stack levels required when called:   10
 This function calls:
		___ftdiv
		___ftge
		_lcdInst
		_printf
		_read_colorsensor
 This function is called by:
		_main
 This function uses a non-reentrant model


 *************** function _read_colorsensor *****************
 Defined at:
		line 408 in file "main.c"
 Parameters:    Size  Location     Type
		None
 Auto vars:     Size  Location     Type
  color_high      4   36[BANK0 ] unsigned char [4]
  color_low       4   32[BANK0 ] unsigned char [4]
  i               2   40[BANK0 ] int 
 Return value:  Size  Location     Type
                  1    wreg      void 
 Registers used:
		wreg, fsr1l, fsr1h, fsr2l, fsr2h, status,2, status,0, prodl, prodh, cstack
 Tracked objects:
		On entry : 
		On exit  : 
		Unchanged: 
 Data sizes:     COMRAM   BANK0   BANK1   BANK2   BANK3   BANK4   BANK5   BANK6   BANK7   BANK8   BANK9  BANK10  BANK11  BANK12  BANK13  BANK14  BANK15
      Params:         0       0       0       0       0       0       0       0       0       0       0       0       0       0       0       0       0
      Locals:         0      10       0       0       0       0       0       0       0       0       0       0       0       0       0       0       0
      Temps:          0       4       0       0       0       0       0       0       0       0       0       0       0       0       0       0       0
      Totals:         0      14       0       0       0       0       0       0       0       0       0       0       0       0       0       0       0
Total ram usage:       14 bytes
 Hardware stack levels used:    1
 Hardware stack levels required when called:    9
 This function calls:
		_I2C_Master_Read
		_I2C_Master_Start
		_I2C_Master_Stop
		_I2C_Master_Write
		___awtoft
		___wmul
 This function is called by:
		_standby
		_operation
 This function uses a non-reentrant model


 *************** function ___awtoft *****************
 Defined at:
		line 32 in file "D:\Program Files (x86)\Microchip\xc8\v1.40\sources\common\awtoft.c"
 Parameters:    Size  Location     Type
  c               2   24[BANK0 ] int 
 Auto vars:     Size  Location     Type
  sign            1   27[BANK0 ] unsigned char 
 Return value:  Size  Location     Type
                  3   24[BANK0 ] float 
 Registers used:
		wreg, status,2, status,0, cstack
 Tracked objects:
		On entry : 
		On exit  : 
		Unchanged: 
 Data sizes:     COMRAM   BANK0   BANK1   BANK2   BANK3   BANK4   BANK5   BANK6   BANK7   BANK8   BANK9  BANK10  BANK11  BANK12  BANK13  BANK14  BANK15
      Params:         0       3       0       0       0       0       0       0       0       0       0       0       0       0       0       0       0
      Locals:         0       1       0       0       0       0       0       0       0       0       0       0       0       0       0       0       0
      Temps:          0       0       0       0       0       0       0       0       0       0       0       0       0       0       0       0       0
      Totals:         0       4       0       0       0       0       0       0       0       0       0       0       0       0       0       0       0
Total ram usage:        4 bytes
 Hardware stack levels used:    1
 Hardware stack levels required when called:    8
 This function calls:
		___ftpack
 This function is called by:
		_read_colorsensor
 This function uses a non-reentrant model


 *************** function ___ftge *****************
 Defined at:
		line 4 in file "D:\Program Files (x86)\Microchip\xc8\v1.40\sources\common\ftge.c"
 Parameters:    Size  Location     Type
  ff1             3   39[BANK0 ] float 
  ff2             3   42[BANK0 ] float 
 Auto vars:     Size  Location     Type
		None
 Return value:  Size  Location     Type
		None               void
 Registers used:
		wreg, status,2, status,0
 Tracked objects:
		On entry : 
		On exit  : 
		Unchanged: 
 Data sizes:     COMRAM   BANK0   BANK1   BANK2   BANK3   BANK4   BANK5   BANK6   BANK7   BANK8   BANK9  BANK10  BANK11  BANK12  BANK13  BANK14  BANK15
      Params:         0       6       0       0       0       0       0       0       0       0       0       0       0       0       0       0       0
      Locals:         0       0       0       0       0       0       0       0       0       0       0       0       0       0       0       0       0
      Temps:          0       3       0       0       0       0       0       0       0       0       0       0       0       0       0       0       0
      Totals:         0       9       0       0       0       0       0       0       0       0       0       0       0       0       0       0       0
Total ram usage:        9 bytes
 Hardware stack levels used:    1
 Hardware stack levels required when called:    7
 This function calls:
		Nothing
 This function is called by:
		_operation
 This function uses a non-reentrant model


 *************** function ___ftdiv *****************
 Defined at:
		line 54 in file "D:\Program Files (x86)\Microchip\xc8\v1.40\sources\common\ftdiv.c"
 Parameters:    Size  Location     Type
  f1              3   24[BANK0 ] float 
  f2              3   27[BANK0 ] float 
 Auto vars:     Size  Location     Type
  f3              3   34[BANK0 ] float 
  sign            1   38[BANK0 ] unsigned char 
  exp             1   37[BANK0 ] unsigned char 
  cntr            1   33[BANK0 ] unsigned char 
 Return value:  Size  Location     Type
                  3   24[BANK0 ] float 
 Registers used:
		wreg, status,2, status,0, cstack
 Tracked objects:
		On entry : 
		On exit  : 
		Unchanged: 
 Data sizes:     COMRAM   BANK0   BANK1   BANK2   BANK3   BANK4   BANK5   BANK6   BANK7   BANK8   BANK9  BANK10  BANK11  BANK12  BANK13  BANK14  BANK15
      Params:         0       6       0       0       0       0       0       0       0       0       0       0       0       0       0       0       0
      Locals:         0       6       0       0       0       0       0       0       0       0       0       0       0       0       0       0       0
      Temps:          0       3       0       0       0       0       0       0       0       0       0       0       0       0       0       0       0
      Totals:         0      15       0       0       0       0       0       0       0       0       0       0       0       0       0       0       0
Total ram usage:       15 bytes
 Hardware stack levels used:    1
 Hardware stack levels required when called:    8
 This function calls:
		___ftpack
 This function is called by:
		_operation
 This function uses a non-reentrant model


 *************** function ___ftpack *****************
 Defined at:
		line 62 in file "D:\Program Files (x86)\Microchip\xc8\v1.40\sources\common\float.c"
 Parameters:    Size  Location     Type
  arg             3   16[BANK0 ] unsigned um
  exp             1   19[BANK0 ] unsigned char 
  sign            1   20[BANK0 ] unsigned char 
 Auto vars:     Size  Location     Type
		None
 Return value:  Size  Location     Type
                  3   16[BANK0 ] float 
 Registers used:
		wreg, status,2, status,0
 Tracked objects:
		On entry : 
		On exit  : 
		Unchanged: 
 Data sizes:     COMRAM   BANK0   BANK1   BANK2   BANK3   BANK4   BANK5   BANK6   BANK7   BANK8   BANK9  BANK10  BANK11  BANK12  BANK13  BANK14  BANK15
      Params:         0       5       0       0       0       0       0       0       0       0       0       0       0       0       0       0       0
      Locals:         0       0       0       0       0       0       0       0       0       0       0       0       0       0       0       0       0
      Temps:          0       3       0       0       0       0       0       0       0       0       0       0       0       0       0       0       0
      Totals:         0       8       0       0       0       0       0       0       0       0       0       0       0       0       0       0       0
Total ram usage:        8 bytes
 Hardware stack levels used:    1
 Hardware stack levels required when called:    7
 This function calls:
		Nothing
 This function is called by:
		___awtoft
		___ftdiv
 This function uses a non-reentrant model


 *************** function _initLCD *****************
 Defined at:
		line 14 in file "lcd.c"
 Parameters:    Size  Location     Type
		None
 Auto vars:     Size  Location     Type
		None
 Return value:  Size  Location     Type
                  1    wreg      void 
 Registers used:
		wreg, status,2, status,0, cstack
 Tracked objects:
		On entry : 
		On exit  : 
		Unchanged: 
 Data sizes:     COMRAM   BANK0   BANK1   BANK2   BANK3   BANK4   BANK5   BANK6   BANK7   BANK8   BANK9  BANK10  BANK11  BANK12  BANK13  BANK14  BANK15
      Params:         0       0       0       0       0       0       0       0       0       0       0       0       0       0       0       0       0
      Locals:         0       0       0       0       0       0       0       0       0       0       0       0       0       0       0       0       0
      Temps:          0       1       0       0       0       0       0       0       0       0       0       0       0       0       0       0       0
      Totals:         0       1       0       0       0       0       0       0       0       0       0       0       0       0       0       0       0
Total ram usage:        1 bytes
 Hardware stack levels used:    1
 Hardware stack levels required when called:    9
 This function calls:
		_lcdInst
 This function is called by:
		_main
 This function uses a non-reentrant model


 *************** function _emergencystop *****************
 Defined at:
		line 372 in file "main.c"
 Parameters:    Size  Location     Type
		None
 Auto vars:     Size  Location     Type
		None
 Return value:  Size  Location     Type
                  1    wreg      void 
 Registers used:
		wreg, fsr2l, fsr2h, status,2, status,0, tblptrl, tblptrh, tblptru, prodl, prodh, cstack
[...]
 Auto vars:     Size  Location     Type
  __wmul          2    4[COMRAM] unsigned int 
 Return value:  Size  Location     Type
                  2    0[COMRAM] unsigned int 
 Registers used:
		wreg, status,2, status,0, prodl, prodh
 Tracked objects:
		On entry : 
		On exit  : 
		Unchanged: 
 Data sizes:     COMRAM   BANK0   BANK1   BANK2   BANK3   BANK4   BANK5   BANK6   BANK7   BANK8   BANK9  BANK10  BANK11  BANK12  BANK13  BANK14  BANK15
      Params:         4       0       0       0       0       0       0       0       0       0       0       0       0       0       0       0       0
      Locals:         2       0       0       0       0       0       0       0       0       0       0       0       0       0       0       0       0
      Temps:          0       0       0       0       0       0       0       0       0       0       0       0       0       0       0       0       0
      Totals:         6       0       0       0       0       0       0       0       0       0       0       0       0       0       0       0       0
Total ram usage:        6 bytes
 Hardware stack levels used:    1
 This function calls:
		Nothing
 This function is called by:
		_isr
		_eval_poly
		i2_read_colorsensor
		i2_printf
 This function uses a non-reentrant model


 *************** function ___ftmul *****************
 Defined at:
		line 62 in file "D:\Program Files (x86)\Microchip\xc8\v1.40\sources\common\ftmul.c"
 Parameters:    Size  Location     Type
  f1              3   12[COMRAM] float 
  f2              3   15[COMRAM] float 
 Auto vars:     Size  Location     Type
  f3_as_produc    3   22[COMRAM] unsigned um
  sign            1   26[COMRAM] unsigned char 
  cntr            1   25[COMRAM] unsigned char 
  exp             1   21[COMRAM] unsigned char 
 Return value:  Size  Location     Type
                  3   12[COMRAM] float 
 Registers used:
		wreg, status,2, status,0, cstack
 Tracked objects:
		On entry : 
		On exit  : 
		Unchanged: 
 Data sizes:     COMRAM   BANK0   BANK1   BANK2   BANK3   BANK4   BANK5   BANK6   BANK7   BANK8   BANK9  BANK10  BANK11  BANK12  BANK13  BANK14  BANK15
      Params:         6       0       0       0       0       0       0       0       0       0       0       0       0       0       0       0       0
      Locals:         6       0       0       0       0       0       0       0       0       0       0       0       0       0       0       0       0
      Temps:          3       0       0       0       0       0       0       0       0       0       0       0       0       0       0       0       0
      Totals:        15       0       0       0       0       0       0       0       0       0       0       0       0       0       0       0       0
Total ram usage:       15 bytes
 Hardware stack levels used:    1
 Hardware stack levels required when called:    1
 This function calls:
		i2___ftpack
 This function is called by:
		_dec_to_hex
		_pow
		_exp
		_log
		_eval_poly
 This function uses a non-reentrant model


 *************** function ___ftsub *****************
 Defined at:
		line 20 in file "D:\Program Files (x86)\Microchip\xc8\v1.40\sources\common\ftsub.c"
 Parameters:    Size  Location     Type
  f1              3   39[COMRAM] float 
  f2              3   42[COMRAM] float 
 Auto vars:     Size  Location     Type
		None
 Return value:  Size  Location     Type
                  3   39[COMRAM] float 
 Registers used:
		wreg, status,2, status,0, cstack
 Tracked objects:
		On entry : 
		On exit  : 
		Unchanged: 
 Data sizes:     COMRAM   BANK0   BANK1   BANK2   BANK3   BANK4   BANK5   BANK6   BANK7   BANK8   BANK9  BANK10  BANK11  BANK12  BANK13  BANK14  BANK15
      Params:         6       0       0       0       0       0       0       0       0       0       0       0       0       0       0       0       0
      Locals:         0       0       0       0       0       0       0       0       0       0       0       0       0       0       0       0       0
      Temps:          0       0       0       0       0       0       0       0       0       0       0       0       0       0       0       0       0
      Totals:         6       0       0       0       0       0       0       0       0       0       0       0       0       0       0       0       0
Total ram usage:        6 bytes
 Hardware stack levels used:    1
 Hardware stack levels required when called:    2
 This function calls:
		___ftadd
 This function is called by:
		_exp
 This function uses a non-reentrant model


 *************** function ___ftadd *****************
 Defined at:
		line 86 in file "D:\Program Files (x86)\Microchip\xc8\v1.40\sources\common\ftadd.c"
 Parameters:    Size  Location     Type
  f1              3   27[COMRAM] float 
  f2              3   30[COMRAM] float 
 Auto vars:     Size  Location     Type
  exp1            1   38[COMRAM] unsigned char 
  exp2            1   37[COMRAM] unsigned char 
  sign            1   36[COMRAM] unsigned char 
 Return value:  Size  Location     Type
                  3   27[COMRAM] float 
 Registers used:
		wreg, status,2, status,0, cstack
 Tracked objects:
		On entry : 
		On exit  : 
		Unchanged: 
 Data sizes:     COMRAM   BANK0   BANK1   BANK2   BANK3   BANK4   BANK5   BANK6   BANK7   BANK8   BANK9  BANK10  BANK11  BANK12  BANK13  BANK14  BANK15
      Params:         6       0       0       0       0       0       0       0       0       0       0       0       0       0       0       0       0
      Locals:         3       0       0       0       0       0       0       0       0       0       0       0       0       0       0       0       0
      Temps:          3       0       0       0       0       0       0       0       0       0       0       0       0       0       0       0       0
      Totals:        12       0       0       0       0       0       0       0       0       0       0       0       0       0       0       0       0
Total ram usage:       12 bytes
 Hardware stack levels used:    1
 Hardware stack levels required when called:    1
 This function calls:
		i2___ftpack
 This function is called by:
		_dec_to_hex
		___ftsub
		_floor
		_log
		_eval_poly
 This function uses a non-reentrant model


 *************** function ___ftneg *****************
 Defined at:
		line 15 in file "D:\Program Files (x86)\Microchip\xc8\v1.40\sources\common\ftneg.c"
 Parameters:    Size  Location     Type
  f1              3    0[COMRAM] float 
 Auto vars:     Size  Location     Type
		None
 Return value:  Size  Location     Type
                  3    0[COMRAM] float 
 Registers used:
		wreg, status,2, status,0
 Tracked objects:
		On entry : 
		On exit  : 
		Unchanged: 
 Data sizes:     COMRAM   BANK0   BANK1   BANK2   BANK3   BANK4   BANK5   BANK6   BANK7   BANK8   BANK9  BANK10  BANK11  BANK12  BANK13  BANK14  BANK15
      Params:         3       0       0       0       0       0       0       0       0       0       0       0       0       0       0       0       0
      Locals:         0       0       0       0       0       0       0       0       0       0       0       0       0       0       0       0       0
      Temps:          0       0       0       0       0       0       0       0       0       0       0       0       0       0       0       0       0
      Totals:         3       0       0       0       0       0       0       0       0       0       0       0       0       0       0       0       0
Total ram usage:        3 bytes
 Hardware stack levels used:    1
 This function calls:
		Nothing
 This function is called by:
		_pow
		_exp
 This function uses a non-reentrant model


 *************** function ___lltoft *****************
 Defined at:
		line 35 in file "D:\Program Files (x86)\Microchip\xc8\v1.40\sources\common\lltoft.c"
 Parameters:    Size  Location     Type
  c               4    8[COMRAM] unsigned long 
 Auto vars:     Size  Location     Type
  exp             1   16[COMRAM] unsigned char 
 Return value:  Size  Location     Type
                  3    8[COMRAM] float 
 Registers used:
		wreg, status,2, status,0, cstack
 Tracked objects:
		On entry : 
		On exit  : 
		Unchanged: 
 Data sizes:     COMRAM   BANK0   BANK1   BANK2   BANK3   BANK4   BANK5   BANK6   BANK7   BANK8   BANK9  BANK10  BANK11  BANK12  BANK13  BANK14  BANK15
      Params:         4       0       0       0       0       0       0       0       0       0       0       0       0       0       0       0       0
      Locals:         1       0       0       0       0       0       0       0       0       0       0       0       0       0       0       0       0
      Temps:          4       0       0       0       0       0       0       0       0       0       0       0       0       0       0       0       0
      Totals:         9       0       0       0       0       0       0       0       0       0       0       0       0       0       0       0       0
Total ram usage:        9 bytes
 Hardware stack levels used:    1
 Hardware stack levels required when called:    1
 This function calls:
		i2___ftpack
 This function is called by:
		_pow
 This function uses a non-reentrant model


 *************** function i2___ftpack *****************
 Defined at:
		line 62 in file "D:\Program Files (x86)\Microchip\xc8\v1.40\sources\common\float.c"
 Parameters:    Size  Location     Type
  arg             3    0[COMRAM] unsigned um
  exp             1    3[COMRAM] unsigned char 
  sign            1    4[COMRAM] unsigned char 
 Auto vars:     Size  Location     Type
		None
 Return value:  Size  Location     Type
                  3    0[COMRAM] float 
 Registers used:
		wreg, status,2, status,0
 Tracked objects:
		On entry : 
		On exit  : 
		Unchanged: 
 Data sizes:     COMRAM   BANK0   BANK1   BANK2   BANK3   BANK4   BANK5   BANK6   BANK7   BANK8   BANK9  BANK10  BANK11  BANK12  BANK13  BANK14  BANK15
      Params:         5       0       0       0       0       0       0       0       0       0       0       0       0       0       0       0       0
      Locals:         0       0       0       0       0       0       0       0       0       0       0       0       0       0       0       0       0
      Temps:          3       0       0       0       0       0       0       0       0       0       0       0       0       0       0       0       0
      Totals:         8       0       0       0       0       0       0       0       0       0       0       0       0       0       0       0       0
Total ram usage:        8 bytes
 Hardware stack levels used:    1
 This function calls:
		Nothing
 This function is called by:
		___altoft
		___ftadd
		___ftmul
		___lltoft
		i2___awtoft
		i2___ftdiv
 This function uses a non-reentrant model


 *************** function ___awdiv *****************
 Defined at:
		line 8 in file "D:\Program Files (x86)\Microchip\xc8\v1.40\sources\common\awdiv.c"
 Parameters:    Size  Location     Type
  dividend        2    0[COMRAM] int 
  divisor         2    2[COMRAM] int 
 Auto vars:     Size  Location     Type
  quotient        2    6[COMRAM] int 
  sign            1    5[COMRAM] unsigned char 
  counter         1    4[COMRAM] unsigned char 
 Return value:  Size  Location     Type
                  2    0[COMRAM] int 
 Registers used:
		wreg, status,2, status,0
 Tracked objects:
		On entry : 
		On exit  : 
		Unchanged: 
 Data sizes:     COMRAM   BANK0   BANK1   BANK2   BANK3   BANK4   BANK5   BANK6   BANK7   BANK8   BANK9  BANK10  BANK11  BANK12  BANK13  BANK14  BANK15
      Params:         4       0       0       0       0       0       0       0       0       0       0       0       0       0       0       0       0
      Locals:         4       0       0       0       0       0       0       0       0       0       0       0       0       0       0       0       0
      Temps:          0       0       0       0       0       0       0       0       0       0       0       0       0       0       0       0       0
      Totals:         8       0       0       0       0       0       0       0       0       0       0       0       0       0       0       0       0
Total ram usage:        8 bytes
 Hardware stack levels used:    1
 This function calls:
		Nothing
 This function is called by:
		_dec_to_hex
 This function uses a non-reentrant model



MODULE INFORMATION

Module		Function		Class		Link	Load	Size
D:\Program Files (x86)\Microchip\xc8\v1.40\sources\common\float.c
		___ftpack      		CODE           	16BC	0000	269

D:\Program Files (x86)\Microchip\xc8\v1.40\sources\common\float.c estimated size: 269

D:\Program Files (x86)\Microchip\xc8\v1.40\sources\common\lwmod.c
		___lwmod       		CODE           	28FC	0000	99

D:\Program Files (x86)\Microchip\xc8\v1.40\sources\common\lwmod.c estimated size: 99

D:\Program Files (x86)\Microchip\xc8\v1.40\sources\common\ftmul.c
		___ftmul       		CODE           	1BC2	0000	245

D:\Program Files (x86)\Microchip\xc8\v1.40\sources\common\ftmul.c estimated size: 245

D:\Program Files (x86)\Microchip\xc8\v1.40\sources\common\ftge.c
		___ftge        		CODE           	21D6	0000	201

D:\Program Files (x86)\Microchip\xc8\v1.40\sources\common\ftge.c estimated size: 201

D:\Program Files (x86)\Microchip\xc8\v1.40\sources\common\awmod.c
		___awmod       		CODE           	24CE	0000	163

D:\Program Files (x86)\Microchip\xc8\v1.40\sources\common\awmod.c estimated size: 163

D:\Program Files (x86)\Microchip\xc8\v1.40\sources\common\ftdiv.c
		___ftdiv       		CODE           	1452	0000	333

D:\Program Files (x86)\Microchip\xc8\v1.40\sources\common\ftdiv.c estimated size: 333

D:\Program Files (x86)\Microchip\xc8\v1.40\sources\common\Umul16.c
		___wmul        		CODE           	2D1A	0000	55

D:\Program Files (x86)\Microchip\xc8\v1.40\sources\common\Umul16.c estimated size: 55

D:\Program Files (x86)\Microchip\xc8\v1.40\sources\common\frexp.c
		_ldexp         		CODE           	229E	0000	199
		_frexp         		CODE           	2690	0000	145

D:\Program Files (x86)\Microchip\xc8\v1.40\sources\common\frexp.c estimated size: 344

D:\Program Files (x86)\Microchip\xc8\v1.40\sources\common\floor.c
		_floor         		CODE           	1D9C	0000	223

D:\Program Files (x86)\Microchip\xc8\v1.40\sources\common\floor.c estimated size: 223

I2C.c
		_I2C_Master_Read		CODE           	2D50	0000	47
		_I2C_Master_Wait		CODE           	2E70	0000	21
		_I2C_Master_Init		CODE           	29BE	0000	97
		_I2C_Master_Stop		CODE           	2EE2	0000	9
		_I2C_ColorSens_Init		CODE           	1F56	0000	221
		_I2C_Master_Write		CODE           	2ECE	0000	11
		_I2C_Master_Start		CODE           	2EEA	0000	9

I2C.c estimated size: 415

D:\Program Files (x86)\Microchip\xc8\v1.40\sources\common\fttol.c
		___fttol       		CODE           	1ACE	0000	245

D:\Program Files (x86)\Microchip\xc8\v1.40\sources\common\fttol.c estimated size: 245

D:\Program Files (x86)\Microchip\xc8\v1.40\sources\common\lwdiv.c
		___lwdiv       		CODE           	27A4	0000	121

D:\Program Files (x86)\Microchip\xc8\v1.40\sources\common\lwdiv.c estimated size: 121

D:\Program Files (x86)\Microchip\xc8\v1.40\sources\common\awdiv.c
		___awdiv       		CODE           	2720	0000	133

D:\Program Files (x86)\Microchip\xc8\v1.40\sources\common\awdiv.c estimated size: 133

D:\Program Files (x86)\Microchip\xc8\v1.40\sources\common\exp.c
		_exp           		CODE           	0DFC	0000	489

D:\Program Files (x86)\Microchip\xc8\v1.40\sources\common\exp.c estimated size: 489

D:\Program Files (x86)\Microchip\xc8\v1.40\sources\common\ftadd.c
		___ftadd       		CODE           	0FE4	0000	429

D:\Program Files (x86)\Microchip\xc8\v1.40\sources\common\ftadd.c estimated size: 429

D:\Program Files (x86)\Microchip\xc8\v1.40\sources\common\lldiv.c
		___lldiv       		CODE           	2364	0000	189

D:\Program Files (x86)\Microchip\xc8\v1.40\sources\common\lldiv.c estimated size: 189

shared
		i2_printf      		CODE           	0AD0	0000	813
		exp@coeff      		MEDIUMCONST    	FE39	0000	31
		i2_I2C_Master_Start		CODE           	2EFA	0000	9
		i2_putch       		CODE           	2EB6	0000	13
		i2_lcdNibble   		CODE           	2B1C	0000	79
		i2___ftdiv     		CODE           	1CB6	0000	231
		_dpowers       		MEDIUMCONST    	FE20	0000	11
		i2___ftge      		CODE           	2600	0000	145
		i2___lwdiv     		CODE           	2A7A	0000	83
		_timeset       		MEDIUMCONST    	FE32	0000	8
		i2_isdigit     		CODE           	2E3A	0000	31
		i2___awtoft    		CODE           	2CAC	0000	57
		i2___wmul      		CODE           	2DCE	0000	39
		i2_I2C_Master_Read		CODE           	2DA8	0000	39
		i2___lwmod     		CODE           	2BAE	0000	67
		i2___ftpack    		CODE           	2420	0000	175
		_keys          		MEDIUMCONST    	FE0F	0000	18
		__initialization		CODE           	2C30	0000	49
		i2_read_colorsensor		CODE           	17C8	0000	263
		i2_I2C_Master_Wait		CODE           	2E84	0000	19
		_hexpowers     		MEDIUMCONST    	FE2A	0000	9
		i2_I2C_Master_Stop		CODE           	2EF2	0000	9
		log@coeff      		MEDIUMCONST    	FE57	0000	28
		i2_lcdInst     		CODE           	2EC2	0000	13
		i2_I2C_Master_Write		CODE           	2ED8	0000	11

shared estimated size: 2250

D:\Program Files (x86)\Microchip\xc8\v1.40\sources\common\awtoft.c
		___awtoft      		CODE           	2B6A	0000	69

D:\Program Files (x86)\Microchip\xc8\v1.40\sources\common\awtoft.c estimated size: 69

D:\Program Files (x86)\Microchip\xc8\v1.40\sources\common\ftneg.c
		___ftneg       		CODE           	2DF4	0000	37

D:\Program Files (x86)\Microchip\xc8\v1.40\sources\common\ftneg.c estimated size: 37

D:\Program Files (x86)\Microchip\xc8\v1.40\sources\common\altoft.c
		___altoft      		CODE           	281C	0000	121

D:\Program Files (x86)\Microchip\xc8\v1.40\sources\common\altoft.c estimated size: 121

D:\Program Files (x86)\Microchip\xc8\v1.40\sources\common\log.c
		_log           		CODE           	159E	0000	287

D:\Program Files (x86)\Microchip\xc8\v1.40\sources\common\log.c estimated size: 287

D:\Program Files (x86)\Microchip\xc8\v1.40\sources\common\ftsub.c
		___ftsub       		CODE           	2BF0	0000	65

D:\Program Files (x86)\Microchip\xc8\v1.40\sources\common\ftsub.c estimated size: 65

lcd.c
		_putch         		CODE           	2E96	0000	17
		_lcdInst       		CODE           	2EA6	0000	17
		_lcdNibble     		CODE           	295E	0000	97
		_initLCD       		CODE           	2ACC	0000	81

lcd.c estimated size: 212

D:\Program Files (x86)\Microchip\xc8\v1.40\sources\common\evalpoly.c
		_eval_poly     		CODE           	2104	0000	211

D:\Program Files (x86)\Microchip\xc8\v1.40\sources\common\evalpoly.c estimated size: 211

D:\Program Files (x86)\Microchip\xc8\v1.40\sources\common\isdigit.c
		_isdigit       		CODE           	2D7E	0000	43

D:\Program Files (x86)\Microchip\xc8\v1.40\sources\common\isdigit.c estimated size: 43

D:\Program Files (x86)\Microchip\xc8\v1.40\sources\common\doprnt.c
		_printf        		CODE           	0012	0000	983

D:\Program Files (x86)\Microchip\xc8\v1.40\sources\common\doprnt.c estimated size: 983

D:\Program Files (x86)\Microchip\xc8\v1.40\sources\common\pow.c
		_pow           		CODE           	1190	0000	375

D:\Program Files (x86)\Microchip\xc8\v1.40\sources\common\pow.c estimated size: 375

D:\Program Files (x86)\Microchip\xc8\v1.40\sources\common\lltoft.c
		___lltoft      		CODE           	2A1E	0000	93

D:\Program Files (x86)\Microchip\xc8\v1.40\sources\common\lltoft.c estimated size: 93

main.c
		_bottle_time   		CODE           	2CE4	0000	55
		_read_colorsensor		CODE           	1306	0000	333
		_bottle_count  		CODE           	18CE	0000	261
		_dec_to_hex    		CODE           	19D2	0000	253
		_main          		CODE           	1E7A	0000	221
		_date_time     		CODE           	2032	0000	211
		_isr           		CODE           	0008	0000	905
		_standby       		CODE           	2C6E	0000	63
		_operation     		CODE           	076A	0000	871
		_operationend  		CODE           	2E58	0000	25
		_read_time     		CODE           	2894	0000	105
		_servo_rotate0 		CODE           	2570	0000	145
		_emergencystop 		CODE           	2E18	0000	35

main.c estimated size: 3483

