Microchip MPLAB XC8 Compiler V1.40 ()

Linker command line:

-W-3 --edf=D:\Program Files (x86)\Microchip\xc8\v1.40\dat\en_msgs.txt -cs \
  -h+dist/default/production\AER201_PIC.X.production.sym \
  --cmf=dist/default/production\AER201_PIC.X.production.cmf -z -Q18F4620 \
  -oC:\Users\shich\AppData\Local\Temp\sf68.2 \
  -Mdist/default/production/AER201_PIC.X.production.map -E1 -ver=XC8 \
  -ASTACK=0187h-0f7fh -pstack=STACK -ACODE=00h-0FFFFh -ACONST=00h-0FFFFh \
  -ASMALLCONST=01000h-010FFhx240 -AMEDIUMCONST=01000h-0FFFFh \
  -ACOMRAM=01h-07Fh -AABS1=00h-0F7Fh -ABIGRAM=01h-0F7Fh \
  -ARAM=080h-0FFh,0100h-01FFhx14,0F00h-0F7Fh -ABANK0=080h-0FFh \
  -ABANK1=0100h-01FFh -ABANK2=0200h-02FFh -ABANK3=0300h-03FFh \
  -ABANK4=0400h-04FFh -ABANK5=0500h-05FFh -ABANK6=0600h-06FFh \
  -ABANK7=0700h-07FFh -ABANK8=0800h-08FFh -ABANK9=0900h-09FFh \
  -ABANK10=0A00h-0AFFh -ABANK11=0B00h-0BFFh -ABANK12=0C00h-0CFFh \
  -ABANK13=0D00h-0DFFh -ABANK14=0E00h-0EFFh -ABANK15=0F00h-0F7Fh \
  -ASFR=0F80h-0FFFh -preset_vec=00h,intcode=08h,intcodelo,powerup,init \
  -pramtop=01000h -psmallconst=SMALLCONST -pmediumconst=MEDIUMCONST \
  -pconst=CONST -AFARRAM=00h-00h -ACONFIG=0300000h-030000Dh -pconfig=CONFIG \
  -AIDLOC=0200000h-0200007h -pidloc=IDLOC -AEEDATA=0F00000h-0F003FFh \
  -peeprom_data=EEDATA \
  -prdata=COMRAM,nvrram=COMRAM,nvbit=COMRAM,rbss=COMRAM,rbit=COMRAM \
  -pfarbss=FARRAM,fardata=FARRAM,nvFARRAM=FARRAM \
  -pintsave_regs=BIGRAM,bigbss=BIGRAM,bigdata=BIGRAM -pbss=RAM \
  -pidata=CODE,irdata=CODE,ibigdata=CODE,ifardata=CODE -prparam=COMRAM \
  C:\Users\shich\AppData\Local\Temp\sf68.obj \
  dist/default/production\AER201_PIC.X.production.obj 

Object code version is 3.11

Machine type is 18F4620

Call graph: (short form)




                Name                               Link     Load   Length Selector   Space Scale
C:\Users\shich\AppData\Local\Temp\sf68.obj
                init                                  E        E        4        4       0
                reset_vec                             0        0        4        0       0
                idloc                            200000   200000        8   200000       0
                config                           300000   300000        E   300000       0
dist/default/production\AER201_PIC.X.production.obj
                intcode                               8        8        6        4       0
                temp                                 7F       7F        1        1       1
                mediumconst                        FDB6     FDB6      24A     7EDB       0
                text81                             4D9E     4D9E       AE        4       0
                text80                             3006     3006      1AC        4       0
                text79                             4564     4564       F4        4       0
                text78                             583E     583E       26        4       0
                text77                             49C4     49C4       D2        4       0
                text76                             522A     522A       78        4       0
                text75                             5018     5018       90        4       0
                text74                             4F88     4F88       90        4       0
                text73                             4470     4470       F4        4       0
                text72                             473E     473E       DE        4       0
                text71                             4B5E     4B5E       C6        4       0
                text70                             56EC     56EC       38        4       0
                text69                             4658     4658       E6        4       0
                text68                             5864     5864       24        4       0
                text67                             5672     5672       40        4       0
                text66                             2E1E     2E1E      1E8        4       0
                text65                             3E40     3E40      11E        4       0
                text64                             54A0     54A0       5C        4       0
                text63                             3682     3682      176        4       0
                text62                             50A8     50A8       84        4       0
                text61                             406A     406A      10C        4       0
                text60                             58F4     58F4       12        4       0
                text59                             5818     5818       26        4       0
                text58                             596A     596A        8        4       0
                text57                             5962     5962        8        4       0
                text56                             5948     5948        A        4       0
                text55                             5312     5312       68        4       0
                text54                             554C     554C       4E        4       0
                text53                             5932     5932        C        4       0
                text52                             512C     512C       82        4       0
                text51                             537A     537A       66        4       0
                text50                             3D18     3D18      128        4       0
                text49                             3BE6     3BE6      132        4       0
                text48                             52A2     52A2       70        4       0
                text47                             2BD8     2BD8      246        4       0
                text46                             58AA     58AA       1E        4       0
                text45                             5926     5926        C        4       0
                text44                             22D4     22D4      3F0        4       0
                text43                              BFC      BFC      9DE        4       0
                text42                             481C     481C       D6        4       0
                intcode_body                       1A88     1A88      454        4       0
                text40                             58E0     58E0       14        4       0
                text39                             595A     595A        8        4       0
                text38                             5952     5952        8        4       0
                text37                             593E     593E        A        4       0
                text36                             427A     427A       FE        4       0
                text35                             4CE2     4CE2       BC        4       0
                text34                             5440     5440       60        4       0
                text33                             53E0     53E0       60        4       0
                text32                             5916     5916       10        4       0
                text31                             4A96     4A96       C8        4       0
                text30                             5790     5790       30        4       0
                text29                             3F5E     3F5E      10C        4       0
                text28                             2970     2970      268        4       0
                text27                             559A     559A       4C        4       0
                text26                             3AA2     3AA2      144        4       0
                text25                             4EEE     4EEE       9A        4       0
                text24                             51AE     51AE       7C        4       0
                text23                             34FA     34FA      188        4       0
                text22                             335C     335C      19E        4       0
                text21                             4C24     4C24       BE        4       0
                text20                             4E4C     4E4C       A2        4       0
                text19                             37F8     37F8      15E        4       0
                text18                             575A     575A       36        4       0
                text17                             26C4     26C4      2AC        4       0
                text16                             57EE     57EE       2A        4       0
                text15                             5906     5906       10        4       0
                text14                             15DA     15DA      4AE        4       0
                text13                               12       12      BEA        4       0
                text12                             4176     4176      104        4       0
                text11                             5724     5724       36        4       0
                text10                             57C0     57C0       2E        4       0
                text9                              48F2     48F2       D2        4       0
                text8                              5888     5888       22        4       0
                text7                              54FC     54FC       50        4       0
                text6                              562E     562E       44        4       0
                text5                              3956     3956      14C        4       0
                text4                              4378     4378       F8        4       0
                text3                              1EDC     1EDC      3F8        4       0
                text2                              58C8     58C8       18        4       0
                text1                              56B2     56B2       3A        4       0
                text0                              31B2     31B2      1AA        4       0
                cstackCOMRAM                          1        1       79        1       1
                cstackBANK0                          80       80       42       80       1
                cstackBANK1                         100      100       46      100       1
                dataBANK1                           185      185        2      100       1
                bssBANK1                            146      146       3F      100       1
                bssBANK0                             C2       C2       20       80       1
                bssCOMRAM                            7A       7A        5        1       1
                cinit                              55E6     55E6       48        4       0
                idataBANK1                         5972     5972        2        4       0

TOTAL           Name                               Link     Load   Length     Space
        CLASS   STACK          

        CLASS   CODE           
                intcode                               8        8        6         0
                init                                  E        E        4         0
                reset_vec                             0        0        4         0
                text81                             4D9E     4D9E       AE         0
                text80                             3006     3006      1AC         0
                text79                             4564     4564       F4         0
                text78                             583E     583E       26         0
                text77                             49C4     49C4       D2         0
                text76                             522A     522A       78         0
                text75                             5018     5018       90         0
                text74                             4F88     4F88       90         0
                text73                             4470     4470       F4         0
                text72                             473E     473E       DE         0
                text71                             4B5E     4B5E       C6         0
                text70                             56EC     56EC       38         0
                text69                             4658     4658       E6         0
                text68                             5864     5864       24         0
                text67                             5672     5672       40         0
                text66                             2E1E     2E1E      1E8         0
                text65                             3E40     3E40      11E         0
                text64                             54A0     54A0       5C         0
                text63                             3682     3682      176         0
                text62                             50A8     50A8       84         0
                text61                             406A     406A      10C         0
                text60                             58F4     58F4       12         0
                text59                             5818     5818       26         0
                text58                             596A     596A        8         0
                text57                             5962     5962        8         0
                text56                             5948     5948        A         0
                text55                             5312     5312       68         0
                text54                             554C     554C       4E         0
                text53                             5932     5932        C         0
                text52                             512C     512C       82         0
                text51                             537A     537A       66         0
                text50                             3D18     3D18      128         0
                text49                             3BE6     3BE6      132         0
                text48                             52A2     52A2       70         0
                text47                             2BD8     2BD8      246         0
                text46                             58AA     58AA       1E         0
                text45                             5926     5926        C         0
                text44                             22D4     22D4      3F0         0
                text43                              BFC      BFC      9DE         0
                text42                             481C     481C       D6         0
                intcode_body                       1A88     1A88      454         0
                text40                             58E0     58E0       14         0
                text39                             595A     595A        8         0
                text38                             5952     5952        8         0
                text37                             593E     593E        A         0
                text36                             427A     427A       FE         0
                text35                             4CE2     4CE2       BC         0
                text34                             5440     5440       60         0
                text33                             53E0     53E0       60         0
                text32                             5916     5916       10         0
                text31                             4A96     4A96       C8         0
                text30                             5790     5790       30         0
                text29                             3F5E     3F5E      10C         0
                text28                             2970     2970      268         0
                text27                             559A     559A       4C         0
                text26                             3AA2     3AA2      144         0
                text25                             4EEE     4EEE       9A         0
                text24                             51AE     51AE       7C         0
                text23                             34FA     34FA      188         0
                text22                             335C     335C      19E         0
                text21                             4C24     4C24       BE         0
                text20                             4E4C     4E4C       A2         0
                text19                             37F8     37F8      15E         0
                text18                             575A     575A       36         0
                text17                             26C4     26C4      2AC         0
                text16                             57EE     57EE       2A         0
                text15                             5906     5906       10         0
                text14                             15DA     15DA      4AE         0
                text13                               12       12      BEA         0
                text12                             4176     4176      104         0
                text11                             5724     5724       36         0
                text10                             57C0     57C0       2E         0
                text9                              48F2     48F2       D2         0
                text8                              5888     5888       22         0
                text7                              54FC     54FC       50         0
                text6                              562E     562E       44         0
                text5                              3956     3956      14C         0
                text4                              4378     4378       F8         0
                text3                              1EDC     1EDC      3F8         0
                text2                              58C8     58C8       18         0
                text1                              56B2     56B2       3A         0
                text0                              31B2     31B2      1AA         0
                cinit                              55E6     55E6       48         0
                idataBANK1                         5972     5972        2         0

        CLASS   CONST          

        CLASS   SMALLCONST     

        CLASS   MEDIUMCONST    
                mediumconst                        FDB6     FDB6      24A         0

        CLASS   COMRAM         
                temp                                 7F       7F        1         1
                cstackCOMRAM                          1        1       79         1
                bssCOMRAM                            7A       7A        5         1

        CLASS   ABS1           

        CLASS   BIGRAM         

        CLASS   RAM            

        CLASS   BANK0          
                cstackBANK0                          80       80       42         1
                bssBANK0                             C2       C2       20         1

        CLASS   BANK1          
                cstackBANK1                         100      100       46         1
                dataBANK1                           185      185        2         1
                bssBANK1                            146      146       3F         1

        CLASS   BANK2          

        CLASS   BANK3          

        CLASS   BANK4          

        CLASS   BANK5          

        CLASS   BANK6          

        CLASS   BANK7          

        CLASS   BANK8          

        CLASS   BANK9          

        CLASS   BANK10         

        CLASS   BANK11         

        CLASS   BANK12         

        CLASS   BANK13         

        CLASS   BANK14         

        CLASS   BANK15         

        CLASS   SFR            

        CLASS   FARRAM         

        CLASS   CONFIG         
                config                           300000   300000        E         0

        CLASS   IDLOC          
                idloc                            200000   200000        8         0

        CLASS   EEDATA         



SEGMENTS        Name                           Load    Length   Top    Selector   Space  Class

                reset_vec                      000000  000004  000004         0       0  CODE    
                cstackCOMRAM                   000001  00007F  000080         1       1  COMRAM  
                intcode                        000008  00596C  005974         4       0  CODE    
                cstackBANK0                    000080  000062  0000E2        80       1  BANK0   
                cstackBANK1                    000100  000087  000187       100       1  BANK1   
                mediumconst                    00FDB6  00024A  010000      7EDB       0  MEDIUMCO
                idloc                          200000  000008  200008    200000       0  IDLOC   
                config                         300000  00000E  30000E    300000       0  CONFIG  


UNUSED ADDRESS RANGES

        Name                Unused          Largest block    Delta
        BANK0            0000E2-0000FF               1E
        BANK1            000187-0001FF               79
        BANK10           000A00-000AFF              100
        BANK11           000B00-000BFF              100
        BANK12           000C00-000CFF              100
        BANK13           000D00-000DFF              100
        BANK14           000E00-000EFF              100
        BANK15           000F00-000F7F               80
        BANK2            000200-0002FF              100
        BANK3            000300-0003FF              100
        BANK4            000400-0004FF              100
        BANK5            000500-0005FF              100
        BANK6            000600-0006FF              100
        BANK7            000700-0007FF              100
        BANK8            000800-0008FF              100
        BANK9            000900-0009FF              100
        BIGRAM           0000E2-0000FF               1E
                         000187-000F7F              DF9
        CODE             000004-000007                4
                         005974-00FDB5             A442
        CONST            000004-000007                4
                         005974-00FDB5             A442
        EEDATA           F00000-F003FF              400
        MEDIUMCONST      005974-00FDB5             A442
        RAM              0000E2-0000FF               1E
                         000187-000F7F              100
        SFR              000F80-000FFF               80
        SMALLCONST       005974-00FDB5              100
        STACK            000187-000F7F              DF9

                                  Symbol Table

?___altoft                   cstackCOMRAM 000049
?___awdiv                    cstackBANK0  0000A4
?___awmod                    cstackBANK0  00009E
?___awtoft                   cstackBANK0  0000A6
?___ftadd                    cstackBANK1  00010A
?___ftdiv                    cstackBANK0  0000A6
?___ftmul                    cstackBANK0  0000B2
?___ftneg                    cstackBANK0  00009E
?___ftpack                   cstackBANK0  00009E
?___ftsub                    cstackBANK1  000116
?___fttol                    cstackBANK1  000107
?___lldiv                    cstackBANK0  00009E
?___llmod                    cstackBANK0  0000AB
?___lltoft                   cstackBANK0  0000A6
?___wmul                     cstackBANK0  0000AC
?__div_to_l_                 cstackBANK0  00009E
?__tdiv_to_l_                cstackBANK0  00009E
?_dec_to_hex                 cstackCOMRAM 000075
?_eval_poly                  cstackCOMRAM 00003A
?_exp                        cstackCOMRAM 00005B
?_floor                      cstackCOMRAM 000053
?_frexp                      cstackCOMRAM 000001
?_fround                     cstackBANK1  000100
?_ldexp                      cstackCOMRAM 000046
?_log                        cstackCOMRAM 000046
?_pow                        cstackCOMRAM 000064
?_printf                     cstackBANK1  00011C
?_scale                      cstackBANK1  000100
?i2___awdiv                  cstackCOMRAM 000007
?i2___awmod                  cstackCOMRAM 000001
?i2___awtoft                 cstackCOMRAM 000009
?i2___ftadd                  cstackCOMRAM 00002E
?i2___ftdiv                  cstackCOMRAM 000009
?i2___ftmul                  cstackCOMRAM 000015
?i2___ftneg                  cstackCOMRAM 000001
?i2___ftpack                 cstackCOMRAM 000001
?i2___ftsub                  cstackCOMRAM 00003A
?i2___fttol                  cstackCOMRAM 00003A
?i2___lldiv                  cstackCOMRAM 000001
?i2___llmod                  cstackCOMRAM 00000E
?i2___lltoft                 cstackCOMRAM 000009
?i2___wmul                   cstackCOMRAM 00000F
?i2__div_to_l_               cstackCOMRAM 000001
?i2__tdiv_to_l_              cstackCOMRAM 000001
?i2_fround                   cstackCOMRAM 000024
?i2_printf                   cstackCOMRAM 000049
?i2_scale                    cstackCOMRAM 000024
I2C_Master_Init@c            cstackBANK0  0000AB
I2C_Master_Read@a            cstackBANK0  00009F
I2C_Master_Read@temp         cstackBANK0  0000A0
I2C_Master_Write@d           cstackBANK0  00009F
_ACKDT                       (abs)        007E2D
_ACKEN                       (abs)        007E2C
_ADCON0                      (abs)        000FC2
_ADCON1                      (abs)        000FC1
_GIE                         (abs)        007F97
_I2C_ColorSens_Init          text36       00427A
_I2C_Master_Init             text34       005440
_I2C_Master_Read             text10       0057C0
_I2C_Master_Start            text39       00595A
_I2C_Master_Stop             text38       005952
_I2C_Master_Wait             text40       0058E0
_I2C_Master_Write            text37       00593E
_INT0IE                      (abs)        007F94
_INT1IE                      (abs)        007F83
_INT1IF                      (abs)        007F80
_INT2IE                      (abs)        007F84
_INTCONbits                  (abs)        000FF2
_LATA                        (abs)        000F89
_LATAbits                    (abs)        000F89
_LATB                        (abs)        000F8A
_LATC                        (abs)        000F8B
_LATCbits                    (abs)        000F8B
_LATD                        (abs)        000F8C
_LATDbits                    (abs)        000F8C
_LATE                        (abs)        000F8D
_PEIE                        (abs)        007F96
_PEN                         (abs)        007E2A
_PORTAbits                   (abs)        000F80
_PORTB                       (abs)        000F81
_PSA                         (abs)        007EAB
_RCEN                        (abs)        007E2B
_RSEN                        (abs)        007E29
_SEN                         (abs)        007E28
_SSPADD                      (abs)        000FC8
_SSPBUF                      (abs)        000FC9
_SSPCON1                     (abs)        000FC6
_SSPCON2                     (abs)        000FC5
_SSPSTAT                     (abs)        000FC7
_T08BIT                      (abs)        007EAE
_T0CS                        (abs)        007EAD
_T0PS0                       (abs)        007EA8
_T0PS1                       (abs)        007EA9
_T0PS2                       (abs)        007EAA
_T1CKPS0                     (abs)        007E6C
_T1CKPS1                     (abs)        007E6D
_T1CON                       (abs)        000FCD
_T3CKPS0                     (abs)        007D8C
_T3CKPS1                     (abs)        007D8D
_T3CON                       (abs)        000FB1
_TMR0                        (abs)        000FD6
_TMR0IE                      (abs)        007F95
_TMR0IF                      (abs)        007F92
_TMR0ON                      (abs)        007EAF
_TMR1                        (abs)        000FCE
_TMR1CS                      (abs)        007E69
_TMR1IE                      (abs)        007CE8
_TMR1IF                      (abs)        007CF0
_TMR1ON                      (abs)        007E68
_TMR3                        (abs)        000FB2
_TMR3CS                      (abs)        007D89
_TMR3IE                      (abs)        007D01
_TMR3IF                      (abs)        007D09
_TMR3ON                      (abs)        007D88
_TRISA                       (abs)        000F92
_TRISB                       (abs)        000F93
_TRISC                       (abs)        000F94
_TRISC3                      (abs)        007CA3
_TRISC4                      (abs)        007CA4
_TRISD                       (abs)        000F95
_TRISE                       (abs)        000F96
__CFG_BOREN$SBORDIS          (abs)        000000
__CFG_BORV$3                 (abs)        000000
__CFG_CCP2MX$PORTC           (abs)        000000
__CFG_CP0$OFF                (abs)        000000
__CFG_CP1$OFF                (abs)        000000
__CFG_CP2$OFF                (abs)        000000
__CFG_CP3$OFF                (abs)        000000
__CFG_CPB$OFF                (abs)        000000
__CFG_CPD$OFF                (abs)        000000
__CFG_EBTR0$OFF              (abs)        000000
__CFG_EBTR1$OFF              (abs)        000000
__CFG_EBTR2$OFF              (abs)        000000
__CFG_EBTR3$OFF              (abs)        000000
__CFG_EBTRB$OFF              (abs)        000000
__CFG_FCMEN$OFF              (abs)        000000
__CFG_IESO$OFF               (abs)        000000
__CFG_LPT1OSC$OFF            (abs)        000000
__CFG_LVP$OFF                (abs)        000000
__CFG_MCLRE$ON               (abs)        000000
__CFG_OSC$HS                 (abs)        000000
__CFG_PBADEN$ON              (abs)        000000
__CFG_PWRT$OFF               (abs)        000000
__CFG_STVREN$ON              (abs)        000000
__CFG_WDT$OFF                (abs)        000000
__CFG_WDTPS$32768            (abs)        000000
__CFG_WRT0$OFF               (abs)        000000
__CFG_WRT1$OFF               (abs)        000000
__CFG_WRT2$OFF               (abs)        000000
__CFG_WRT3$OFF               (abs)        000000
__CFG_WRTB$OFF               (abs)        000000
__CFG_WRTC$OFF               (abs)        000000
__CFG_WRTD$OFF               (abs)        000000
__CFG_XINST$OFF              (abs)        000000
__HRAM                       (abs)        000000
__Habs1                      abs1         000000
__Hbank0                     bank0        000000
__Hbank1                     bank1        000000
__Hbank10                    bank10       000000
__Hbank11                    bank11       000000
__Hbank12                    bank12       000000
__Hbank13                    bank13       000000
__Hbank14                    bank14       000000
__Hbank15                    bank15       000000
__Hbank2                     bank2        000000
__Hbank3                     bank3        000000
__Hbank4                     bank4        000000
__Hbank5                     bank5        000000
__Hbank6                     bank6        000000
__Hbank7                     bank7        000000
__Hbank8                     bank8        000000
__Hbank9                     bank9        000000
__Hbigbss                    bigbss       000000
__Hbigdata                   bigdata      000000
__Hbigram                    bigram       000000
__Hbss                       bss          000000
__HbssBANK0                  bssBANK0     000000
__HbssBANK1                  bssBANK1     000000
__HbssCOMRAM                 bssCOMRAM    000000
__Hcinit                     cinit        000000
__Hclrtext                   clrtext      000000
__Hcomram                    comram       000000
__Hconfig                    config       30000E
__Hconst                     const        000000
__HcstackBANK0               cstackBANK0  000000
__HcstackBANK1               cstackBANK1  000000
__HcstackCOMRAM              cstackCOMRAM 000000
__Hdata                      data         000000
__HdataBANK1                 dataBANK1    000000
__Heeprom_data               eeprom_data  000000
__Hfarbss                    farbss       000000
__Hfardata                   fardata      000000
__Hibigdata                  ibigdata     000000
__Hidata                     idata        000000
__HidataBANK1                idataBANK1   000000
__Hidloc                     idloc        200008
__Hifardata                  ifardata     000000
__Hinit                      init         000012
__Hintcode                   intcode      00000E
__Hintcode_body              intcode_body 000000
__Hintcodelo                 intcodelo    00000E
__Hintentry                  intentry     000000
__Hintret                    intret       000000
__Hintsave_regs              intsave_regs 000000
__Hirdata                    irdata       000000
__Hmediumconst               mediumconst  010000
__HnvFARRAM                  nvFARRAM     000000
__Hnvbit                     nvbit        000000
__Hnvrram                    nvrram       000000
__Hparam                     rparam       000000
__Hpowerup                   powerup      00000E
__Hram                       ram          000000
__Hramtop                    ramtop       001000
__Hrbit                      rbit         000000
__Hrbss                      rbss         000000
__Hrdata                     rdata        000000
__Hreset_vec                 reset_vec    000004
__Hrparam                    rparam       000000
__Hsfr                       sfr          000000
__Hsmallconst                smallconst   000000
__Hspace_0                   (abs)        30000E
__Hspace_1                   (abs)        000187
__Hspace_2                   (abs)        000000
__Hstack                     stack        000000
__Hstruct                    struct       000000
__Htemp                      temp         000080
__Htext                      text         000000
__Htext0                     text0        000000
__Htext1                     text1        000000
__Htext10                    text10       000000
__Htext11                    text11       000000
__Htext12                    text12       000000
__Htext13                    text13       000000
__Htext14                    text14       000000
__Htext15                    text15       000000
__Htext16                    text16       000000
__Htext17                    text17       000000
__Htext18                    text18       000000
__Htext19                    text19       000000
__Htext2                     text2        000000
__Htext20                    text20       000000
__Htext21                    text21       000000
__Htext22                    text22       000000
__Htext23                    text23       000000
__Htext24                    text24       000000
__Htext25                    text25       000000
__Htext26                    text26       000000
__Htext27                    text27       000000
__Htext28                    text28       000000
__Htext29                    text29       000000
__Htext3                     text3        000000
__Htext30                    text30       000000
__Htext31                    text31       000000
__Htext32                    text32       000000
__Htext33                    text33       000000
__Htext34                    text34       000000
__Htext35                    text35       000000
__Htext36                    text36       000000
__Htext37                    text37       000000
__Htext38                    text38       000000
__Htext39                    text39       000000
__Htext4                     text4        000000
__Htext40                    text40       000000
__Htext42                    text42       000000
__Htext43                    text43       000000
__Htext44                    text44       000000
__Htext45                    text45       000000
__Htext46                    text46       000000
__Htext47                    text47       000000
__Htext48                    text48       000000
__Htext49                    text49       000000
__Htext5                     text5        000000
__Htext50                    text50       000000
__Htext51                    text51       000000
__Htext52                    text52       000000
__Htext53                    text53       000000
__Htext54                    text54       000000
__Htext55                    text55       000000
__Htext56                    text56       000000
__Htext57                    text57       000000
__Htext58                    text58       000000
__Htext59                    text59       000000
__Htext6                     text6        000000
__Htext60                    text60       000000
__Htext61                    text61       000000
__Htext62                    text62       000000
__Htext63                    text63       000000
__Htext64                    text64       000000
__Htext65                    text65       000000
__Htext66                    text66       000000
__Htext67                    text67       000000
__Htext68                    text68       000000
__Htext69                    text69       000000
__Htext7                     text7        000000
__Htext70                    text70       000000
__Htext71                    text71       000000
__Htext72                    text72       000000
__Htext73                    text73       000000
__Htext74                    text74       000000
__Htext75                    text75       000000
__Htext76                    text76       000000
__Htext77                    text77       000000
__Htext78                    text78       000000
__Htext79                    text79       000000
__Htext8                     text8        000000
__Htext80                    text80       000000
__Htext81                    text81       000000
__Htext9                     text9        000000
__LRAM                       (abs)        000001
__Labs1                      abs1         000000
__Lbank0                     bank0        000000
__Lbank1                     bank1        000000
__Lbank10                    bank10       000000
__Lbank11                    bank11       000000
__Lbank12                    bank12       000000
__Lbank13                    bank13       000000
__Lbank14                    bank14       000000
__Lbank15                    bank15       000000
__Lbank2                     bank2        000000
__Lbank3                     bank3        000000
__Lbank4                     bank4        000000
__Lbank5                     bank5        000000
__Lbank6                     bank6        000000
__Lbank7                     bank7        000000
__Lbank8                     bank8        000000
__Lbank9                     bank9        000000
__Lbigbss                    bigbss       000000
__Lbigdata                   bigdata      000000
__Lbigram                    bigram       000000
__Lbss                       bss          000000
__LbssBANK0                  bssBANK0     000000
__LbssBANK1                  bssBANK1     000000
__LbssCOMRAM                 bssCOMRAM    000000
__Lcinit                     cinit        000000
__Lclrtext                   clrtext      000000
__Lcomram                    comram       000000
__Lconfig                    config       300000
__Lconst                     const        000000
__LcstackBANK0               cstackBANK0  000000
__LcstackBANK1               cstackBANK1  000000
__LcstackCOMRAM              cstackCOMRAM 000000
__Ldata                      data         000000
__LdataBANK1                 dataBANK1    000000
__Leeprom_data               eeprom_data  000000
__Lfarbss                    farbss       000000
__Lfardata                   fardata      000000
__Libigdata                  ibigdata     000000
__Lidata                     idata        000000
__LidataBANK1                idataBANK1   000000
__Lidloc                     idloc        200000
__Lifardata                  ifardata     000000
__Linit                      init         00000E
__Lintcode                   intcode      000008
__Lintcode_body              intcode_body 000000
__Lintcodelo                 intcodelo    00000E
__Lintentry                  intentry     000000
__Lintret                    intret       000000
__Lintsave_regs              intsave_regs 000000
__Lirdata                    irdata       000000
__Lmediumconst               mediumconst  00FDB6
__LnvFARRAM                  nvFARRAM     000000
__Lnvbit                     nvbit        000000
__Lnvrram                    nvrram       000000
__Lparam                     rparam       000000
__Lpowerup                   powerup      00000E
__Lram                       ram          000000
__Lramtop                    ramtop       001000
__Lrbit                      rbit         000000
__Lrbss                      rbss         000000
__Lrdata                     rdata        000000
__Lreset_vec                 reset_vec    000000
__Lrparam                    rparam       000000
__Lsfr                       sfr          000000
__Lsmallconst                smallconst   000000
__Lspace_0                   (abs)        000000
__Lspace_1                   (abs)        000000
__Lspace_2                   (abs)        000000
__Lstack                     stack        000000
__Lstruct                    struct       000000
__Ltemp                      temp         00007F
__Ltext                      text         000000
__Ltext0                     text0        000000
__Ltext1                     text1        000000
__Ltext10                    text10       000000
__Ltext11                    text11       000000
__Ltext12                    text12       000000
__Ltext13                    text13       000000
__Ltext14                    text14       000000
__Ltext15                    text15       000000
__Ltext16                    text16       000000
__Ltext17                    text17       000000
__Ltext18                    text18       000000
__Ltext19                    text19       000000
__Ltext2                     text2        000000
__Ltext20                    text20       000000
__Ltext21                    text21       000000
__Ltext22                    text22       000000
__Ltext23                    text23       000000
__Ltext24                    text24       000000
__Ltext25                    text25       000000
__Ltext26                    text26       000000
__Ltext27                    text27       000000
__Ltext28                    text28       000000
__Ltext29                    text29       000000
__Ltext3                     text3        000000
__Ltext30                    text30       000000
__Ltext31                    text31       000000
__Ltext32                    text32       000000
__Ltext33                    text33       000000
__Ltext34                    text34       000000
__Ltext35                    text35       000000
__Ltext36                    text36       000000
__Ltext37                    text37       000000
__Ltext38                    text38       000000
__Ltext39                    text39       000000
__Ltext4                     text4        000000
__Ltext40                    text40       000000
__Ltext42                    text42       000000
__Ltext43                    text43       000000
__Ltext44                    text44       000000
__Ltext45                    text45       000000
__Ltext46                    text46       000000
__Ltext47                    text47       000000
__Ltext48                    text48       000000
__Ltext49                    text49       000000
__Ltext5                     text5        000000
__Ltext50                    text50       000000
__Ltext51                    text51       000000
__Ltext52                    text52       000000
__Ltext53                    text53       000000
__Ltext54                    text54       000000
__Ltext55                    text55       000000
__Ltext56                    text56       000000
__Ltext57                    text57       000000
__Ltext58                    text58       000000
__Ltext59                    text59       000000
__Ltext6                     text6        000000
__Ltext60                    text60       000000
__Ltext61                    text61       000000
__Ltext62                    text62       000000
__Ltext63                    text63       000000
__Ltext64                    text64       000000
__Ltext65                    text65       000000
__Ltext66                    text66       000000
__Ltext67                    text67       000000
__Ltext68                    text68       000000
__Ltext69                    text69       000000
__Ltext7                     text7        000000
__Ltext70                    text70       000000
__Ltext71                    text71       000000
__Ltext72                    text72       000000
__Ltext73                    text73       000000
__Ltext74                    text74       000000
__Ltext75                    text75       000000
__Ltext76                    text76       000000
__Ltext77                    text77       000000
__Ltext78                    text78       000000
__Ltext79                    text79       000000
__Ltext8                     text8        000000
__Ltext80                    text80       000000
__Ltext81                    text81       000000
__Ltext9                     text9        000000
__S0                         (abs)        30000E
__S1                         (abs)        000187
__S2                         (abs)        000000
___altoft                    text76       00522A
___altoft@c                  cstackCOMRAM 000049
___altoft@exp                cstackCOMRAM 000051
___altoft@sign               cstackCOMRAM 000052
___awdiv                     text21       004C24
___awdiv@counter             cstackBANK0  0000A8
___awdiv@dividend            cstackBANK0  0000A4
___awdiv@divisor             cstackBANK0  0000A6
___awdiv@quotient            cstackBANK0  0000AA
___awdiv@sign                cstackBANK0  0000A9
___awmod                     text20       004E4C
___awmod@counter             cstackBANK0  0000A2
___awmod@dividend            cstackBANK0  00009E
___awmod@divisor             cstackBANK0  0000A0
___awmod@sign                cstackBANK0  0000A3
___awtoft                    text6        00562E
___awtoft@c                  cstackBANK0  0000A6
___awtoft@sign               cstackBANK0  0000A9
___ftadd                     text28       002970
___ftadd@exp1                cstackBANK1  000115
___ftadd@exp2                cstackBANK1  000114
___ftadd@f1                  cstackBANK1  00010A
___ftadd@f2                  cstackBANK1  00010D
___ftadd@sign                cstackBANK1  000113
___ftdiv                     text5        003956
___ftdiv@cntr                cstackBANK0  0000AF
___ftdiv@exp                 cstackBANK0  0000B3
___ftdiv@f1                  cstackBANK0  0000A6
___ftdiv@f2                  cstackBANK0  0000A9
___ftdiv@f3                  cstackBANK0  0000B0
___ftdiv@sign                cstackBANK0  0000B4
___ftge                      text31       004A96
___ftge@ff1                  cstackBANK0  0000B5
___ftge@ff2                  cstackBANK0  0000B8
___ftmul                     text19       0037F8
___ftmul@cntr                cstackBANK0  0000BF
___ftmul@exp                 cstackBANK0  0000BB
___ftmul@f1                  cstackBANK0  0000B2
___ftmul@f2                  cstackBANK0  0000B5
___ftmul@f3_as_product       cstackBANK0  0000BC
___ftmul@sign                cstackBANK0  0000C0
___ftneg                     text30       005790
___ftneg@f1                  cstackBANK0  00009E
___ftpack                    text29       003F5E
___ftpack@arg                cstackBANK0  00009E
___ftpack@exp                cstackBANK0  0000A1
___ftpack@sign               cstackBANK0  0000A2
___ftsub                     text27       00559A
___ftsub@f1                  cstackBANK1  000116
___ftsub@f2                  cstackBANK1  000119
___fttol                     text26       003AA2
___fttol@exp1                cstackBANK1  000115
___fttol@f1                  cstackBANK1  000107
___fttol@lval                cstackBANK1  000111
___fttol@sign1               cstackBANK1  000110
___inthi_sp                  stack        000000
___intlo_sp                  stack        000000
___lldiv                     text35       004CE2
___lldiv@counter             cstackBANK0  0000AA
___lldiv@dividend            cstackBANK0  00009E
___lldiv@divisor             cstackBANK0  0000A2
___lldiv@quotient            cstackBANK0  0000A6
___llmod                     text25       004EEE
___llmod@counter             cstackBANK0  0000B3
___llmod@dividend            cstackBANK0  0000AB
___llmod@divisor             cstackBANK0  0000AF
___lltoft                    text24       0051AE
___lltoft@c                  cstackBANK0  0000A6
___lltoft@exp                cstackBANK0  0000AE
___param_bank                (abs)        000000
___rparam_used               (abs)        000001
___sp                        stack        000000
___wmul                      text18       00575A
___wmul@multiplicand         cstackBANK0  0000AE
___wmul@multiplier           cstackBANK0  0000AC
___wmul@product              cstackBANK0  0000B0
__accesstop                  (abs)        000080
__activetblptr               (abs)        000002
__div_to_l_                  text23       0034FA
__div_to_l_@cntr             cstackBANK0  0000A8
__div_to_l_@exp1             cstackBANK0  0000A9
__div_to_l_@f1               cstackBANK0  00009E
__div_to_l_@f2               cstackBANK0  0000A1
__div_to_l_@quot             cstackBANK0  0000A4
__end_of_I2C_ColorSens_Init  text36       004378
__end_of_I2C_Master_Init     text34       0054A0
__end_of_I2C_Master_Read     text10       0057EE
__end_of_I2C_Master_Start    text39       005962
__end_of_I2C_Master_Stop     text38       00595A
__end_of_I2C_Master_Wait     text40       0058F4
__end_of_I2C_Master_Write    text37       005948
__end_of___altoft            text76       0052A2
__end_of___awdiv             text21       004CE2
__end_of___awmod             text20       004EEE
__end_of___awtoft            text6        005672
__end_of___ftadd             text28       002BD8
__end_of___ftdiv             text5        003AA2
__end_of___ftge              text31       004B5E
__end_of___ftmul             text19       003956
__end_of___ftneg             text30       0057C0
__end_of___ftpack            text29       00406A
__end_of___ftsub             text27       0055E6
__end_of___fttol             text26       003BE6
__end_of___lldiv             text35       004D9E
__end_of___llmod             text25       004F88
__end_of___lltoft            text24       00522A
__end_of___wmul              text18       005790
__end_of__div_to_l_          text23       003682
__end_of__initialization     cinit        005620
__end_of__npowers_           mediumconst  00FE06
__end_of__powers_            mediumconst  00FE2D
__end_of__tdiv_to_l_         text22       0034FA
__end_of_bottle_count        text12       00427A
__end_of_bottle_time         text11       00575A
__end_of_date_time           text9        0049C4
__end_of_dec_to_hex          text61       004176
__end_of_dpowers             mediumconst  00FDDF
__end_of_emergencystop       text8        0058AA
__end_of_eval_poly           text77       004A96
__end_of_exp                 text66       003006
__end_of_floor               text72       00481C
__end_of_frexp               text75       0050A8
__end_of_fround              text17       002970
__end_of_hexpowers           mediumconst  00FE4D
__end_of_initLCD             text7        00554C
__end_of_isdigit             text16       005818
__end_of_isr                 intcode_body 001EDC
__end_of_keys                mediumconst  00FE5E
__end_of_lcdInst             text32       005926
__end_of_lcdNibble           text33       005440
__end_of_ldexp               text71       004C24
__end_of_log                 text65       003F5E
__end_of_main                text0        00335C
__end_of_operation           text3        0022D4
__end_of_operationend        text2        0058E0
__end_of_pow                 text63       0037F8
__end_of_printf              text13       000BFC
__end_of_putch               text15       005916
__end_of_read_colorsensor    text4        004470
__end_of_read_time           text55       00537A
__end_of_scale               text14       001A88
__end_of_standby             text1        0056EC
__end_of_timeset             mediumconst  00FE65
__end_ofexp@coeff            mediumconst  00FE83
__end_ofi2_I2C_Master_Read   text59       00583E
__end_ofi2_I2C_Master_Start  text58       005972
__end_ofi2_I2C_Master_Stop   text57       00596A
__end_ofi2_I2C_Master_Wait   text60       005906
__end_ofi2_I2C_Master_Write  text56       005952
__end_ofi2___awdiv           text62       00512C
__end_ofi2___awmod           text48       005312
__end_ofi2___awtoft          text70       005724
__end_ofi2___ftadd           text80       0031B2
__end_ofi2___ftdiv           text69       00473E
__end_ofi2___ftge            text74       005018
__end_ofi2___ftmul           text79       004658
__end_ofi2___ftneg           text68       005888
__end_ofi2___ftpack          text81       004E4C
__end_ofi2___ftsub           text67       0056B2
__end_ofi2___fttol           text73       004564
__end_ofi2___lldiv           text52       0051AE
__end_ofi2___llmod           text51       0053E0
__end_ofi2___lltoft          text64       0054FC
__end_ofi2___wmul            text78       005864
__end_ofi2__div_to_l_        text50       003E40
__end_ofi2__tdiv_to_l_       text49       003D18
__end_ofi2_fround            text47       002E1E
__end_ofi2_isdigit           text46       0058C8
__end_ofi2_lcdInst           text53       00593E
__end_ofi2_lcdNibble         text54       00559A
__end_ofi2_printf            text43       0015DA
__end_ofi2_putch             text45       005932
__end_ofi2_read_colorsensor  text42       0048F2
__end_ofi2_scale             text44       0026C4
__end_oflog@coeff            mediumconst  00FE9E
__initialization             cinit        0055E6
__mediumconst                mediumconst  00FDB6
__npowers_                   mediumconst  00FDDF
__pbssBANK0                  bssBANK0     0000C2
__pbssBANK1                  bssBANK1     000146
__pbssCOMRAM                 bssCOMRAM    00007A
__pcinit                     cinit        0055E6
__pcstackBANK0               cstackBANK0  000080
__pcstackBANK1               cstackBANK1  000100
__pcstackCOMRAM              cstackCOMRAM 000001
__pdataBANK1                 dataBANK1    000185
__pidataBANK1                idataBANK1   005972
__pintcode                   intcode      000008
__pintcode_body              intcode_body 001A88
__pmediumconst               mediumconst  00FDB6
__powers_                    mediumconst  00FE06
__ptext0                     text0        0031B2
__ptext1                     text1        0056B2
__ptext10                    text10       0057C0
__ptext11                    text11       005724
__ptext12                    text12       004176
__ptext13                    text13       000012
__ptext14                    text14       0015DA
__ptext15                    text15       005906
__ptext16                    text16       0057EE
__ptext17                    text17       0026C4
__ptext18                    text18       00575A
__ptext19                    text19       0037F8
__ptext2                     text2        0058C8
__ptext20                    text20       004E4C
__ptext21                    text21       004C24
__ptext22                    text22       00335C
__ptext23                    text23       0034FA
__ptext24                    text24       0051AE
__ptext25                    text25       004EEE
__ptext26                    text26       003AA2
__ptext27                    text27       00559A
__ptext28                    text28       002970
__ptext29                    text29       003F5E
__ptext3                     text3        001EDC
__ptext30                    text30       005790
__ptext31                    text31       004A96
__ptext32                    text32       005916
__ptext33                    text33       0053E0
__ptext34                    text34       005440
__ptext35                    text35       004CE2
__ptext36                    text36       00427A
__ptext37                    text37       00593E
__ptext38                    text38       005952
__ptext39                    text39       00595A
__ptext4                     text4        004378
__ptext40                    text40       0058E0
__ptext42                    text42       00481C
__ptext43                    text43       000BFC
__ptext44                    text44       0022D4
__ptext45                    text45       005926
__ptext46                    text46       0058AA
__ptext47                    text47       002BD8
__ptext48                    text48       0052A2
__ptext49                    text49       003BE6
__ptext5                     text5        003956
__ptext50                    text50       003D18
__ptext51                    text51       00537A
__ptext52                    text52       00512C
__ptext53                    text53       005932
__ptext54                    text54       00554C
__ptext55                    text55       005312
__ptext56                    text56       005948
__ptext57                    text57       005962
__ptext58                    text58       00596A
__ptext59                    text59       005818
__ptext6                     text6        00562E
__ptext60                    text60       0058F4
__ptext61                    text61       00406A
__ptext62                    text62       0050A8
__ptext63                    text63       003682
__ptext64                    text64       0054A0
__ptext65                    text65       003E40
__ptext66                    text66       002E1E
__ptext67                    text67       005672
__ptext68                    text68       005864
__ptext69                    text69       004658
__ptext7                     text7        0054FC
__ptext70                    text70       0056EC
__ptext71                    text71       004B5E
__ptext72                    text72       00473E
__ptext73                    text73       004470
__ptext74                    text74       004F88
__ptext75                    text75       005018
__ptext76                    text76       00522A
__ptext77                    text77       0049C4
__ptext78                    text78       00583E
__ptext79                    text79       004564
__ptext8                     text8        005888
__ptext80                    text80       003006
__ptext81                    text81       004D9E
__ptext9                     text9        0048F2
__ramtop                     ramtop       001000
__size_of_I2C_ColorSens_Init (abs)        000000
__size_of_I2C_Master_Init    (abs)        000000
__size_of_I2C_Master_Read    (abs)        000000
__size_of_I2C_Master_Start   (abs)        000000
__size_of_I2C_Master_Stop    (abs)        000000
__size_of_I2C_Master_Wait    (abs)        000000
__size_of_I2C_Master_Write   (abs)        000000
__size_of___altoft           (abs)        000000
__size_of___awdiv            (abs)        000000
__size_of___awmod            (abs)        000000
__size_of___awtoft           (abs)        000000
__size_of___ftadd            (abs)        000000
__size_of___ftdiv            (abs)        000000
__size_of___ftge             (abs)        000000
__size_of___ftmul            (abs)        000000
__size_of___ftneg            (abs)        000000
__size_of___ftpack           (abs)        000000
__size_of___ftsub            (abs)        000000
__size_of___fttol            (abs)        000000
__size_of___lldiv            (abs)        000000
__size_of___llmod            (abs)        000000
__size_of___lltoft           (abs)        000000
__size_of___wmul             (abs)        000000
__size_of__div_to_l_         (abs)        000000
__size_of__tdiv_to_l_        (abs)        000000
__size_of_bottle_count       (abs)        000000
__size_of_bottle_time        (abs)        000000
__size_of_date_time          (abs)        000000
__size_of_dec_to_hex         (abs)        000000
__size_of_emergencystop      (abs)        000000
__size_of_eval_poly          (abs)        000000
__size_of_exp                (abs)        000000
__size_of_floor              (abs)        000000
__size_of_frexp              (abs)        000000
__size_of_fround             (abs)        000000
__size_of_initLCD            (abs)        000000
__size_of_isdigit            (abs)        000000
__size_of_isr                (abs)        000000
__size_of_lcdInst            (abs)        000000
__size_of_lcdNibble          (abs)        000000
__size_of_ldexp              (abs)        000000
__size_of_log                (abs)        000000
__size_of_main               (abs)        000000
__size_of_operation          (abs)        000000
__size_of_operationend       (abs)        000000
__size_of_pow                (abs)        000000
__size_of_printf             (abs)        000000
__size_of_putch              (abs)        000000
__size_of_read_colorsensor   (abs)        000000
__size_of_read_time          (abs)        000000
__size_of_scale              (abs)        000000
__size_of_standby            (abs)        000000
__size_ofi2_I2C_Master_Read  (abs)        000000
__size_ofi2_I2C_Master_Start (abs)        000000
__size_ofi2_I2C_Master_Stop  (abs)        000000
__size_ofi2_I2C_Master_Wait  (abs)        000000
__size_ofi2_I2C_Master_Write (abs)        000000
__size_ofi2___awdiv          (abs)        000000
__size_ofi2___awmod          (abs)        000000
__size_ofi2___awtoft         (abs)        000000
__size_ofi2___ftadd          (abs)        000000
__size_ofi2___ftdiv          (abs)        000000
__size_ofi2___ftge           (abs)        000000
__size_ofi2___ftmul          (abs)        000000
__size_ofi2___ftneg          (abs)        000000
__size_ofi2___ftpack         (abs)        000000
__size_ofi2___ftsub          (abs)        000000
__size_ofi2___fttol          (abs)        000000
__size_ofi2___lldiv          (abs)        000000
__size_ofi2___llmod          (abs)        000000
__size_ofi2___lltoft         (abs)        000000
__size_ofi2___wmul           (abs)        000000
__size_ofi2__div_to_l_       (abs)        000000
__size_ofi2__tdiv_to_l_      (abs)        000000
__size_ofi2_fround           (abs)        000000
__size_ofi2_isdigit          (abs)        000000
__size_ofi2_lcdInst          (abs)        000000
__size_ofi2_lcdNibble        (abs)        000000
__size_ofi2_printf           (abs)        000000
__size_ofi2_putch            (abs)        000000
__size_ofi2_read_colorsensor (abs)        000000
__size_ofi2_scale            (abs)        000000
__smallconst                 smallconst   000000
__tdiv_to_l_                 text22       00335C
__tdiv_to_l_@cntr            cstackBANK0  0000AB
__tdiv_to_l_@exp1            cstackBANK0  0000AC
__tdiv_to_l_@f1              cstackBANK0  00009E
__tdiv_to_l_@f2              cstackBANK0  0000A1
__tdiv_to_l_@quot            cstackBANK0  0000A7
_b                           bssBANK0     0000D2
_b_p                         bssBANK1     000165
_bottle_count                text12       004176
_bottle_count_array          bssBANK1     000146
_bottle_count_disp           dataBANK1    000185
_bottle_read_bot             bssBANK0     0000D8
_bottle_read_top             bssBANK0     0000DA
_bottle_time                 text11       005724
_color                       bssBANK0     0000C2
_color_high                  bssBANK0     0000CA
_color_low                   bssBANK0     0000CE
_colorprev                   bssBANK1     000150
_curr_state                  bssBANK0     0000E0
_date_time                   text9        0048F2
_dec_to_hex                  text61       00406A
_dec_to_hex$1528             cstackBANK0  000080
_dec_to_hex$1529             cstackBANK0  000083
_dpowers                     mediumconst  00FDB7
_emergencystop               text8        005888
_end_time                    bssBANK0     0000DC
_errno                       bssBANK1     00016B
_etime                       bssBANK1     00016D
_eval_poly                   text77       0049C4
_exp                         text66       002E1E
_exp$1532                    cstackCOMRAM 00005E
_flag_bottle                 bssBANK1     00016F
_flag_bottle_high            bssBANK1     000171
_flag_picbug                 bssBANK1     000173
_flag_top_read               bssBANK1     000175
_flag_yopNC                  bssBANK1     000177
_floor                       text72       00473E
_frexp                       text75       005018
_fround                      text17       0026C4
_fround$1306                 cstackBANK1  000106
_fround$1307                 cstackBANK1  000103
_hexpowers                   mediumconst  00FE2D
_i                           bssCOMRAM    00007A
_initLCD                     text7        0054FC
_isdigit                     text16       0057EE
_isdigit$853                 cstackBANK0  00009F
_isr                         intcode      000008
_isr$1527                    cstackCOMRAM 000078
_j                           bssCOMRAM    00007C
_keys                        mediumconst  00FE4D
_lcdInst                     text32       005916
_lcdNibble                   text33       0053E0
_ldexp                       text71       004B5E
_log                         text65       003E40
_main                        text0        0031B2
_nRBPU                       (abs)        007F8F
_operation                   text3        001EDC
_operation_disp              bssBANK1     000179
_operation_time              bssBANK1     00017B
_operationend                text2        0058C8
_pow                         text63       003682
_pow$1530                    cstackCOMRAM 00006A
_pow$1531                    cstackCOMRAM 00006D
_printf                      text13       000012
_printf$1309                 cstackBANK1  00012A
_putch                       text15       005906
_r                           bssBANK0     0000D5
_r_p                         bssBANK1     000168
_read_colorsensor            text4        004378
_read_time                   text55       005312
_scale                       text14       0015DA
_scale$1308                  cstackBANK1  000103
_servo0_flag                 bssCOMRAM    00007E
_servo0_timer                bssBANK1     00017D
_servo1_flag                 bssBANK0     0000E1
_servo1_timer                bssBANK1     00017F
_standby                     text1        0056B2
_start_time                  bssBANK0     0000DE
_stime                       bssBANK1     000181
_testflag                    bssBANK1     000183
_testint                     bssBANK1     00015F
_time                        bssBANK1     000158
_timeset                     mediumconst  00FE5E
btemp                        temp         00007F
date_time@i                  cstackBANK0  0000C1
dec_to_hex@hexnum            cstackBANK0  00008A
dec_to_hex@i                 cstackBANK0  000088
dec_to_hex@num               cstackCOMRAM 000075
dec_to_hex@quotient          cstackBANK0  00008C
dec_to_hex@temp              cstackBANK0  000086
end_of_initialization        cinit        005620
eval_poly@d                  cstackCOMRAM 00003D
eval_poly@n                  cstackCOMRAM 00003F
eval_poly@res                cstackCOMRAM 000043
eval_poly@x                  cstackCOMRAM 00003A
exp@coeff                    mediumconst  00FE65
exp@exponent                 cstackCOMRAM 000061
exp@sign                     cstackCOMRAM 000063
exp@x                        cstackCOMRAM 00005B
floor@expon                  cstackCOMRAM 000059
floor@i                      cstackCOMRAM 000056
floor@x                      cstackCOMRAM 000053
frexp@eptr                   cstackCOMRAM 000004
frexp@value                  cstackCOMRAM 000001
fround@prec                  cstackBANK1  000109
i2I2C_Master_Read@a          cstackCOMRAM 000002
i2I2C_Master_Read@temp       cstackCOMRAM 000003
i2I2C_Master_Write@d         cstackCOMRAM 000002
i2_I2C_Master_Read           text59       005818
i2_I2C_Master_Start          text58       00596A
i2_I2C_Master_Stop           text57       005962
i2_I2C_Master_Wait           text60       0058F4
i2_I2C_Master_Write          text56       005948
i2___awdiv                   text62       0050A8
i2___awdiv@counter           cstackCOMRAM 00000B
i2___awdiv@dividend          cstackCOMRAM 000007
i2___awdiv@divisor           cstackCOMRAM 000009
i2___awdiv@quotient          cstackCOMRAM 00000D
i2___awdiv@sign              cstackCOMRAM 00000C
i2___awmod                   text48       0052A2
i2___awmod@counter           cstackCOMRAM 000005
i2___awmod@dividend          cstackCOMRAM 000001
i2___awmod@divisor           cstackCOMRAM 000003
i2___awmod@sign              cstackCOMRAM 000006
i2___awtoft                  text70       0056EC
i2___awtoft@c                cstackCOMRAM 000009
i2___awtoft@sign             cstackCOMRAM 00000C
i2___ftadd                   text80       003006
i2___ftadd@exp1              cstackCOMRAM 000039
i2___ftadd@exp2              cstackCOMRAM 000038
i2___ftadd@f1                cstackCOMRAM 00002E
i2___ftadd@f2                cstackCOMRAM 000031
i2___ftadd@sign              cstackCOMRAM 000037
i2___ftdiv                   text69       004658
i2___ftdiv@cntr              cstackCOMRAM 000012
i2___ftdiv@exp               cstackCOMRAM 000016
i2___ftdiv@f1                cstackCOMRAM 000009
i2___ftdiv@f2                cstackCOMRAM 00000C
i2___ftdiv@f3                cstackCOMRAM 000013
i2___ftdiv@sign              cstackCOMRAM 000017
i2___ftge                    text74       004F88
i2___ftge@ff1                cstackCOMRAM 000001
i2___ftge@ff2                cstackCOMRAM 000004
i2___ftmul                   text79       004564
i2___ftmul@cntr              cstackCOMRAM 000022
i2___ftmul@exp               cstackCOMRAM 00001E
i2___ftmul@f1                cstackCOMRAM 000015
i2___ftmul@f2                cstackCOMRAM 000018
i2___ftmul@f3_as_product     cstackCOMRAM 00001F
i2___ftmul@sign              cstackCOMRAM 000023
i2___ftneg                   text68       005864
i2___ftneg@f1                cstackCOMRAM 000001
i2___ftpack                  text81       004D9E
i2___ftpack@arg              cstackCOMRAM 000001
i2___ftpack@exp              cstackCOMRAM 000004
i2___ftpack@sign             cstackCOMRAM 000005
i2___ftsub                   text67       005672
i2___ftsub@f1                cstackCOMRAM 00003A
i2___ftsub@f2                cstackCOMRAM 00003D
i2___fttol                   text73       004470
i2___fttol@exp1              cstackCOMRAM 000048
i2___fttol@f1                cstackCOMRAM 00003A
i2___fttol@lval              cstackCOMRAM 000044
i2___fttol@sign1             cstackCOMRAM 000043
i2___lldiv                   text52       00512C
i2___lldiv@counter           cstackCOMRAM 00000D
i2___lldiv@dividend          cstackCOMRAM 000001
i2___lldiv@divisor           cstackCOMRAM 000005
i2___lldiv@quotient          cstackCOMRAM 000009
i2___llmod                   text51       00537A
i2___llmod@counter           cstackCOMRAM 000016
i2___llmod@dividend          cstackCOMRAM 00000E
i2___llmod@divisor           cstackCOMRAM 000012
i2___lltoft                  text64       0054A0
i2___lltoft@c                cstackCOMRAM 000009
i2___lltoft@exp              cstackCOMRAM 000011
i2___wmul                    text78       00583E
i2___wmul@multiplicand       cstackCOMRAM 000011
i2___wmul@multiplier         cstackCOMRAM 00000F
i2___wmul@product            cstackCOMRAM 000013
i2__div_to_l_                text50       003D18
i2__div_to_l_@cntr           cstackCOMRAM 00000B
i2__div_to_l_@exp1           cstackCOMRAM 00000C
i2__div_to_l_@f1             cstackCOMRAM 000001
i2__div_to_l_@f2             cstackCOMRAM 000004
i2__div_to_l_@quot           cstackCOMRAM 000007
i2__tdiv_to_l_               text49       003BE6
i2__tdiv_to_l_@cntr          cstackCOMRAM 00000E
i2__tdiv_to_l_@exp1          cstackCOMRAM 00000F
i2__tdiv_to_l_@f1            cstackCOMRAM 000001
i2__tdiv_to_l_@f2            cstackCOMRAM 000004
i2__tdiv_to_l_@quot          cstackCOMRAM 00000A
i2_fround                    text47       002BD8
i2_fround$1533               cstackCOMRAM 00002A
i2_fround$1534               cstackCOMRAM 000027
i2_isdigit                   text46       0058AA
i2_isdigit$853               cstackCOMRAM 000002
i2_lcdInst                   text53       005932
i2_lcdNibble                 text54       00554C
i2_printf                    text43       000BFC
i2_printf$1536               cstackCOMRAM 000055
i2_putch                     text45       005926
i2_read_colorsensor          text42       00481C
i2_scale                     text44       0022D4
i2_scale$1535                cstackCOMRAM 000027
i2fround@prec                cstackCOMRAM 00002D
i2isdigit@c                  cstackCOMRAM 000003
i2lcdInst@data               cstackCOMRAM 000003
i2lcdNibble@data             cstackCOMRAM 000002
i2lcdNibble@temp             cstackCOMRAM 000001
i2printf@ap                  cstackCOMRAM 000059
i2printf@c                   cstackCOMRAM 00006E
i2printf@exp                 cstackCOMRAM 000063
i2printf@f                   cstackCOMRAM 000049
i2printf@flag                cstackCOMRAM 000069
i2printf@fval                cstackCOMRAM 00006B
i2printf@idx                 cstackCOMRAM 000058
i2printf@prec                cstackCOMRAM 00005B
i2printf@tmpval              cstackCOMRAM 00005D
i2printf@val                 cstackCOMRAM 000065
i2printf@width               cstackCOMRAM 000061
i2putch@data                 cstackCOMRAM 000003
i2scale@scl                  cstackCOMRAM 00002A
int$flags                    temp         00007F
int_func                     intcode_body 001A88
intlevel0                    text         000000
intlevel1                    text         000000
intlevel2                    text         000000
intlevel3                    text         000000
isdigit@c                    cstackBANK0  0000A0
isr@i                        cstackCOMRAM 000077
lcdInst@data                 cstackBANK0  0000A0
lcdNibble@data               cstackBANK0  00009F
lcdNibble@temp               cstackBANK0  00009E
ldexp@newexp                 cstackCOMRAM 000049
ldexp@value                  cstackCOMRAM 000046
log@coeff                    mediumconst  00FE83
log@exponent                 cstackCOMRAM 000049
log@x                        cstackCOMRAM 000046
pow@sign                     cstackCOMRAM 000070
pow@x                        cstackCOMRAM 000064
pow@y                        cstackCOMRAM 000067
pow@yi                       cstackCOMRAM 000071
printf@ap                    cstackBANK1  00012E
printf@c                     cstackBANK1  000143
printf@exp                   cstackBANK1  000138
printf@f                     cstackBANK1  00011C
printf@flag                  cstackBANK1  00013E
printf@fval                  cstackBANK1  000140
printf@idx                   cstackBANK1  00012D
printf@prec                  cstackBANK1  000130
printf@tmpval                cstackBANK1  000132
printf@val                   cstackBANK1  00013A
printf@width                 cstackBANK1  000136
putch@data                   cstackBANK0  0000A0
read_time@i                  cstackCOMRAM 000004
scale@scl                    cstackBANK1  000106
stackhi                      (abs)        000F7F
stacklo                      (abs)        000187
start                        init         00000E
start_initialization         cinit        0055E6


FUNCTION INFORMATION:

 *************** function _main *****************
 Defined at:
		line 16 in file "main.c"
 Parameters:    Size  Location     Type
		None
 Auto vars:     Size  Location     Type
		None
 Return value:  Size  Location     Type
                  1    wreg      void 
 Registers used:
		wreg, fsr2l, fsr2h, status,2, status,0, tblptrl, tblptrh, tblptru, prodl, prodh, cstack
 Tracked objects:
		On entry : 
		On exit  : 
		Unchanged: 
 Data sizes:     COMRAM   BANK0   BANK1   BANK2   BANK3   BANK4   BANK5   BANK6   BANK7   BANK8   BANK9  BANK10  BANK11  BANK12  BANK13  BANK14  BANK15
      Params:         0       0       0       0       0       0       0       0       0       0       0       0       0       0       0       0       0
      Locals:         0       0       0       0       0       0       0       0       0       0       0       0       0       0       0       0       0
      Temps:          0       0       2       0       0       0       0       0       0       0       0       0       0       0       0       0       0
      Totals:         0       0       2       0       0       0       0       0       0       0       0       0       0       0       0       0       0
Total ram usage:        2 bytes
 Hardware stack levels required when called:   12
 This function calls:
		_I2C_ColorSens_Init
		_I2C_Master_Init
		_bottle_count
		_bottle_time
		_date_time
		_emergencystop
		_initLCD
		_operation
		_operationend
		_standby
 This function is called by:
		Startup code after reset
 This function uses a non-reentrant model


 *************** function _standby *****************
 Defined at:
		line 249 in file "main.c"
 Parameters:    Size  Location     Type
		None
 Auto vars:     Size  Location     Type
		None
 Return value:  Size  Location     Type
                  1    wreg      void 
 Registers used:
		wreg, fsr2l, fsr2h, status,2, status,0, tblptrl, tblptrh, tblptru, prodl, prodh, cstack
 Tracked objects:
		On entry : 
		On exit  : 
		Unchanged: 
 Data sizes:     COMRAM   BANK0   BANK1   BANK2   BANK3   BANK4   BANK5   BANK6   BANK7   BANK8   BANK9  BANK10  BANK11  BANK12  BANK13  BANK14  BANK15
      Params:         0       0       0       0       0       0       0       0       0       0       0       0       0       0       0       0       0
      Locals:         0       0       0       0       0       0       0       0       0       0       0       0       0       0       0       0       0
      Temps:          0       0       0       0       0       0       0       0       0       0       0       0       0       0       0       0       0
      Totals:         0       0       0       0       0       0       0       0       0       0       0       0       0       0       0       0       0
Total ram usage:        0 bytes
 Hardware stack levels used:    1
 Hardware stack levels required when called:   11
 This function calls:
		_lcdInst
		_printf
		_read_colorsensor
 This function is called by:
		_main
 This function uses a non-reentrant model


 *************** function _operationend *****************
 Defined at:
		line 449 in file "main.c"
 Parameters:    Size  Location     Type
		None
 Auto vars:     Size  Location     Type
		None
 Return value:  Size  Location     Type
                  1    wreg      void 
 Registers used:
		wreg, fsr2l, fsr2h, status,2, status,0, tblptrl, tblptrh, tblptru, prodl, prodh, cstack
 Tracked objects:
		On entry : 
		On exit  : 
		Unchanged: 
 Data sizes:     COMRAM   BANK0   BANK1   BANK2   BANK3   BANK4   BANK5   BANK6   BANK7   BANK8   BANK9  BANK10  BANK11  BANK12  BANK13  BANK14  BANK15
      Params:         0       0       0       0       0       0       0       0       0       0       0       0       0       0       0       0       0
      Locals:         0       0       0       0       0       0       0       0       0       0       0       0       0       0       0       0       0
      Temps:          0       0       0       0       0       0       0       0       0       0       0       0       0       0       0       0       0
[...]
 Defined at:
		line 254 in file "D:\Program Files (x86)\Microchip\xc8\v1.40\sources\common\frexp.c"
 Parameters:    Size  Location     Type
  value           3    0[COMRAM] float 
  eptr            2    3[COMRAM] PTR int 
		 -> log@exponent(2), floor@expon(2), 
 Auto vars:     Size  Location     Type
		None
 Return value:  Size  Location     Type
                  3    0[COMRAM] PTR int 
 Registers used:
		wreg, fsr2l, fsr2h, status,2, status,0
 Tracked objects:
		On entry : 
		On exit  : 
		Unchanged: 
 Data sizes:     COMRAM   BANK0   BANK1   BANK2   BANK3   BANK4   BANK5   BANK6   BANK7   BANK8   BANK9  BANK10  BANK11  BANK12  BANK13  BANK14  BANK15
      Params:         5       0       0       0       0       0       0       0       0       0       0       0       0       0       0       0       0
      Locals:         0       0       0       0       0       0       0       0       0       0       0       0       0       0       0       0       0
      Temps:          2       0       0       0       0       0       0       0       0       0       0       0       0       0       0       0       0
      Totals:         7       0       0       0       0       0       0       0       0       0       0       0       0       0       0       0       0
Total ram usage:        7 bytes
 Hardware stack levels used:    1
 This function calls:
		Nothing
 This function is called by:
		_floor
		_log
 This function uses a non-reentrant model


 *************** function ___altoft *****************
 Defined at:
		line 42 in file "D:\Program Files (x86)\Microchip\xc8\v1.40\sources\common\altoft.c"
 Parameters:    Size  Location     Type
  c               4   72[COMRAM] long 
 Auto vars:     Size  Location     Type
  sign            1   81[COMRAM] unsigned char 
  exp             1   80[COMRAM] unsigned char 
 Return value:  Size  Location     Type
                  3   72[COMRAM] float 
 Registers used:
		wreg, status,2, status,0, cstack
 Tracked objects:
		On entry : 
		On exit  : 
		Unchanged: 
 Data sizes:     COMRAM   BANK0   BANK1   BANK2   BANK3   BANK4   BANK5   BANK6   BANK7   BANK8   BANK9  BANK10  BANK11  BANK12  BANK13  BANK14  BANK15
      Params:         4       0       0       0       0       0       0       0       0       0       0       0       0       0       0       0       0
      Locals:         2       0       0       0       0       0       0       0       0       0       0       0       0       0       0       0       0
      Temps:          4       0       0       0       0       0       0       0       0       0       0       0       0       0       0       0       0
      Totals:        10       0       0       0       0       0       0       0       0       0       0       0       0       0       0       0       0
Total ram usage:       10 bytes
 Hardware stack levels used:    1
 Hardware stack levels required when called:    1
 This function calls:
		i2___ftpack
 This function is called by:
		_floor
 This function uses a non-reentrant model


 *************** function _eval_poly *****************
 Defined at:
		line 4 in file "D:\Program Files (x86)\Microchip\xc8\v1.40\sources\common\evalpoly.c"
 Parameters:    Size  Location     Type
  x               3   57[COMRAM] float 
  d               2   60[COMRAM] PTR const 
		 -> log@coeff(27), exp@coeff(30), 
  n               2   62[COMRAM] int 
 Auto vars:     Size  Location     Type
  res             3   66[COMRAM] int 
 Return value:  Size  Location     Type
                  3   57[COMRAM] int 
 Registers used:
		wreg, status,2, status,0, tblptrl, tblptrh, tblptru, prodl, prodh, cstack
 Tracked objects:
		On entry : 
		On exit  : 
		Unchanged: 
 Data sizes:     COMRAM   BANK0   BANK1   BANK2   BANK3   BANK4   BANK5   BANK6   BANK7   BANK8   BANK9  BANK10  BANK11  BANK12  BANK13  BANK14  BANK15
      Params:         7       0       0       0       0       0       0       0       0       0       0       0       0       0       0       0       0
      Locals:         3       0       0       0       0       0       0       0       0       0       0       0       0       0       0       0       0
      Temps:          2       0       0       0       0       0       0       0       0       0       0       0       0       0       0       0       0
      Totals:        12       0       0       0       0       0       0       0       0       0       0       0       0       0       0       0       0
Total ram usage:       12 bytes
 Hardware stack levels used:    1
 Hardware stack levels required when called:    2
 This function calls:
		i2___ftadd
		i2___ftmul
		i2___wmul
 This function is called by:
		_exp
		_log
 This function uses a non-reentrant model


 *************** function i2___wmul *****************
 Defined at:
		line 15 in file "D:\Program Files (x86)\Microchip\xc8\v1.40\sources\common\Umul16.c"
 Parameters:    Size  Location     Type
  multiplier      2   14[COMRAM] unsigned int 
  multiplicand    2   16[COMRAM] unsigned int 
 Auto vars:     Size  Location     Type
  __wmul          2   18[COMRAM] unsigned int 
 Return value:  Size  Location     Type
                  2   14[COMRAM] unsigned int 
 Registers used:
		wreg, status,2, status,0, prodl, prodh
 Tracked objects:
		On entry : 
		On exit  : 
		Unchanged: 
 Data sizes:     COMRAM   BANK0   BANK1   BANK2   BANK3   BANK4   BANK5   BANK6   BANK7   BANK8   BANK9  BANK10  BANK11  BANK12  BANK13  BANK14  BANK15
      Params:         4       0       0       0       0       0       0       0       0       0       0       0       0       0       0       0       0
      Locals:         2       0       0       0       0       0       0       0       0       0       0       0       0       0       0       0       0
      Temps:          0       0       0       0       0       0       0       0       0       0       0       0       0       0       0       0       0
      Totals:         6       0       0       0       0       0       0       0       0       0       0       0       0       0       0       0       0
Total ram usage:        6 bytes
 Hardware stack levels used:    1
 This function calls:
		Nothing
 This function is called by:
		_isr
		_eval_poly
		i2_fround
		i2_scale
		i2_printf
 This function uses a non-reentrant model


 *************** function i2___ftmul *****************
 Defined at:
		line 62 in file "D:\Program Files (x86)\Microchip\xc8\v1.40\sources\common\ftmul.c"
 Parameters:    Size  Location     Type
  f1              3   20[COMRAM] float 
  f2              3   23[COMRAM] float 
 Auto vars:     Size  Location     Type
  __ftmul         3   30[COMRAM] unsigned um
  __ftmul         1   34[COMRAM] unsigned char 
  __ftmul         1   33[COMRAM] unsigned char 
  __ftmul         1   29[COMRAM] unsigned char 
 Return value:  Size  Location     Type
                  3   20[COMRAM] float 
 Registers used:
		wreg, status,2, status,0, cstack
 Tracked objects:
		On entry : 
		On exit  : 
		Unchanged: 
 Data sizes:     COMRAM   BANK0   BANK1   BANK2   BANK3   BANK4   BANK5   BANK6   BANK7   BANK8   BANK9  BANK10  BANK11  BANK12  BANK13  BANK14  BANK15
      Params:         6       0       0       0       0       0       0       0       0       0       0       0       0       0       0       0       0
      Locals:         6       0       0       0       0       0       0       0       0       0       0       0       0       0       0       0       0
      Temps:          3       0       0       0       0       0       0       0       0       0       0       0       0       0       0       0       0
      Totals:        15       0       0       0       0       0       0       0       0       0       0       0       0       0       0       0       0
Total ram usage:       15 bytes
 Hardware stack levels used:    1
 Hardware stack levels required when called:    1
 This function calls:
		i2___ftpack
 This function is called by:
		_dec_to_hex
		_pow
		_exp
		_log
		_eval_poly
		i2_fround
		i2_scale
		i2_printf
 This function uses a non-reentrant model


 *************** function i2___ftadd *****************
 Defined at:
		line 86 in file "D:\Program Files (x86)\Microchip\xc8\v1.40\sources\common\ftadd.c"
 Parameters:    Size  Location     Type
  f1              3   45[COMRAM] float 
  f2              3   48[COMRAM] float 
 Auto vars:     Size  Location     Type
  __ftadd         1   56[COMRAM] unsigned char 
  __ftadd         1   55[COMRAM] unsigned char 
  __ftadd         1   54[COMRAM] unsigned char 
 Return value:  Size  Location     Type
                  3   45[COMRAM] float 
 Registers used:
		wreg, status,2, status,0, cstack
 Tracked objects:
		On entry : 
		On exit  : 
		Unchanged: 
 Data sizes:     COMRAM   BANK0   BANK1   BANK2   BANK3   BANK4   BANK5   BANK6   BANK7   BANK8   BANK9  BANK10  BANK11  BANK12  BANK13  BANK14  BANK15
      Params:         6       0       0       0       0       0       0       0       0       0       0       0       0       0       0       0       0
      Locals:         3       0       0       0       0       0       0       0       0       0       0       0       0       0       0       0       0
      Temps:          3       0       0       0       0       0       0       0       0       0       0       0       0       0       0       0       0
      Totals:        12       0       0       0       0       0       0       0       0       0       0       0       0       0       0       0       0
Total ram usage:       12 bytes
 Hardware stack levels used:    1
 Hardware stack levels required when called:    1
 This function calls:
		i2___ftpack
 This function is called by:
		_dec_to_hex
		_floor
		_log
		_eval_poly
		i2_printf
		i2___ftsub
 This function uses a non-reentrant model


 *************** function i2___ftpack *****************
 Defined at:
		line 62 in file "D:\Program Files (x86)\Microchip\xc8\v1.40\sources\common\float.c"
 Parameters:    Size  Location     Type
  arg             3    0[COMRAM] unsigned um
  exp             1    3[COMRAM] unsigned char 
  sign            1    4[COMRAM] unsigned char 
 Auto vars:     Size  Location     Type
		None
 Return value:  Size  Location     Type
                  3    0[COMRAM] float 
 Registers used:
		wreg, status,2, status,0
 Tracked objects:
		On entry : 
		On exit  : 
		Unchanged: 
 Data sizes:     COMRAM   BANK0   BANK1   BANK2   BANK3   BANK4   BANK5   BANK6   BANK7   BANK8   BANK9  BANK10  BANK11  BANK12  BANK13  BANK14  BANK15
      Params:         5       0       0       0       0       0       0       0       0       0       0       0       0       0       0       0       0
      Locals:         0       0       0       0       0       0       0       0       0       0       0       0       0       0       0       0       0
      Temps:          3       0       0       0       0       0       0       0       0       0       0       0       0       0       0       0       0
      Totals:         8       0       0       0       0       0       0       0       0       0       0       0       0       0       0       0       0
Total ram usage:        8 bytes
 Hardware stack levels used:    1
 This function calls:
		Nothing
 This function is called by:
		___altoft
		i2___awtoft
		i2___ftadd
		i2___ftdiv
		i2___ftmul
		i2___lltoft
 This function uses a non-reentrant model



MODULE INFORMATION

Module		Function		Class		Link	Load	Size
D:\Program Files (x86)\Microchip\xc8\v1.40\sources\common\float.c
		___ftpack      		CODE           	3F5E	0000	269

D:\Program Files (x86)\Microchip\xc8\v1.40\sources\common\float.c estimated size: 269

D:\Program Files (x86)\Microchip\xc8\v1.40\sources\common\ftmul.c
		___ftmul       		CODE           	37F8	0000	351

D:\Program Files (x86)\Microchip\xc8\v1.40\sources\common\ftmul.c estimated size: 351

D:\Program Files (x86)\Microchip\xc8\v1.40\sources\common\ftge.c
		___ftge        		CODE           	4A96	0000	201

D:\Program Files (x86)\Microchip\xc8\v1.40\sources\common\ftge.c estimated size: 201

D:\Program Files (x86)\Microchip\xc8\v1.40\sources\common\awmod.c
		___awmod       		CODE           	4E4C	0000	163

D:\Program Files (x86)\Microchip\xc8\v1.40\sources\common\awmod.c estimated size: 163

D:\Program Files (x86)\Microchip\xc8\v1.40\sources\common\ftdiv.c
		___ftdiv       		CODE           	3956	0000	333

D:\Program Files (x86)\Microchip\xc8\v1.40\sources\common\ftdiv.c estimated size: 333

D:\Program Files (x86)\Microchip\xc8\v1.40\sources\common\ftdivl.c
		__tdiv_to_l_   		CODE           	335C	0000	415

D:\Program Files (x86)\Microchip\xc8\v1.40\sources\common\ftdivl.c estimated size: 415

D:\Program Files (x86)\Microchip\xc8\v1.40\sources\common\llmod.c
		___llmod       		CODE           	4EEE	0000	155

D:\Program Files (x86)\Microchip\xc8\v1.40\sources\common\llmod.c estimated size: 155

D:\Program Files (x86)\Microchip\xc8\v1.40\sources\common\Umul16.c
		___wmul        		CODE           	575A	0000	55

D:\Program Files (x86)\Microchip\xc8\v1.40\sources\common\Umul16.c estimated size: 55

D:\Program Files (x86)\Microchip\xc8\v1.40\sources\common\frexp.c
		_ldexp         		CODE           	4B5E	0000	199
		_frexp         		CODE           	5018	0000	145

D:\Program Files (x86)\Microchip\xc8\v1.40\sources\common\frexp.c estimated size: 344

D:\Program Files (x86)\Microchip\xc8\v1.40\sources\common\floor.c
		_floor         		CODE           	473E	0000	223

D:\Program Files (x86)\Microchip\xc8\v1.40\sources\common\floor.c estimated size: 223

I2C.c
		_I2C_Master_Read		CODE           	57C0	0000	47
		_I2C_Master_Wait		CODE           	58E0	0000	21
		_I2C_Master_Init		CODE           	5440	0000	97
		_I2C_Master_Stop		CODE           	5952	0000	9
		_I2C_ColorSens_Init		CODE           	427A	0000	255
		_I2C_Master_Write		CODE           	593E	0000	11
		_I2C_Master_Start		CODE           	595A	0000	9

I2C.c estimated size: 449

D:\Program Files (x86)\Microchip\xc8\v1.40\sources\common\fttol.c
		___fttol       		CODE           	3AA2	0000	325

D:\Program Files (x86)\Microchip\xc8\v1.40\sources\common\fttol.c estimated size: 325

D:\Program Files (x86)\Microchip\xc8\v1.40\sources\common\awdiv.c
		___awdiv       		CODE           	4C24	0000	191

D:\Program Files (x86)\Microchip\xc8\v1.40\sources\common\awdiv.c estimated size: 191

D:\Program Files (x86)\Microchip\xc8\v1.40\sources\common\exp.c
		_exp           		CODE           	2E1E	0000	489

D:\Program Files (x86)\Microchip\xc8\v1.40\sources\common\exp.c estimated size: 489

D:\Program Files (x86)\Microchip\xc8\v1.40\sources\common\ftadd.c
		___ftadd       		CODE           	2970	0000	617

D:\Program Files (x86)\Microchip\xc8\v1.40\sources\common\ftadd.c estimated size: 617

D:\Program Files (x86)\Microchip\xc8\v1.40\sources\common\lldiv.c
		___lldiv       		CODE           	4CE2	0000	189

D:\Program Files (x86)\Microchip\xc8\v1.40\sources\common\lldiv.c estimated size: 189

D:\Program Files (x86)\Microchip\xc8\v1.40\sources\common\fldivl.c
		__div_to_l_    		CODE           	34FA	0000	393

D:\Program Files (x86)\Microchip\xc8\v1.40\sources\common\fldivl.c estimated size: 393

shared
		i2_printf      		CODE           	0BFC	0000	2527
		exp@coeff      		MEDIUMCONST    	FE65	0000	31
		i2___ftneg     		CODE           	5864	0000	37
		i2_I2C_Master_Start		CODE           	596A	0000	9
		i2_putch       		CODE           	5926	0000	13
		i2___ftadd     		CODE           	3006	0000	429
		i2_lcdNibble   		CODE           	554C	0000	79
		i2___ftdiv     		CODE           	4658	0000	231
		__powers_      		MEDIUMCONST    	FE06	0000	40
		i2___fttol     		CODE           	4470	0000	245
		_dpowers       		MEDIUMCONST    	FDB7	0000	41
		i2___ftge      		CODE           	4F88	0000	145
		_timeset       		MEDIUMCONST    	FE5E	0000	8
		i2_isdigit     		CODE           	58AA	0000	31
		i2___awdiv     		CODE           	50A8	0000	133
		i2__tdiv_to_l_ 		CODE           	3BE6	0000	307
		i2___awtoft    		CODE           	56EC	0000	57
		i2___ftmul     		CODE           	4564	0000	245
		i2___wmul      		CODE           	583E	0000	39
		i2_I2C_Master_Read		CODE           	5818	0000	39
		i2__div_to_l_  		CODE           	3D18	0000	297
		__npowers_     		MEDIUMCONST    	FDDF	0000	40
		i2___ftpack    		CODE           	4D9E	0000	175
		i2_scale       		CODE           	22D4	0000	1009
		_keys          		MEDIUMCONST    	FE4D	0000	18
		i2___lldiv     		CODE           	512C	0000	131
		__initialization		CODE           	55E6	0000	59
		i2___lltoft    		CODE           	54A0	0000	93
		i2___ftsub     		CODE           	5672	0000	65
		i2___awmod     		CODE           	52A2	0000	113
		i2_read_colorsensor		CODE           	481C	0000	215
		i2_I2C_Master_Wait		CODE           	58F4	0000	19
		_hexpowers     		MEDIUMCONST    	FE2D	0000	33
		i2_I2C_Master_Stop		CODE           	5962	0000	9
		i2___llmod     		CODE           	537A	0000	103
		log@coeff      		MEDIUMCONST    	FE83	0000	28
		i2_lcdInst     		CODE           	5932	0000	13
		i2_I2C_Master_Write		CODE           	5948	0000	11
		i2_fround      		CODE           	2BD8	0000	583

shared estimated size: 7700

D:\Program Files (x86)\Microchip\xc8\v1.40\sources\common\awtoft.c
		___awtoft      		CODE           	562E	0000	69

D:\Program Files (x86)\Microchip\xc8\v1.40\sources\common\awtoft.c estimated size: 69

D:\Program Files (x86)\Microchip\xc8\v1.40\sources\common\ftneg.c
		___ftneg       		CODE           	5790	0000	49

D:\Program Files (x86)\Microchip\xc8\v1.40\sources\common\ftneg.c estimated size: 49

D:\Program Files (x86)\Microchip\xc8\v1.40\sources\common\altoft.c
		___altoft      		CODE           	522A	0000	121

D:\Program Files (x86)\Microchip\xc8\v1.40\sources\common\altoft.c estimated size: 121

D:\Program Files (x86)\Microchip\xc8\v1.40\sources\common\log.c
		_log           		CODE           	3E40	0000	287

D:\Program Files (x86)\Microchip\xc8\v1.40\sources\common\log.c estimated size: 287

D:\Program Files (x86)\Microchip\xc8\v1.40\sources\common\ftsub.c
		___ftsub       		CODE           	559A	0000	77

D:\Program Files (x86)\Microchip\xc8\v1.40\sources\common\ftsub.c estimated size: 77

lcd.c
		_putch         		CODE           	5906	0000	17
		_lcdInst       		CODE           	5916	0000	17
		_lcdNibble     		CODE           	53E0	0000	97
		_initLCD       		CODE           	54FC	0000	81

lcd.c estimated size: 212

D:\Program Files (x86)\Microchip\xc8\v1.40\sources\common\evalpoly.c
		_eval_poly     		CODE           	49C4	0000	211

D:\Program Files (x86)\Microchip\xc8\v1.40\sources\common\evalpoly.c estimated size: 211

D:\Program Files (x86)\Microchip\xc8\v1.40\sources\common\isdigit.c
		_isdigit       		CODE           	57EE	0000	43

D:\Program Files (x86)\Microchip\xc8\v1.40\sources\common\isdigit.c estimated size: 43

D:\Program Files (x86)\Microchip\xc8\v1.40\sources\common\doprnt.c
		_scale         		CODE           	15DA	0000	1199
		_printf        		CODE           	0012	0000	3051
		_fround        		CODE           	26C4	0000	685

D:\Program Files (x86)\Microchip\xc8\v1.40\sources\common\doprnt.c estimated size: 4935

D:\Program Files (x86)\Microchip\xc8\v1.40\sources\common\pow.c
		_pow           		CODE           	3682	0000	375

D:\Program Files (x86)\Microchip\xc8\v1.40\sources\common\pow.c estimated size: 375

D:\Program Files (x86)\Microchip\xc8\v1.40\sources\common\lltoft.c
		___lltoft      		CODE           	51AE	0000	125

D:\Program Files (x86)\Microchip\xc8\v1.40\sources\common\lltoft.c estimated size: 125

main.c
		_bottle_time   		CODE           	5724	0000	55
		_read_colorsensor		CODE           	4378	0000	249
		_bottle_count  		CODE           	4176	0000	261
		_dec_to_hex    		CODE           	406A	0000	269
		_main          		CODE           	31B2	0000	427
		_date_time     		CODE           	48F2	0000	211
		_isr           		CODE           	0008	0000	1115
		_standby       		CODE           	56B2	0000	59
		_operation     		CODE           	1EDC	0000	1017
		_operationend  		CODE           	58C8	0000	25
		_read_time     		CODE           	5312	0000	105
		_emergencystop 		CODE           	5888	0000	35

main.c estimated size: 3828

