Microchip MPLAB XC8 Compiler V1.40 ()

Linker command line:

-W-3 --edf=C:\Program Files (x86)\Microchip\xc8\v1.40\dat\en_msgs.txt -cs \
  -h+dist/default/production\AER201_PIC.X.production.sym \
  --cmf=dist/default/production\AER201_PIC.X.production.cmf -z -Q18F4620 \
  -oC:\Users\shich\AppData\Local\Temp\sbks.2 \
  -Mdist/default/production/AER201_PIC.X.production.map -E1 -ver=XC8 \
  -ASTACK=010Ch-0f7fh -pstack=STACK -ACODE=00h-0FFFFh -ACONST=00h-0FFFFh \
  -ASMALLCONST=01000h-010FFhx240 -AMEDIUMCONST=01000h-0FFFFh \
  -ACOMRAM=01h-07Fh -AABS1=00h-0F7Fh -ABIGRAM=01h-0F7Fh \
  -ARAM=080h-0FFh,0100h-01FFhx14,0F00h-0F7Fh -ABANK0=080h-0FFh \
  -ABANK1=0100h-01FFh -ABANK2=0200h-02FFh -ABANK3=0300h-03FFh \
  -ABANK4=0400h-04FFh -ABANK5=0500h-05FFh -ABANK6=0600h-06FFh \
  -ABANK7=0700h-07FFh -ABANK8=0800h-08FFh -ABANK9=0900h-09FFh \
  -ABANK10=0A00h-0AFFh -ABANK11=0B00h-0BFFh -ABANK12=0C00h-0CFFh \
  -ABANK13=0D00h-0DFFh -ABANK14=0E00h-0EFFh -ABANK15=0F00h-0F7Fh \
  -ASFR=0F80h-0FFFh -preset_vec=00h,intcode=08h,intcodelo,powerup,init \
  -pramtop=01000h -psmallconst=SMALLCONST -pmediumconst=MEDIUMCONST \
  -pconst=CONST -AFARRAM=00h-00h -ACONFIG=0300000h-030000Dh -pconfig=CONFIG \
  -AIDLOC=0200000h-0200007h -pidloc=IDLOC -AEEDATA=0F00000h-0F003FFh \
  -peeprom_data=EEDATA \
  -prdata=COMRAM,nvrram=COMRAM,nvbit=COMRAM,rbss=COMRAM,rbit=COMRAM \
  -pfarbss=FARRAM,fardata=FARRAM,nvFARRAM=FARRAM \
  -pintsave_regs=BIGRAM,bigbss=BIGRAM,bigdata=BIGRAM -pbss=RAM \
  -pidata=CODE,irdata=CODE,ibigdata=CODE,ifardata=CODE -prparam=COMRAM \
  C:\Users\shich\AppData\Local\Temp\sbks.obj \
  dist/default/production\AER201_PIC.X.production.obj 

Object code version is 3.11

Machine type is 18F4620

Call graph: (short form)




                Name                               Link     Load   Length Selector   Space Scale
C:\Users\shich\AppData\Local\Temp\sbks.obj
                init                                  E        E        4        4       0
                reset_vec                             0        0        4        0       0
                idloc                            200000   200000        8   200000       0
                config                           300000   300000        E   300000       0
dist/default/production\AER201_PIC.X.production.obj
                intcode                               8        8        6        4       0
                temp                                 7E       7E        1        1       1
                mediumconst                        FDB6     FDB6      24A     7EDB       0
                text67                             252A     252A       84        4       0
                text66                             222A     222A       AE        4       0
                text65                             288E     288E       5C        4       0
                text64                             2A9A     2A9A       38        4       0
                text63                             1A5A     1A5A       E6        4       0
                text62                             2BE2     2BE2       24        4       0
                text61                              FC6      FC6      1AC        4       0
                text60                             2A1C     2A1C       40        4       0
                text59                             1880     1880       F4        4       0
                text58                             2BBC     2BBC       26        4       0
                text57                             1CF0     1CF0       D2        4       0
                text56                             2626     2626       78        4       0
                text55                             249A     249A       90        4       0
                text54                             178C     178C       F4        4       0
                text53                             240A     240A       90        4       0
                text52                             1B40     1B40       DE        4       0
                text51                             1DC2     1DC2       C6        4       0
                text50                              DDE      DDE      1E8        4       0
                text49                             147C     147C      11E        4       0
                text48                             1306     1306      176        4       0
                text47                             159A     159A       FC        4       0
                text46                             2C72     2C72       12        4       0
                text45                             2B96     2B96       26        4       0
                text44                             2D00     2D00        8        4       0
                text43                             2CF8     2CF8        8        4       0
                text42                             2CC6     2CC6        A        4       0
                text41                             269E     269E       68        4       0
                text40                             237A     237A       90        4       0
                text39                             2176     2176       B4        4       0
                text38                             20C2     20C2       B4        4       0
                text37                             298C     298C       4E        4       0
                text36                             2CB0     2CB0        C        4       0
                text35                             28EA     28EA       52        4       0
                text34                             29DA     29DA       42        4       0
                text33                             2C28     2C28       1E        4       0
                text32                             2CA4     2CA4        C        4       0
                text31                              AB2      AB2      32C        4       0
                text30                             2CF0     2CF0        8        4       0
                text29                             1F48     1F48       BE        4       0
                intcode_body                         12       12      6CA        4       0
                text27                             2C5E     2C5E       14        4       0
                text26                             2CE8     2CE8        8        4       0
                text25                             2CE0     2CE0        8        4       0
                text24                             2CBC     2CBC        A        4       0
                text23                             2706     2706       66        4       0
                text22                             2006     2006       BC        4       0
                text21                             282E     282E       60        4       0
                text20                             22D8     22D8       A2        4       0
                text19                             27CE     27CE       60        4       0
                text18                             2C94     2C94       10        4       0
                text17                             25AE     25AE       78        4       0
                text16                             276C     276C       62        4       0
                text15                             2B08     2B08       36        4       0
                text14                             2B6C     2B6C       2A        4       0
                text13                             2C84     2C84       10        4       0
                text12                              6DC      6DC      3D6        4       0
                text11                             1172     1172      194        4       0
                text10                             2AD2     2AD2       36        4       0
                text9                              2B3E     2B3E       2E        4       0
                text8                              1C1E     1C1E       D2        4       0
                text7                              2C06     2C06       22        4       0
                text6                              293C     293C       50        4       0
                text5                              2CD8     2CD8        8        4       0
                text4                              1696     1696       F6        4       0
                text3                              1E88     1E88       C0        4       0
                text2                              2C46     2C46       18        4       0
                text1                              2CD0     2CD0        8        4       0
                text0                              1974     1974       E6        4       0
                cstackCOMRAM                          1        1       75        1       1
                cstackBANK0                          C4       C4       2A       80       1
                cstackBANK1                         100      100        C      100       1
                dataBANK0                            EE       EE        2       80       1
                bssBANK0                             80       80       44       80       1
                bssCOMRAM                            76       76        8        1       1
                cinit                              2A5C     2A5C       3E        4       0
                idataBANK0                         2D08     2D08        2        4       0

TOTAL           Name                               Link     Load   Length     Space
        CLASS   STACK          

        CLASS   CODE           
                intcode                               8        8        6         0
                init                                  E        E        4         0
                reset_vec                             0        0        4         0
                text67                             252A     252A       84         0
                text66                             222A     222A       AE         0
                text65                             288E     288E       5C         0
                text64                             2A9A     2A9A       38         0
                text63                             1A5A     1A5A       E6         0
                text62                             2BE2     2BE2       24         0
                text61                              FC6      FC6      1AC         0
                text60                             2A1C     2A1C       40         0
                text59                             1880     1880       F4         0
                text58                             2BBC     2BBC       26         0
                text57                             1CF0     1CF0       D2         0
                text56                             2626     2626       78         0
                text55                             249A     249A       90         0
                text54                             178C     178C       F4         0
                text53                             240A     240A       90         0
                text52                             1B40     1B40       DE         0
                text51                             1DC2     1DC2       C6         0
                text50                              DDE      DDE      1E8         0
                text49                             147C     147C      11E         0
                text48                             1306     1306      176         0
                text47                             159A     159A       FC         0
                text46                             2C72     2C72       12         0
                text45                             2B96     2B96       26         0
                text44                             2D00     2D00        8         0
                text43                             2CF8     2CF8        8         0
                text42                             2CC6     2CC6        A         0
                text41                             269E     269E       68         0
                text40                             237A     237A       90         0
                text39                             2176     2176       B4         0
                text38                             20C2     20C2       B4         0
                text37                             298C     298C       4E         0
                text36                             2CB0     2CB0        C         0
                text35                             28EA     28EA       52         0
                text34                             29DA     29DA       42         0
                text33                             2C28     2C28       1E         0
                text32                             2CA4     2CA4        C         0
                text31                              AB2      AB2      32C         0
                text30                             2CF0     2CF0        8         0
                text29                             1F48     1F48       BE         0
                intcode_body                         12       12      6CA         0
                text27                             2C5E     2C5E       14         0
                text26                             2CE8     2CE8        8         0
                text25                             2CE0     2CE0        8         0
                text24                             2CBC     2CBC        A         0
                text23                             2706     2706       66         0
                text22                             2006     2006       BC         0
                text21                             282E     282E       60         0
                text20                             22D8     22D8       A2         0
                text19                             27CE     27CE       60         0
                text18                             2C94     2C94       10         0
                text17                             25AE     25AE       78         0
                text16                             276C     276C       62         0
                text15                             2B08     2B08       36         0
                text14                             2B6C     2B6C       2A         0
                text13                             2C84     2C84       10         0
                text12                              6DC      6DC      3D6         0
                text11                             1172     1172      194         0
                text10                             2AD2     2AD2       36         0
                text9                              2B3E     2B3E       2E         0
                text8                              1C1E     1C1E       D2         0
                text7                              2C06     2C06       22         0
                text6                              293C     293C       50         0
                text5                              2CD8     2CD8        8         0
                text4                              1696     1696       F6         0
                text3                              1E88     1E88       C0         0
                text2                              2C46     2C46       18         0
                text1                              2CD0     2CD0        8         0
                text0                              1974     1974       E6         0
                cinit                              2A5C     2A5C       3E         0
                idataBANK0                         2D08     2D08        2         0

        CLASS   CONST          

        CLASS   SMALLCONST     

        CLASS   MEDIUMCONST    
                mediumconst                        FDB6     FDB6      24A         0

        CLASS   COMRAM         
                temp                                 7E       7E        1         1
                cstackCOMRAM                          1        1       75         1
                bssCOMRAM                            76       76        8         1

        CLASS   ABS1           

        CLASS   BIGRAM         

        CLASS   RAM            

        CLASS   BANK0          
                cstackBANK0                          C4       C4       2A         1
                dataBANK0                            EE       EE        2         1
                bssBANK0                             80       80       44         1

        CLASS   BANK1          
                cstackBANK1                         100      100        C         1

        CLASS   BANK2          

        CLASS   BANK3          

        CLASS   BANK4          

        CLASS   BANK5          

        CLASS   BANK6          

        CLASS   BANK7          

        CLASS   BANK8          

        CLASS   BANK9          

        CLASS   BANK10         

        CLASS   BANK11         

        CLASS   BANK12         

        CLASS   BANK13         

        CLASS   BANK14         

        CLASS   BANK15         

        CLASS   SFR            

        CLASS   FARRAM         

        CLASS   CONFIG         
                config                           300000   300000        E         0

        CLASS   IDLOC          
                idloc                            200000   200000        8         0

        CLASS   EEDATA         



SEGMENTS        Name                           Load    Length   Top    Selector   Space  Class

                reset_vec                      000000  000004  000004         0       0  CODE    
                cstackCOMRAM                   000001  00007E  00007F         1       1  COMRAM  
                intcode                        000008  002D02  002D0A         4       0  CODE    
                bssBANK0                       000080  000070  0000F0        80       1  BANK0   
                cstackBANK1                    000100  00000C  00010C       100       1  BANK1   
                mediumconst                    00FDB6  00024A  010000      7EDB       0  MEDIUMCO
                idloc                          200000  000008  200008    200000       0  IDLOC   
                config                         300000  00000E  30000E    300000       0  CONFIG  


UNUSED ADDRESS RANGES

        Name                Unused          Largest block    Delta
        BANK0            0000F0-0000FF               10
        BANK1            00010C-0001FF               F4
        BANK10           000A00-000AFF              100
        BANK11           000B00-000BFF              100
        BANK12           000C00-000CFF              100
        BANK13           000D00-000DFF              100
        BANK14           000E00-000EFF              100
        BANK15           000F00-000F7F               80
        BANK2            000200-0002FF              100
        BANK3            000300-0003FF              100
        BANK4            000400-0004FF              100
        BANK5            000500-0005FF              100
        BANK6            000600-0006FF              100
        BANK7            000700-0007FF              100
        BANK8            000800-0008FF              100
        BANK9            000900-0009FF              100
        BIGRAM           00007F-00007F                1
                         0000F0-0000FF               10
                         00010C-000F7F              E74
        CODE             000004-000007                4
                         002D0A-00FDB5             D0AC
        COMRAM           00007F-00007F                1
        CONST            000004-000007                4
                         002D0A-00FDB5             D0AC
        EEDATA           F00000-F003FF              400
        MEDIUMCONST      002D0A-00FDB5             D0AC
        RAM              0000F0-0000FF               10
                         00010C-000F7F              100
        SFR              000F80-000FFF               80
        SMALLCONST       002D0A-00FDB5              100
        STACK            00010C-000F7F              E74

                                  Symbol Table

?___altoft                           cstackCOMRAM 000037
?___awdiv                            cstackCOMRAM 000007
?___awmod                            cstackBANK0  0000D4
?___awtoft                           cstackCOMRAM 000009
?___ftadd                            cstackCOMRAM 00001C
?___ftdiv                            cstackCOMRAM 000009
?___ftmul                            cstackCOMRAM 00000D
?___ftneg                            cstackCOMRAM 000001
?___ftpack                           cstackCOMRAM 000001
?___ftsub                            cstackCOMRAM 000028
?___fttol                            cstackCOMRAM 000028
?___lldiv                            cstackBANK0  0000D4
?___lltoft                           cstackCOMRAM 000009
?___lwdiv                            cstackBANK0  0000D4
?___lwmod                            cstackBANK0  0000DB
?___wmul                             cstackBANK0  0000D4
?_dec_to_hex                         cstackCOMRAM 000063
?_eval_poly                          cstackCOMRAM 000028
?_exp                                cstackCOMRAM 000049
?_floor                              cstackCOMRAM 000041
?_frexp                              cstackCOMRAM 000001
?_ldexp                              cstackCOMRAM 000034
?_log                                cstackCOMRAM 000034
?_pow                                cstackCOMRAM 000052
?_printf                             cstackBANK0  0000E0
?i2___lwdiv                          cstackCOMRAM 000001
?i2___lwmod                          cstackCOMRAM 000008
?i2___wmul                           cstackCOMRAM 000001
?i2_printf                           cstackCOMRAM 00000D
I2C_Master_Init@c                    cstackBANK0  0000E1
I2C_Master_Read@a                    cstackBANK0  0000D5
I2C_Master_Read@temp                 cstackBANK0  0000D6
I2C_Master_Write@d                   cstackBANK0  0000D5
_ACKDT                               (abs)        007E2D
_ACKEN                               (abs)        007E2C
_ADCON0                              (abs)        000FC2
_ADCON1                              (abs)        000FC1
_GIE                                 (abs)        007F97
_I2C_ColorSens_Init                  text23       002706
_I2C_Master_Init                     text21       00282E
_I2C_Master_Read                     text9        002B3E
_I2C_Master_RepeatedStart            text5        002CD8
_I2C_Master_Start                    text26       002CE8
_I2C_Master_Stop                     text25       002CE0
_I2C_Master_Wait                     text27       002C5E
_I2C_Master_Write                    text24       002CBC
_INT0IE                              (abs)        007F94
_INT0IF                              (abs)        007F91
_INT1IE                              (abs)        007F83
_INT1IF                              (abs)        007F80
_INT2IE                              (abs)        007F84
_INT2IF                              (abs)        007F81
_INTCONbits                          (abs)        000FF2
_LATA                                (abs)        000F89
_LATAbits                            (abs)        000F89
_LATB                                (abs)        000F8A
_LATC                                (abs)        000F8B
_LATCbits                            (abs)        000F8B
_LATD                                (abs)        000F8C
_LATDbits                            (abs)        000F8C
_LATE                                (abs)        000F8D
_PEN                                 (abs)        007E2A
_PORTAbits                           (abs)        000F80
_PORTB                               (abs)        000F81
_PSA                                 (abs)        007EAB
_RCEN                                (abs)        007E2B
_RSEN                                (abs)        007E29
_SEN                                 (abs)        007E28
_SSPADD                              (abs)        000FC8
_SSPBUF                              (abs)        000FC9
_SSPCON1                             (abs)        000FC6
_SSPCON2                             (abs)        000FC5
_SSPSTAT                             (abs)        000FC7
_T08BIT                              (abs)        007EAE
_T0CS                                (abs)        007EAD
_T0PS0                               (abs)        007EA8
_T0PS1                               (abs)        007EA9
_T0PS2                               (abs)        007EAA
_TMR0                                (abs)        000FD6
_TMR0IE                              (abs)        007F95
_TMR0IF                              (abs)        007F92
_TMR0ON                              (abs)        007EAF
_TRISA                               (abs)        000F92
_TRISB                               (abs)        000F93
_TRISC                               (abs)        000F94
_TRISC3                              (abs)        007CA3
_TRISC4                              (abs)        007CA4
_TRISD                               (abs)        000F95
_TRISE                               (abs)        000F96
__CFG_BOREN$SBORDIS                  (abs)        000000
__CFG_BORV$3                         (abs)        000000
__CFG_CCP2MX$PORTC                   (abs)        000000
__CFG_CP0$OFF                        (abs)        000000
__CFG_CP1$OFF                        (abs)        000000
__CFG_CP2$OFF                        (abs)        000000
__CFG_CP3$OFF                        (abs)        000000
__CFG_CPB$OFF                        (abs)        000000
__CFG_CPD$OFF                        (abs)        000000
__CFG_EBTR0$OFF                      (abs)        000000
__CFG_EBTR1$OFF                      (abs)        000000
__CFG_EBTR2$OFF                      (abs)        000000
__CFG_EBTR3$OFF                      (abs)        000000
__CFG_EBTRB$OFF                      (abs)        000000
__CFG_FCMEN$OFF                      (abs)        000000
__CFG_IESO$OFF                       (abs)        000000
__CFG_LPT1OSC$OFF                    (abs)        000000
__CFG_LVP$OFF                        (abs)        000000
__CFG_MCLRE$ON                       (abs)        000000
__CFG_OSC$HS                         (abs)        000000
__CFG_PBADEN$ON                      (abs)        000000
__CFG_PWRT$OFF                       (abs)        000000
__CFG_STVREN$ON                      (abs)        000000
__CFG_WDT$OFF                        (abs)        000000
__CFG_WDTPS$32768                    (abs)        000000
__CFG_WRT0$OFF                       (abs)        000000
__CFG_WRT1$OFF                       (abs)        000000
__CFG_WRT2$OFF                       (abs)        000000
__CFG_WRT3$OFF                       (abs)        000000
__CFG_WRTB$OFF                       (abs)        000000
__CFG_WRTC$OFF                       (abs)        000000
__CFG_WRTD$OFF                       (abs)        000000
__CFG_XINST$OFF                      (abs)        000000
__HRAM                               (abs)        000000
__Habs1                              abs1         000000
__Hbank0                             bank0        000000
__Hbank1                             bank1        000000
__Hbank10                            bank10       000000
__Hbank11                            bank11       000000
__Hbank12                            bank12       000000
__Hbank13                            bank13       000000
__Hbank14                            bank14       000000
__Hbank15                            bank15       000000
__Hbank2                             bank2        000000
__Hbank3                             bank3        000000
__Hbank4                             bank4        000000
__Hbank5                             bank5        000000
__Hbank6                             bank6        000000
__Hbank7                             bank7        000000
__Hbank8                             bank8        000000
__Hbank9                             bank9        000000
__Hbigbss                            bigbss       000000
__Hbigdata                           bigdata      000000
__Hbigram                            bigram       000000
__Hbss                               bss          000000
__HbssBANK0                          bssBANK0     000000
__HbssCOMRAM                         bssCOMRAM    000000
__Hcinit                             cinit        000000
__Hclrtext                           clrtext      000000
__Hcomram                            comram       000000
__Hconfig                            config       30000E
__Hconst                             const        000000
__HcstackBANK0                       cstackBANK0  000000
__HcstackBANK1                       cstackBANK1  000000
__HcstackCOMRAM                      cstackCOMRAM 000000
__Hdata                              data         000000
__HdataBANK0                         dataBANK0    000000
__Heeprom_data                       eeprom_data  000000
__Hfarbss                            farbss       000000
__Hfardata                           fardata      000000
__Hibigdata                          ibigdata     000000
__Hidata                             idata        000000
__HidataBANK0                        idataBANK0   000000
__Hidloc                             idloc        200008
__Hifardata                          ifardata     000000
__Hinit                              init         000012
__Hintcode                           intcode      00000E
__Hintcode_body                      intcode_body 000000
__Hintcodelo                         intcodelo    00000E
__Hintentry                          intentry     000000
__Hintret                            intret       000000
__Hintsave_regs                      intsave_regs 000000
__Hirdata                            irdata       000000
__Hmediumconst                       mediumconst  010000
__HnvFARRAM                          nvFARRAM     000000
__Hnvbit                             nvbit        000000
__Hnvrram                            nvrram       000000
__Hparam                             rparam       000000
__Hpowerup                           powerup      00000E
__Hram                               ram          000000
__Hramtop                            ramtop       001000
__Hrbit                              rbit         000000
__Hrbss                              rbss         000000
__Hrdata                             rdata        000000
__Hreset_vec                         reset_vec    000004
__Hrparam                            rparam       000000
__Hsfr                               sfr          000000
__Hsmallconst                        smallconst   000000
__Hspace_0                           (abs)        30000E
__Hspace_1                           (abs)        00010C
__Hspace_2                           (abs)        000000
__Hstack                             stack        000000
__Hstruct                            struct       000000
__Htemp                              temp         00007F
__Htext                              text         000000
__Htext0                             text0        000000
__Htext1                             text1        000000
__Htext10                            text10       000000
__Htext11                            text11       000000
__Htext12                            text12       000000
__Htext13                            text13       000000
__Htext14                            text14       000000
__Htext15                            text15       000000
__Htext16                            text16       000000
__Htext17                            text17       000000
__Htext18                            text18       000000
__Htext19                            text19       000000
__Htext2                             text2        000000
__Htext20                            text20       000000
__Htext21                            text21       000000
__Htext22                            text22       000000
__Htext23                            text23       000000
__Htext24                            text24       000000
__Htext25                            text25       000000
__Htext26                            text26       000000
__Htext27                            text27       000000
__Htext29                            text29       000000
__Htext3                             text3        000000
__Htext30                            text30       000000
__Htext31                            text31       000000
__Htext32                            text32       000000
__Htext33                            text33       000000
__Htext34                            text34       000000
__Htext35                            text35       000000
__Htext36                            text36       000000
__Htext37                            text37       000000
__Htext38                            text38       000000
__Htext39                            text39       000000
__Htext4                             text4        000000
__Htext40                            text40       000000
__Htext41                            text41       000000
__Htext42                            text42       000000
__Htext43                            text43       000000
__Htext44                            text44       000000
__Htext45                            text45       000000
__Htext46                            text46       000000
__Htext47                            text47       000000
__Htext48                            text48       000000
__Htext49                            text49       000000
__Htext5                             text5        000000
__Htext50                            text50       000000
__Htext51                            text51       000000
__Htext52                            text52       000000
__Htext53                            text53       000000
__Htext54                            text54       000000
__Htext55                            text55       000000
__Htext56                            text56       000000
__Htext57                            text57       000000
__Htext58                            text58       000000
__Htext59                            text59       000000
__Htext6                             text6        000000
__Htext60                            text60       000000
__Htext61                            text61       000000
__Htext62                            text62       000000
__Htext63                            text63       000000
__Htext64                            text64       000000
__Htext65                            text65       000000
__Htext66                            text66       000000
__Htext67                            text67       000000
__Htext7                             text7        000000
__Htext8                             text8        000000
__Htext9                             text9        000000
__LRAM                               (abs)        000001
__Labs1                              abs1         000000
__Lbank0                             bank0        000000
__Lbank1                             bank1        000000
__Lbank10                            bank10       000000
__Lbank11                            bank11       000000
__Lbank12                            bank12       000000
__Lbank13                            bank13       000000
__Lbank14                            bank14       000000
__Lbank15                            bank15       000000
__Lbank2                             bank2        000000
__Lbank3                             bank3        000000
__Lbank4                             bank4        000000
__Lbank5                             bank5        000000
__Lbank6                             bank6        000000
__Lbank7                             bank7        000000
__Lbank8                             bank8        000000
__Lbank9                             bank9        000000
__Lbigbss                            bigbss       000000
__Lbigdata                           bigdata      000000
__Lbigram                            bigram       000000
__Lbss                               bss          000000
__LbssBANK0                          bssBANK0     000000
__LbssCOMRAM                         bssCOMRAM    000000
__Lcinit                             cinit        000000
__Lclrtext                           clrtext      000000
__Lcomram                            comram       000000
__Lconfig                            config       300000
__Lconst                             const        000000
__LcstackBANK0                       cstackBANK0  000000
__LcstackBANK1                       cstackBANK1  000000
__LcstackCOMRAM                      cstackCOMRAM 000000
__Ldata                              data         000000
__LdataBANK0                         dataBANK0    000000
__Leeprom_data                       eeprom_data  000000
__Lfarbss                            farbss       000000
__Lfardata                           fardata      000000
__Libigdata                          ibigdata     000000
__Lidata                             idata        000000
__LidataBANK0                        idataBANK0   000000
__Lidloc                             idloc        200000
__Lifardata                          ifardata     000000
__Linit                              init         00000E
__Lintcode                           intcode      000008
__Lintcode_body                      intcode_body 000000
__Lintcodelo                         intcodelo    00000E
__Lintentry                          intentry     000000
__Lintret                            intret       000000
__Lintsave_regs                      intsave_regs 000000
__Lirdata                            irdata       000000
__Lmediumconst                       mediumconst  00FDB6
__LnvFARRAM                          nvFARRAM     000000
__Lnvbit                             nvbit        000000
__Lnvrram                            nvrram       000000
__Lparam                             rparam       000000
__Lpowerup                           powerup      00000E
__Lram                               ram          000000
__Lramtop                            ramtop       001000
__Lrbit                              rbit         000000
__Lrbss                              rbss         000000
__Lrdata                             rdata        000000
__Lreset_vec                         reset_vec    000000
__Lrparam                            rparam       000000
__Lsfr                               sfr          000000
__Lsmallconst                        smallconst   000000
__Lspace_0                           (abs)        000000
__Lspace_1                           (abs)        000000
__Lspace_2                           (abs)        000000
__Lstack                             stack        000000
__Lstruct                            struct       000000
__Ltemp                              temp         00007E
__Ltext                              text         000000
__Ltext0                             text0        000000
__Ltext1                             text1        000000
__Ltext10                            text10       000000
__Ltext11                            text11       000000
__Ltext12                            text12       000000
__Ltext13                            text13       000000
__Ltext14                            text14       000000
__Ltext15                            text15       000000
__Ltext16                            text16       000000
__Ltext17                            text17       000000
__Ltext18                            text18       000000
__Ltext19                            text19       000000
__Ltext2                             text2        000000
__Ltext20                            text20       000000
__Ltext21                            text21       000000
__Ltext22                            text22       000000
__Ltext23                            text23       000000
__Ltext24                            text24       000000
__Ltext25                            text25       000000
__Ltext26                            text26       000000
__Ltext27                            text27       000000
__Ltext29                            text29       000000
__Ltext3                             text3        000000
__Ltext30                            text30       000000
__Ltext31                            text31       000000
__Ltext32                            text32       000000
__Ltext33                            text33       000000
__Ltext34                            text34       000000
__Ltext35                            text35       000000
__Ltext36                            text36       000000
__Ltext37                            text37       000000
__Ltext38                            text38       000000
__Ltext39                            text39       000000
__Ltext4                             text4        000000
__Ltext40                            text40       000000
__Ltext41                            text41       000000
__Ltext42                            text42       000000
__Ltext43                            text43       000000
__Ltext44                            text44       000000
__Ltext45                            text45       000000
__Ltext46                            text46       000000
__Ltext47                            text47       000000
__Ltext48                            text48       000000
__Ltext49                            text49       000000
__Ltext5                             text5        000000
__Ltext50                            text50       000000
__Ltext51                            text51       000000
__Ltext52                            text52       000000
__Ltext53                            text53       000000
__Ltext54                            text54       000000
__Ltext55                            text55       000000
__Ltext56                            text56       000000
__Ltext57                            text57       000000
__Ltext58                            text58       000000
__Ltext59                            text59       000000
__Ltext6                             text6        000000
__Ltext60                            text60       000000
__Ltext61                            text61       000000
__Ltext62                            text62       000000
__Ltext63                            text63       000000
__Ltext64                            text64       000000
__Ltext65                            text65       000000
__Ltext66                            text66       000000
__Ltext67                            text67       000000
__Ltext7                             text7        000000
__Ltext8                             text8        000000
__Ltext9                             text9        000000
__S0                                 (abs)        30000E
__S1                                 (abs)        00010C
__S2                                 (abs)        000000
___altoft                            text56       002626
___altoft@c                          cstackCOMRAM 000037
___altoft@exp                        cstackCOMRAM 00003F
___altoft@sign                       cstackCOMRAM 000040
___awdiv                             text67       00252A
___awdiv@counter                     cstackCOMRAM 00000B
___awdiv@dividend                    cstackCOMRAM 000007
___awdiv@divisor                     cstackCOMRAM 000009
___awdiv@quotient                    cstackCOMRAM 00000D
___awdiv@sign                        cstackCOMRAM 00000C
___awmod                             text20       0022D8
___awmod@counter                     cstackBANK0  0000D8
___awmod@dividend                    cstackBANK0  0000D4
___awmod@divisor                     cstackBANK0  0000D6
___awmod@sign                        cstackBANK0  0000D9
___awtoft                            text64       002A9A
___awtoft@c                          cstackCOMRAM 000009
___awtoft@sign                       cstackCOMRAM 00000C
___ftadd                             text61       000FC6
___ftadd@exp1                        cstackCOMRAM 000027
___ftadd@exp2                        cstackCOMRAM 000026
___ftadd@f1                          cstackCOMRAM 00001C
___ftadd@f2                          cstackCOMRAM 00001F
___ftadd@sign                        cstackCOMRAM 000025
___ftdiv                             text63       001A5A
___ftdiv@cntr                        cstackCOMRAM 000012
___ftdiv@exp                         cstackCOMRAM 000016
___ftdiv@f1                          cstackCOMRAM 000009
___ftdiv@f2                          cstackCOMRAM 00000C
___ftdiv@f3                          cstackCOMRAM 000013
___ftdiv@sign                        cstackCOMRAM 000017
___ftge                              text55       00249A
___ftge@ff1                          cstackCOMRAM 000001
___ftge@ff2                          cstackCOMRAM 000004
___ftmul                             text59       001880
___ftmul@cntr                        cstackCOMRAM 00001A
___ftmul@exp                         cstackCOMRAM 000016
___ftmul@f1                          cstackCOMRAM 00000D
___ftmul@f2                          cstackCOMRAM 000010
___ftmul@f3_as_product               cstackCOMRAM 000017
___ftmul@sign                        cstackCOMRAM 00001B
___ftneg                             text62       002BE2
___ftneg@f1                          cstackCOMRAM 000001
___ftpack                            text66       00222A
___ftpack@arg                        cstackCOMRAM 000001
___ftpack@exp                        cstackCOMRAM 000004
___ftpack@sign                       cstackCOMRAM 000005
___ftsub                             text60       002A1C
___ftsub@f1                          cstackCOMRAM 000028
___ftsub@f2                          cstackCOMRAM 00002B
___fttol                             text54       00178C
___fttol@exp1                        cstackCOMRAM 000036
___fttol@f1                          cstackCOMRAM 000028
___fttol@lval                        cstackCOMRAM 000032
___fttol@sign1                       cstackCOMRAM 000031
___inthi_sp                          stack        000000
___intlo_sp                          stack        000000
___lldiv                             text22       002006
___lldiv@counter                     cstackBANK0  0000E0
___lldiv@dividend                    cstackBANK0  0000D4
___lldiv@divisor                     cstackBANK0  0000D8
___lldiv@quotient                    cstackBANK0  0000DC
___lltoft                            text65       00288E
___lltoft@c                          cstackCOMRAM 000009
___lltoft@exp                        cstackCOMRAM 000011
___lwdiv                             text17       0025AE
___lwdiv@counter                     cstackBANK0  0000D8
___lwdiv@dividend                    cstackBANK0  0000D4
___lwdiv@divisor                     cstackBANK0  0000D6
___lwdiv@quotient                    cstackBANK0  0000D9
___lwmod                             text16       00276C
___lwmod@counter                     cstackBANK0  0000DF
___lwmod@dividend                    cstackBANK0  0000DB
___lwmod@divisor                     cstackBANK0  0000DD
___param_bank                        (abs)        000000
___rparam_used                       (abs)        000001
___sp                                stack        000000
___wmul                              text15       002B08
___wmul@multiplicand                 cstackBANK0  0000D6
___wmul@multiplier                   cstackBANK0  0000D4
___wmul@product                      cstackBANK0  0000D8
__accesstop                          (abs)        000080
__activetblptr                       (abs)        000002
__end_of_I2C_ColorSens_Init          text23       00276C
__end_of_I2C_Master_Init             text21       00288E
__end_of_I2C_Master_Read             text9        002B6C
__end_of_I2C_Master_RepeatedStart    text5        002CE0
__end_of_I2C_Master_Start            text26       002CF0
__end_of_I2C_Master_Stop             text25       002CE8
__end_of_I2C_Master_Wait             text27       002C72
__end_of_I2C_Master_Write            text24       002CC6
__end_of___altoft                    text56       00269E
__end_of___awdiv                     text67       0025AE
__end_of___awmod                     text20       00237A
__end_of___awtoft                    text64       002AD2
__end_of___ftadd                     text61       001172
__end_of___ftdiv                     text63       001B40
__end_of___ftge                      text55       00252A
__end_of___ftmul                     text59       001974
__end_of___ftneg                     text62       002C06
__end_of___ftpack                    text66       0022D8
__end_of___ftsub                     text60       002A5C
__end_of___fttol                     text54       001880
__end_of___lldiv                     text22       0020C2
__end_of___lltoft                    text65       0028EA
__end_of___lwdiv                     text17       002626
__end_of___lwmod                     text16       0027CE
__end_of___wmul                      text15       002B3E
__end_of__initialization             cinit        002A8C
__end_of_bottle_count                text11       001306
__end_of_bottle_time                 text10       002B08
__end_of_date_time                   text8        001CF0
__end_of_dec_to_hex                  text47       001696
__end_of_dpowers                     mediumconst  00FDD2
__end_of_emergencystop               text7        002C28
__end_of_eval_poly                   text57       001DC2
__end_of_exp                         text50       000FC6
__end_of_floor                       text52       001C1E
__end_of_frexp                       text53       00249A
__end_of_hexpowers                   mediumconst  00FDDA
__end_of_initLCD                     text6        00298C
__end_of_isdigit                     text14       002B96
__end_of_isr                         intcode_body 0006DC
__end_of_keys                        mediumconst  00FDC8
__end_of_lcdInst                     text18       002CA4
__end_of_lcdNibble                   text19       00282E
__end_of_ldexp                       text51       001E88
__end_of_log                         text49       00159A
__end_of_main                        text0        001A5A
__end_of_operation                   text3        001F48
__end_of_operationend                text2        002C5E
__end_of_pow                         text48       00147C
__end_of_printf                      text12       000AB2
__end_of_putch                       text13       002C94
__end_of_read_colorsensor            text4        00178C
__end_of_read_time                   text41       002706
__end_of_servo_rotate0               text40       00240A
__end_of_servo_rotate1               text39       00222A
__end_of_servo_rotate2               text38       002176
__end_of_standby                     text1        002CD8
__end_of_timeset                     mediumconst  00FDE1
__end_ofexp@coeff                    mediumconst  00FDFF
__end_ofi2_I2C_Master_Read           text45       002BBC
__end_ofi2_I2C_Master_RepeatedStart  text30       002CF8
__end_ofi2_I2C_Master_Start          text44       002D08
__end_ofi2_I2C_Master_Stop           text43       002D00
__end_ofi2_I2C_Master_Wait           text46       002C84
__end_ofi2_I2C_Master_Write          text42       002CD0
__end_ofi2___lwdiv                   text35       00293C
__end_ofi2___lwmod                   text34       002A1C
__end_ofi2___wmul                    text58       002BE2
__end_ofi2_isdigit                   text33       002C46
__end_ofi2_lcdInst                   text36       002CBC
__end_ofi2_lcdNibble                 text37       0029DA
__end_ofi2_printf                    text31       000DDE
__end_ofi2_putch                     text32       002CB0
__end_ofi2_read_colorsensor          text29       002006
__end_oflog@coeff                    mediumconst  00FE1A
__initialization                     cinit        002A5C
__mediumconst                        mediumconst  00FDB6
__pbssBANK0                          bssBANK0     000080
__pbssCOMRAM                         bssCOMRAM    000076
__pcinit                             cinit        002A5C
__pcstackBANK0                       cstackBANK0  0000C4
__pcstackBANK1                       cstackBANK1  000100
__pcstackCOMRAM                      cstackCOMRAM 000001
__pdataBANK0                         dataBANK0    0000EE
__pidataBANK0                        idataBANK0   002D08
__pintcode                           intcode      000008
__pintcode_body                      intcode_body 000012
__pmediumconst                       mediumconst  00FDB6
__ptext0                             text0        001974
__ptext1                             text1        002CD0
__ptext10                            text10       002AD2
__ptext11                            text11       001172
__ptext12                            text12       0006DC
__ptext13                            text13       002C84
__ptext14                            text14       002B6C
__ptext15                            text15       002B08
__ptext16                            text16       00276C
__ptext17                            text17       0025AE
__ptext18                            text18       002C94
__ptext19                            text19       0027CE
__ptext2                             text2        002C46
__ptext20                            text20       0022D8
__ptext21                            text21       00282E
__ptext22                            text22       002006
__ptext23                            text23       002706
__ptext24                            text24       002CBC
__ptext25                            text25       002CE0
__ptext26                            text26       002CE8
__ptext27                            text27       002C5E
__ptext29                            text29       001F48
__ptext3                             text3        001E88
__ptext30                            text30       002CF0
__ptext31                            text31       000AB2
__ptext32                            text32       002CA4
__ptext33                            text33       002C28
__ptext34                            text34       0029DA
__ptext35                            text35       0028EA
__ptext36                            text36       002CB0
__ptext37                            text37       00298C
__ptext38                            text38       0020C2
__ptext39                            text39       002176
__ptext4                             text4        001696
__ptext40                            text40       00237A
__ptext41                            text41       00269E
__ptext42                            text42       002CC6
__ptext43                            text43       002CF8
__ptext44                            text44       002D00
__ptext45                            text45       002B96
__ptext46                            text46       002C72
__ptext47                            text47       00159A
__ptext48                            text48       001306
__ptext49                            text49       00147C
__ptext5                             text5        002CD8
__ptext50                            text50       000DDE
__ptext51                            text51       001DC2
__ptext52                            text52       001B40
__ptext53                            text53       00240A
__ptext54                            text54       00178C
__ptext55                            text55       00249A
__ptext56                            text56       002626
__ptext57                            text57       001CF0
__ptext58                            text58       002BBC
__ptext59                            text59       001880
__ptext6                             text6        00293C
__ptext60                            text60       002A1C
__ptext61                            text61       000FC6
__ptext62                            text62       002BE2
__ptext63                            text63       001A5A
__ptext64                            text64       002A9A
__ptext65                            text65       00288E
__ptext66                            text66       00222A
__ptext67                            text67       00252A
__ptext7                             text7        002C06
__ptext8                             text8        001C1E
__ptext9                             text9        002B3E
__ramtop                             ramtop       001000
__size_of_I2C_ColorSens_Init         (abs)        000000
__size_of_I2C_Master_Init            (abs)        000000
__size_of_I2C_Master_Read            (abs)        000000
__size_of_I2C_Master_RepeatedStart   (abs)        000000
__size_of_I2C_Master_Start           (abs)        000000
__size_of_I2C_Master_Stop            (abs)        000000
__size_of_I2C_Master_Wait            (abs)        000000
__size_of_I2C_Master_Write           (abs)        000000
__size_of___altoft                   (abs)        000000
__size_of___awdiv                    (abs)        000000
__size_of___awmod                    (abs)        000000
__size_of___awtoft                   (abs)        000000
__size_of___ftadd                    (abs)        000000
__size_of___ftdiv                    (abs)        000000
__size_of___ftge                     (abs)        000000
__size_of___ftmul                    (abs)        000000
__size_of___ftneg                    (abs)        000000
__size_of___ftpack                   (abs)        000000
__size_of___ftsub                    (abs)        000000
__size_of___fttol                    (abs)        000000
__size_of___lldiv                    (abs)        000000
__size_of___lltoft                   (abs)        000000
__size_of___lwdiv                    (abs)        000000
__size_of___lwmod                    (abs)        000000
__size_of___wmul                     (abs)        000000
__size_of_bottle_count               (abs)        000000
__size_of_bottle_time                (abs)        000000
__size_of_date_time                  (abs)        000000
__size_of_dec_to_hex                 (abs)        000000
__size_of_emergencystop              (abs)        000000
__size_of_eval_poly                  (abs)        000000
__size_of_exp                        (abs)        000000
__size_of_floor                      (abs)        000000
__size_of_frexp                      (abs)        000000
__size_of_initLCD                    (abs)        000000
__size_of_isdigit                    (abs)        000000
__size_of_isr                        (abs)        000000
__size_of_lcdInst                    (abs)        000000
__size_of_lcdNibble                  (abs)        000000
__size_of_ldexp                      (abs)        000000
__size_of_log                        (abs)        000000
__size_of_main                       (abs)        000000
__size_of_operation                  (abs)        000000
__size_of_operationend               (abs)        000000
__size_of_pow                        (abs)        000000
__size_of_printf                     (abs)        000000
__size_of_putch                      (abs)        000000
__size_of_read_colorsensor           (abs)        000000
__size_of_read_time                  (abs)        000000
__size_of_servo_rotate0              (abs)        000000
__size_of_servo_rotate1              (abs)        000000
__size_of_servo_rotate2              (abs)        000000
__size_of_standby                    (abs)        000000
__size_ofi2_I2C_Master_Read          (abs)        000000
__size_ofi2_I2C_Master_RepeatedStart (abs)        000000
__size_ofi2_I2C_Master_Start         (abs)        000000
__size_ofi2_I2C_Master_Stop          (abs)        000000
__size_ofi2_I2C_Master_Wait          (abs)        000000
__size_ofi2_I2C_Master_Write         (abs)        000000
__size_ofi2___lwdiv                  (abs)        000000
__size_ofi2___lwmod                  (abs)        000000
__size_ofi2___wmul                   (abs)        000000
__size_ofi2_isdigit                  (abs)        000000
__size_ofi2_lcdInst                  (abs)        000000
__size_ofi2_lcdNibble                (abs)        000000
__size_ofi2_printf                   (abs)        000000
__size_ofi2_putch                    (abs)        000000
__size_ofi2_read_colorsensor         (abs)        000000
__smallconst                         smallconst   000000
_bottle_count                        text11       001172
_bottle_count_disp                   dataBANK0    0000EE
_bottle_time                         text10       002AD2
_bottlequeue                         bssBANK0     000080
_bottlequeue_head                    bssBANK0     00009D
_bottlequeue_tail                    bssBANK0     00009F
_color                               bssCOMRAM    000076
_curr_state                          bssBANK0     0000C3
_date_time                           text8        001C1E
_dec_to_hex                          text47       00159A
_dec_to_hex$1259                     cstackCOMRAM 000065
_dec_to_hex$1260                     cstackCOMRAM 000068
_dpowers                             mediumconst  00FDC8
_emergencystop                       text7        002C06
_end_time                            bssBANK0     0000A1
_errno                               bssBANK0     0000A3
_eska_count                          bssBANK0     0000A5
_eskacap_count                       bssBANK0     0000A7
_eskacaplbl_count                    bssBANK0     0000A9
_eskalbl_count                       bssBANK0     0000AB
_etime                               bssBANK0     0000AD
_eval_poly                           text57       001CF0
_exp                                 text50       000DDE
_exp$1263                            cstackCOMRAM 00004C
_floor                               text52       001B40
_frexp                               text53       00240A
_hexpowers                           mediumconst  00FDD2
_initLCD                             text6        00293C
_isdigit                             text14       002B6C
_isdigit$824                         cstackBANK0  0000D5
_isr                                 intcode      000008
_isr$1359                            cstackCOMRAM 000074
_keys                                mediumconst  00FDB7
_lcdInst                             text18       002C94
_lcdNibble                           text19       0027CE
_ldexp                               text51       001DC2
_log                                 text49       00147C
_main                                text0        001974
_nRBPU                               (abs)        007F8F
_nodedata                            bssBANK0     0000AF
_operation                           text3        001E88
_operation_disp                      bssBANK0     0000B1
_operation_time                      bssBANK0     0000B3
_operationend                        text2        002C46
_pow                                 text48       001306
_pow$1261                            cstackCOMRAM 000058
_pow$1262                            cstackCOMRAM 00005B
_printf                              text12       0006DC
_putch                               text13       002C84
_read_colorsensor                    text4        001696
_read_time                           text41       00269E
_servo_rotate0                       text40       00237A
_servo_rotate1                       text39       002176
_servo_rotate2                       text38       0020C2
_standby                             text1        002CD0
_start_time                          bssBANK0     0000B5
_stime                               bssBANK0     0000B7
_time                                bssBANK0     000096
_timeset                             mediumconst  00FDDA
_total_bottle_count                  bssBANK0     0000B9
_yop_count                           bssBANK0     0000BB
_yopcap_count                        bssBANK0     0000BD
_yopcaplbl_count                     bssBANK0     0000BF
_yoplbl_count                        bssBANK0     0000C1
btemp                                temp         00007E
date_time@i                          cstackBANK0  0000EC
dec_to_hex@hexnum                    cstackCOMRAM 00006F
dec_to_hex@i                         cstackCOMRAM 00006D
dec_to_hex@num                       cstackCOMRAM 000063
dec_to_hex@quotient                  cstackCOMRAM 000071
dec_to_hex@temp                      cstackCOMRAM 00006B
end_of_initialization                cinit        002A8C
eval_poly@d                          cstackCOMRAM 00002B
eval_poly@n                          cstackCOMRAM 00002D
eval_poly@res                        cstackCOMRAM 000031
eval_poly@x                          cstackCOMRAM 000028
exp@coeff                            mediumconst  00FDE1
exp@exponent                         cstackCOMRAM 00004F
exp@sign                             cstackCOMRAM 000051
exp@x                                cstackCOMRAM 000049
floor@expon                          cstackCOMRAM 000047
floor@i                              cstackCOMRAM 000044
floor@x                              cstackCOMRAM 000041
frexp@eptr                           cstackCOMRAM 000004
frexp@value                          cstackCOMRAM 000001
i2I2C_Master_Read@a                  cstackCOMRAM 000002
i2I2C_Master_Read@temp               cstackCOMRAM 000003
i2I2C_Master_Write@d                 cstackCOMRAM 000002
i2_I2C_Master_Read                   text45       002B96
i2_I2C_Master_RepeatedStart          text30       002CF0
i2_I2C_Master_Start                  text44       002D00
i2_I2C_Master_Stop                   text43       002CF8
i2_I2C_Master_Wait                   text46       002C72
i2_I2C_Master_Write                  text42       002CC6
i2___lwdiv                           text35       0028EA
i2___lwdiv@counter                   cstackCOMRAM 000007
i2___lwdiv@dividend                  cstackCOMRAM 000001
i2___lwdiv@divisor                   cstackCOMRAM 000003
i2___lwdiv@quotient                  cstackCOMRAM 000005
i2___lwmod                           text34       0029DA
i2___lwmod@counter                   cstackCOMRAM 00000C
i2___lwmod@dividend                  cstackCOMRAM 000008
i2___lwmod@divisor                   cstackCOMRAM 00000A
i2___wmul                            text58       002BBC
i2___wmul@multiplicand               cstackCOMRAM 000003
i2___wmul@multiplier                 cstackCOMRAM 000001
i2___wmul@product                    cstackCOMRAM 000005
i2_isdigit                           text33       002C28
i2_isdigit$824                       cstackCOMRAM 000002
i2_lcdInst                           text36       002CB0
i2_lcdNibble                         text37       00298C
i2_printf                            text31       000AB2
i2_putch                             text32       002CA4
i2_read_colorsensor                  text29       001F48
i2isdigit@c                          cstackCOMRAM 000003
i2lcdInst@data                       cstackCOMRAM 000003
i2lcdNibble@data                     cstackCOMRAM 000002
i2lcdNibble@temp                     cstackCOMRAM 000001
i2printf@ap                          cstackCOMRAM 000018
i2printf@c                           cstackCOMRAM 000020
i2printf@f                           cstackCOMRAM 00000D
i2printf@flag                        cstackCOMRAM 00001D
i2printf@idx                         cstackCOMRAM 000017
i2printf@prec                        cstackCOMRAM 00001A
i2printf@val                         cstackCOMRAM 00001B
i2printf@width                       cstackCOMRAM 00001E
i2putch@data                         cstackCOMRAM 000003
i2read_colorsensor@color_comb        cstackCOMRAM 000006
i2read_colorsensor@color_high        cstackCOMRAM 000009
i2read_colorsensor@color_low         cstackCOMRAM 000008
i2read_colorsensor@i                 cstackCOMRAM 00000A
int$flags                            temp         00007E
int_func                             intcode_body 000012
intlevel0                            text         000000
intlevel1                            text         000000
intlevel2                            text         000000
intlevel3                            text         000000
isdigit@c                            cstackBANK0  0000D6
isr@i                                cstackCOMRAM 000073
lcdInst@data                         cstackBANK0  0000D6
lcdNibble@data                       cstackBANK0  0000D5
lcdNibble@temp                       cstackBANK0  0000D4
ldexp@newexp                         cstackCOMRAM 000037
ldexp@value                          cstackCOMRAM 000034
log@coeff                            mediumconst  00FDFF
log@exponent                         cstackCOMRAM 000037
log@x                                cstackCOMRAM 000034
pow@sign                             cstackCOMRAM 00005E
pow@x                                cstackCOMRAM 000052
pow@y                                cstackCOMRAM 000055
pow@yi                               cstackCOMRAM 00005F
printf@ap                            cstackBANK1  000101
printf@c                             cstackBANK1  000109
printf@f                             cstackBANK0  0000E0
printf@flag                          cstackBANK1  000106
printf@idx                           cstackBANK1  000100
printf@prec                          cstackBANK1  000103
printf@val                           cstackBANK1  000104
printf@width                         cstackBANK1  000107
putch@data                           cstackBANK0  0000D6
read_colorsensor@color_comb          cstackBANK0  0000D9
read_colorsensor@color_high          cstackBANK0  0000DC
read_colorsensor@color_low           cstackBANK0  0000DB
read_colorsensor@i                   cstackBANK0  0000DD
read_time@i                          cstackCOMRAM 000004
servo_rotate0@degree                 cstackCOMRAM 000001
servo_rotate0@duty                   cstackCOMRAM 000005
servo_rotate0@i                      cstackCOMRAM 000007
servo_rotate0@j                      cstackCOMRAM 000009
servo_rotate1@degree                 cstackCOMRAM 00000F
servo_rotate1@duty                   cstackCOMRAM 000013
servo_rotate1@i                      cstackCOMRAM 000015
servo_rotate1@j                      cstackCOMRAM 000017
servo_rotate2@degree                 cstackCOMRAM 00000F
servo_rotate2@duty                   cstackCOMRAM 000013
servo_rotate2@i                      cstackCOMRAM 000015
servo_rotate2@j                      cstackCOMRAM 000017
stackhi                              (abs)        000F7F
stacklo                              (abs)        00010C
start                                init         00000E
start_initialization                 cinit        002A5C


FUNCTION INFORMATION:

 *************** function _main *****************
 Defined at:
		line 87 in file "main.c"
 Parameters:    Size  Location     Type
		None
 Auto vars:     Size  Location     Type
		None
 Return value:  Size  Location     Type
                  1    wreg      void 
 Registers used:
		wreg, fsr2l, fsr2h, status,2, status,0, tblptrl, tblptrh, tblptru, prodl, prodh, cstack
 Tracked objects:
		On entry : 
		On exit  : 
		Unchanged: 
 Data sizes:     COMRAM   BANK0   BANK1   BANK2   BANK3   BANK4   BANK5   BANK6   BANK7   BANK8   BANK9  BANK10  BANK11  BANK12  BANK13  BANK14  BANK15
      Params:         0       0       0       0       0       0       0       0       0       0       0       0       0       0       0       0       0
      Locals:         0       0       0       0       0       0       0       0       0       0       0       0       0       0       0       0       0
      Temps:          0       0       2       0       0       0       0       0       0       0       0       0       0       0       0       0       0
      Totals:         0       0       2       0       0       0       0       0       0       0       0       0       0       0       0       0       0
Total ram usage:        2 bytes
 Hardware stack levels required when called:   11
 This function calls:
		_I2C_ColorSens_Init
		_I2C_Master_Init
		_bottle_count
		_bottle_time
		_date_time
		_emergencystop
		_initLCD
		_operation
		_operationend
		_standby
 This function is called by:
		Startup code after reset
 This function uses a non-reentrant model


 *************** function _standby *****************
 Defined at:
		line 329 in file "main.c"
 Parameters:    Size  Location     Type
		None
 Auto vars:     Size  Location     Type
		None
 Return value:  Size  Location     Type
                  1    wreg      void 
 Registers used:
		wreg, status,2, status,0, cstack
 Tracked objects:
		On entry : 
		On exit  : 
		Unchanged: 
 Data sizes:     COMRAM   BANK0   BANK1   BANK2   BANK3   BANK4   BANK5   BANK6   BANK7   BANK8   BANK9  BANK10  BANK11  BANK12  BANK13  BANK14  BANK15
      Params:         0       0       0       0       0       0       0       0       0       0       0       0       0       0       0       0       0
      Locals:         0       0       0       0       0       0       0       0       0       0       0       0       0       0       0       0       0
      Temps:          0       0       0       0       0       0       0       0       0       0       0       0       0       0       0       0       0
      Totals:         0       0       0       0       0       0       0       0       0       0       0       0       0       0       0       0       0
Total ram usage:        0 bytes
 Hardware stack levels used:    1
 Hardware stack levels required when called:    9
 This function calls:
		_lcdInst
 This function is called by:
		_main
 This function uses a non-reentrant model


 *************** function _operationend *****************
 Defined at:
		line 479 in file "main.c"
 Parameters:    Size  Location     Type
		None
 Auto vars:     Size  Location     Type
		None
 Return value:  Size  Location     Type
                  1    wreg      void 
 Registers used:
		wreg, fsr2l, fsr2h, status,2, status,0, tblptrl, tblptrh, tblptru, prodl, prodh, cstack
 Tracked objects:
		On entry : 
		On exit  : 
		Unchanged: 
 Data sizes:     COMRAM   BANK0   BANK1   BANK2   BANK3   BANK4   BANK5   BANK6   BANK7   BANK8   BANK9  BANK10  BANK11  BANK12  BANK13  BANK14  BANK15
      Params:         0       0       0       0       0       0       0       0       0       0       0       0       0       0       0       0       0
      Locals:         0       0       0       0       0       0       0       0       0       0       0       0       0       0       0       0       0
      Temps:          0       0       0       0       0       0       0       0       0       0       0       0       0       0       0       0       0
      Totals:         0       0       0       0       0       0       0       0       0       0       0       0       0       0       0       0       0
Total ram usage:        0 bytes
 Hardware stack levels used:    1
 Hardware stack levels required when called:   10
 This function calls:
		_lcdInst
		_printf
 This function is called by:
		_main
 This function uses a non-reentrant model


 *************** function _operation *****************
 Defined at:
		line 454 in file "main.c"
 Parameters:    Size  Location     Type
		None
 Auto vars:     Size  Location     Type
		None
 Return value:  Size  Location     Type
                  1    wreg      void 
 Registers used:
		wreg, fsr2l, fsr2h, status,2, status,0, tblptrl, tblptrh, tblptru, prodl, prodh, cstack
 Tracked objects:
		On entry : 
		On exit  : 
		Unchanged: 
 Data sizes:     COMRAM   BANK0   BANK1   BANK2   BANK3   BANK4   BANK5   BANK6   BANK7   BANK8   BANK9  BANK10  BANK11  BANK12  BANK13  BANK14  BANK15
      Params:         0       0       0       0       0       0       0       0       0       0       0       0       0       0       0       0       0
      Locals:         0       0       0       0       0       0       0       0       0       0       0       0       0       0       0       0       0
      Temps:          0       2       0       0       0       0       0       0       0       0       0       0       0       0       0       0       0
      Totals:         0       2       0       0       0       0       0       0       0       0       0       0       0       0       0       0       0
Total ram usage:        2 bytes
 Hardware stack levels used:    1
 Hardware stack levels required when called:   10
 This function calls:
		_lcdInst
		_printf
		_read_colorsensor
 This function is called by:
		_main
 This function uses a non-reentrant model


 *************** function _read_colorsensor *****************
 Defined at:
		line 534 in file "main.c"
 Parameters:    Size  Location     Type
		None
 Auto vars:     Size  Location     Type
  i               2   25[BANK0 ] int 
  color_comb      2   21[BANK0 ] int 
  color_high      1   24[BANK0 ] unsigned char 
  color_low       1   23[BANK0 ] unsigned char 
 Return value:  Size  Location     Type
                  1    wreg      void 
 Registers used:
		wreg, fsr2l, fsr2h, status,2, status,0, cstack
 Tracked objects:
		On entry : 
		On exit  : 
		Unchanged: 
 Data sizes:     COMRAM   BANK0   BANK1   BANK2   BANK3   BANK4   BANK5   BANK6   BANK7   BANK8   BANK9  BANK10  BANK11  BANK12  BANK13  BANK14  BANK15
      Params:         0       0       0       0       0       0       0       0       0       0       0       0       0       0       0       0       0
      Locals:         0       6       0       0       0       0       0       0       0       0       0       0       0       0       0       0       0
      Temps:          0       2       0       0       0       0       0       0       0       0       0       0       0       0       0       0       0
      Totals:         0       8       0       0       0       0       0       0       0       0       0       0       0       0       0       0       0
Total ram usage:        8 bytes
 Hardware stack levels used:    1
 Hardware stack levels required when called:    9
 This function calls:
		_I2C_Master_Read
		_I2C_Master_RepeatedStart
		_I2C_Master_Start
		_I2C_Master_Stop
		_I2C_Master_Write
 This function is called by:
		_operation
 This function uses a non-reentrant model


 *************** function _I2C_Master_RepeatedStart *****************
 Defined at:
		line 35 in file "I2C.c"
 Parameters:    Size  Location     Type
		None
 Auto vars:     Size  Location     Type
		None
 Return value:  Size  Location     Type
                  1    wreg      void 
 Registers used:
		wreg, status,2, status,0, cstack
 Tracked objects:
		On entry : 
		On exit  : 
		Unchanged: 
 Data sizes:     COMRAM   BANK0   BANK1   BANK2   BANK3   BANK4   BANK5   BANK6   BANK7   BANK8   BANK9  BANK10  BANK11  BANK12  BANK13  BANK14  BANK15
      Params:         0       0       0       0       0       0       0       0       0       0       0       0       0       0       0       0       0
      Locals:         0       0       0       0       0       0       0       0       0       0       0       0       0       0       0       0       0
      Temps:          0       0       0       0       0       0       0       0       0       0       0       0       0       0       0       0       0
      Totals:         0       0       0       0       0       0       0       0       0       0       0       0       0       0       0       0       0
Total ram usage:        0 bytes
 Hardware stack levels used:    1
 Hardware stack levels required when called:    8
 This function calls:
		_I2C_Master_Wait
 This function is called by:
		_read_colorsensor
[...]
  f2              3   42[COMRAM] float 
 Auto vars:     Size  Location     Type
		None
 Return value:  Size  Location     Type
                  3   39[COMRAM] float 
 Registers used:
		wreg, status,2, status,0, cstack
 Tracked objects:
		On entry : 
		On exit  : 
		Unchanged: 
 Data sizes:     COMRAM   BANK0   BANK1   BANK2   BANK3   BANK4   BANK5   BANK6   BANK7   BANK8   BANK9  BANK10  BANK11  BANK12  BANK13  BANK14  BANK15
      Params:         6       0       0       0       0       0       0       0       0       0       0       0       0       0       0       0       0
      Locals:         0       0       0       0       0       0       0       0       0       0       0       0       0       0       0       0       0
      Temps:          0       0       0       0       0       0       0       0       0       0       0       0       0       0       0       0       0
      Totals:         6       0       0       0       0       0       0       0       0       0       0       0       0       0       0       0       0
Total ram usage:        6 bytes
 Hardware stack levels used:    1
 Hardware stack levels required when called:    2
 This function calls:
		___ftadd
 This function is called by:
		_exp
 This function uses a non-reentrant model


 *************** function ___ftadd *****************
 Defined at:
		line 86 in file "C:\Program Files (x86)\Microchip\xc8\v1.40\sources\common\ftadd.c"
 Parameters:    Size  Location     Type
  f1              3   27[COMRAM] float 
  f2              3   30[COMRAM] float 
 Auto vars:     Size  Location     Type
  exp1            1   38[COMRAM] unsigned char 
  exp2            1   37[COMRAM] unsigned char 
  sign            1   36[COMRAM] unsigned char 
 Return value:  Size  Location     Type
                  3   27[COMRAM] float 
 Registers used:
		wreg, status,2, status,0, cstack
 Tracked objects:
		On entry : 
		On exit  : 
		Unchanged: 
 Data sizes:     COMRAM   BANK0   BANK1   BANK2   BANK3   BANK4   BANK5   BANK6   BANK7   BANK8   BANK9  BANK10  BANK11  BANK12  BANK13  BANK14  BANK15
      Params:         6       0       0       0       0       0       0       0       0       0       0       0       0       0       0       0       0
      Locals:         3       0       0       0       0       0       0       0       0       0       0       0       0       0       0       0       0
      Temps:          3       0       0       0       0       0       0       0       0       0       0       0       0       0       0       0       0
      Totals:        12       0       0       0       0       0       0       0       0       0       0       0       0       0       0       0       0
Total ram usage:       12 bytes
 Hardware stack levels used:    1
 Hardware stack levels required when called:    1
 This function calls:
		___ftpack
 This function is called by:
		_dec_to_hex
		___ftsub
		_floor
		_log
		_eval_poly
 This function uses a non-reentrant model


 *************** function ___ftneg *****************
 Defined at:
		line 15 in file "C:\Program Files (x86)\Microchip\xc8\v1.40\sources\common\ftneg.c"
 Parameters:    Size  Location     Type
  f1              3    0[COMRAM] float 
 Auto vars:     Size  Location     Type
		None
 Return value:  Size  Location     Type
                  3    0[COMRAM] float 
 Registers used:
		wreg, status,2, status,0
 Tracked objects:
		On entry : 
		On exit  : 
		Unchanged: 
 Data sizes:     COMRAM   BANK0   BANK1   BANK2   BANK3   BANK4   BANK5   BANK6   BANK7   BANK8   BANK9  BANK10  BANK11  BANK12  BANK13  BANK14  BANK15
      Params:         3       0       0       0       0       0       0       0       0       0       0       0       0       0       0       0       0
      Locals:         0       0       0       0       0       0       0       0       0       0       0       0       0       0       0       0       0
      Temps:          0       0       0       0       0       0       0       0       0       0       0       0       0       0       0       0       0
      Totals:         3       0       0       0       0       0       0       0       0       0       0       0       0       0       0       0       0
Total ram usage:        3 bytes
 Hardware stack levels used:    1
 This function calls:
		Nothing
 This function is called by:
		_pow
		_exp
 This function uses a non-reentrant model


 *************** function ___ftdiv *****************
 Defined at:
		line 54 in file "C:\Program Files (x86)\Microchip\xc8\v1.40\sources\common\ftdiv.c"
 Parameters:    Size  Location     Type
  f1              3    8[COMRAM] float 
  f2              3   11[COMRAM] float 
 Auto vars:     Size  Location     Type
  f3              3   18[COMRAM] float 
  sign            1   22[COMRAM] unsigned char 
  exp             1   21[COMRAM] unsigned char 
  cntr            1   17[COMRAM] unsigned char 
 Return value:  Size  Location     Type
                  3    8[COMRAM] float 
 Registers used:
		wreg, status,2, status,0, cstack
 Tracked objects:
		On entry : 
		On exit  : 
		Unchanged: 
 Data sizes:     COMRAM   BANK0   BANK1   BANK2   BANK3   BANK4   BANK5   BANK6   BANK7   BANK8   BANK9  BANK10  BANK11  BANK12  BANK13  BANK14  BANK15
      Params:         6       0       0       0       0       0       0       0       0       0       0       0       0       0       0       0       0
      Locals:         6       0       0       0       0       0       0       0       0       0       0       0       0       0       0       0       0
      Temps:          3       0       0       0       0       0       0       0       0       0       0       0       0       0       0       0       0
      Totals:        15       0       0       0       0       0       0       0       0       0       0       0       0       0       0       0       0
Total ram usage:       15 bytes
 Hardware stack levels used:    1
 Hardware stack levels required when called:    1
 This function calls:
		___ftpack
 This function is called by:
		_exp
 This function uses a non-reentrant model


 *************** function ___awtoft *****************
 Defined at:
		line 32 in file "C:\Program Files (x86)\Microchip\xc8\v1.40\sources\common\awtoft.c"
 Parameters:    Size  Location     Type
  c               2    8[COMRAM] int 
 Auto vars:     Size  Location     Type
  sign            1   11[COMRAM] unsigned char 
 Return value:  Size  Location     Type
                  3    8[COMRAM] float 
 Registers used:
		wreg, status,2, status,0, cstack
 Tracked objects:
		On entry : 
		On exit  : 
		Unchanged: 
 Data sizes:     COMRAM   BANK0   BANK1   BANK2   BANK3   BANK4   BANK5   BANK6   BANK7   BANK8   BANK9  BANK10  BANK11  BANK12  BANK13  BANK14  BANK15
      Params:         3       0       0       0       0       0       0       0       0       0       0       0       0       0       0       0       0
      Locals:         1       0       0       0       0       0       0       0       0       0       0       0       0       0       0       0       0
      Temps:          0       0       0       0       0       0       0       0       0       0       0       0       0       0       0       0       0
      Totals:         4       0       0       0       0       0       0       0       0       0       0       0       0       0       0       0       0
Total ram usage:        4 bytes
 Hardware stack levels used:    1
 Hardware stack levels required when called:    1
 This function calls:
		___ftpack
 This function is called by:
		_dec_to_hex
		_exp
		_log
 This function uses a non-reentrant model


 *************** function ___lltoft *****************
 Defined at:
		line 35 in file "C:\Program Files (x86)\Microchip\xc8\v1.40\sources\common\lltoft.c"
 Parameters:    Size  Location     Type
  c               4    8[COMRAM] unsigned long 
 Auto vars:     Size  Location     Type
  exp             1   16[COMRAM] unsigned char 
 Return value:  Size  Location     Type
                  3    8[COMRAM] float 
 Registers used:
		wreg, status,2, status,0, cstack
 Tracked objects:
		On entry : 
		On exit  : 
		Unchanged: 
 Data sizes:     COMRAM   BANK0   BANK1   BANK2   BANK3   BANK4   BANK5   BANK6   BANK7   BANK8   BANK9  BANK10  BANK11  BANK12  BANK13  BANK14  BANK15
      Params:         4       0       0       0       0       0       0       0       0       0       0       0       0       0       0       0       0
      Locals:         1       0       0       0       0       0       0       0       0       0       0       0       0       0       0       0       0
      Temps:          4       0       0       0       0       0       0       0       0       0       0       0       0       0       0       0       0
      Totals:         9       0       0       0       0       0       0       0       0       0       0       0       0       0       0       0       0
Total ram usage:        9 bytes
 Hardware stack levels used:    1
 Hardware stack levels required when called:    1
 This function calls:
		___ftpack
 This function is called by:
		_pow
 This function uses a non-reentrant model


 *************** function ___ftpack *****************
 Defined at:
		line 62 in file "C:\Program Files (x86)\Microchip\xc8\v1.40\sources\common\float.c"
 Parameters:    Size  Location     Type
  arg             3    0[COMRAM] unsigned um
  exp             1    3[COMRAM] unsigned char 
  sign            1    4[COMRAM] unsigned char 
 Auto vars:     Size  Location     Type
		None
 Return value:  Size  Location     Type
                  3    0[COMRAM] float 
 Registers used:
		wreg, status,2, status,0
 Tracked objects:
		On entry : 
		On exit  : 
		Unchanged: 
 Data sizes:     COMRAM   BANK0   BANK1   BANK2   BANK3   BANK4   BANK5   BANK6   BANK7   BANK8   BANK9  BANK10  BANK11  BANK12  BANK13  BANK14  BANK15
      Params:         5       0       0       0       0       0       0       0       0       0       0       0       0       0       0       0       0
      Locals:         0       0       0       0       0       0       0       0       0       0       0       0       0       0       0       0       0
      Temps:          3       0       0       0       0       0       0       0       0       0       0       0       0       0       0       0       0
      Totals:         8       0       0       0       0       0       0       0       0       0       0       0       0       0       0       0       0
Total ram usage:        8 bytes
 Hardware stack levels used:    1
 This function calls:
		Nothing
 This function is called by:
		___altoft
		___awtoft
		___ftadd
		___ftdiv
		___ftmul
		___lltoft
 This function uses a non-reentrant model


 *************** function ___awdiv *****************
 Defined at:
		line 8 in file "C:\Program Files (x86)\Microchip\xc8\v1.40\sources\common\awdiv.c"
 Parameters:    Size  Location     Type
  dividend        2    6[COMRAM] int 
  divisor         2    8[COMRAM] int 
 Auto vars:     Size  Location     Type
  quotient        2   12[COMRAM] int 
  sign            1   11[COMRAM] unsigned char 
  counter         1   10[COMRAM] unsigned char 
 Return value:  Size  Location     Type
                  2    6[COMRAM] int 
 Registers used:
		wreg, status,2, status,0
 Tracked objects:
		On entry : 
		On exit  : 
		Unchanged: 
 Data sizes:     COMRAM   BANK0   BANK1   BANK2   BANK3   BANK4   BANK5   BANK6   BANK7   BANK8   BANK9  BANK10  BANK11  BANK12  BANK13  BANK14  BANK15
      Params:         4       0       0       0       0       0       0       0       0       0       0       0       0       0       0       0       0
      Locals:         4       0       0       0       0       0       0       0       0       0       0       0       0       0       0       0       0
      Temps:          0       0       0       0       0       0       0       0       0       0       0       0       0       0       0       0       0
      Totals:         8       0       0       0       0       0       0       0       0       0       0       0       0       0       0       0       0
Total ram usage:        8 bytes
 Hardware stack levels used:    1
 This function calls:
		Nothing
 This function is called by:
		_dec_to_hex
		_servo_rotate1
		_servo_rotate2
 This function uses a non-reentrant model



MODULE INFORMATION

Module		Function		Class		Link	Load	Size
C:\Program Files (x86)\Microchip\xc8\v1.40\sources\common\awtoft.c
		___awtoft      		CODE           	2A9A	0000	57

C:\Program Files (x86)\Microchip\xc8\v1.40\sources\common\awtoft.c estimated size: 57

C:\Program Files (x86)\Microchip\xc8\v1.40\sources\common\altoft.c
		___altoft      		CODE           	2626	0000	121

C:\Program Files (x86)\Microchip\xc8\v1.40\sources\common\altoft.c estimated size: 121

C:\Program Files (x86)\Microchip\xc8\v1.40\sources\common\evalpoly.c
		_eval_poly     		CODE           	1CF0	0000	211

C:\Program Files (x86)\Microchip\xc8\v1.40\sources\common\evalpoly.c estimated size: 211

C:\Program Files (x86)\Microchip\xc8\v1.40\sources\common\ftneg.c
		___ftneg       		CODE           	2BE2	0000	37

C:\Program Files (x86)\Microchip\xc8\v1.40\sources\common\ftneg.c estimated size: 37

C:\Program Files (x86)\Microchip\xc8\v1.40\sources\common\doprnt.c
		_printf        		CODE           	06DC	0000	983

C:\Program Files (x86)\Microchip\xc8\v1.40\sources\common\doprnt.c estimated size: 983

C:\Program Files (x86)\Microchip\xc8\v1.40\sources\common\exp.c
		_exp           		CODE           	0DDE	0000	489

C:\Program Files (x86)\Microchip\xc8\v1.40\sources\common\exp.c estimated size: 489

C:\Program Files (x86)\Microchip\xc8\v1.40\sources\common\lltoft.c
		___lltoft      		CODE           	288E	0000	93

C:\Program Files (x86)\Microchip\xc8\v1.40\sources\common\lltoft.c estimated size: 93

C:\Program Files (x86)\Microchip\xc8\v1.40\sources\common\ftsub.c
		___ftsub       		CODE           	2A1C	0000	65

C:\Program Files (x86)\Microchip\xc8\v1.40\sources\common\ftsub.c estimated size: 65

C:\Program Files (x86)\Microchip\xc8\v1.40\sources\common\float.c
		___ftpack      		CODE           	222A	0000	175

C:\Program Files (x86)\Microchip\xc8\v1.40\sources\common\float.c estimated size: 175

I2C.c
		_I2C_Master_Read		CODE           	2B3E	0000	47
		_I2C_Master_Wait		CODE           	2C5E	0000	21
		_I2C_Master_Init		CODE           	282E	0000	97
		_I2C_Master_Stop		CODE           	2CE0	0000	9
		_I2C_Master_RepeatedStart		CODE           	2CD8	0000	9
		_I2C_ColorSens_Init		CODE           	2706	0000	103
		_I2C_Master_Write		CODE           	2CBC	0000	11
		_I2C_Master_Start		CODE           	2CE8	0000	9

I2C.c estimated size: 306

C:\Program Files (x86)\Microchip\xc8\v1.40\sources\common\frexp.c
		_ldexp         		CODE           	1DC2	0000	199
		_frexp         		CODE           	240A	0000	145

C:\Program Files (x86)\Microchip\xc8\v1.40\sources\common\frexp.c estimated size: 344

C:\Program Files (x86)\Microchip\xc8\v1.40\sources\common\log.c
		_log           		CODE           	147C	0000	287

C:\Program Files (x86)\Microchip\xc8\v1.40\sources\common\log.c estimated size: 287

C:\Program Files (x86)\Microchip\xc8\v1.40\sources\common\ftge.c
		___ftge        		CODE           	249A	0000	145

C:\Program Files (x86)\Microchip\xc8\v1.40\sources\common\ftge.c estimated size: 145

C:\Program Files (x86)\Microchip\xc8\v1.40\sources\common\Umul16.c
		___wmul        		CODE           	2B08	0000	55

C:\Program Files (x86)\Microchip\xc8\v1.40\sources\common\Umul16.c estimated size: 55

C:\Program Files (x86)\Microchip\xc8\v1.40\sources\common\floor.c
		_floor         		CODE           	1B40	0000	223

C:\Program Files (x86)\Microchip\xc8\v1.40\sources\common\floor.c estimated size: 223

C:\Program Files (x86)\Microchip\xc8\v1.40\sources\common\lwmod.c
		___lwmod       		CODE           	276C	0000	99

C:\Program Files (x86)\Microchip\xc8\v1.40\sources\common\lwmod.c estimated size: 99

C:\Program Files (x86)\Microchip\xc8\v1.40\sources\common\ftmul.c
		___ftmul       		CODE           	1880	0000	245

C:\Program Files (x86)\Microchip\xc8\v1.40\sources\common\ftmul.c estimated size: 245

C:\Program Files (x86)\Microchip\xc8\v1.40\sources\common\awmod.c
		___awmod       		CODE           	22D8	0000	163

C:\Program Files (x86)\Microchip\xc8\v1.40\sources\common\awmod.c estimated size: 163

C:\Program Files (x86)\Microchip\xc8\v1.40\sources\common\ftdiv.c
		___ftdiv       		CODE           	1A5A	0000	231

C:\Program Files (x86)\Microchip\xc8\v1.40\sources\common\ftdiv.c estimated size: 231

C:\Program Files (x86)\Microchip\xc8\v1.40\sources\common\pow.c
		_pow           		CODE           	1306	0000	375

C:\Program Files (x86)\Microchip\xc8\v1.40\sources\common\pow.c estimated size: 375

C:\Program Files (x86)\Microchip\xc8\v1.40\sources\common\isdigit.c
		_isdigit       		CODE           	2B6C	0000	43

C:\Program Files (x86)\Microchip\xc8\v1.40\sources\common\isdigit.c estimated size: 43

shared
		i2_printf      		CODE           	0AB2	0000	813
		exp@coeff      		MEDIUMCONST    	FDE1	0000	31
		i2_I2C_Master_Start		CODE           	2D00	0000	9
		i2_putch       		CODE           	2CA4	0000	13
		i2_lcdNibble   		CODE           	298C	0000	79
		_dpowers       		MEDIUMCONST    	FDC8	0000	11
		i2___lwdiv     		CODE           	28EA	0000	83
		_timeset       		MEDIUMCONST    	FDDA	0000	8
		i2_isdigit     		CODE           	2C28	0000	31
		i2___wmul      		CODE           	2BBC	0000	39
		i2_I2C_Master_Read		CODE           	2B96	0000	39
		i2___lwmod     		CODE           	29DA	0000	67
		_keys          		MEDIUMCONST    	FDB7	0000	18
		__initialization		CODE           	2A5C	0000	49
		i2_read_colorsensor		CODE           	1F48	0000	191
		i2_I2C_Master_Wait		CODE           	2C72	0000	19
		_hexpowers     		MEDIUMCONST    	FDD2	0000	9
		i2_I2C_Master_Stop		CODE           	2CF8	0000	9
		log@coeff      		MEDIUMCONST    	FDFF	0000	28
		i2_lcdInst     		CODE           	2CB0	0000	13
		i2_I2C_Master_RepeatedStart		CODE           	2CF0	0000	9
		i2_I2C_Master_Write		CODE           	2CC6	0000	11

shared estimated size: 1579

lcd.c
		_putch         		CODE           	2C84	0000	17
		_lcdInst       		CODE           	2C94	0000	17
		_lcdNibble     		CODE           	27CE	0000	97
		_initLCD       		CODE           	293C	0000	81

lcd.c estimated size: 212

C:\Program Files (x86)\Microchip\xc8\v1.40\sources\common\fttol.c
		___fttol       		CODE           	178C	0000	245

C:\Program Files (x86)\Microchip\xc8\v1.40\sources\common\fttol.c estimated size: 245

C:\Program Files (x86)\Microchip\xc8\v1.40\sources\common\lwdiv.c
		___lwdiv       		CODE           	25AE	0000	121

C:\Program Files (x86)\Microchip\xc8\v1.40\sources\common\lwdiv.c estimated size: 121

C:\Program Files (x86)\Microchip\xc8\v1.40\sources\common\awdiv.c
		___awdiv       		CODE           	252A	0000	133

C:\Program Files (x86)\Microchip\xc8\v1.40\sources\common\awdiv.c estimated size: 133

main.c
		_bottle_time   		CODE           	2AD2	0000	55
		_read_colorsensor		CODE           	1696	0000	247
		_bottle_count  		CODE           	1172	0000	405
		_dec_to_hex    		CODE           	159A	0000	253
		_main          		CODE           	1974	0000	231
		_date_time     		CODE           	1C1E	0000	211
		_isr           		CODE           	0008	0000	1745
		_standby       		CODE           	2CD0	0000	9
		_operation     		CODE           	1E88	0000	193
		_operationend  		CODE           	2C46	0000	25
		_read_time     		CODE           	269E	0000	105
		_servo_rotate0 		CODE           	237A	0000	145
		_servo_rotate1 		CODE           	2176	0000	181
		_servo_rotate2 		CODE           	20C2	0000	181
		_emergencystop 		CODE           	2C06	0000	35

main.c estimated size: 4021

C:\Program Files (x86)\Microchip\xc8\v1.40\sources\common\ftadd.c
		___ftadd       		CODE           	0FC6	0000	429

C:\Program Files (x86)\Microchip\xc8\v1.40\sources\common\ftadd.c estimated size: 429

C:\Program Files (x86)\Microchip\xc8\v1.40\sources\common\lldiv.c
		___lldiv       		CODE           	2006	0000	189

C:\Program Files (x86)\Microchip\xc8\v1.40\sources\common\lldiv.c estimated size: 189

