Microchip MPLAB XC8 Compiler V1.40 ()

Linker command line:

-W-3 --edf=C:\Program Files (x86)\Microchip\xc8\v1.40\dat\en_msgs.txt -cs \
  -h+dist/default/production\AER201_PIC.X.production.sym \
  --cmf=dist/default/production\AER201_PIC.X.production.cmf -z -Q18F4620 \
  -oC:\Users\shich\AppData\Local\Temp\sa3s.2 \
  -Mdist/default/production/AER201_PIC.X.production.map -E1 -ver=XC8 \
  -ASTACK=092h-0f7fh -pstack=STACK -ACODE=00h-0FFFFh -ACONST=00h-0FFFFh \
  -ASMALLCONST=01000h-010FFhx240 -AMEDIUMCONST=01000h-0FFFFh \
  -ACOMRAM=01h-07Fh -AABS1=00h-0F7Fh -ABIGRAM=01h-0F7Fh \
  -ARAM=080h-0FFh,0100h-01FFhx14,0F00h-0F7Fh -ABANK0=080h-0FFh \
  -ABANK1=0100h-01FFh -ABANK2=0200h-02FFh -ABANK3=0300h-03FFh \
  -ABANK4=0400h-04FFh -ABANK5=0500h-05FFh -ABANK6=0600h-06FFh \
  -ABANK7=0700h-07FFh -ABANK8=0800h-08FFh -ABANK9=0900h-09FFh \
  -ABANK10=0A00h-0AFFh -ABANK11=0B00h-0BFFh -ABANK12=0C00h-0CFFh \
  -ABANK13=0D00h-0DFFh -ABANK14=0E00h-0EFFh -ABANK15=0F00h-0F7Fh \
  -ASFR=0F80h-0FFFh -preset_vec=00h,intcode=08h,intcodelo,powerup,init \
  -pramtop=01000h -psmallconst=SMALLCONST -pmediumconst=MEDIUMCONST \
  -pconst=CONST -AFARRAM=00h-00h -ACONFIG=0300000h-030000Dh -pconfig=CONFIG \
  -AIDLOC=0200000h-0200007h -pidloc=IDLOC -AEEDATA=0F00000h-0F003FFh \
  -peeprom_data=EEDATA \
  -prdata=COMRAM,nvrram=COMRAM,nvbit=COMRAM,rbss=COMRAM,rbit=COMRAM \
  -pfarbss=FARRAM,fardata=FARRAM,nvFARRAM=FARRAM \
  -pintsave_regs=BIGRAM,bigbss=BIGRAM,bigdata=BIGRAM -pbss=RAM \
  -pidata=CODE,irdata=CODE,ibigdata=CODE,ifardata=CODE -prparam=COMRAM \
  C:\Users\shich\AppData\Local\Temp\sa3s.obj \
  dist/default/production\AER201_PIC.X.production.obj 

Object code version is 3.11

Machine type is 18F4620

Call graph: (short form)




                Name                               Link     Load   Length Selector   Space Scale
C:\Users\shich\AppData\Local\Temp\sa3s.obj
                init                                  E        E        4        4       0
                reset_vec                             0        0        4        0       0
                idloc                            200000   200000        8   200000       0
                config                           300000   300000        E   300000       0
dist/default/production\AER201_PIC.X.production.obj
                intcode                               8        8        6        4       0
                temp                                 53       53        1        1       1
                mediumconst                        FE1C     FE1C      1E4     7F0E       0
                text39                             10BC     10BC       12        4       0
                text38                             101E     101E       26        4       0
                text37                             112A     112A        8        4       0
                text36                             1122     1122        8        4       0
                text35                             1108     1108        A        4       0
                text34                              C56      C56       66        4       0
                text33                              E0A      E0A       4E        4       0
                text32                             10F2     10F2        C        4       0
                text31                              D6A      D6A       52        4       0
                text30                              EE6      EE6       42        4       0
                text29                              FF8      FF8       26        4       0
                text28                             1062     1062       1E        4       0
                text27                             10E6     10E6        C        4       0
                text26                              3B6      3B6      30C        4       0
                intcode_body                        6C2      6C2      17C        4       0
                text24                              AE4      AE4       82        4       0
                text23                              CBC      CBC       5C        4       0
                text22                              BE6      BE6       70        4       0
                text21                              DBC      DBC       4E        4       0
                text20                             10DA     10DA        C        4       0
                text19                              D18      D18       52        4       0
                text18                              EA4      EA4       42        4       0
                text17                              FD2      FD2       26        4       0
                text16                             1044     1044       1E        4       0
                text15                             10CE     10CE        C        4       0
                text14                               12       12      3A4        4       0
                text13                              83E      83E      11A        4       0
                text12                              FAC      FAC       26        4       0
                text11                             10AA     10AA       12        4       0
                text10                              F86      F86       26        4       0
                text9                              111A     111A        8        4       0
                text8                              1112     1112        8        4       0
                text7                              10FE     10FE        A        4       0
                text6                               A2E      A2E       B6        4       0
                text5                              1080     1080       16        4       0
                text4                               E58      E58       4C        4       0
                text3                               B66      B66       80        4       0
                text2                              1096     1096       14        4       0
                text1                               F5A      F5A       2C        4       0
                text0                               958      958       D6        4       0
                cstackCOMRAM                          1        1       40        1       1
                cstackBANK0                          80       80       12       80       1
                dataCOMRAM                           51       51        2        1       1
                bssCOMRAM                            41       41       10        1       1
                cinit                               F28      F28       32        4       0
                idataCOMRAM                        1132     1132        2        4       0

TOTAL           Name                               Link     Load   Length     Space
        CLASS   STACK          

        CLASS   CODE           
                intcode                               8        8        6         0
                init                                  E        E        4         0
                reset_vec                             0        0        4         0
                text39                             10BC     10BC       12         0
                text38                             101E     101E       26         0
                text37                             112A     112A        8         0
                text36                             1122     1122        8         0
                text35                             1108     1108        A         0
                text34                              C56      C56       66         0
                text33                              E0A      E0A       4E         0
                text32                             10F2     10F2        C         0
                text31                              D6A      D6A       52         0
                text30                              EE6      EE6       42         0
                text29                              FF8      FF8       26         0
                text28                             1062     1062       1E         0
                text27                             10E6     10E6        C         0
                text26                              3B6      3B6      30C         0
                intcode_body                        6C2      6C2      17C         0
                text24                              AE4      AE4       82         0
                text23                              CBC      CBC       5C         0
                text22                              BE6      BE6       70         0
                text21                              DBC      DBC       4E         0
                text20                             10DA     10DA        C         0
                text19                              D18      D18       52         0
                text18                              EA4      EA4       42         0
                text17                              FD2      FD2       26         0
                text16                             1044     1044       1E         0
                text15                             10CE     10CE        C         0
                text14                               12       12      3A4         0
                text13                              83E      83E      11A         0
                text12                              FAC      FAC       26         0
                text11                             10AA     10AA       12         0
                text10                              F86      F86       26         0
                text9                              111A     111A        8         0
                text8                              1112     1112        8         0
                text7                              10FE     10FE        A         0
                text6                               A2E      A2E       B6         0
                text5                              1080     1080       16         0
                text4                               E58      E58       4C         0
                text3                               B66      B66       80         0
                text2                              1096     1096       14         0
                text1                               F5A      F5A       2C         0
                text0                               958      958       D6         0
                cinit                               F28      F28       32         0
                idataCOMRAM                        1132     1132        2         0

        CLASS   CONST          

        CLASS   SMALLCONST     

        CLASS   MEDIUMCONST    
                mediumconst                        FE1C     FE1C      1E4         0

        CLASS   COMRAM         
                temp                                 53       53        1         1
                cstackCOMRAM                          1        1       40         1
                dataCOMRAM                           51       51        2         1
                bssCOMRAM                            41       41       10         1

        CLASS   ABS1           

        CLASS   BIGRAM         

        CLASS   RAM            

        CLASS   BANK0          
                cstackBANK0                          80       80       12         1

        CLASS   BANK1          

        CLASS   BANK2          

        CLASS   BANK3          

        CLASS   BANK4          

        CLASS   BANK5          

        CLASS   BANK6          

        CLASS   BANK7          

        CLASS   BANK8          

        CLASS   BANK9          

        CLASS   BANK10         

        CLASS   BANK11         

        CLASS   BANK12         

        CLASS   BANK13         

        CLASS   BANK14         

        CLASS   BANK15         

        CLASS   SFR            

        CLASS   FARRAM         

        CLASS   CONFIG         
                config                           300000   300000        E         0

        CLASS   IDLOC          
                idloc                            200000   200000        8         0

        CLASS   EEDATA         



SEGMENTS        Name                           Load    Length   Top    Selector   Space  Class

                reset_vec                      000000  000004  000004         0       0  CODE    
                cstackCOMRAM                   000001  000053  000054         1       1  COMRAM  
                intcode                        000008  00112C  001134         4       0  CODE    
                cstackBANK0                    000080  000012  000092        80       1  BANK0   
                mediumconst                    00FE1C  0001E4  010000      7F0E       0  MEDIUMCO
                idloc                          200000  000008  200008    200000       0  IDLOC   
                config                         300000  00000E  30000E    300000       0  CONFIG  


UNUSED ADDRESS RANGES

        Name                Unused          Largest block    Delta
        BANK0            000092-0000FF               6E
        BANK1            000100-0001FF              100
        BANK10           000A00-000AFF              100
        BANK11           000B00-000BFF              100
        BANK12           000C00-000CFF              100
        BANK13           000D00-000DFF              100
        BANK14           000E00-000EFF              100
        BANK15           000F00-000F7F               80
        BANK2            000200-0002FF              100
        BANK3            000300-0003FF              100
        BANK4            000400-0004FF              100
        BANK5            000500-0005FF              100
        BANK6            000600-0006FF              100
        BANK7            000700-0007FF              100
        BANK8            000800-0008FF              100
        BANK9            000900-0009FF              100
        BIGRAM           000054-00007F               2C
                         000092-000F7F              EEE
        CODE             000004-000007                4
                         001134-00FE1B             ECE8
        COMRAM           000054-00007F               2C
        CONST            000004-000007                4
                         001134-00FE1B             ECE8
        EEDATA           F00000-F003FF              400
        MEDIUMCONST      001134-00FE1B             ECE8
        RAM              000092-000F7F              100
        SFR              000F80-000FFF               80
        SMALLCONST       001134-00FE1B              100
        STACK            000092-000F7F              EEE

                                  Symbol Table

?___awmod                    cstackCOMRAM 00002D
?___lldiv                    cstackCOMRAM 00002D
?___lwdiv                    cstackCOMRAM 00002D
?___lwmod                    cstackCOMRAM 000034
?___wmul                     cstackCOMRAM 00002D
?_printf                     cstackCOMRAM 000039
?i2___lwdiv                  cstackCOMRAM 000001
?i2___lwmod                  cstackCOMRAM 000008
?i2___wmul                   cstackCOMRAM 000001
?i2_printf                   cstackCOMRAM 00000D
I2C_Master_Init@c            cstackCOMRAM 00003A
I2C_Master_Read@a            cstackCOMRAM 00002E
I2C_Master_Read@temp         cstackCOMRAM 00002F
I2C_Master_Write@d           cstackCOMRAM 00002E
_ACKDT                       (abs)        007E2D
_ACKEN                       (abs)        007E2C
_ADCON0                      (abs)        000FC2
_ADCON1                      (abs)        000FC1
_I2C_Master_Init             text23       000CBC
_I2C_Master_Read             text10       000F86
_I2C_Master_Start            text9        00111A
_I2C_Master_Stop             text8        001112
_I2C_Master_Wait             text11       0010AA
_I2C_Master_Write            text7        0010FE
_INT1IE                      (abs)        007F83
_INT1IF                      (abs)        007F80
_INTCONbits                  (abs)        000FF2
_LATA                        (abs)        000F89
_LATB                        (abs)        000F8A
_LATC                        (abs)        000F8B
_LATD                        (abs)        000F8C
_LATDbits                    (abs)        000F8C
_LATE                        (abs)        000F8D
_PEN                         (abs)        007E2A
_PORTB                       (abs)        000F81
_PSA                         (abs)        007EAB
_RCEN                        (abs)        007E2B
_RSEN                        (abs)        007E29
_SEN                         (abs)        007E28
_SSPADD                      (abs)        000FC8
_SSPBUF                      (abs)        000FC9
_SSPCON1                     (abs)        000FC6
_SSPCON2                     (abs)        000FC5
_SSPSTAT                     (abs)        000FC7
_T08BIT                      (abs)        007EAE
_T0CS                        (abs)        007EAD
_T0PS0                       (abs)        007EA8
_T0PS1                       (abs)        007EA9
_T0PS2                       (abs)        007EAA
_TMR0                        (abs)        000FD6
_TMR0IE                      (abs)        007F95
_TMR0IF                      (abs)        007F92
_TMR0ON                      (abs)        007EAF
_TRISA                       (abs)        000F92
_TRISB                       (abs)        000F93
_TRISC                       (abs)        000F94
_TRISC3                      (abs)        007CA3
_TRISC4                      (abs)        007CA4
_TRISD                       (abs)        000F95
_TRISE                       (abs)        000F96
__CFG_BOREN$SBORDIS          (abs)        000000
__CFG_BORV$3                 (abs)        000000
__CFG_CCP2MX$PORTC           (abs)        000000
__CFG_CP0$OFF                (abs)        000000
__CFG_CP1$OFF                (abs)        000000
__CFG_CP2$OFF                (abs)        000000
__CFG_CP3$OFF                (abs)        000000
__CFG_CPB$OFF                (abs)        000000
__CFG_CPD$OFF                (abs)        000000
__CFG_EBTR0$OFF              (abs)        000000
__CFG_EBTR1$OFF              (abs)        000000
__CFG_EBTR2$OFF              (abs)        000000
__CFG_EBTR3$OFF              (abs)        000000
__CFG_EBTRB$OFF              (abs)        000000
__CFG_FCMEN$OFF              (abs)        000000
__CFG_IESO$OFF               (abs)        000000
__CFG_LPT1OSC$OFF            (abs)        000000
__CFG_LVP$OFF                (abs)        000000
__CFG_MCLRE$ON               (abs)        000000
__CFG_OSC$HS                 (abs)        000000
__CFG_PBADEN$ON              (abs)        000000
__CFG_PWRT$OFF               (abs)        000000
__CFG_STVREN$ON              (abs)        000000
__CFG_WDT$OFF                (abs)        000000
__CFG_WDTPS$32768            (abs)        000000
__CFG_WRT0$OFF               (abs)        000000
__CFG_WRT1$OFF               (abs)        000000
__CFG_WRT2$OFF               (abs)        000000
__CFG_WRT3$OFF               (abs)        000000
__CFG_WRTB$OFF               (abs)        000000
__CFG_WRTC$OFF               (abs)        000000
__CFG_WRTD$OFF               (abs)        000000
__CFG_XINST$OFF              (abs)        000000
__HRAM                       (abs)        000000
__Habs1                      abs1         000000
__Hbank0                     bank0        000000
__Hbank1                     bank1        000000
__Hbank10                    bank10       000000
__Hbank11                    bank11       000000
__Hbank12                    bank12       000000
__Hbank13                    bank13       000000
__Hbank14                    bank14       000000
__Hbank15                    bank15       000000
__Hbank2                     bank2        000000
__Hbank3                     bank3        000000
__Hbank4                     bank4        000000
__Hbank5                     bank5        000000
__Hbank6                     bank6        000000
__Hbank7                     bank7        000000
__Hbank8                     bank8        000000
__Hbank9                     bank9        000000
__Hbigbss                    bigbss       000000
__Hbigdata                   bigdata      000000
__Hbigram                    bigram       000000
__Hbss                       bss          000000
__HbssCOMRAM                 bssCOMRAM    000000
__Hcinit                     cinit        000000
__Hclrtext                   clrtext      000000
__Hcomram                    comram       000000
__Hconfig                    config       30000E
__Hconst                     const        000000
__HcstackBANK0               cstackBANK0  000000
__HcstackCOMRAM              cstackCOMRAM 000000
__Hdata                      data         000000
__HdataCOMRAM                dataCOMRAM   000000
__Heeprom_data               eeprom_data  000000
__Hfarbss                    farbss       000000
__Hfardata                   fardata      000000
__Hibigdata                  ibigdata     000000
__Hidata                     idata        000000
__HidataCOMRAM               idataCOMRAM  000000
__Hidloc                     idloc        200008
__Hifardata                  ifardata     000000
__Hinit                      init         000012
__Hintcode                   intcode      00000E
__Hintcode_body              intcode_body 000000
__Hintcodelo                 intcodelo    00000E
__Hintentry                  intentry     000000
__Hintret                    intret       000000
__Hintsave_regs              intsave_regs 000000
__Hirdata                    irdata       000000
__Hmediumconst               mediumconst  010000
__HnvFARRAM                  nvFARRAM     000000
__Hnvbit                     nvbit        000000
__Hnvrram                    nvrram       000000
__Hparam                     rparam       000000
__Hpowerup                   powerup      00000E
__Hram                       ram          000000
__Hramtop                    ramtop       001000
__Hrbit                      rbit         000000
__Hrbss                      rbss         000000
__Hrdata                     rdata        000000
__Hreset_vec                 reset_vec    000004
__Hrparam                    rparam       000000
__Hsfr                       sfr          000000
__Hsmallconst                smallconst   000000
__Hspace_0                   (abs)        30000E
__Hspace_1                   (abs)        000092
__Hspace_2                   (abs)        000000
__Hstack                     stack        000000
__Hstruct                    struct       000000
__Htemp                      temp         000054
__Htext                      text         000000
__Htext0                     text0        000000
__Htext1                     text1        000000
__Htext10                    text10       000000
__Htext11                    text11       000000
__Htext12                    text12       000000
__Htext13                    text13       000000
__Htext14                    text14       000000
__Htext15                    text15       000000
__Htext16                    text16       000000
__Htext17                    text17       000000
__Htext18                    text18       000000
__Htext19                    text19       000000
__Htext2                     text2        000000
__Htext20                    text20       000000
__Htext21                    text21       000000
__Htext22                    text22       000000
__Htext23                    text23       000000
__Htext24                    text24       000000
__Htext26                    text26       000000
__Htext27                    text27       000000
__Htext28                    text28       000000
__Htext29                    text29       000000
__Htext3                     text3        000000
__Htext30                    text30       000000
__Htext31                    text31       000000
__Htext32                    text32       000000
__Htext33                    text33       000000
__Htext34                    text34       000000
__Htext35                    text35       000000
__Htext36                    text36       000000
__Htext37                    text37       000000
__Htext38                    text38       000000
__Htext39                    text39       000000
__Htext4                     text4        000000
__Htext5                     text5        000000
__Htext6                     text6        000000
__Htext7                     text7        000000
__Htext8                     text8        000000
__Htext9                     text9        000000
__LRAM                       (abs)        000001
__Labs1                      abs1         000000
__Lbank0                     bank0        000000
__Lbank1                     bank1        000000
__Lbank10                    bank10       000000
__Lbank11                    bank11       000000
__Lbank12                    bank12       000000
__Lbank13                    bank13       000000
__Lbank14                    bank14       000000
__Lbank15                    bank15       000000
__Lbank2                     bank2        000000
__Lbank3                     bank3        000000
__Lbank4                     bank4        000000
__Lbank5                     bank5        000000
__Lbank6                     bank6        000000
__Lbank7                     bank7        000000
__Lbank8                     bank8        000000
__Lbank9                     bank9        000000
__Lbigbss                    bigbss       000000
__Lbigdata                   bigdata      000000
__Lbigram                    bigram       000000
__Lbss                       bss          000000
__LbssCOMRAM                 bssCOMRAM    000000
__Lcinit                     cinit        000000
__Lclrtext                   clrtext      000000
__Lcomram                    comram       000000
__Lconfig                    config       300000
__Lconst                     const        000000
__LcstackBANK0               cstackBANK0  000000
__LcstackCOMRAM              cstackCOMRAM 000000
__Ldata                      data         000000
__LdataCOMRAM                dataCOMRAM   000000
__Leeprom_data               eeprom_data  000000
__Lfarbss                    farbss       000000
__Lfardata                   fardata      000000
__Libigdata                  ibigdata     000000
__Lidata                     idata        000000
__LidataCOMRAM               idataCOMRAM  000000
__Lidloc                     idloc        200000
__Lifardata                  ifardata     000000
__Linit                      init         00000E
__Lintcode                   intcode      000008
__Lintcode_body              intcode_body 000000
__Lintcodelo                 intcodelo    00000E
__Lintentry                  intentry     000000
__Lintret                    intret       000000
__Lintsave_regs              intsave_regs 000000
__Lirdata                    irdata       000000
__Lmediumconst               mediumconst  00FE1C
__LnvFARRAM                  nvFARRAM     000000
__Lnvbit                     nvbit        000000
__Lnvrram                    nvrram       000000
__Lparam                     rparam       000000
__Lpowerup                   powerup      00000E
__Lram                       ram          000000
__Lramtop                    ramtop       001000
__Lrbit                      rbit         000000
__Lrbss                      rbss         000000
__Lrdata                     rdata        000000
__Lreset_vec                 reset_vec    000000
__Lrparam                    rparam       000000
__Lsfr                       sfr          000000
__Lsmallconst                smallconst   000000
__Lspace_0                   (abs)        000000
__Lspace_1                   (abs)        000000
__Lspace_2                   (abs)        000000
__Lstack                     stack        000000
__Lstruct                    struct       000000
__Ltemp                      temp         000053
__Ltext                      text         000000
__Ltext0                     text0        000000
__Ltext1                     text1        000000
__Ltext10                    text10       000000
__Ltext11                    text11       000000
__Ltext12                    text12       000000
__Ltext13                    text13       000000
__Ltext14                    text14       000000
__Ltext15                    text15       000000
__Ltext16                    text16       000000
__Ltext17                    text17       000000
__Ltext18                    text18       000000
__Ltext19                    text19       000000
__Ltext2                     text2        000000
__Ltext20                    text20       000000
__Ltext21                    text21       000000
__Ltext22                    text22       000000
__Ltext23                    text23       000000
__Ltext24                    text24       000000
__Ltext26                    text26       000000
__Ltext27                    text27       000000
__Ltext28                    text28       000000
__Ltext29                    text29       000000
__Ltext3                     text3        000000
__Ltext30                    text30       000000
__Ltext31                    text31       000000
__Ltext32                    text32       000000
__Ltext33                    text33       000000
__Ltext34                    text34       000000
__Ltext35                    text35       000000
__Ltext36                    text36       000000
__Ltext37                    text37       000000
__Ltext38                    text38       000000
__Ltext39                    text39       000000
__Ltext4                     text4        000000
__Ltext5                     text5        000000
__Ltext6                     text6        000000
__Ltext7                     text7        000000
__Ltext8                     text8        000000
__Ltext9                     text9        000000
__S0                         (abs)        30000E
__S1                         (abs)        000092
__S2                         (abs)        000000
___awmod                     text22       000BE6
___awmod@counter             cstackCOMRAM 000031
___awmod@dividend            cstackCOMRAM 00002D
___awmod@divisor             cstackCOMRAM 00002F
___awmod@sign                cstackCOMRAM 000032
___inthi_sp                  stack        000000
___intlo_sp                  stack        000000
___lldiv                     text24       000AE4
___lldiv@counter             cstackCOMRAM 000039
___lldiv@dividend            cstackCOMRAM 00002D
___lldiv@divisor             cstackCOMRAM 000031
___lldiv@quotient            cstackCOMRAM 000035
___lwdiv                     text19       000D18
___lwdiv@counter             cstackCOMRAM 000031
___lwdiv@dividend            cstackCOMRAM 00002D
___lwdiv@divisor             cstackCOMRAM 00002F
___lwdiv@quotient            cstackCOMRAM 000032
___lwmod                     text18       000EA4
___lwmod@counter             cstackCOMRAM 000038
___lwmod@dividend            cstackCOMRAM 000034
___lwmod@divisor             cstackCOMRAM 000036
___param_bank                (abs)        000000
___rparam_used               (abs)        000001
___sp                        stack        000000
___wmul                      text17       000FD2
___wmul@multiplicand         cstackCOMRAM 00002F
___wmul@multiplier           cstackCOMRAM 00002D
___wmul@product              cstackCOMRAM 000031
__accesstop                  (abs)        000080
__activetblptr               (abs)        000002
__end_of_I2C_Master_Init     text23       000D18
__end_of_I2C_Master_Read     text10       000FAC
__end_of_I2C_Master_Start    text9        001122
__end_of_I2C_Master_Stop     text8        00111A
__end_of_I2C_Master_Wait     text11       0010BC
__end_of_I2C_Master_Write    text7        001108
__end_of___awmod             text22       000C56
__end_of___lldiv             text24       000B66
__end_of___lwdiv             text19       000D6A
__end_of___lwmod             text18       000EE6
__end_of___wmul              text17       000FF8
__end_of__initialization     cinit        000F4C
__end_of_bottle_count        text13       000958
__end_of_bottle_time         text12       000FD2
__end_of_date_time           text6        000AE4
__end_of_dpowers             mediumconst  00FE38
__end_of_emergencystop       text5        001096
__end_of_hexpowers           mediumconst  00FE40
__end_of_initLCD             text4        000EA4
__end_of_isdigit             text16       001062
__end_of_isr                 intcode_body 00083E
__end_of_keys                mediumconst  00FE2E
__end_of_lcdInst             text20       0010E6
__end_of_lcdNibble           text21       000E0A
__end_of_main                text0        000A2E
__end_of_operation           text3        000BE6
__end_of_operationend        text2        0010AA
__end_of_printf              text14       0003B6
__end_of_putch               text15       0010DA
__end_of_read_time           text34       000CBC
__end_of_standby             text1        000F86
__end_of_timeset             mediumconst  00FE47
__end_ofi2_I2C_Master_Read   text38       001044
__end_ofi2_I2C_Master_Start  text37       001132
__end_ofi2_I2C_Master_Stop   text36       00112A
__end_ofi2_I2C_Master_Wait   text39       0010CE
__end_ofi2_I2C_Master_Write  text35       001112
__end_ofi2___lwdiv           text31       000DBC
__end_ofi2___lwmod           text30       000F28
__end_ofi2___wmul            text29       00101E
__end_ofi2_isdigit           text28       001080
__end_ofi2_lcdInst           text32       0010FE
__end_ofi2_lcdNibble         text33       000E58
__end_ofi2_printf            text26       0006C2
__end_ofi2_putch             text27       0010F2
__initialization             cinit        000F28
__mediumconst                mediumconst  00FE1C
__pbssCOMRAM                 bssCOMRAM    000041
__pcinit                     cinit        000F28
__pcstackBANK0               cstackBANK0  000080
__pcstackCOMRAM              cstackCOMRAM 000001
__pdataCOMRAM                dataCOMRAM   000051
__pidataCOMRAM               idataCOMRAM  001132
__pintcode                   intcode      000008
__pintcode_body              intcode_body 0006C2
__pmediumconst               mediumconst  00FE1C
__ptext0                     text0        000958
__ptext1                     text1        000F5A
__ptext10                    text10       000F86
__ptext11                    text11       0010AA
__ptext12                    text12       000FAC
__ptext13                    text13       00083E
__ptext14                    text14       000012
__ptext15                    text15       0010CE
__ptext16                    text16       001044
__ptext17                    text17       000FD2
__ptext18                    text18       000EA4
__ptext19                    text19       000D18
__ptext2                     text2        001096
__ptext20                    text20       0010DA
__ptext21                    text21       000DBC
__ptext22                    text22       000BE6
__ptext23                    text23       000CBC
__ptext24                    text24       000AE4
__ptext26                    text26       0003B6
__ptext27                    text27       0010E6
__ptext28                    text28       001062
__ptext29                    text29       000FF8
__ptext3                     text3        000B66
__ptext30                    text30       000EE6
__ptext31                    text31       000D6A
__ptext32                    text32       0010F2
__ptext33                    text33       000E0A
__ptext34                    text34       000C56
__ptext35                    text35       001108
__ptext36                    text36       001122
__ptext37                    text37       00112A
__ptext38                    text38       00101E
__ptext39                    text39       0010BC
__ptext4                     text4        000E58
__ptext5                     text5        001080
__ptext6                     text6        000A2E
__ptext7                     text7        0010FE
__ptext8                     text8        001112
__ptext9                     text9        00111A
__ramtop                     ramtop       001000
__size_of_I2C_Master_Init    (abs)        000000
__size_of_I2C_Master_Read    (abs)        000000
__size_of_I2C_Master_Start   (abs)        000000
__size_of_I2C_Master_Stop    (abs)        000000
__size_of_I2C_Master_Wait    (abs)        000000
__size_of_I2C_Master_Write   (abs)        000000
__size_of___awmod            (abs)        000000
__size_of___lldiv            (abs)        000000
__size_of___lwdiv            (abs)        000000
__size_of___lwmod            (abs)        000000
__size_of___wmul             (abs)        000000
__size_of_bottle_count       (abs)        000000
__size_of_bottle_time        (abs)        000000
__size_of_date_time          (abs)        000000
__size_of_emergencystop      (abs)        000000
__size_of_initLCD            (abs)        000000
__size_of_isdigit            (abs)        000000
__size_of_isr                (abs)        000000
__size_of_lcdInst            (abs)        000000
__size_of_lcdNibble          (abs)        000000
__size_of_main               (abs)        000000
__size_of_operation          (abs)        000000
__size_of_operationend       (abs)        000000
__size_of_printf             (abs)        000000
__size_of_putch              (abs)        000000
__size_of_read_time          (abs)        000000
__size_of_standby            (abs)        000000
__size_ofi2_I2C_Master_Read  (abs)        000000
__size_ofi2_I2C_Master_Start (abs)        000000
__size_ofi2_I2C_Master_Stop  (abs)        000000
__size_ofi2_I2C_Master_Wait  (abs)        000000
__size_ofi2_I2C_Master_Write (abs)        000000
__size_ofi2___lwdiv          (abs)        000000
__size_ofi2___lwmod          (abs)        000000
__size_ofi2___wmul           (abs)        000000
__size_ofi2_isdigit          (abs)        000000
__size_ofi2_lcdInst          (abs)        000000
__size_ofi2_lcdNibble        (abs)        000000
__size_ofi2_printf           (abs)        000000
__size_ofi2_putch            (abs)        000000
__smallconst                 smallconst   000000
_bottle_count                text13       00083E
_bottle_count_disp           dataCOMRAM   000051
_bottle_time                 text12       000FAC
_curr_state                  bssCOMRAM    000050
_date_time                   text6        000A2E
_dpowers                     mediumconst  00FE2E
_emergencystop               text5        001080
_end_time                    bssCOMRAM    000048
_hexpowers                   mediumconst  00FE38
_initLCD                     text4        000E58
_isdigit                     text16       001044
_isdigit$563                 cstackCOMRAM 00002E
_isr                         intcode      000008
_keys                        mediumconst  00FE1D
_lcdInst                     text20       0010DA
_lcdNibble                   text21       000DBC
_main                        text0        000958
_nRBPU                       (abs)        007F8F
_operation                   text3        000B66
_operation_disp              bssCOMRAM    00004A
_operationend                text2        001096
_printf                      text14       000012
_ptr                         bssCOMRAM    00004C
_putch                       text15       0010CE
_read_time                   text34       000C56
_standby                     text1        000F5A
_start_time                  bssCOMRAM    00004E
_time                        bssCOMRAM    000041
_timeset                     mediumconst  00FE40
btemp                        temp         000053
date_time@i                  cstackBANK0  00008E
end_of_initialization        cinit        000F4C
i2I2C_Master_Read@a          cstackCOMRAM 000002
i2I2C_Master_Read@temp       cstackCOMRAM 000003
i2I2C_Master_Write@d         cstackCOMRAM 000002
i2_I2C_Master_Read           text38       00101E
i2_I2C_Master_Start          text37       00112A
i2_I2C_Master_Stop           text36       001122
i2_I2C_Master_Wait           text39       0010BC
i2_I2C_Master_Write          text35       001108
i2___lwdiv                   text31       000D6A
i2___lwdiv@counter           cstackCOMRAM 000007
i2___lwdiv@dividend          cstackCOMRAM 000001
i2___lwdiv@divisor           cstackCOMRAM 000003
i2___lwdiv@quotient          cstackCOMRAM 000005
i2___lwmod                   text30       000EE6
i2___lwmod@counter           cstackCOMRAM 00000C
i2___lwmod@dividend          cstackCOMRAM 000008
i2___lwmod@divisor           cstackCOMRAM 00000A
i2___wmul                    text29       000FF8
i2___wmul@multiplicand       cstackCOMRAM 000003
i2___wmul@multiplier         cstackCOMRAM 000001
i2___wmul@product            cstackCOMRAM 000005
i2_isdigit                   text28       001062
i2_isdigit$563               cstackCOMRAM 000002
i2_lcdInst                   text32       0010F2
i2_lcdNibble                 text33       000E0A
i2_printf                    text26       0003B6
i2_putch                     text27       0010E6
i2isdigit@c                  cstackCOMRAM 000003
i2lcdInst@data               cstackCOMRAM 000003
i2lcdNibble@data             cstackCOMRAM 000002
i2lcdNibble@temp             cstackCOMRAM 000001
i2printf@ap                  cstackCOMRAM 000014
i2printf@c                   cstackCOMRAM 00001C
i2printf@f                   cstackCOMRAM 00000D
i2printf@flag                cstackCOMRAM 000019
i2printf@idx                 cstackCOMRAM 000013
i2printf@prec                cstackCOMRAM 000016
i2printf@val                 cstackCOMRAM 000017
i2printf@width               cstackCOMRAM 00001A
i2putch@data                 cstackCOMRAM 000003
int$flags                    temp         000053
int_func                     intcode_body 0006C2
intlevel0                    text         000000
intlevel1                    text         000000
intlevel2                    text         000000
intlevel3                    text         000000
isdigit@c                    cstackCOMRAM 00002F
isr@i                        cstackCOMRAM 00002C
lcdInst@data                 cstackCOMRAM 00002F
lcdNibble@data               cstackCOMRAM 00002E
lcdNibble@temp               cstackCOMRAM 00002D
printf@ap                    cstackBANK0  000085
printf@c                     cstackBANK0  00008D
printf@f                     cstackCOMRAM 000039
printf@flag                  cstackBANK0  00008A
printf@idx                   cstackBANK0  000084
printf@prec                  cstackBANK0  000087
printf@val                   cstackBANK0  000088
printf@width                 cstackBANK0  00008B
putch@data                   cstackCOMRAM 00002F
read_time@i                  cstackCOMRAM 000004
stackhi                      (abs)        000F7F
stacklo                      (abs)        000092
start                        init         00000E
start_initialization         cinit        000F28


FUNCTION INFORMATION:

 *************** function _main *****************
 Defined at:
		line 52 in file "main.c"
 Parameters:    Size  Location     Type
		None
 Auto vars:     Size  Location     Type
		None
 Return value:  Size  Location     Type
                  1    wreg      void 
 Registers used:
		wreg, fsr2l, fsr2h, status,2, status,0, tblptrl, tblptrh, tblptru, prodl, prodh, cstack
 Tracked objects:
		On entry : 
		On exit  : 
		Unchanged: 
 Data sizes:     COMRAM   BANK0   BANK1   BANK2   BANK3   BANK4   BANK5   BANK6   BANK7   BANK8   BANK9  BANK10  BANK11  BANK12  BANK13  BANK14  BANK15
      Params:         0       0       0       0       0       0       0       0       0       0       0       0       0       0       0       0       0
      Locals:         0       0       0       0       0       0       0       0       0       0       0       0       0       0       0       0       0
      Temps:          0       2       0       0       0       0       0       0       0       0       0       0       0       0       0       0       0
      Totals:         0       2       0       0       0       0       0       0       0       0       0       0       0       0       0       0       0
Total ram usage:        2 bytes
 Hardware stack levels required when called:    8
 This function calls:
		_I2C_Master_Init
		_bottle_count
		_bottle_time
		_date_time
		_emergencystop
		_initLCD
		_operation
		_operationend
		_standby
 This function is called by:
		Startup code after reset
 This function uses a non-reentrant model


 *************** function _standby *****************
 Defined at:
		line 190 in file "main.c"
 Parameters:    Size  Location     Type
		None
 Auto vars:     Size  Location     Type
		None
 Return value:  Size  Location     Type
                  1    wreg      void 
 Registers used:
		wreg, fsr2l, fsr2h, status,2, status,0, tblptrl, tblptrh, tblptru, prodl, prodh, cstack
 Tracked objects:
		On entry : 
		On exit  : 
		Unchanged: 
 Data sizes:     COMRAM   BANK0   BANK1   BANK2   BANK3   BANK4   BANK5   BANK6   BANK7   BANK8   BANK9  BANK10  BANK11  BANK12  BANK13  BANK14  BANK15
      Params:         0       0       0       0       0       0       0       0       0       0       0       0       0       0       0       0       0
      Locals:         0       0       0       0       0       0       0       0       0       0       0       0       0       0       0       0       0
      Temps:          0       0       0       0       0       0       0       0       0       0       0       0       0       0       0       0       0
      Totals:         0       0       0       0       0       0       0       0       0       0       0       0       0       0       0       0       0
Total ram usage:        0 bytes
 Hardware stack levels used:    1
 Hardware stack levels required when called:    7
 This function calls:
		_lcdInst
		_printf
 This function is called by:
		_main
 This function uses a non-reentrant model


 *************** function _operationend *****************
 Defined at:
		line 325 in file "main.c"
 Parameters:    Size  Location     Type
		None
 Auto vars:     Size  Location     Type
		None
 Return value:  Size  Location     Type
                  1    wreg      void 
 Registers used:
		wreg, fsr2l, fsr2h, status,2, status,0, tblptrl, tblptrh, tblptru, prodl, prodh, cstack
 Tracked objects:
		On entry : 
		On exit  : 
		Unchanged: 
 Data sizes:     COMRAM   BANK0   BANK1   BANK2   BANK3   BANK4   BANK5   BANK6   BANK7   BANK8   BANK9  BANK10  BANK11  BANK12  BANK13  BANK14  BANK15
      Params:         0       0       0       0       0       0       0       0       0       0       0       0       0       0       0       0       0
      Locals:         0       0       0       0       0       0       0       0       0       0       0       0       0       0       0       0       0
      Temps:          0       0       0       0       0       0       0       0       0       0       0       0       0       0       0       0       0
      Totals:         0       0       0       0       0       0       0       0       0       0       0       0       0       0       0       0       0
Total ram usage:        0 bytes
 Hardware stack levels used:    1
 Hardware stack levels required when called:    7
 This function calls:
		_lcdInst
		_printf
 This function is called by:
		_main
 This function uses a non-reentrant model


 *************** function _operation *****************
 Defined at:
		line 304 in file "main.c"
 Parameters:    Size  Location     Type
		None
 Auto vars:     Size  Location     Type
		None
 Return value:  Size  Location     Type
                  1    wreg      void 
 Registers used:
		wreg, fsr2l, fsr2h, status,2, status,0, tblptrl, tblptrh, tblptru, prodl, prodh, cstack
 Tracked objects:
		On entry : 
		On exit  : 
		Unchanged: 
 Data sizes:     COMRAM   BANK0   BANK1   BANK2   BANK3   BANK4   BANK5   BANK6   BANK7   BANK8   BANK9  BANK10  BANK11  BANK12  BANK13  BANK14  BANK15
      Params:         0       0       0       0       0       0       0       0       0       0       0       0       0       0       0       0       0
      Locals:         0       0       0       0       0       0       0       0       0       0       0       0       0       0       0       0       0
      Temps:          0       2       0       0       0       0       0       0       0       0       0       0       0       0       0       0       0
      Totals:         0       2       0       0       0       0       0       0       0       0       0       0       0       0       0       0       0
Total ram usage:        2 bytes
 Hardware stack levels used:    1
 Hardware stack levels required when called:    7
 This function calls:
		_lcdInst
		_printf
 This function is called by:
		_main
 This function uses a non-reentrant model


 *************** function _initLCD *****************
 Defined at:
		line 14 in file "lcd.c"
 Parameters:    Size  Location     Type
		None
 Auto vars:     Size  Location     Type
		None
 Return value:  Size  Location     Type
                  1    wreg      void 
 Registers used:
		wreg, status,2, status,0, cstack
 Tracked objects:
		On entry : 
		On exit  : 
		Unchanged: 
 Data sizes:     COMRAM   BANK0   BANK1   BANK2   BANK3   BANK4   BANK5   BANK6   BANK7   BANK8   BANK9  BANK10  BANK11  BANK12  BANK13  BANK14  BANK15
      Params:         0       0       0       0       0       0       0       0       0       0       0       0       0       0       0       0       0
      Locals:         0       0       0       0       0       0       0       0       0       0       0       0       0       0       0       0       0
      Temps:          1       0       0       0       0       0       0       0       0       0       0       0       0       0       0       0       0
      Totals:         1       0       0       0       0       0       0       0       0       0       0       0       0       0       0       0       0
Total ram usage:        1 bytes
 Hardware stack levels used:    1
 Hardware stack levels required when called:    6
 This function calls:
		_lcdInst
 This function is called by:
		_main
 This function uses a non-reentrant model


 *************** function _emergencystop *****************
 Defined at:
		line 331 in file "main.c"
 Parameters:    Size  Location     Type
		None
 Auto vars:     Size  Location     Type
		None
 Return value:  Size  Location     Type
                  1    wreg      void 
 Registers used:
		wreg, fsr2l, fsr2h, status,2, status,0, tblptrl, tblptrh, tblptru, prodl, prodh, cstack
 Tracked objects:
		On entry : 
		On exit  : 
		Unchanged: 
 Data sizes:     COMRAM   BANK0   BANK1   BANK2   BANK3   BANK4   BANK5   BANK6   BANK7   BANK8   BANK9  BANK10  BANK11  BANK12  BANK13  BANK14  BANK15
      Params:         0       0       0       0       0       0       0       0       0       0       0       0       0       0       0       0       0
      Locals:         0       0       0       0       0       0       0       0       0       0       0       0       0       0       0       0       0
      Temps:          0       0       0       0       0       0       0       0       0       0       0       0       0       0       0       0       0
      Totals:         0       0       0       0       0       0       0       0       0       0       0       0       0       0       0       0       0
Total ram usage:        0 bytes
 Hardware stack levels used:    1
 Hardware stack levels required when called:    7
 This function calls:
		_lcdInst
		_printf
 This function is called by:
		_main
 This function uses a non-reentrant model


 *************** function _date_time *****************
 Defined at:
		line 208 in file "main.c"
 Parameters:    Size  Location     Type
		None
 Auto vars:     Size  Location     Type
  i               1   14[BANK0 ] unsigned char 
 Return value:  Size  Location     Type
                  1    wreg      void 
 Registers used:
		wreg, fsr2l, fsr2h, status,2, status,0, tblptrl, tblptrh, tblptru, prodl, prodh, cstack
 Tracked objects:
		On entry : 
		On exit  : 
		Unchanged: 
 Data sizes:     COMRAM   BANK0   BANK1   BANK2   BANK3   BANK4   BANK5   BANK6   BANK7   BANK8   BANK9  BANK10  BANK11  BANK12  BANK13  BANK14  BANK15
      Params:         0       0       0       0       0       0       0       0       0       0       0       0       0       0       0       0       0
      Locals:         0       1       0       0       0       0       0       0       0       0       0       0       0       0       0       0       0
      Temps:          0       0       0       0       0       0       0       0       0       0       0       0       0       0       0       0       0
      Totals:         0       1       0       0       0       0       0       0       0       0       0       0       0       0       0       0       0
Total ram usage:        1 bytes
 Hardware stack levels used:    1
 Hardware stack levels required when called:    7
 This function calls:
		_I2C_Master_Read
		_I2C_Master_Start
		_I2C_Master_Stop
		_I2C_Master_Write
		_lcdInst
		_printf
 This function is called by:
		_main
 This function uses a non-reentrant model


 *************** function _I2C_Master_Write *****************
 Defined at:
		line 47 in file "I2C.c"
 Parameters:    Size  Location     Type
  d               2   45[COMRAM] unsigned int 
 Auto vars:     Size  Location     Type
		None
 Return value:  Size  Location     Type
                  1    wreg      void 
 Registers used:
		wreg, status,2, status,0, cstack
 Tracked objects:
		On entry : 
		On exit  : 
		Unchanged: 
 Data sizes:     COMRAM   BANK0   BANK1   BANK2   BANK3   BANK4   BANK5   BANK6   BANK7   BANK8   BANK9  BANK10  BANK11  BANK12  BANK13  BANK14  BANK15
      Params:         2       0       0       0       0       0       0       0       0       0       0       0       0       0       0       0       0
      Locals:         0       0       0       0       0       0       0       0       0       0       0       0       0       0       0       0       0
      Temps:          0       0       0       0       0       0       0       0       0       0       0       0       0       0       0       0       0
      Totals:         2       0       0       0       0       0       0       0       0       0       0       0       0       0       0       0       0
Total ram usage:        2 bytes
 Hardware stack levels used:    1
 Hardware stack levels required when called:    5
 This function calls:
		_I2C_Master_Wait
 This function is called by:
		_date_time
		_set_time
 This function uses a non-reentrant model


 *************** function _I2C_Master_Stop *****************
 Defined at:
		line 41 in file "I2C.c"
 Parameters:    Size  Location     Type
		None
 Auto vars:     Size  Location     Type
		None
 Return value:  Size  Location     Type
                  1    wreg      void 
 Registers used:
		wreg, status,2, status,0, cstack
 Tracked objects:
		On entry : 
		On exit  : 
		Unchanged: 
 Data sizes:     COMRAM   BANK0   BANK1   BANK2   BANK3   BANK4   BANK5   BANK6   BANK7   BANK8   BANK9  BANK10  BANK11  BANK12  BANK13  BANK14  BANK15
      Params:         0       0       0       0       0       0       0       0       0       0       0       0       0       0       0       0       0
      Locals:         0       0       0       0       0       0       0       0       0       0       0       0       0       0       0       0       0
      Temps:          0       0       0       0       0       0       0       0       0       0       0       0       0       0       0       0       0
      Totals:         0       0       0       0       0       0       0       0       0       0       0       0       0       0       0       0       0
Total ram usage:        0 bytes
 Hardware stack levels used:    1
 Hardware stack levels required when called:    5
 This function calls:
		_I2C_Master_Wait
 This function is called by:
		_date_time
		_set_time
 This function uses a non-reentrant model


 *************** function _I2C_Master_Start *****************
 Defined at:
		line 29 in file "I2C.c"
 Parameters:    Size  Location     Type
		None
 Auto vars:     Size  Location     Type
		None
 Return value:  Size  Location     Type
                  1    wreg      void 
 Registers used:
		wreg, status,2, status,0, cstack
 Tracked objects:
		On entry : 
		On exit  : 
		Unchanged: 
 Data sizes:     COMRAM   BANK0   BANK1   BANK2   BANK3   BANK4   BANK5   BANK6   BANK7   BANK8   BANK9  BANK10  BANK11  BANK12  BANK13  BANK14  BANK15
      Params:         0       0       0       0       0       0       0       0       0       0       0       0       0       0       0       0       0
      Locals:         0       0       0       0       0       0       0       0       0       0       0       0       0       0       0       0       0
      Temps:          0       0       0       0       0       0       0       0       0       0       0       0       0       0       0       0       0
      Totals:         0       0       0       0       0       0       0       0       0       0       0       0       0       0       0       0       0
Total ram usage:        0 bytes
 Hardware stack levels used:    1
 Hardware stack levels required when called:    5
 This function calls:
		_I2C_Master_Wait
 This function is called by:
		_date_time
		_set_time
 This function uses a non-reentrant model


 *************** function _I2C_Master_Read *****************
 Defined at:
		line 53 in file "I2C.c"
 Parameters:    Size  Location     Type
  a               1    wreg     unsigned char 
 Auto vars:     Size  Location     Type
  a               1   45[COMRAM] unsigned char 
  temp            1   46[COMRAM] unsigned char 
 Return value:  Size  Location     Type
                  1    wreg      unsigned char 
 Registers used:
		wreg, status,2, status,0, cstack
 Tracked objects:
		On entry : 
		On exit  : 
		Unchanged: 
 Data sizes:     COMRAM   BANK0   BANK1   BANK2   BANK3   BANK4   BANK5   BANK6   BANK7   BANK8   BANK9  BANK10  BANK11  BANK12  BANK13  BANK14  BANK15
      Params:         0       0       0       0       0       0       0       0       0       0       0       0       0       0       0       0       0
      Locals:         2       0       0       0       0       0       0       0       0       0       0       0       0       0       0       0       0
      Temps:          0       0       0       0       0       0       0       0       0       0       0       0       0       0       0       0       0
      Totals:         2       0       0       0       0       0       0       0       0       0       0       0       0       0       0       0       0
Total ram usage:        2 bytes
 Hardware stack levels used:    1
 Hardware stack levels required when called:    5
 This function calls:
		_I2C_Master_Wait
 This function is called by:
		_date_time
 This function uses a non-reentrant model


 *************** function _I2C_Master_Wait *****************
 Defined at:
		line 24 in file "I2C.c"
 Parameters:    Size  Location     Type
		None
 Auto vars:     Size  Location     Type
		None
 Return value:  Size  Location     Type
                  1    wreg      void 
 Registers used:
		wreg, status,2, status,0
 Tracked objects:
		On entry : 
		On exit  : 
		Unchanged: 
 Data sizes:     COMRAM   BANK0   BANK1   BANK2   BANK3   BANK4   BANK5   BANK6   BANK7   BANK8   BANK9  BANK10  BANK11  BANK12  BANK13  BANK14  BANK15
      Params:         0       0       0       0       0       0       0       0       0       0       0       0       0       0       0       0       0
      Locals:         0       0       0       0       0       0       0       0       0       0       0       0       0       0       0       0       0
      Temps:          1       0       0       0       0       0       0       0       0       0       0       0       0       0       0       0       0
      Totals:         1       0       0       0       0       0       0       0       0       0       0       0       0       0       0       0       0
Total ram usage:        1 bytes
 Hardware stack levels used:    1
 Hardware stack levels required when called:    4
 This function calls:
		Nothing
 This function is called by:
		_I2C_Master_Start
		_I2C_Master_Stop
		_I2C_Master_Write
		_I2C_Master_Read
		_I2C_Master_RepeatedStart
 This function uses a non-reentrant model


 *************** function _bottle_time *****************
 Defined at:
		line 293 in file "main.c"
 Parameters:    Size  Location     Type
		None
 Auto vars:     Size  Location     Type
		None
 Return value:  Size  Location     Type
                  1    wreg      void 
 Registers used:
		wreg, fsr2l, fsr2h, status,2, status,0, tblptrl, tblptrh, tblptru, prodl, prodh, cstack
 Tracked objects:
		On entry : 
		On exit  : 
		Unchanged: 
 Data sizes:     COMRAM   BANK0   BANK1   BANK2   BANK3   BANK4   BANK5   BANK6   BANK7   BANK8   BANK9  BANK10  BANK11  BANK12  BANK13  BANK14  BANK15
      Params:         0       0       0       0       0       0       0       0       0       0       0       0       0       0       0       0       0
      Locals:         0       0       0       0       0       0       0       0       0       0       0       0       0       0       0       0       0
      Temps:          0       0       0       0       0       0       0       0       0       0       0       0       0       0       0       0       0
      Totals:         0       0       0       0       0       0       0       0       0       0       0       0       0       0       0       0       0
Total ram usage:        0 bytes
 Hardware stack levels used:    1
 Hardware stack levels required when called:    7
 This function calls:
		_lcdInst
		_printf
 This function is called by:
		_main
 This function uses a non-reentrant model


 *************** function _bottle_count *****************
 Defined at:
		line 251 in file "main.c"
 Parameters:    Size  Location     Type
		None
 Auto vars:     Size  Location     Type
		None
 Return value:  Size  Location     Type
                  1    wreg      void 
 Registers used:
		wreg, fsr2l, fsr2h, status,2, status,0, tblptrl, tblptrh, tblptru, prodl, prodh, cstack
 Tracked objects:
		On entry : 
		On exit  : 
		Unchanged: 
 Data sizes:     COMRAM   BANK0   BANK1   BANK2   BANK3   BANK4   BANK5   BANK6   BANK7   BANK8   BANK9  BANK10  BANK11  BANK12  BANK13  BANK14  BANK15
      Params:         0       0       0       0       0       0       0       0       0       0       0       0       0       0       0       0       0
      Locals:         0       0       0       0       0       0       0       0       0       0       0       0       0       0       0       0       0
      Temps:          0       0       0       0       0       0       0       0       0       0       0       0       0       0       0       0       0
      Totals:         0       0       0       0       0       0       0       0       0       0       0       0       0       0       0       0       0
Total ram usage:        0 bytes
 Hardware stack levels used:    1
 Hardware stack levels required when called:    7
 This function calls:
		___awmod
		_lcdInst
		_printf
 This function is called by:
		_main
 This function uses a non-reentrant model


 *************** function _printf *****************
 Defined at:
		line 464 in file "C:\Program Files (x86)\Microchip\xc8\v1.40\sources\common\doprnt.c"
 Parameters:    Size  Location     Type
  f               2   56[COMRAM] PTR const unsigned char 
		 -> STR_23(15), STR_22(16), STR_21(25), STR_20(24), 
		 -> STR_19(23), STR_18(22), STR_17(23), STR_16(10), 
		 -> STR_15(17), STR_14(17), STR_13(17), STR_12(17), 
		 -> STR_11(17), STR_10(17), STR_9(17), STR_8(17), 
		 -> STR_7(17), STR_6(17), STR_5(23), STR_4(23), 
		 -> STR_3(17), STR_2(17), STR_1(14), 
 Auto vars:     Size  Location     Type
  idx             1    4[BANK0 ] unsigned char 
  tmpval          4    0        struct .
  cp              3    0        PTR const unsigned char 
  width           2   11[BANK0 ] int 
  val             2    8[BANK0 ] unsigned int 
  ap              2    5[BANK0 ] PTR void [1]
		 -> ?i2_printf(2), ?_printf(2), 
  len             2    0        unsigned int 
  c               1   13[BANK0 ] char 
  flag            1   10[BANK0 ] unsigned char 
  prec            1    7[BANK0 ] char 
 Return value:  Size  Location     Type
                  2   56[COMRAM] int 
 Registers used:
		wreg, fsr2l, fsr2h, status,2, status,0, tblptrl, tblptrh, tblptru, prodl, prodh, cstack
 Tracked objects:
		On entry : 
		On exit  : 
		Unchanged: 
 Data sizes:     COMRAM   BANK0   BANK1   BANK2   BANK3   BANK4   BANK5   BANK6   BANK7   BANK8   BANK9  BANK10  BANK11  BANK12  BANK13  BANK14  BANK15
      Params:         8       0       0       0       0       0       0       0       0       0       0       0       0       0       0       0       0
      Locals:         0      10       0       0       0       0       0       0       0       0       0       0       0       0       0       0       0
      Temps:          0       4       0       0       0       0       0       0       0       0       0       0       0       0       0       0       0
      Totals:         8      14       0       0       0       0       0       0       0       0       0       0       0       0       0       0       0
Total ram usage:       22 bytes
 Hardware stack levels used:    1
 Hardware stack levels required when called:    6
 This function calls:
		___lwdiv
		___lwmod
		___wmul
		_isdigit
		_putch
 This function is called by:
		_standby
		_date_time
		_bottle_count
		_bottle_time
		_operation
		_operationend
		_emergencystop
 This function uses a non-reentrant model


 *************** function _putch *****************
 Defined at:
		line 31 in file "lcd.c"
 Parameters:    Size  Location     Type
  data            1    wreg     unsigned char 
 Auto vars:     Size  Location     Type
  data            1   46[COMRAM] unsigned char 
 Return value:  Size  Location     Type
                  1    wreg      void 
 Registers used:
		wreg, status,2, status,0, cstack
 Tracked objects:
		On entry : 
		On exit  : 
		Unchanged: 
 Data sizes:     COMRAM   BANK0   BANK1   BANK2   BANK3   BANK4   BANK5   BANK6   BANK7   BANK8   BANK9  BANK10  BANK11  BANK12  BANK13  BANK14  BANK15
      Params:         0       0       0       0       0       0       0       0       0       0       0       0       0       0       0       0       0
      Locals:         1       0       0       0       0       0       0       0       0       0       0       0       0       0       0       0       0
      Temps:          0       0       0       0       0       0       0       0       0       0       0       0       0       0       0       0       0
      Totals:         1       0       0       0       0       0       0       0       0       0       0       0       0       0       0       0       0
Total ram usage:        1 bytes
 Hardware stack levels used:    1
 Hardware stack levels required when called:    5
 This function calls:
		_lcdNibble
 This function is called by:
		_printf
 This function uses a non-reentrant model


 *************** function _isdigit *****************
 Defined at:
		line 8 in file "C:\Program Files (x86)\Microchip\xc8\v1.40\sources\common\isdigit.c"
 Parameters:    Size  Location     Type
  c               1    wreg     unsigned char 
 Auto vars:     Size  Location     Type
  c               1   46[COMRAM] unsigned char 
 Return value:  Size  Location     Type
		None               void
 Registers used:
		wreg, status,2, status,0
 Tracked objects:
		On entry : 
		On exit  : 
		Unchanged: 
 Data sizes:     COMRAM   BANK0   BANK1   BANK2   BANK3   BANK4   BANK5   BANK6   BANK7   BANK8   BANK9  BANK10  BANK11  BANK12  BANK13  BANK14  BANK15
      Params:         0       0       0       0       0       0       0       0       0       0       0       0       0       0       0       0       0
      Locals:         2       0       0       0       0       0       0       0       0       0       0       0       0       0       0       0       0
      Temps:          1       0       0       0       0       0       0       0       0       0       0       0       0       0       0       0       0
      Totals:         3       0       0       0       0       0       0       0       0       0       0       0       0       0       0       0       0
Total ram usage:        3 bytes
 Hardware stack levels used:    1
 Hardware stack levels required when called:    4
 This function calls:
		Nothing
 This function is called by:
		_printf
 This function uses a non-reentrant model


 *************** function ___wmul *****************
 Defined at:
		line 15 in file "C:\Program Files (x86)\Microchip\xc8\v1.40\sources\common\Umul16.c"
 Parameters:    Size  Location     Type
  multiplier      2   44[COMRAM] unsigned int 
  multiplicand    2   46[COMRAM] unsigned int 
 Auto vars:     Size  Location     Type
  product         2   48[COMRAM] unsigned int 
 Return value:  Size  Location     Type
                  2   44[COMRAM] unsigned int 
 Registers used:
		wreg, status,2, status,0, prodl, prodh
 Tracked objects:
		On entry : 
		On exit  : 
		Unchanged: 
 Data sizes:     COMRAM   BANK0   BANK1   BANK2   BANK3   BANK4   BANK5   BANK6   BANK7   BANK8   BANK9  BANK10  BANK11  BANK12  BANK13  BANK14  BANK15
      Params:         4       0       0       0       0       0       0       0       0       0       0       0       0       0       0       0       0
      Locals:         2       0       0       0       0       0       0       0       0       0       0       0       0       0       0       0       0
      Temps:          0       0       0       0       0       0       0       0       0       0       0       0       0       0       0       0       0
      Totals:         6       0       0       0       0       0       0       0       0       0       0       0       0       0       0       0       0
Total ram usage:        6 bytes
 Hardware stack levels used:    1
 Hardware stack levels required when called:    4
 This function calls:
		Nothing
 This function is called by:
		_printf
 This function uses a non-reentrant model


 *************** function ___lwmod *****************
 Defined at:
		line 8 in file "C:\Program Files (x86)\Microchip\xc8\v1.40\sources\common\lwmod.c"
 Parameters:    Size  Location     Type
  dividend        2   51[COMRAM] unsigned int 
  divisor         2   53[COMRAM] unsigned int 
 Auto vars:     Size  Location     Type
  counter         1   55[COMRAM] unsigned char 
 Return value:  Size  Location     Type
                  2   51[COMRAM] unsigned int 
 Registers used:
		wreg, status,2, status,0
 Tracked objects:
		On entry : 
		On exit  : 
		Unchanged: 
 Data sizes:     COMRAM   BANK0   BANK1   BANK2   BANK3   BANK4   BANK5   BANK6   BANK7   BANK8   BANK9  BANK10  BANK11  BANK12  BANK13  BANK14  BANK15
      Params:         4       0       0       0       0       0       0       0       0       0       0       0       0       0       0       0       0
      Locals:         1       0       0       0       0       0       0       0       0       0       0       0       0       0       0       0       0
      Temps:          0       0       0       0       0       0       0       0       0       0       0       0       0       0       0       0       0
      Totals:         5       0       0       0       0       0       0       0       0       0       0       0       0       0       0       0       0
Total ram usage:        5 bytes
 Hardware stack levels used:    1
 Hardware stack levels required when called:    4
 This function calls:
		Nothing
 This function is called by:
		_printf
 This function uses a non-reentrant model


 *************** function ___lwdiv *****************
 Defined at:
		line 8 in file "C:\Program Files (x86)\Microchip\xc8\v1.40\sources\common\lwdiv.c"
 Parameters:    Size  Location     Type
  dividend        2   44[COMRAM] unsigned int 
  divisor         2   46[COMRAM] unsigned int 
 Auto vars:     Size  Location     Type
  quotient        2   49[COMRAM] unsigned int 
  counter         1   48[COMRAM] unsigned char 
 Return value:  Size  Location     Type
                  2   44[COMRAM] unsigned int 
 Registers used:
		wreg, status,2, status,0
 Tracked objects:
		On entry : 
		On exit  : 
		Unchanged: 
 Data sizes:     COMRAM   BANK0   BANK1   BANK2   BANK3   BANK4   BANK5   BANK6   BANK7   BANK8   BANK9  BANK10  BANK11  BANK12  BANK13  BANK14  BANK15
      Params:         4       0       0       0       0       0       0       0       0       0       0       0       0       0       0       0       0
      Locals:         3       0       0       0       0       0       0       0       0       0       0       0       0       0       0       0       0
      Temps:          0       0       0       0       0       0       0       0       0       0       0       0       0       0       0       0       0
      Totals:         7       0       0       0       0       0       0       0       0       0       0       0       0       0       0       0       0
Total ram usage:        7 bytes
 Hardware stack levels used:    1
 Hardware stack levels required when called:    4
 This function calls:
		Nothing
 This function is called by:
		_printf
 This function uses a non-reentrant model


 *************** function _lcdInst *****************
 Defined at:
		line 26 in file "lcd.c"
 Parameters:    Size  Location     Type
  data            1    wreg     unsigned char 
 Auto vars:     Size  Location     Type
  data            1   46[COMRAM] unsigned char 
 Return value:  Size  Location     Type
                  1    wreg      void 
 Registers used:
		wreg, status,2, status,0, cstack
 Tracked objects:
		On entry : 
		On exit  : 
		Unchanged: 
 Data sizes:     COMRAM   BANK0   BANK1   BANK2   BANK3   BANK4   BANK5   BANK6   BANK7   BANK8   BANK9  BANK10  BANK11  BANK12  BANK13  BANK14  BANK15
      Params:         0       0       0       0       0       0       0       0       0       0       0       0       0       0       0       0       0
      Locals:         1       0       0       0       0       0       0       0       0       0       0       0       0       0       0       0       0
      Temps:          0       0       0       0       0       0       0       0       0       0       0       0       0       0       0       0       0
      Totals:         1       0       0       0       0       0       0       0       0       0       0       0       0       0       0       0       0
Total ram usage:        1 bytes
 Hardware stack levels used:    1
 Hardware stack levels required when called:    5
 This function calls:
		_lcdNibble
 This function is called by:
		_initLCD
		_standby
		_date_time
		_bottle_count
		_bottle_time
		_operation
		_operationend
		_emergencystop
 This function uses a non-reentrant model


 *************** function _lcdNibble *****************
 Defined at:
		line 36 in file "lcd.c"
 Parameters:    Size  Location     Type
  data            1    wreg     unsigned char 
 Auto vars:     Size  Location     Type
  data            1   45[COMRAM] unsigned char 
  temp            1   44[COMRAM] unsigned char 
 Return value:  Size  Location     Type
                  1    wreg      void 
 Registers used:
		wreg, status,2, status,0
 Tracked objects:
		On entry : 
		On exit  : 
		Unchanged: 
 Data sizes:     COMRAM   BANK0   BANK1   BANK2   BANK3   BANK4   BANK5   BANK6   BANK7   BANK8   BANK9  BANK10  BANK11  BANK12  BANK13  BANK14  BANK15
      Params:         0       0       0       0       0       0       0       0       0       0       0       0       0       0       0       0       0
      Locals:         2       0       0       0       0       0       0       0       0       0       0       0       0       0       0       0       0
      Temps:          0       0       0       0       0       0       0       0       0       0       0       0       0       0       0       0       0
      Totals:         2       0       0       0       0       0       0       0       0       0       0       0       0       0       0       0       0
Total ram usage:        2 bytes
 Hardware stack levels used:    1
 Hardware stack levels required when called:    4
 This function calls:
		Nothing
 This function is called by:
		_lcdInst
		_putch
 This function uses a non-reentrant model


 *************** function ___awmod *****************
 Defined at:
		line 8 in file "C:\Program Files (x86)\Microchip\xc8\v1.40\sources\common\awmod.c"
 Parameters:    Size  Location     Type
  dividend        2   44[COMRAM] int 
  divisor         2   46[COMRAM] int 
 Auto vars:     Size  Location     Type
  sign            1   49[COMRAM] unsigned char 
  counter         1   48[COMRAM] unsigned char 
 Return value:  Size  Location     Type
                  2   44[COMRAM] int 
 Registers used:
		wreg, status,2, status,0
 Tracked objects:
		On entry : 
		On exit  : 
		Unchanged: 
 Data sizes:     COMRAM   BANK0   BANK1   BANK2   BANK3   BANK4   BANK5   BANK6   BANK7   BANK8   BANK9  BANK10  BANK11  BANK12  BANK13  BANK14  BANK15
      Params:         4       0       0       0       0       0       0       0       0       0       0       0       0       0       0       0       0
      Locals:         2       0       0       0       0       0       0       0       0       0       0       0       0       0       0       0       0
      Temps:          0       0       0       0       0       0       0       0       0       0       0       0       0       0       0       0       0
      Totals:         6       0       0       0       0       0       0       0       0       0       0       0       0       0       0       0       0
Total ram usage:        6 bytes
 Hardware stack levels used:    1
 Hardware stack levels required when called:    4
 This function calls:
		Nothing
 This function is called by:
		_bottle_count
 This function uses a non-reentrant model


 *************** function _I2C_Master_Init *****************
 Defined at:
		line 13 in file "I2C.c"
 Parameters:    Size  Location     Type
  c               4   57[COMRAM] const unsigned long 
 Auto vars:     Size  Location     Type
		None
 Return value:  Size  Location     Type
                  1    wreg      void 
 Registers used:
		wreg, status,2, status,0, cstack
 Tracked objects:
		On entry : 
		On exit  : 
		Unchanged: 
 Data sizes:     COMRAM   BANK0   BANK1   BANK2   BANK3   BANK4   BANK5   BANK6   BANK7   BANK8   BANK9  BANK10  BANK11  BANK12  BANK13  BANK14  BANK15
      Params:         4       0       0       0       0       0       0       0       0       0       0       0       0       0       0       0       0
      Locals:         0       0       0       0       0       0       0       0       0       0       0       0       0       0       0       0       0
      Temps:          0       4       0       0       0       0       0       0       0       0       0       0       0       0       0       0       0
      Totals:         4       4       0       0       0       0       0       0       0       0       0       0       0       0       0       0       0
Total ram usage:        8 bytes
 Hardware stack levels used:    1
 Hardware stack levels required when called:    5
 This function calls:
		___lldiv
 This function is called by:
		_main
 This function uses a non-reentrant model


 *************** function ___lldiv *****************
 Defined at:
		line 8 in file "C:\Program Files (x86)\Microchip\xc8\v1.40\sources\common\lldiv.c"
 Parameters:    Size  Location     Type
  dividend        4   44[COMRAM] unsigned long 
  divisor         4   48[COMRAM] unsigned long 
 Auto vars:     Size  Location     Type
[...]
      Totals:         3       0       0       0       0       0       0       0       0       0       0       0       0       0       0       0       0
Total ram usage:        3 bytes
 Hardware stack levels used:    1
 This function calls:
		Nothing
 This function is called by:
		i2_printf
 This function uses a non-reentrant model


 *************** function i2___wmul *****************
 Defined at:
		line 15 in file "C:\Program Files (x86)\Microchip\xc8\v1.40\sources\common\Umul16.c"
 Parameters:    Size  Location     Type
  multiplier      2    0[COMRAM] unsigned int 
  multiplicand    2    2[COMRAM] unsigned int 
 Auto vars:     Size  Location     Type
  __wmul          2    4[COMRAM] unsigned int 
 Return value:  Size  Location     Type
                  2    0[COMRAM] unsigned int 
 Registers used:
		wreg, status,2, status,0, prodl, prodh
 Tracked objects:
		On entry : 
		On exit  : 
		Unchanged: 
 Data sizes:     COMRAM   BANK0   BANK1   BANK2   BANK3   BANK4   BANK5   BANK6   BANK7   BANK8   BANK9  BANK10  BANK11  BANK12  BANK13  BANK14  BANK15
      Params:         4       0       0       0       0       0       0       0       0       0       0       0       0       0       0       0       0
      Locals:         2       0       0       0       0       0       0       0       0       0       0       0       0       0       0       0       0
      Temps:          0       0       0       0       0       0       0       0       0       0       0       0       0       0       0       0       0
      Totals:         6       0       0       0       0       0       0       0       0       0       0       0       0       0       0       0       0
Total ram usage:        6 bytes
 Hardware stack levels used:    1
 This function calls:
		Nothing
 This function is called by:
		i2_printf
 This function uses a non-reentrant model


 *************** function i2___lwmod *****************
 Defined at:
		line 8 in file "C:\Program Files (x86)\Microchip\xc8\v1.40\sources\common\lwmod.c"
 Parameters:    Size  Location     Type
  dividend        2    7[COMRAM] unsigned int 
  divisor         2    9[COMRAM] unsigned int 
 Auto vars:     Size  Location     Type
  __lwmod         1   11[COMRAM] unsigned char 
 Return value:  Size  Location     Type
                  2    7[COMRAM] unsigned int 
 Registers used:
		wreg, status,2, status,0
 Tracked objects:
		On entry : 
		On exit  : 
		Unchanged: 
 Data sizes:     COMRAM   BANK0   BANK1   BANK2   BANK3   BANK4   BANK5   BANK6   BANK7   BANK8   BANK9  BANK10  BANK11  BANK12  BANK13  BANK14  BANK15
      Params:         4       0       0       0       0       0       0       0       0       0       0       0       0       0       0       0       0
      Locals:         1       0       0       0       0       0       0       0       0       0       0       0       0       0       0       0       0
      Temps:          0       0       0       0       0       0       0       0       0       0       0       0       0       0       0       0       0
      Totals:         5       0       0       0       0       0       0       0       0       0       0       0       0       0       0       0       0
Total ram usage:        5 bytes
 Hardware stack levels used:    1
 This function calls:
		Nothing
 This function is called by:
		i2_printf
 This function uses a non-reentrant model


 *************** function i2___lwdiv *****************
 Defined at:
		line 8 in file "C:\Program Files (x86)\Microchip\xc8\v1.40\sources\common\lwdiv.c"
 Parameters:    Size  Location     Type
  dividend        2    0[COMRAM] unsigned int 
  divisor         2    2[COMRAM] unsigned int 
 Auto vars:     Size  Location     Type
  __lwdiv         2    4[COMRAM] unsigned int 
  __lwdiv         1    6[COMRAM] unsigned char 
 Return value:  Size  Location     Type
                  2    0[COMRAM] unsigned int 
 Registers used:
		wreg, status,2, status,0
 Tracked objects:
		On entry : 
		On exit  : 
		Unchanged: 
 Data sizes:     COMRAM   BANK0   BANK1   BANK2   BANK3   BANK4   BANK5   BANK6   BANK7   BANK8   BANK9  BANK10  BANK11  BANK12  BANK13  BANK14  BANK15
      Params:         4       0       0       0       0       0       0       0       0       0       0       0       0       0       0       0       0
      Locals:         3       0       0       0       0       0       0       0       0       0       0       0       0       0       0       0       0
      Temps:          0       0       0       0       0       0       0       0       0       0       0       0       0       0       0       0       0
      Totals:         7       0       0       0       0       0       0       0       0       0       0       0       0       0       0       0       0
Total ram usage:        7 bytes
 Hardware stack levels used:    1
 This function calls:
		Nothing
 This function is called by:
		i2_printf
 This function uses a non-reentrant model


 *************** function i2_lcdInst *****************
 Defined at:
		line 26 in file "lcd.c"
 Parameters:    Size  Location     Type
  data            1    wreg     unsigned char 
 Auto vars:     Size  Location     Type
  data            1    2[COMRAM] unsigned char 
 Return value:  Size  Location     Type
                  1    wreg      void 
 Registers used:
		wreg, status,2, status,0, cstack
 Tracked objects:
		On entry : 
		On exit  : 
		Unchanged: 
 Data sizes:     COMRAM   BANK0   BANK1   BANK2   BANK3   BANK4   BANK5   BANK6   BANK7   BANK8   BANK9  BANK10  BANK11  BANK12  BANK13  BANK14  BANK15
      Params:         0       0       0       0       0       0       0       0       0       0       0       0       0       0       0       0       0
      Locals:         1       0       0       0       0       0       0       0       0       0       0       0       0       0       0       0       0
      Temps:          0       0       0       0       0       0       0       0       0       0       0       0       0       0       0       0       0
      Totals:         1       0       0       0       0       0       0       0       0       0       0       0       0       0       0       0       0
Total ram usage:        1 bytes
 Hardware stack levels used:    1
 Hardware stack levels required when called:    1
 This function calls:
		i2_lcdNibble
 This function is called by:
		_isr
 This function uses a non-reentrant model


 *************** function i2_lcdNibble *****************
 Defined at:
		line 36 in file "lcd.c"
 Parameters:    Size  Location     Type
  data            1    wreg     unsigned char 
 Auto vars:     Size  Location     Type
  data            1    1[COMRAM] unsigned char 
  lcdNibble       1    0[COMRAM] unsigned char 
 Return value:  Size  Location     Type
                  1    wreg      void 
 Registers used:
		wreg, status,2, status,0
 Tracked objects:
		On entry : 
		On exit  : 
		Unchanged: 
 Data sizes:     COMRAM   BANK0   BANK1   BANK2   BANK3   BANK4   BANK5   BANK6   BANK7   BANK8   BANK9  BANK10  BANK11  BANK12  BANK13  BANK14  BANK15
      Params:         0       0       0       0       0       0       0       0       0       0       0       0       0       0       0       0       0
      Locals:         2       0       0       0       0       0       0       0       0       0       0       0       0       0       0       0       0
      Temps:          0       0       0       0       0       0       0       0       0       0       0       0       0       0       0       0       0
      Totals:         2       0       0       0       0       0       0       0       0       0       0       0       0       0       0       0       0
Total ram usage:        2 bytes
 Hardware stack levels used:    1
 This function calls:
		Nothing
 This function is called by:
		i2_lcdInst
		i2_putch
 This function uses a non-reentrant model


 *************** function _read_time *****************
 Defined at:
		line 233 in file "main.c"
 Parameters:    Size  Location     Type
		None
 Auto vars:     Size  Location     Type
  i               1    3[COMRAM] unsigned char 
 Return value:  Size  Location     Type
                  1    wreg      void 
 Registers used:
		wreg, fsr2l, fsr2h, status,2, status,0, prodl, prodh, cstack
 Tracked objects:
		On entry : 
		On exit  : 
		Unchanged: 
 Data sizes:     COMRAM   BANK0   BANK1   BANK2   BANK3   BANK4   BANK5   BANK6   BANK7   BANK8   BANK9  BANK10  BANK11  BANK12  BANK13  BANK14  BANK15
      Params:         0       0       0       0       0       0       0       0       0       0       0       0       0       0       0       0       0
      Locals:         1       0       0       0       0       0       0       0       0       0       0       0       0       0       0       0       0
      Temps:          0       0       0       0       0       0       0       0       0       0       0       0       0       0       0       0       0
      Totals:         1       0       0       0       0       0       0       0       0       0       0       0       0       0       0       0       0
Total ram usage:        1 bytes
 Hardware stack levels used:    1
 Hardware stack levels required when called:    2
 This function calls:
		i2_I2C_Master_Read
		i2_I2C_Master_Start
		i2_I2C_Master_Stop
		i2_I2C_Master_Write
 This function is called by:
		_isr
 This function uses a non-reentrant model


 *************** function i2_I2C_Master_Write *****************
 Defined at:
		line 47 in file "I2C.c"
 Parameters:    Size  Location     Type
  d               2    1[COMRAM] unsigned int 
 Auto vars:     Size  Location     Type
		None
 Return value:  Size  Location     Type
                  1    wreg      void 
 Registers used:
		wreg, status,2, status,0, cstack
 Tracked objects:
		On entry : 
		On exit  : 
		Unchanged: 
 Data sizes:     COMRAM   BANK0   BANK1   BANK2   BANK3   BANK4   BANK5   BANK6   BANK7   BANK8   BANK9  BANK10  BANK11  BANK12  BANK13  BANK14  BANK15
      Params:         2       0       0       0       0       0       0       0       0       0       0       0       0       0       0       0       0
      Locals:         0       0       0       0       0       0       0       0       0       0       0       0       0       0       0       0       0
      Temps:          0       0       0       0       0       0       0       0       0       0       0       0       0       0       0       0       0
      Totals:         2       0       0       0       0       0       0       0       0       0       0       0       0       0       0       0       0
Total ram usage:        2 bytes
 Hardware stack levels used:    1
 Hardware stack levels required when called:    1
 This function calls:
		i2_I2C_Master_Wait
 This function is called by:
		_read_time
 This function uses a non-reentrant model


 *************** function i2_I2C_Master_Stop *****************
 Defined at:
		line 41 in file "I2C.c"
 Parameters:    Size  Location     Type
		None
 Auto vars:     Size  Location     Type
		None
 Return value:  Size  Location     Type
                  1    wreg      void 
 Registers used:
		wreg, status,2, status,0, cstack
 Tracked objects:
		On entry : 
		On exit  : 
		Unchanged: 
 Data sizes:     COMRAM   BANK0   BANK1   BANK2   BANK3   BANK4   BANK5   BANK6   BANK7   BANK8   BANK9  BANK10  BANK11  BANK12  BANK13  BANK14  BANK15
      Params:         0       0       0       0       0       0       0       0       0       0       0       0       0       0       0       0       0
      Locals:         0       0       0       0       0       0       0       0       0       0       0       0       0       0       0       0       0
      Temps:          0       0       0       0       0       0       0       0       0       0       0       0       0       0       0       0       0
      Totals:         0       0       0       0       0       0       0       0       0       0       0       0       0       0       0       0       0
Total ram usage:        0 bytes
 Hardware stack levels used:    1
 Hardware stack levels required when called:    1
 This function calls:
		i2_I2C_Master_Wait
 This function is called by:
		_read_time
 This function uses a non-reentrant model


 *************** function i2_I2C_Master_Start *****************
 Defined at:
		line 29 in file "I2C.c"
 Parameters:    Size  Location     Type
		None
 Auto vars:     Size  Location     Type
		None
 Return value:  Size  Location     Type
                  1    wreg      void 
 Registers used:
		wreg, status,2, status,0, cstack
 Tracked objects:
		On entry : 
		On exit  : 
		Unchanged: 
 Data sizes:     COMRAM   BANK0   BANK1   BANK2   BANK3   BANK4   BANK5   BANK6   BANK7   BANK8   BANK9  BANK10  BANK11  BANK12  BANK13  BANK14  BANK15
      Params:         0       0       0       0       0       0       0       0       0       0       0       0       0       0       0       0       0
      Locals:         0       0       0       0       0       0       0       0       0       0       0       0       0       0       0       0       0
      Temps:          0       0       0       0       0       0       0       0       0       0       0       0       0       0       0       0       0
      Totals:         0       0       0       0       0       0       0       0       0       0       0       0       0       0       0       0       0
Total ram usage:        0 bytes
 Hardware stack levels used:    1
 Hardware stack levels required when called:    1
 This function calls:
		i2_I2C_Master_Wait
 This function is called by:
		_read_time
 This function uses a non-reentrant model


 *************** function i2_I2C_Master_Read *****************
 Defined at:
		line 53 in file "I2C.c"
 Parameters:    Size  Location     Type
  a               1    wreg     unsigned char 
 Auto vars:     Size  Location     Type
  a               1    1[COMRAM] unsigned char 
  I2C_Master_R    1    2[COMRAM] unsigned char 
 Return value:  Size  Location     Type
                  1    wreg      unsigned char 
 Registers used:
		wreg, status,2, status,0, cstack
 Tracked objects:
		On entry : 
		On exit  : 
		Unchanged: 
 Data sizes:     COMRAM   BANK0   BANK1   BANK2   BANK3   BANK4   BANK5   BANK6   BANK7   BANK8   BANK9  BANK10  BANK11  BANK12  BANK13  BANK14  BANK15
      Params:         0       0       0       0       0       0       0       0       0       0       0       0       0       0       0       0       0
      Locals:         2       0       0       0       0       0       0       0       0       0       0       0       0       0       0       0       0
      Temps:          0       0       0       0       0       0       0       0       0       0       0       0       0       0       0       0       0
      Totals:         2       0       0       0       0       0       0       0       0       0       0       0       0       0       0       0       0
Total ram usage:        2 bytes
 Hardware stack levels used:    1
 Hardware stack levels required when called:    1
 This function calls:
		i2_I2C_Master_Wait
 This function is called by:
		_read_time
 This function uses a non-reentrant model


 *************** function i2_I2C_Master_Wait *****************
 Defined at:
		line 24 in file "I2C.c"
 Parameters:    Size  Location     Type
		None
 Auto vars:     Size  Location     Type
		None
 Return value:  Size  Location     Type
                  1    wreg      void 
 Registers used:
		wreg, status,2, status,0
 Tracked objects:
		On entry : 
		On exit  : 
		Unchanged: 
 Data sizes:     COMRAM   BANK0   BANK1   BANK2   BANK3   BANK4   BANK5   BANK6   BANK7   BANK8   BANK9  BANK10  BANK11  BANK12  BANK13  BANK14  BANK15
      Params:         0       0       0       0       0       0       0       0       0       0       0       0       0       0       0       0       0
      Locals:         0       0       0       0       0       0       0       0       0       0       0       0       0       0       0       0       0
      Temps:          1       0       0       0       0       0       0       0       0       0       0       0       0       0       0       0       0
      Totals:         1       0       0       0       0       0       0       0       0       0       0       0       0       0       0       0       0
Total ram usage:        1 bytes
 Hardware stack levels used:    1
 This function calls:
		Nothing
 This function is called by:
		i2_I2C_Master_Start
		i2_I2C_Master_Stop
		i2_I2C_Master_Write
		i2_I2C_Master_Read
 This function uses a non-reentrant model



MODULE INFORMATION

Module		Function		Class		Link	Load	Size
C:\Program Files (x86)\Microchip\xc8\v1.40\sources\common\doprnt.c
		_printf        		CODE           	0012	0000	933

C:\Program Files (x86)\Microchip\xc8\v1.40\sources\common\doprnt.c estimated size: 933

I2C.c
		_I2C_Master_Read		CODE           	0F86	0000	39
		_I2C_Master_Wait		CODE           	10AA	0000	19
		_I2C_Master_Init		CODE           	0CBC	0000	93
		_I2C_Master_Stop		CODE           	1112	0000	9
		_I2C_Master_Write		CODE           	10FE	0000	11
		_I2C_Master_Start		CODE           	111A	0000	9

I2C.c estimated size: 180

C:\Program Files (x86)\Microchip\xc8\v1.40\sources\common\Umul16.c
		___wmul        		CODE           	0FD2	0000	39

C:\Program Files (x86)\Microchip\xc8\v1.40\sources\common\Umul16.c estimated size: 39

C:\Program Files (x86)\Microchip\xc8\v1.40\sources\common\lwmod.c
		___lwmod       		CODE           	0EA4	0000	67

C:\Program Files (x86)\Microchip\xc8\v1.40\sources\common\lwmod.c estimated size: 67

C:\Program Files (x86)\Microchip\xc8\v1.40\sources\common\awmod.c
		___awmod       		CODE           	0BE6	0000	113

C:\Program Files (x86)\Microchip\xc8\v1.40\sources\common\awmod.c estimated size: 113

C:\Program Files (x86)\Microchip\xc8\v1.40\sources\common\isdigit.c
		_isdigit       		CODE           	1044	0000	31

C:\Program Files (x86)\Microchip\xc8\v1.40\sources\common\isdigit.c estimated size: 31

shared
		i2_printf      		CODE           	03B6	0000	781
		i2_I2C_Master_Start		CODE           	112A	0000	9
		i2_putch       		CODE           	10E6	0000	13
		i2_lcdNibble   		CODE           	0E0A	0000	79
		_dpowers       		MEDIUMCONST    	FE2E	0000	11
		i2___lwdiv     		CODE           	0D6A	0000	83
		_timeset       		MEDIUMCONST    	FE40	0000	8
		i2_isdigit     		CODE           	1062	0000	31
		i2___wmul      		CODE           	0FF8	0000	39
		i2_I2C_Master_Read		CODE           	101E	0000	39
		i2___lwmod     		CODE           	0EE6	0000	67
		_keys          		MEDIUMCONST    	FE1D	0000	18
		__initialization		CODE           	0F28	0000	37
		i2_I2C_Master_Wait		CODE           	10BC	0000	19
		_hexpowers     		MEDIUMCONST    	FE38	0000	9
		i2_I2C_Master_Stop		CODE           	1122	0000	9
		i2_lcdInst     		CODE           	10F2	0000	13
		i2_I2C_Master_Write		CODE           	1108	0000	11

shared estimated size: 1276

lcd.c
		_putch         		CODE           	10CE	0000	13
		_lcdInst       		CODE           	10DA	0000	13
		_lcdNibble     		CODE           	0DBC	0000	79
		_initLCD       		CODE           	0E58	0000	77

lcd.c estimated size: 182

C:\Program Files (x86)\Microchip\xc8\v1.40\sources\common\lwdiv.c
		___lwdiv       		CODE           	0D18	0000	83

C:\Program Files (x86)\Microchip\xc8\v1.40\sources\common\lwdiv.c estimated size: 83

main.c
		_bottle_time   		CODE           	0FAC	0000	39
		_bottle_count  		CODE           	083E	0000	283
		_main          		CODE           	0958	0000	215
		_date_time     		CODE           	0A2E	0000	183
		_isr           		CODE           	0008	0000	387
		_standby       		CODE           	0F5A	0000	45
		_operation     		CODE           	0B66	0000	129
		_operationend  		CODE           	1096	0000	21
		_read_time     		CODE           	0C56	0000	103
		_emergencystop 		CODE           	1080	0000	23

main.c estimated size: 1428

C:\Program Files (x86)\Microchip\xc8\v1.40\sources\common\lldiv.c
		___lldiv       		CODE           	0AE4	0000	131

C:\Program Files (x86)\Microchip\xc8\v1.40\sources\common\lldiv.c estimated size: 131

