Microchip MPLAB XC8 Compiler V1.40 ()

Linker command line:

-W-3 --edf=C:\Program Files (x86)\Microchip\xc8\v1.40\dat\en_msgs.txt -cs \
  -h+dist/default/production\AER201_PIC.X.production.sym \
  --cmf=dist/default/production\AER201_PIC.X.production.cmf -z -Q18F4620 \
  -oC:\Users\shich\AppData\Local\Temp\s180.2 \
  -Mdist/default/production/AER201_PIC.X.production.map -E1 -ver=XC8 \
  -ASTACK=017Ch-0f7fh -pstack=STACK -ACODE=00h-0FFFFh -ACONST=00h-0FFFFh \
  -ASMALLCONST=01000h-010FFhx240 -AMEDIUMCONST=01000h-0FFFFh \
  -ACOMRAM=01h-07Fh -AABS1=00h-0F7Fh -ABIGRAM=01h-0F7Fh \
  -ARAM=080h-0FFh,0100h-01FFhx14,0F00h-0F7Fh -ABANK0=080h-0FFh \
  -ABANK1=0100h-01FFh -ABANK2=0200h-02FFh -ABANK3=0300h-03FFh \
  -ABANK4=0400h-04FFh -ABANK5=0500h-05FFh -ABANK6=0600h-06FFh \
  -ABANK7=0700h-07FFh -ABANK8=0800h-08FFh -ABANK9=0900h-09FFh \
  -ABANK10=0A00h-0AFFh -ABANK11=0B00h-0BFFh -ABANK12=0C00h-0CFFh \
  -ABANK13=0D00h-0DFFh -ABANK14=0E00h-0EFFh -ABANK15=0F00h-0F7Fh \
  -ASFR=0F80h-0FFFh -preset_vec=00h,intcode=08h,intcodelo,powerup,init \
  -pramtop=01000h -psmallconst=SMALLCONST -pmediumconst=MEDIUMCONST \
  -pconst=CONST -AFARRAM=00h-00h -ACONFIG=0300000h-030000Dh -pconfig=CONFIG \
  -AIDLOC=0200000h-0200007h -pidloc=IDLOC -AEEDATA=0F00000h-0F003FFh \
  -peeprom_data=EEDATA \
  -prdata=COMRAM,nvrram=COMRAM,nvbit=COMRAM,rbss=COMRAM,rbit=COMRAM \
  -pfarbss=FARRAM,fardata=FARRAM,nvFARRAM=FARRAM \
  -pintsave_regs=BIGRAM,bigbss=BIGRAM,bigdata=BIGRAM -pbss=RAM \
  -pidata=CODE,irdata=CODE,ibigdata=CODE,ifardata=CODE -prparam=COMRAM \
  C:\Users\shich\AppData\Local\Temp\s180.obj \
  dist/default/production\AER201_PIC.X.production.obj 

Object code version is 3.11

Machine type is 18F4620

Call graph: (short form)




                Name                               Link     Load   Length Selector   Space Scale
C:\Users\shich\AppData\Local\Temp\s180.obj
                init                                  E        E        4        4       0
                reset_vec                             0        0        4        0       0
                idloc                            200000   200000        8   200000       0
                config                           300000   300000        E   300000       0
dist/default/production\AER201_PIC.X.production.obj
                intcode                               8        8        6        4       0
                temp                                 7F       7F        1        1       1
                mediumconst                        FD92     FD92      26E     7EC9       0
                text94                             4B06     4B06       84        4       0
                text93                             47F8     47F8       AE        4       0
                text92                             4EF6     4EF6       5C        4       0
                text91                             51E0     51E0       38        4       0
                text90                             4004     4004       E6        4       0
                text89                             53D0     53D0       24        4       0
                text88                             2776     2776      1AC        4       0
                text87                             5166     5166       40        4       0
                text86                             3E24     3E24       F4        4       0
                text85                             53AA     53AA       26        4       0
                text84                             4370     4370       D2        4       0
                text83                             4C7E     4C7E       78        4       0
                text82                             4A76     4A76       90        4       0
                text81                             3D30     3D30       F4        4       0
                text80                             49E6     49E6       90        4       0
                text79                             40EA     40EA       DE        4       0
                text78                             450A     450A       C6        4       0
                text77                             23DA     23DA      1E8        4       0
                text76                             2FD6     2FD6      11E        4       0
                text75                             2922     2922      176        4       0
                text74                             3B3C     3B3C       FC        4       0
                text73                             5046     5046       4E        4       0
                text72                             54CC     54CC        C        4       0
                text71                             4FA4     4FA4       52        4       0
                text70                             5124     5124       42        4       0
                text69                             5416     5416       1E        4       0
                text68                             54C0     54C0        C        4       0
                text67                             140E     140E      32C        4       0
                text66                             548E     548E       12        4       0
                text65                             5384     5384       26        4       0
                text64                             550E     550E        8        4       0
                text63                             5506     5506        8        4       0
                text62                             54EC     54EC        A        4       0
                text61                             41C8     41C8       D6        4       0
                text60                             4D6C     4D6C       68        4       0
                text59                             5464     5464       16        4       0
                text58                             535E     535E       26        4       0
                text57                             1F46     1F46      25A        4       0
                intcode_body                         12       12      AB4        4       0
                text55                             547A     547A       14        4       0
                text54                             54FE     54FE        8        4       0
                text53                             54F6     54F6        8        4       0
                text52                             54E2     54E2        A        4       0
                text51                             3A3E     3A3E       FE        4       0
                text50                             468E     468E       BC        4       0
                text49                             4E96     4E96       60        4       0
                text48                             48A6     48A6       A2        4       0
                text47                             4E36     4E36       60        4       0
                text46                             54B0     54B0       10        4       0
                text45                             4C06     4C06       78        4       0
                text44                             4DD4     4DD4       62        4       0
                text43                             524E     524E       36        4       0
                text42                             530C     530C       2A        4       0
                text41                             54A0     54A0       10        4       0
                text40                             1038     1038      3D6        4       0
                text39                             383C     383C      104        4       0
                text38                             3738     3738      104        4       0
                text37                             3634     3634      104        4       0
                text36                             3530     3530      104        4       0
                text35                             342C     342C      104        4       0
                text34                             5218     5218       36        4       0
                text33                             52B4     52B4       2E        4       0
                text32                             429E     429E       D2        4       0
                text31                             53F4     53F4       22        4       0
                text30                             4FF6     4FF6       50        4       0
                text29                             3320     3320      10C        4       0
                text28                             52E2     52E2       2A        4       0
                text27                             45D0     45D0       BE        4       0
                text26                             4B8A     4B8A       7C        4       0
                text25                             50E0     50E0       44        4       0
                text24                             2D46     2D46      14C        4       0
                text23                             5284     5284       30        4       0
                text22                             1CDE     1CDE      268        4       0
                text21                             5094     5094       4C        4       0
                text20                             2A98     2A98      15E        4       0
                text19                             3F18     3F18       EC        4       0
                text18                             4948     4948       9E        4       0
                text17                             4442     4442       C8        4       0
                text16                             2E92     2E92      144        4       0
                text15                             474A     474A       AE        4       0
                text14                             3940     3940       FE        4       0
                text13                             30F4     30F4      118        4       0
                text12                             21A0     21A0      23A        4       0
                text11                             2BF6     2BF6      150        4       0
                text10                             25C2     25C2      1B4        4       0
                text9                              320C     320C      114        4       0
                text8                              3C38     3C38       F8        4       0
                text7                              4CF6     4CF6       76        4       0
                text6                              544C     544C       18        4       0
                text5                              5336     5336       28        4       0
                text4                              173A     173A      2DC        4       0
                text3                               AC6      AC6      572        4       0
                text2                              5434     5434       18        4       0
                text1                              51A6     51A6       3A        4       0
                text0                              1A16     1A16      2C8        4       0
                cstackCOMRAM                          1        1       75        1       1
                cstackBANK0                          80       80       5F       80       1
                cstackBANK1                         149      149       29      100       1
                dataBANK1                           172      172        A      100       1
                bssBANK1                            100      100       49      100       1
                bssBANK0                             DF       DF       10       80       1
                bssCOMRAM                            76       76        9        1       1
                cinit                              4F52     4F52       52        4       0
                idataBANK1                         54D8     54D8        A        4       0

TOTAL           Name                               Link     Load   Length     Space
        CLASS   STACK          

        CLASS   CODE           
                intcode                               8        8        6         0
                init                                  E        E        4         0
                reset_vec                             0        0        4         0
                text94                             4B06     4B06       84         0
                text93                             47F8     47F8       AE         0
                text92                             4EF6     4EF6       5C         0
                text91                             51E0     51E0       38         0
                text90                             4004     4004       E6         0
                text89                             53D0     53D0       24         0
                text88                             2776     2776      1AC         0
                text87                             5166     5166       40         0
                text86                             3E24     3E24       F4         0
                text85                             53AA     53AA       26         0
                text84                             4370     4370       D2         0
                text83                             4C7E     4C7E       78         0
                text82                             4A76     4A76       90         0
                text81                             3D30     3D30       F4         0
                text80                             49E6     49E6       90         0
                text79                             40EA     40EA       DE         0
                text78                             450A     450A       C6         0
                text77                             23DA     23DA      1E8         0
                text76                             2FD6     2FD6      11E         0
                text75                             2922     2922      176         0
                text74                             3B3C     3B3C       FC         0
                text73                             5046     5046       4E         0
                text72                             54CC     54CC        C         0
                text71                             4FA4     4FA4       52         0
                text70                             5124     5124       42         0
                text69                             5416     5416       1E         0
                text68                             54C0     54C0        C         0
                text67                             140E     140E      32C         0
                text66                             548E     548E       12         0
                text65                             5384     5384       26         0
                text64                             550E     550E        8         0
                text63                             5506     5506        8         0
                text62                             54EC     54EC        A         0
                text61                             41C8     41C8       D6         0
                text60                             4D6C     4D6C       68         0
                text59                             5464     5464       16         0
                text58                             535E     535E       26         0
                text57                             1F46     1F46      25A         0
                intcode_body                         12       12      AB4         0
                text55                             547A     547A       14         0
                text54                             54FE     54FE        8         0
                text53                             54F6     54F6        8         0
                text52                             54E2     54E2        A         0
                text51                             3A3E     3A3E       FE         0
                text50                             468E     468E       BC         0
                text49                             4E96     4E96       60         0
                text48                             48A6     48A6       A2         0
                text47                             4E36     4E36       60         0
                text46                             54B0     54B0       10         0
                text45                             4C06     4C06       78         0
                text44                             4DD4     4DD4       62         0
                text43                             524E     524E       36         0
                text42                             530C     530C       2A         0
                text41                             54A0     54A0       10         0
                text40                             1038     1038      3D6         0
                text39                             383C     383C      104         0
                text38                             3738     3738      104         0
                text37                             3634     3634      104         0
                text36                             3530     3530      104         0
                text35                             342C     342C      104         0
                text34                             5218     5218       36         0
                text33                             52B4     52B4       2E         0
                text32                             429E     429E       D2         0
                text31                             53F4     53F4       22         0
                text30                             4FF6     4FF6       50         0
                text29                             3320     3320      10C         0
                text28                             52E2     52E2       2A         0
                text27                             45D0     45D0       BE         0
                text26                             4B8A     4B8A       7C         0
                text25                             50E0     50E0       44         0
                text24                             2D46     2D46      14C         0
                text23                             5284     5284       30         0
                text22                             1CDE     1CDE      268         0
                text21                             5094     5094       4C         0
                text20                             2A98     2A98      15E         0
                text19                             3F18     3F18       EC         0
                text18                             4948     4948       9E         0
                text17                             4442     4442       C8         0
                text16                             2E92     2E92      144         0
                text15                             474A     474A       AE         0
                text14                             3940     3940       FE         0
                text13                             30F4     30F4      118         0
                text12                             21A0     21A0      23A         0
                text11                             2BF6     2BF6      150         0
                text10                             25C2     25C2      1B4         0
                text9                              320C     320C      114         0
                text8                              3C38     3C38       F8         0
                text7                              4CF6     4CF6       76         0
                text6                              544C     544C       18         0
                text5                              5336     5336       28         0
                text4                              173A     173A      2DC         0
                text3                               AC6      AC6      572         0
                text2                              5434     5434       18         0
                text1                              51A6     51A6       3A         0
                text0                              1A16     1A16      2C8         0
                cinit                              4F52     4F52       52         0
                idataBANK1                         54D8     54D8        A         0

        CLASS   CONST          

        CLASS   SMALLCONST     

        CLASS   MEDIUMCONST    
                mediumconst                        FD92     FD92      26E         0

        CLASS   COMRAM         
                temp                                 7F       7F        1         1
                cstackCOMRAM                          1        1       75         1
                bssCOMRAM                            76       76        9         1

        CLASS   ABS1           

        CLASS   BIGRAM         

        CLASS   RAM            

        CLASS   BANK0          
                cstackBANK0                          80       80       5F         1
                bssBANK0                             DF       DF       10         1

        CLASS   BANK1          
                cstackBANK1                         149      149       29         1
                dataBANK1                           172      172        A         1
                bssBANK1                            100      100       49         1

        CLASS   BANK2          

        CLASS   BANK3          

        CLASS   BANK4          

        CLASS   BANK5          

        CLASS   BANK6          

        CLASS   BANK7          

        CLASS   BANK8          

        CLASS   BANK9          

        CLASS   BANK10         

        CLASS   BANK11         

        CLASS   BANK12         

        CLASS   BANK13         

        CLASS   BANK14         

        CLASS   BANK15         

        CLASS   SFR            

        CLASS   FARRAM         

        CLASS   CONFIG         
                config                           300000   300000        E         0

        CLASS   IDLOC          
                idloc                            200000   200000        8         0

        CLASS   EEDATA         



SEGMENTS        Name                           Load    Length   Top    Selector   Space  Class

                reset_vec                      000000  000004  000004         0       0  CODE    
                cstackCOMRAM                   000001  00007F  000080         1       1  COMRAM  
                intcode                        000008  00550E  005516         4       0  CODE    
                cstackBANK0                    000080  00006F  0000EF        80       1  BANK0   
                bssBANK1                       000100  00007C  00017C       100       1  BANK1   
                mediumconst                    00FD92  00026E  010000      7EC9       0  MEDIUMCO
                idloc                          200000  000008  200008    200000       0  IDLOC   
                config                         300000  00000E  30000E    300000       0  CONFIG  


UNUSED ADDRESS RANGES

        Name                Unused          Largest block    Delta
        BANK0            0000EF-0000FF               11
        BANK1            00017C-0001FF               84
        BANK10           000A00-000AFF              100
        BANK11           000B00-000BFF              100
        BANK12           000C00-000CFF              100
        BANK13           000D00-000DFF              100
        BANK14           000E00-000EFF              100
        BANK15           000F00-000F7F               80
        BANK2            000200-0002FF              100
        BANK3            000300-0003FF              100
        BANK4            000400-0004FF              100
        BANK5            000500-0005FF              100
        BANK6            000600-0006FF              100
        BANK7            000700-0007FF              100
        BANK8            000800-0008FF              100
        BANK9            000900-0009FF              100
        BIGRAM           0000EF-0000FF               11
                         00017C-000F7F              E04
        CODE             000004-000007                4
                         005516-00FD91             A87C
        CONST            000004-000007                4
                         005516-00FD91             A87C
        EEDATA           F00000-F003FF              400
        MEDIUMCONST      005516-00FD91             A87C
        RAM              0000EF-0000FF               11
                         00017C-000F7F              100
        SFR              000F80-000FFF               80
        SMALLCONST       005516-00FD91              100
        STACK            00017C-000F7F              E04

                                  Symbol Table

?___altoft                   cstackBANK0  0000C6
?___awdiv                    cstackBANK0  000090
?___awmod                    cstackBANK0  000090
?___awtoft                   cstackBANK0  000098
?___ftadd                    cstackBANK0  0000AB
?___ftdiv                    cstackBANK0  000098
?___ftmul                    cstackBANK0  00009C
?___ftneg                    cstackBANK0  000090
?___ftpack                   cstackBANK0  000090
?___ftsub                    cstackBANK0  0000B7
?___fttol                    cstackBANK0  0000B7
?___lldiv                    cstackBANK0  000090
?___lltoft                   cstackBANK0  000098
?___lwdiv                    cstackBANK0  000090
?___lwmod                    cstackBANK0  000097
?___lwtoft                   cstackBANK0  000098
?___wmul                     cstackBANK0  000090
?_dec_to_hex                 cstackBANK0  0000DB
?_eval_poly                  cstackBANK0  0000B7
?_exp                        cstackBANK0  0000D8
?_floor                      cstackBANK0  0000D0
?_frexp                      cstackBANK0  000090
?_ldexp                      cstackBANK0  0000C3
?_log                        cstackBANK0  0000C3
?_pow                        cstackBANK1  00014F
?_printf                     cstackBANK0  00009C
?i2___altoft                 cstackCOMRAM 000037
?i2___awdiv                  cstackCOMRAM 000001
?i2___awtoft                 cstackCOMRAM 000009
?i2___ftadd                  cstackCOMRAM 00001C
?i2___ftdiv                  cstackCOMRAM 000009
?i2___ftmul                  cstackCOMRAM 00000D
?i2___ftneg                  cstackCOMRAM 000001
?i2___ftpack                 cstackCOMRAM 000001
?i2___ftsub                  cstackCOMRAM 000028
?i2___fttol                  cstackCOMRAM 000028
?i2___lltoft                 cstackCOMRAM 000009
?i2___lwdiv                  cstackCOMRAM 000001
?i2___lwmod                  cstackCOMRAM 000008
?i2___wmul                   cstackCOMRAM 000001
?i2_dec_to_hex               cstackCOMRAM 000063
?i2_eval_poly                cstackCOMRAM 000028
?i2_exp                      cstackCOMRAM 000049
?i2_floor                    cstackCOMRAM 000041
?i2_frexp                    cstackCOMRAM 000001
?i2_ldexp                    cstackCOMRAM 000034
?i2_log                      cstackCOMRAM 000034
?i2_pow                      cstackCOMRAM 000052
?i2_printf                   cstackCOMRAM 00000D
I2C_Master_Init@c            cstackBANK0  00009D
I2C_Master_Read@a            cstackBANK0  000091
I2C_Master_Read@temp         cstackBANK0  000092
I2C_Master_Write@d           cstackBANK0  000091
_ACKDT                       (abs)        007E2D
_ACKEN                       (abs)        007E2C
_ADCON0                      (abs)        000FC2
_ADCON1                      (abs)        000FC1
_EEADR                       (abs)        000FA9
_EEADRH                      (abs)        000FAA
_EECON1bits                  (abs)        000FA6
_EECON2                      (abs)        000FA7
_EEDATA                      (abs)        000FA8
_GIE                         (abs)        007F97
_I2C_ColorSens_Init          text51       003A3E
_I2C_Master_Init             text49       004E96
_I2C_Master_Read             text33       0052B4
_I2C_Master_Start            text54       0054FE
_I2C_Master_Stop             text53       0054F6
_I2C_Master_Wait             text55       00547A
_I2C_Master_Write            text52       0054E2
_INT0IE                      (abs)        007F94
_INT1IE                      (abs)        007F83
_INT1IF                      (abs)        007F80
_INT2IE                      (abs)        007F84
_INTCONbits                  (abs)        000FF2
_LATA                        (abs)        000F89
_LATAbits                    (abs)        000F89
_LATB                        (abs)        000F8A
_LATC                        (abs)        000F8B
_LATCbits                    (abs)        000F8B
_LATD                        (abs)        000F8C
_LATDbits                    (abs)        000F8C
_LATE                        (abs)        000F8D
_PEIE                        (abs)        007F96
_PEN                         (abs)        007E2A
_PIR2bits                    (abs)        000FA1
_PORTAbits                   (abs)        000F80
_PORTB                       (abs)        000F81
_PSA                         (abs)        007EAB
_RCEN                        (abs)        007E2B
_RSEN                        (abs)        007E29
_SEN                         (abs)        007E28
_SSPADD                      (abs)        000FC8
_SSPBUF                      (abs)        000FC9
_SSPCON1                     (abs)        000FC6
_SSPCON2                     (abs)        000FC5
_SSPSTAT                     (abs)        000FC7
_T08BIT                      (abs)        007EAE
_T0CS                        (abs)        007EAD
_T0PS0                       (abs)        007EA8
_T0PS1                       (abs)        007EA9
_T0PS2                       (abs)        007EAA
_T1CKPS0                     (abs)        007E6C
_T1CKPS1                     (abs)        007E6D
_T1CON                       (abs)        000FCD
_T3CKPS0                     (abs)        007D8C
_T3CKPS1                     (abs)        007D8D
_T3CON                       (abs)        000FB1
_TMR0                        (abs)        000FD6
_TMR0IE                      (abs)        007F95
_TMR0IF                      (abs)        007F92
_TMR0ON                      (abs)        007EAF
_TMR1                        (abs)        000FCE
_TMR1CS                      (abs)        007E69
_TMR1IE                      (abs)        007CE8
_TMR1IF                      (abs)        007CF0
_TMR1ON                      (abs)        007E68
_TMR3                        (abs)        000FB2
_TMR3CS                      (abs)        007D89
_TMR3IE                      (abs)        007D01
_TMR3IF                      (abs)        007D09
_TMR3ON                      (abs)        007D88
_TRISA                       (abs)        000F92
_TRISB                       (abs)        000F93
_TRISC                       (abs)        000F94
_TRISC3                      (abs)        007CA3
_TRISC4                      (abs)        007CA4
_TRISD                       (abs)        000F95
_TRISE                       (abs)        000F96
__CFG_BOREN$SBORDIS          (abs)        000000
__CFG_BORV$3                 (abs)        000000
__CFG_CCP2MX$PORTC           (abs)        000000
__CFG_CP0$OFF                (abs)        000000
__CFG_CP1$OFF                (abs)        000000
__CFG_CP2$OFF                (abs)        000000
__CFG_CP3$OFF                (abs)        000000
__CFG_CPB$OFF                (abs)        000000
__CFG_CPD$OFF                (abs)        000000
__CFG_EBTR0$OFF              (abs)        000000
__CFG_EBTR1$OFF              (abs)        000000
__CFG_EBTR2$OFF              (abs)        000000
__CFG_EBTR3$OFF              (abs)        000000
__CFG_EBTRB$OFF              (abs)        000000
__CFG_FCMEN$OFF              (abs)        000000
__CFG_IESO$OFF               (abs)        000000
__CFG_LPT1OSC$OFF            (abs)        000000
__CFG_LVP$OFF                (abs)        000000
__CFG_MCLRE$ON               (abs)        000000
__CFG_OSC$HS                 (abs)        000000
__CFG_PBADEN$ON              (abs)        000000
__CFG_PWRT$OFF               (abs)        000000
__CFG_STVREN$ON              (abs)        000000
__CFG_WDT$OFF                (abs)        000000
__CFG_WDTPS$32768            (abs)        000000
__CFG_WRT0$OFF               (abs)        000000
__CFG_WRT1$OFF               (abs)        000000
__CFG_WRT2$OFF               (abs)        000000
__CFG_WRT3$OFF               (abs)        000000
__CFG_WRTB$OFF               (abs)        000000
__CFG_WRTC$OFF               (abs)        000000
__CFG_WRTD$OFF               (abs)        000000
__CFG_XINST$OFF              (abs)        000000
__HRAM                       (abs)        000000
__Habs1                      abs1         000000
__Hbank0                     bank0        000000
__Hbank1                     bank1        000000
__Hbank10                    bank10       000000
__Hbank11                    bank11       000000
__Hbank12                    bank12       000000
__Hbank13                    bank13       000000
__Hbank14                    bank14       000000
__Hbank15                    bank15       000000
__Hbank2                     bank2        000000
__Hbank3                     bank3        000000
__Hbank4                     bank4        000000
__Hbank5                     bank5        000000
__Hbank6                     bank6        000000
__Hbank7                     bank7        000000
__Hbank8                     bank8        000000
__Hbank9                     bank9        000000
__Hbigbss                    bigbss       000000
__Hbigdata                   bigdata      000000
__Hbigram                    bigram       000000
__Hbss                       bss          000000
__HbssBANK0                  bssBANK0     000000
__HbssBANK1                  bssBANK1     000000
__HbssCOMRAM                 bssCOMRAM    000000
__Hcinit                     cinit        000000
__Hclrtext                   clrtext      000000
__Hcomram                    comram       000000
__Hconfig                    config       30000E
__Hconst                     const        000000
__HcstackBANK0               cstackBANK0  000000
__HcstackBANK1               cstackBANK1  000000
__HcstackCOMRAM              cstackCOMRAM 000000
__Hdata                      data         000000
__HdataBANK1                 dataBANK1    000000
__Heeprom_data               eeprom_data  000000
__Hfarbss                    farbss       000000
__Hfardata                   fardata      000000
__Hibigdata                  ibigdata     000000
__Hidata                     idata        000000
__HidataBANK1                idataBANK1   000000
__Hidloc                     idloc        200008
__Hifardata                  ifardata     000000
__Hinit                      init         000012
__Hintcode                   intcode      00000E
__Hintcode_body              intcode_body 000000
__Hintcodelo                 intcodelo    00000E
__Hintentry                  intentry     000000
__Hintret                    intret       000000
__Hintsave_regs              intsave_regs 000000
__Hirdata                    irdata       000000
__Hmediumconst               mediumconst  010000
__HnvFARRAM                  nvFARRAM     000000
__Hnvbit                     nvbit        000000
__Hnvrram                    nvrram       000000
__Hparam                     rparam       000000
__Hpowerup                   powerup      00000E
__Hram                       ram          000000
__Hramtop                    ramtop       001000
__Hrbit                      rbit         000000
__Hrbss                      rbss         000000
__Hrdata                     rdata        000000
__Hreset_vec                 reset_vec    000004
__Hrparam                    rparam       000000
__Hsfr                       sfr          000000
__Hsmallconst                smallconst   000000
__Hspace_0                   (abs)        30000E
__Hspace_1                   (abs)        00017C
__Hspace_2                   (abs)        000000
__Hstack                     stack        000000
__Hstruct                    struct       000000
__Htemp                      temp         000080
__Htext                      text         000000
__Htext0                     text0        000000
__Htext1                     text1        000000
__Htext10                    text10       000000
__Htext11                    text11       000000
__Htext12                    text12       000000
__Htext13                    text13       000000
__Htext14                    text14       000000
__Htext15                    text15       000000
__Htext16                    text16       000000
__Htext17                    text17       000000
__Htext18                    text18       000000
__Htext19                    text19       000000
__Htext2                     text2        000000
__Htext20                    text20       000000
__Htext21                    text21       000000
__Htext22                    text22       000000
__Htext23                    text23       000000
__Htext24                    text24       000000
__Htext25                    text25       000000
__Htext26                    text26       000000
__Htext27                    text27       000000
__Htext28                    text28       000000
__Htext29                    text29       000000
__Htext3                     text3        000000
__Htext30                    text30       000000
__Htext31                    text31       000000
__Htext32                    text32       000000
__Htext33                    text33       000000
__Htext34                    text34       000000
__Htext35                    text35       000000
__Htext36                    text36       000000
__Htext37                    text37       000000
__Htext38                    text38       000000
__Htext39                    text39       000000
__Htext4                     text4        000000
__Htext40                    text40       000000
__Htext41                    text41       000000
__Htext42                    text42       000000
__Htext43                    text43       000000
__Htext44                    text44       000000
__Htext45                    text45       000000
__Htext46                    text46       000000
__Htext47                    text47       000000
__Htext48                    text48       000000
__Htext49                    text49       000000
__Htext5                     text5        000000
__Htext50                    text50       000000
__Htext51                    text51       000000
__Htext52                    text52       000000
__Htext53                    text53       000000
__Htext54                    text54       000000
__Htext55                    text55       000000
__Htext57                    text57       000000
__Htext58                    text58       000000
__Htext59                    text59       000000
__Htext6                     text6        000000
__Htext60                    text60       000000
__Htext61                    text61       000000
__Htext62                    text62       000000
__Htext63                    text63       000000
__Htext64                    text64       000000
__Htext65                    text65       000000
__Htext66                    text66       000000
__Htext67                    text67       000000
__Htext68                    text68       000000
__Htext69                    text69       000000
__Htext7                     text7        000000
__Htext70                    text70       000000
__Htext71                    text71       000000
__Htext72                    text72       000000
__Htext73                    text73       000000
__Htext74                    text74       000000
__Htext75                    text75       000000
__Htext76                    text76       000000
__Htext77                    text77       000000
__Htext78                    text78       000000
__Htext79                    text79       000000
__Htext8                     text8        000000
__Htext80                    text80       000000
__Htext81                    text81       000000
__Htext82                    text82       000000
__Htext83                    text83       000000
__Htext84                    text84       000000
__Htext85                    text85       000000
__Htext86                    text86       000000
__Htext87                    text87       000000
__Htext88                    text88       000000
__Htext89                    text89       000000
__Htext9                     text9        000000
__Htext90                    text90       000000
__Htext91                    text91       000000
__Htext92                    text92       000000
__Htext93                    text93       000000
__Htext94                    text94       000000
__LRAM                       (abs)        000001
__Labs1                      abs1         000000
__Lbank0                     bank0        000000
__Lbank1                     bank1        000000
__Lbank10                    bank10       000000
__Lbank11                    bank11       000000
__Lbank12                    bank12       000000
__Lbank13                    bank13       000000
__Lbank14                    bank14       000000
__Lbank15                    bank15       000000
__Lbank2                     bank2        000000
__Lbank3                     bank3        000000
__Lbank4                     bank4        000000
__Lbank5                     bank5        000000
__Lbank6                     bank6        000000
__Lbank7                     bank7        000000
__Lbank8                     bank8        000000
__Lbank9                     bank9        000000
__Lbigbss                    bigbss       000000
__Lbigdata                   bigdata      000000
__Lbigram                    bigram       000000
__Lbss                       bss          000000
__LbssBANK0                  bssBANK0     000000
__LbssBANK1                  bssBANK1     000000
__LbssCOMRAM                 bssCOMRAM    000000
__Lcinit                     cinit        000000
__Lclrtext                   clrtext      000000
__Lcomram                    comram       000000
__Lconfig                    config       300000
__Lconst                     const        000000
__LcstackBANK0               cstackBANK0  000000
__LcstackBANK1               cstackBANK1  000000
__LcstackCOMRAM              cstackCOMRAM 000000
__Ldata                      data         000000
__LdataBANK1                 dataBANK1    000000
__Leeprom_data               eeprom_data  000000
__Lfarbss                    farbss       000000
__Lfardata                   fardata      000000
__Libigdata                  ibigdata     000000
__Lidata                     idata        000000
__LidataBANK1                idataBANK1   000000
__Lidloc                     idloc        200000
__Lifardata                  ifardata     000000
__Linit                      init         00000E
__Lintcode                   intcode      000008
__Lintcode_body              intcode_body 000000
__Lintcodelo                 intcodelo    00000E
__Lintentry                  intentry     000000
__Lintret                    intret       000000
__Lintsave_regs              intsave_regs 000000
__Lirdata                    irdata       000000
__Lmediumconst               mediumconst  00FD92
__LnvFARRAM                  nvFARRAM     000000
__Lnvbit                     nvbit        000000
__Lnvrram                    nvrram       000000
__Lparam                     rparam       000000
__Lpowerup                   powerup      00000E
__Lram                       ram          000000
__Lramtop                    ramtop       001000
__Lrbit                      rbit         000000
__Lrbss                      rbss         000000
__Lrdata                     rdata        000000
__Lreset_vec                 reset_vec    000000
__Lrparam                    rparam       000000
__Lsfr                       sfr          000000
__Lsmallconst                smallconst   000000
__Lspace_0                   (abs)        000000
__Lspace_1                   (abs)        000000
__Lspace_2                   (abs)        000000
__Lstack                     stack        000000
__Lstruct                    struct       000000
__Ltemp                      temp         00007F
__Ltext                      text         000000
__Ltext0                     text0        000000
__Ltext1                     text1        000000
__Ltext10                    text10       000000
__Ltext11                    text11       000000
__Ltext12                    text12       000000
__Ltext13                    text13       000000
__Ltext14                    text14       000000
__Ltext15                    text15       000000
__Ltext16                    text16       000000
__Ltext17                    text17       000000
__Ltext18                    text18       000000
__Ltext19                    text19       000000
__Ltext2                     text2        000000
__Ltext20                    text20       000000
__Ltext21                    text21       000000
__Ltext22                    text22       000000
__Ltext23                    text23       000000
__Ltext24                    text24       000000
__Ltext25                    text25       000000
__Ltext26                    text26       000000
__Ltext27                    text27       000000
__Ltext28                    text28       000000
__Ltext29                    text29       000000
__Ltext3                     text3        000000
__Ltext30                    text30       000000
__Ltext31                    text31       000000
__Ltext32                    text32       000000
__Ltext33                    text33       000000
__Ltext34                    text34       000000
__Ltext35                    text35       000000
__Ltext36                    text36       000000
__Ltext37                    text37       000000
__Ltext38                    text38       000000
__Ltext39                    text39       000000
__Ltext4                     text4        000000
__Ltext40                    text40       000000
__Ltext41                    text41       000000
__Ltext42                    text42       000000
__Ltext43                    text43       000000
__Ltext44                    text44       000000
__Ltext45                    text45       000000
__Ltext46                    text46       000000
__Ltext47                    text47       000000
__Ltext48                    text48       000000
__Ltext49                    text49       000000
__Ltext5                     text5        000000
__Ltext50                    text50       000000
__Ltext51                    text51       000000
__Ltext52                    text52       000000
__Ltext53                    text53       000000
__Ltext54                    text54       000000
__Ltext55                    text55       000000
__Ltext57                    text57       000000
__Ltext58                    text58       000000
__Ltext59                    text59       000000
__Ltext6                     text6        000000
__Ltext60                    text60       000000
__Ltext61                    text61       000000
__Ltext62                    text62       000000
__Ltext63                    text63       000000
__Ltext64                    text64       000000
__Ltext65                    text65       000000
__Ltext66                    text66       000000
__Ltext67                    text67       000000
__Ltext68                    text68       000000
__Ltext69                    text69       000000
__Ltext7                     text7        000000
__Ltext70                    text70       000000
__Ltext71                    text71       000000
__Ltext72                    text72       000000
__Ltext73                    text73       000000
__Ltext74                    text74       000000
__Ltext75                    text75       000000
__Ltext76                    text76       000000
__Ltext77                    text77       000000
__Ltext78                    text78       000000
__Ltext79                    text79       000000
__Ltext8                     text8        000000
__Ltext80                    text80       000000
__Ltext81                    text81       000000
__Ltext82                    text82       000000
__Ltext83                    text83       000000
__Ltext84                    text84       000000
__Ltext85                    text85       000000
__Ltext86                    text86       000000
__Ltext87                    text87       000000
__Ltext88                    text88       000000
__Ltext89                    text89       000000
__Ltext9                     text9        000000
__Ltext90                    text90       000000
__Ltext91                    text91       000000
__Ltext92                    text92       000000
__Ltext93                    text93       000000
__Ltext94                    text94       000000
__S0                         (abs)        30000E
__S1                         (abs)        00017C
__S2                         (abs)        000000
___altoft                    text18       004948
___altoft@c                  cstackBANK0  0000C6
___altoft@exp                cstackBANK0  0000CE
___altoft@sign               cstackBANK0  0000CF
___awdiv                     text27       0045D0
___awdiv@counter             cstackBANK0  000094
___awdiv@dividend            cstackBANK0  000090
___awdiv@divisor             cstackBANK0  000092
___awdiv@quotient            cstackBANK0  000096
___awdiv@sign                cstackBANK0  000095
___awmod                     text48       0048A6
___awmod@counter             cstackBANK0  000094
___awmod@dividend            cstackBANK0  000090
___awmod@divisor             cstackBANK0  000092
___awmod@sign                cstackBANK0  000095
___awtoft                    text25       0050E0
___awtoft@c                  cstackBANK0  000098
___awtoft@sign               cstackBANK0  00009B
___ftadd                     text22       001CDE
___ftadd@exp1                cstackBANK0  0000B6
___ftadd@exp2                cstackBANK0  0000B5
___ftadd@f1                  cstackBANK0  0000AB
___ftadd@f2                  cstackBANK0  0000AE
___ftadd@sign                cstackBANK0  0000B4
___ftdiv                     text24       002D46
___ftdiv@cntr                cstackBANK0  0000A1
___ftdiv@exp                 cstackBANK0  0000A5
___ftdiv@f1                  cstackBANK0  000098
___ftdiv@f2                  cstackBANK0  00009B
___ftdiv@f3                  cstackBANK0  0000A2
___ftdiv@sign                cstackBANK0  0000A6
___ftge                      text17       004442
___ftge@ff1                  cstackBANK0  0000A7
___ftge@ff2                  cstackBANK0  0000AA
___ftmul                     text20       002A98
___ftmul@cntr                cstackBANK0  0000A9
___ftmul@exp                 cstackBANK0  0000A5
___ftmul@f1                  cstackBANK0  00009C
___ftmul@f2                  cstackBANK0  00009F
___ftmul@f3_as_product       cstackBANK0  0000A6
___ftmul@sign                cstackBANK0  0000AA
___ftneg                     text23       005284
___ftneg@f1                  cstackBANK0  000090
___ftpack                    text29       003320
___ftpack@arg                cstackBANK0  000090
___ftpack@exp                cstackBANK0  000093
___ftpack@sign               cstackBANK0  000094
___ftsub                     text21       005094
___ftsub@f1                  cstackBANK0  0000B7
___ftsub@f2                  cstackBANK0  0000BA
___fttol                     text16       002E92
___fttol@exp1                cstackBANK0  0000C5
___fttol@f1                  cstackBANK0  0000B7
___fttol@lval                cstackBANK0  0000C1
___fttol@sign1               cstackBANK0  0000C0
___inthi_sp                  stack        000000
___intlo_sp                  stack        000000
___lldiv                     text50       00468E
___lldiv@counter             cstackBANK0  00009C
___lldiv@dividend            cstackBANK0  000090
___lldiv@divisor             cstackBANK0  000094
___lldiv@quotient            cstackBANK0  000098
___lltoft                    text26       004B8A
___lltoft@c                  cstackBANK0  000098
___lltoft@exp                cstackBANK0  0000A0
___lwdiv                     text45       004C06
___lwdiv@counter             cstackBANK0  000096
___lwdiv@dividend            cstackBANK0  000090
___lwdiv@divisor             cstackBANK0  000092
___lwdiv@quotient            cstackBANK0  000094
___lwmod                     text44       004DD4
___lwmod@counter             cstackBANK0  00009B
___lwmod@dividend            cstackBANK0  000097
___lwmod@divisor             cstackBANK0  000099
___lwtoft                    text28       0052E2
___lwtoft@c                  cstackBANK0  000098
___param_bank                (abs)        000000
___rparam_used               (abs)        000001
___sp                        stack        000000
___wmul                      text43       00524E
___wmul@multiplicand         cstackBANK0  000092
___wmul@multiplier           cstackBANK0  000090
___wmul@product              cstackBANK0  000094
__accesstop                  (abs)        000080
__activetblptr               (abs)        000002
__end_of_I2C_ColorSens_Init  text51       003B3C
__end_of_I2C_Master_Init     text49       004EF6
__end_of_I2C_Master_Read     text33       0052E2
__end_of_I2C_Master_Start    text54       005506
__end_of_I2C_Master_Stop     text53       0054FE
__end_of_I2C_Master_Wait     text55       00548E
__end_of_I2C_Master_Write    text52       0054EC
__end_of___altoft            text18       0049E6
__end_of___awdiv             text27       00468E
__end_of___awmod             text48       004948
__end_of___awtoft            text25       005124
__end_of___ftadd             text22       001F46
__end_of___ftdiv             text24       002E92
__end_of___ftge              text17       00450A
__end_of___ftmul             text20       002BF6
__end_of___ftneg             text23       0052B4
__end_of___ftpack            text29       00342C
__end_of___ftsub             text21       0050E0
__end_of___fttol             text16       002FD6
__end_of___lldiv             text50       00474A
__end_of___lltoft            text26       004C06
__end_of___lwdiv             text45       004C7E
__end_of___lwmod             text44       004E36
__end_of___lwtoft            text28       00530C
__end_of___wmul              text43       005284
__end_of__initialization     cinit        004F96
__end_of_bottle_count        text39       003940
__end_of_bottle_count1       text38       00383C
__end_of_bottle_count2       text37       003738
__end_of_bottle_count3       text36       003634
__end_of_bottle_count4       text35       003530
__end_of_bottle_time         text34       00524E
__end_of_date_time           text32       004370
__end_of_dec_to_hex          text9        003320
__end_of_dpowers             mediumconst  00FDAE
__end_of_eeprom_readbyte     text6        005464
__end_of_eeprom_writebyte    text5        00535E
__end_of_emergencystop       text31       005416
__end_of_eval_poly           text19       004004
__end_of_exp                 text12       0023DA
__end_of_floor               text14       003A3E
__end_of_frexp               text15       0047F8
__end_of_hexpowers           mediumconst  00FDB6
__end_of_initLCD             text30       005046
__end_of_isdigit             text42       005336
__end_of_isr                 intcode_body 000AC6
__end_of_keys                mediumconst  00FDA4
__end_of_lcdInst             text46       0054C0
__end_of_lcdNibble           text47       004E96
__end_of_ldexp               text13       00320C
__end_of_log                 text11       002D46
__end_of_main                text0        001CDE
__end_of_operation           text3        001038
__end_of_operationend        text2        00544C
__end_of_pow                 text10       002776
__end_of_printf              text40       00140E
__end_of_putch               text41       0054B0
__end_of_read_colorsensor    text8        003D30
__end_of_read_time           text7        004D6C
__end_of_savedata            text4        001A16
__end_of_standby             text1        0051E0
__end_of_timeset             mediumconst  00FDBD
__end_ofexp@coeff            mediumconst  00FDDB
__end_ofi2_I2C_Master_Read   text65       0053AA
__end_ofi2_I2C_Master_Start  text64       005516
__end_ofi2_I2C_Master_Stop   text63       00550E
__end_ofi2_I2C_Master_Wait   text66       0054A0
__end_ofi2_I2C_Master_Write  text62       0054F6
__end_ofi2___altoft          text83       004CF6
__end_ofi2___awdiv           text94       004B8A
__end_ofi2___awtoft          text91       005218
__end_ofi2___ftadd           text88       002922
__end_ofi2___ftdiv           text90       0040EA
__end_ofi2___ftge            text82       004B06
__end_ofi2___ftmul           text86       003F18
__end_ofi2___ftneg           text89       0053F4
__end_ofi2___ftpack          text93       0048A6
__end_ofi2___ftsub           text87       0051A6
__end_ofi2___fttol           text81       003E24
__end_ofi2___lltoft          text92       004F52
__end_ofi2___lwdiv           text71       004FF6
__end_ofi2___lwmod           text70       005166
__end_ofi2___wmul            text85       0053D0
__end_ofi2_dec_to_hex        text74       003C38
__end_ofi2_eeprom_readbyte   text59       00547A
__end_ofi2_eeprom_writebyte  text58       005384
__end_ofi2_eval_poly         text84       004442
__end_ofi2_exp               text77       0025C2
__end_ofi2_floor             text79       0041C8
__end_ofi2_frexp             text80       004A76
__end_ofi2_isdigit           text69       005434
__end_ofi2_lcdInst           text72       0054D8
__end_ofi2_lcdNibble         text73       005094
__end_ofi2_ldexp             text78       0045D0
__end_ofi2_log               text76       0030F4
__end_ofi2_pow               text75       002A98
__end_ofi2_printf            text67       00173A
__end_ofi2_putch             text68       0054CC
__end_ofi2_read_colorsensor  text61       00429E
__end_ofi2_read_time         text60       004DD4
__end_ofi2_savedata          text57       0021A0
__end_oflog@coeff            mediumconst  00FDF6
__initialization             cinit        004F52
__mediumconst                mediumconst  00FD92
__pbssBANK0                  bssBANK0     0000DF
__pbssBANK1                  bssBANK1     000100
__pbssCOMRAM                 bssCOMRAM    000076
__pcinit                     cinit        004F52
__pcstackBANK0               cstackBANK0  000080
__pcstackBANK1               cstackBANK1  000149
__pcstackCOMRAM              cstackCOMRAM 000001
__pdataBANK1                 dataBANK1    000172
__pidataBANK1                idataBANK1   0054D8
__pintcode                   intcode      000008
__pintcode_body              intcode_body 000012
__pmediumconst               mediumconst  00FD92
__ptext0                     text0        001A16
__ptext1                     text1        0051A6
__ptext10                    text10       0025C2
__ptext11                    text11       002BF6
__ptext12                    text12       0021A0
__ptext13                    text13       0030F4
__ptext14                    text14       003940
__ptext15                    text15       00474A
__ptext16                    text16       002E92
__ptext17                    text17       004442
__ptext18                    text18       004948
__ptext19                    text19       003F18
__ptext2                     text2        005434
__ptext20                    text20       002A98
__ptext21                    text21       005094
__ptext22                    text22       001CDE
__ptext23                    text23       005284
__ptext24                    text24       002D46
__ptext25                    text25       0050E0
__ptext26                    text26       004B8A
__ptext27                    text27       0045D0
__ptext28                    text28       0052E2
__ptext29                    text29       003320
__ptext3                     text3        000AC6
__ptext30                    text30       004FF6
__ptext31                    text31       0053F4
__ptext32                    text32       00429E
__ptext33                    text33       0052B4
__ptext34                    text34       005218
__ptext35                    text35       00342C
__ptext36                    text36       003530
__ptext37                    text37       003634
__ptext38                    text38       003738
__ptext39                    text39       00383C
__ptext4                     text4        00173A
__ptext40                    text40       001038
__ptext41                    text41       0054A0
__ptext42                    text42       00530C
__ptext43                    text43       00524E
__ptext44                    text44       004DD4
__ptext45                    text45       004C06
__ptext46                    text46       0054B0
__ptext47                    text47       004E36
__ptext48                    text48       0048A6
__ptext49                    text49       004E96
__ptext5                     text5        005336
__ptext50                    text50       00468E
__ptext51                    text51       003A3E
__ptext52                    text52       0054E2
__ptext53                    text53       0054F6
__ptext54                    text54       0054FE
__ptext55                    text55       00547A
__ptext57                    text57       001F46
__ptext58                    text58       00535E
__ptext59                    text59       005464
__ptext6                     text6        00544C
__ptext60                    text60       004D6C
__ptext61                    text61       0041C8
__ptext62                    text62       0054EC
__ptext63                    text63       005506
__ptext64                    text64       00550E
__ptext65                    text65       005384
__ptext66                    text66       00548E
__ptext67                    text67       00140E
__ptext68                    text68       0054C0
__ptext69                    text69       005416
__ptext7                     text7        004CF6
__ptext70                    text70       005124
__ptext71                    text71       004FA4
__ptext72                    text72       0054CC
__ptext73                    text73       005046
__ptext74                    text74       003B3C
__ptext75                    text75       002922
__ptext76                    text76       002FD6
__ptext77                    text77       0023DA
__ptext78                    text78       00450A
__ptext79                    text79       0040EA
__ptext8                     text8        003C38
__ptext80                    text80       0049E6
__ptext81                    text81       003D30
__ptext82                    text82       004A76
__ptext83                    text83       004C7E
__ptext84                    text84       004370
__ptext85                    text85       0053AA
__ptext86                    text86       003E24
__ptext87                    text87       005166
__ptext88                    text88       002776
__ptext89                    text89       0053D0
__ptext9                     text9        00320C
__ptext90                    text90       004004
__ptext91                    text91       0051E0
__ptext92                    text92       004EF6
__ptext93                    text93       0047F8
__ptext94                    text94       004B06
__ramtop                     ramtop       001000
__size_of_I2C_ColorSens_Init (abs)        000000
__size_of_I2C_Master_Init    (abs)        000000
__size_of_I2C_Master_Read    (abs)        000000
__size_of_I2C_Master_Start   (abs)        000000
__size_of_I2C_Master_Stop    (abs)        000000
__size_of_I2C_Master_Wait    (abs)        000000
__size_of_I2C_Master_Write   (abs)        000000
__size_of___altoft           (abs)        000000
__size_of___awdiv            (abs)        000000
__size_of___awmod            (abs)        000000
__size_of___awtoft           (abs)        000000
__size_of___ftadd            (abs)        000000
__size_of___ftdiv            (abs)        000000
__size_of___ftge             (abs)        000000
__size_of___ftmul            (abs)        000000
__size_of___ftneg            (abs)        000000
__size_of___ftpack           (abs)        000000
__size_of___ftsub            (abs)        000000
__size_of___fttol            (abs)        000000
__size_of___lldiv            (abs)        000000
__size_of___lltoft           (abs)        000000
__size_of___lwdiv            (abs)        000000
__size_of___lwmod            (abs)        000000
__size_of___lwtoft           (abs)        000000
__size_of___wmul             (abs)        000000
__size_of_bottle_count       (abs)        000000
__size_of_bottle_count1      (abs)        000000
__size_of_bottle_count2      (abs)        000000
__size_of_bottle_count3      (abs)        000000
__size_of_bottle_count4      (abs)        000000
__size_of_bottle_time        (abs)        000000
__size_of_date_time          (abs)        000000
__size_of_dec_to_hex         (abs)        000000
__size_of_eeprom_readbyte    (abs)        000000
__size_of_eeprom_writebyte   (abs)        000000
__size_of_emergencystop      (abs)        000000
__size_of_eval_poly          (abs)        000000
__size_of_exp                (abs)        000000
__size_of_floor              (abs)        000000
__size_of_frexp              (abs)        000000
__size_of_initLCD            (abs)        000000
__size_of_isdigit            (abs)        000000
__size_of_isr                (abs)        000000
__size_of_lcdInst            (abs)        000000
__size_of_lcdNibble          (abs)        000000
__size_of_ldexp              (abs)        000000
__size_of_log                (abs)        000000
__size_of_main               (abs)        000000
__size_of_operation          (abs)        000000
__size_of_operationend       (abs)        000000
__size_of_pow                (abs)        000000
__size_of_printf             (abs)        000000
__size_of_putch              (abs)        000000
__size_of_read_colorsensor   (abs)        000000
__size_of_read_time          (abs)        000000
__size_of_savedata           (abs)        000000
__size_of_standby            (abs)        000000
__size_ofi2_I2C_Master_Read  (abs)        000000
__size_ofi2_I2C_Master_Start (abs)        000000
__size_ofi2_I2C_Master_Stop  (abs)        000000
__size_ofi2_I2C_Master_Wait  (abs)        000000
__size_ofi2_I2C_Master_Write (abs)        000000
__size_ofi2___altoft         (abs)        000000
__size_ofi2___awdiv          (abs)        000000
__size_ofi2___awtoft         (abs)        000000
__size_ofi2___ftadd          (abs)        000000
__size_ofi2___ftdiv          (abs)        000000
__size_ofi2___ftge           (abs)        000000
__size_ofi2___ftmul          (abs)        000000
__size_ofi2___ftneg          (abs)        000000
__size_ofi2___ftpack         (abs)        000000
__size_ofi2___ftsub          (abs)        000000
__size_ofi2___fttol          (abs)        000000
__size_ofi2___lltoft         (abs)        000000
__size_ofi2___lwdiv          (abs)        000000
__size_ofi2___lwmod          (abs)        000000
__size_ofi2___wmul           (abs)        000000
__size_ofi2_dec_to_hex       (abs)        000000
__size_ofi2_eeprom_readbyte  (abs)        000000
__size_ofi2_eeprom_writebyte (abs)        000000
__size_ofi2_eval_poly        (abs)        000000
__size_ofi2_exp              (abs)        000000
__size_ofi2_floor            (abs)        000000
__size_ofi2_frexp            (abs)        000000
__size_ofi2_isdigit          (abs)        000000
__size_ofi2_lcdInst          (abs)        000000
__size_ofi2_lcdNibble        (abs)        000000
__size_ofi2_ldexp            (abs)        000000
__size_ofi2_log              (abs)        000000
__size_ofi2_pow              (abs)        000000
__size_ofi2_printf           (abs)        000000
__size_ofi2_putch            (abs)        000000
__size_ofi2_read_colorsensor (abs)        000000
__size_ofi2_read_time        (abs)        000000
__size_ofi2_savedata         (abs)        000000
__smallconst                 smallconst   000000
_b                           bssBANK1     00011F
_b_p                         bssBANK1     000122
_bottle_count                text39       00383C
_bottle_count1               text38       003738
_bottle_count2               text37       003634
_bottle_count3               text36       003530
_bottle_count4               text35       00342C
_bottle_count_array          bssBANK0     0000DF
_bottle_count_disp           dataBANK1    000172
_bottle_read_bot             bssBANK1     00012B
_bottle_read_top             bssBANK1     00012D
_bottle_time                 text34       005218
_color                       bssBANK1     000100
_color_high                  bssBANK1     000117
_color_low                   bssBANK1     00011B
_colorprev                   bssBANK1     000108
_curr_state                  bssBANK0     0000ED
_date_time                   text32       00429E
_dec_to_hex                  text9        00320C
_dec_to_hex$1410             cstackBANK1  000160
_dec_to_hex$1411             cstackBANK1  000163
_dpowers                     mediumconst  00FDA4
_eeprom_readbyte             text6        00544C
_eeprom_writebyte            text5        005336
_emergencystop               text31       0053F4
_end_time                    bssCOMRAM    000076
_errno                       bssBANK1     00012F
_etime                       bssBANK1     000131
_eval_poly                   text19       003F18
_exp                         text12       0021A0
_exp$1415                    cstackBANK1  000149
_flag_bottle                 bssBANK1     000133
_flag_bottle_high            bssBANK1     000135
_flag_eskaC                  bssBANK1     000137
_flag_picbug                 bssBANK0     0000E9
_flag_top_read               bssBANK1     000139
_flag_yopNC                  bssBANK1     00013B
_floor                       text14       003940
_frexp                       text15       00474A
_hexpowers                   mediumconst  00FDAE
_i                           bssBANK0     0000EB
_initLCD                     text30       004FF6
_isdigit                     text42       00530C
_isdigit$965                 cstackBANK0  000091
_isr                         intcode      000008
_isr$1674                    cstackCOMRAM 000074
_j                           bssCOMRAM    000078
_keys                        mediumconst  00FD93
_lcdInst                     text46       0054B0
_lcdNibble                   text47       004E36
_ldexp                       text13       0030F4
_log                         text11       002BF6
_main                        text0        001A16
_nRBPU                       (abs)        007F8F
_operation                   text3        000AC6
_operation$1412              cstackBANK1  00016E
_operation_disp              bssBANK1     00013D
_operation_time              bssBANK1     00013F
_operation_timeout           bssBANK1     000141
_operationend                text2        005434
_pow                         text10       0025C2
_pow$1413                    cstackBANK1  000155
_pow$1414                    cstackBANK1  000158
_printf                      text40       001038
_putch                       text41       0054A0
_r                           bssBANK1     000125
_r_p                         bssBANK1     000128
_read_colorsensor            text8        003C38
_read_time                   text7        004CF6
_savedata                    text4        00173A
_servo0_flag                 bssCOMRAM    00007E
_servo0_timer                bssBANK1     000143
_servo1_flag                 bssBANK0     0000EE
_servo1_timer                bssBANK1     000145
_standby                     text1        0051A6
_start_time                  bssCOMRAM    00007A
_stime                       bssBANK1     000147
_temp                        bssCOMRAM    00007C
_time                        bssBANK1     000110
_timeset                     mediumconst  00FDB6
btemp                        temp         00007F
date_time@i                  cstackBANK0  0000B2
dec_to_hex@hexnum            cstackBANK1  00016A
dec_to_hex@i                 cstackBANK1  000168
dec_to_hex@num               cstackBANK0  0000DB
dec_to_hex@quotient          cstackBANK1  00016C
dec_to_hex@temp              cstackBANK1  000166
eeprom_readbyte@address      cstackBANK0  000090
eeprom_writebyte@address     cstackBANK0  000092
eeprom_writebyte@data        cstackBANK0  000094
end_of_initialization        cinit        004F96
eval_poly@d                  cstackBANK0  0000BA
eval_poly@n                  cstackBANK0  0000BC
eval_poly@res                cstackBANK0  0000C0
eval_poly@x                  cstackBANK0  0000B7
exp@coeff                    mediumconst  00FDBD
exp@exponent                 cstackBANK1  00014C
exp@sign                     cstackBANK1  00014E
exp@x                        cstackBANK0  0000D8
floor@expon                  cstackBANK0  0000D6
floor@i                      cstackBANK0  0000D3
floor@x                      cstackBANK0  0000D0
frexp@eptr                   cstackBANK0  000093
frexp@value                  cstackBANK0  000090
i2I2C_Master_Read@a          cstackCOMRAM 000002
i2I2C_Master_Read@temp       cstackCOMRAM 000003
i2I2C_Master_Write@d         cstackCOMRAM 000002
i2_I2C_Master_Read           text65       005384
i2_I2C_Master_Start          text64       00550E
i2_I2C_Master_Stop           text63       005506
i2_I2C_Master_Wait           text66       00548E
i2_I2C_Master_Write          text62       0054EC
i2___altoft                  text83       004C7E
i2___altoft@c                cstackCOMRAM 000037
i2___altoft@exp              cstackCOMRAM 00003F
i2___altoft@sign             cstackCOMRAM 000040
i2___awdiv                   text94       004B06
i2___awdiv@counter           cstackCOMRAM 000005
i2___awdiv@dividend          cstackCOMRAM 000001
i2___awdiv@divisor           cstackCOMRAM 000003
i2___awdiv@quotient          cstackCOMRAM 000007
i2___awdiv@sign              cstackCOMRAM 000006
i2___awtoft                  text91       0051E0
i2___awtoft@c                cstackCOMRAM 000009
i2___awtoft@sign             cstackCOMRAM 00000C
i2___ftadd                   text88       002776
i2___ftadd@exp1              cstackCOMRAM 000027
i2___ftadd@exp2              cstackCOMRAM 000026
i2___ftadd@f1                cstackCOMRAM 00001C
i2___ftadd@f2                cstackCOMRAM 00001F
i2___ftadd@sign              cstackCOMRAM 000025
i2___ftdiv                   text90       004004
i2___ftdiv@cntr              cstackCOMRAM 000012
i2___ftdiv@exp               cstackCOMRAM 000016
i2___ftdiv@f1                cstackCOMRAM 000009
i2___ftdiv@f2                cstackCOMRAM 00000C
i2___ftdiv@f3                cstackCOMRAM 000013
i2___ftdiv@sign              cstackCOMRAM 000017
i2___ftge                    text82       004A76
i2___ftge@ff1                cstackCOMRAM 000001
i2___ftge@ff2                cstackCOMRAM 000004
i2___ftmul                   text86       003E24
i2___ftmul@cntr              cstackCOMRAM 00001A
i2___ftmul@exp               cstackCOMRAM 000016
i2___ftmul@f1                cstackCOMRAM 00000D
i2___ftmul@f2                cstackCOMRAM 000010
i2___ftmul@f3_as_product     cstackCOMRAM 000017
i2___ftmul@sign              cstackCOMRAM 00001B
i2___ftneg                   text89       0053D0
i2___ftneg@f1                cstackCOMRAM 000001
i2___ftpack                  text93       0047F8
i2___ftpack@arg              cstackCOMRAM 000001
i2___ftpack@exp              cstackCOMRAM 000004
i2___ftpack@sign             cstackCOMRAM 000005
i2___ftsub                   text87       005166
i2___ftsub@f1                cstackCOMRAM 000028
i2___ftsub@f2                cstackCOMRAM 00002B
i2___fttol                   text81       003D30
i2___fttol@exp1              cstackCOMRAM 000036
i2___fttol@f1                cstackCOMRAM 000028
i2___fttol@lval              cstackCOMRAM 000032
i2___fttol@sign1             cstackCOMRAM 000031
i2___lltoft                  text92       004EF6
i2___lltoft@c                cstackCOMRAM 000009
i2___lltoft@exp              cstackCOMRAM 000011
i2___lwdiv                   text71       004FA4
i2___lwdiv@counter           cstackCOMRAM 000007
i2___lwdiv@dividend          cstackCOMRAM 000001
i2___lwdiv@divisor           cstackCOMRAM 000003
i2___lwdiv@quotient          cstackCOMRAM 000005
i2___lwmod                   text70       005124
i2___lwmod@counter           cstackCOMRAM 00000C
i2___lwmod@dividend          cstackCOMRAM 000008
i2___lwmod@divisor           cstackCOMRAM 00000A
i2___wmul                    text85       0053AA
i2___wmul@multiplicand       cstackCOMRAM 000003
i2___wmul@multiplier         cstackCOMRAM 000001
i2___wmul@product            cstackCOMRAM 000005
i2_dec_to_hex                text74       003B3C
i2_dec_to_hex$1675           cstackCOMRAM 000065
i2_dec_to_hex$1676           cstackCOMRAM 000068
i2_eeprom_readbyte           text59       005464
i2_eeprom_writebyte          text58       00535E
i2_eval_poly                 text84       004370
i2_exp                       text77       0023DA
i2_exp$1679                  cstackCOMRAM 00004C
i2_floor                     text79       0040EA
i2_frexp                     text80       0049E6
i2_isdigit                   text69       005416
i2_isdigit$965               cstackCOMRAM 000002
i2_lcdInst                   text72       0054CC
i2_lcdNibble                 text73       005046
i2_ldexp                     text78       00450A
i2_log                       text76       002FD6
i2_pow                       text75       002922
i2_pow$1677                  cstackCOMRAM 000058
i2_pow$1678                  cstackCOMRAM 00005B
i2_printf                    text67       00140E
i2_putch                     text68       0054C0
i2_read_colorsensor          text61       0041C8
i2_read_time                 text60       004D6C
i2_savedata                  text57       001F46
i2dec_to_hex@hexnum          cstackCOMRAM 00006F
i2dec_to_hex@i               cstackCOMRAM 00006D
i2dec_to_hex@num             cstackCOMRAM 000063
i2dec_to_hex@quotient        cstackCOMRAM 000071
i2dec_to_hex@temp            cstackCOMRAM 00006B
i2eeprom_readbyte@address    cstackCOMRAM 000001
i2eeprom_writebyte@address   cstackCOMRAM 000003
i2eeprom_writebyte@data      cstackCOMRAM 000005
i2eval_poly@d                cstackCOMRAM 00002B
i2eval_poly@n                cstackCOMRAM 00002D
i2eval_poly@res              cstackCOMRAM 000031
i2eval_poly@x                cstackCOMRAM 000028
i2exp@exponent               cstackCOMRAM 00004F
i2exp@sign                   cstackCOMRAM 000051
i2exp@x                      cstackCOMRAM 000049
i2floor@expon                cstackCOMRAM 000044
i2floor@i                    cstackCOMRAM 000046
i2floor@x                    cstackCOMRAM 000041
i2frexp@eptr                 cstackCOMRAM 000004
i2frexp@value                cstackCOMRAM 000001
i2isdigit@c                  cstackCOMRAM 000003
i2lcdInst@data               cstackCOMRAM 000003
i2lcdNibble@data             cstackCOMRAM 000002
i2lcdNibble@temp             cstackCOMRAM 000001
i2ldexp@newexp               cstackCOMRAM 000037
i2ldexp@value                cstackCOMRAM 000034
i2log@exponent               cstackCOMRAM 000037
[...]
  f2              3   30[COMRAM] float 
 Auto vars:     Size  Location     Type
  __ftadd         1   38[COMRAM] unsigned char 
  __ftadd         1   37[COMRAM] unsigned char 
  __ftadd         1   36[COMRAM] unsigned char 
 Return value:  Size  Location     Type
                  3   27[COMRAM] float 
 Registers used:
		wreg, status,2, status,0, cstack
 Tracked objects:
		On entry : 
		On exit  : 
		Unchanged: 
 Data sizes:     COMRAM   BANK0   BANK1   BANK2   BANK3   BANK4   BANK5   BANK6   BANK7   BANK8   BANK9  BANK10  BANK11  BANK12  BANK13  BANK14  BANK15
      Params:         6       0       0       0       0       0       0       0       0       0       0       0       0       0       0       0       0
      Locals:         3       0       0       0       0       0       0       0       0       0       0       0       0       0       0       0       0
      Temps:          3       0       0       0       0       0       0       0       0       0       0       0       0       0       0       0       0
      Totals:        12       0       0       0       0       0       0       0       0       0       0       0       0       0       0       0       0
Total ram usage:       12 bytes
 Hardware stack levels used:    1
 Hardware stack levels required when called:    1
 This function calls:
		i2___ftpack
 This function is called by:
		i2_dec_to_hex
		i2___ftsub
		i2_floor
		i2_log
		i2_eval_poly
 This function uses a non-reentrant model


 *************** function i2___ftneg *****************
 Defined at:
		line 15 in file "C:\Program Files (x86)\Microchip\xc8\v1.40\sources\common\ftneg.c"
 Parameters:    Size  Location     Type
  f1              3    0[COMRAM] float 
 Auto vars:     Size  Location     Type
		None
 Return value:  Size  Location     Type
                  3    0[COMRAM] float 
 Registers used:
		wreg, status,2, status,0
 Tracked objects:
		On entry : 
		On exit  : 
		Unchanged: 
 Data sizes:     COMRAM   BANK0   BANK1   BANK2   BANK3   BANK4   BANK5   BANK6   BANK7   BANK8   BANK9  BANK10  BANK11  BANK12  BANK13  BANK14  BANK15
      Params:         3       0       0       0       0       0       0       0       0       0       0       0       0       0       0       0       0
      Locals:         0       0       0       0       0       0       0       0       0       0       0       0       0       0       0       0       0
      Temps:          0       0       0       0       0       0       0       0       0       0       0       0       0       0       0       0       0
      Totals:         3       0       0       0       0       0       0       0       0       0       0       0       0       0       0       0       0
Total ram usage:        3 bytes
 Hardware stack levels used:    1
 This function calls:
		Nothing
 This function is called by:
		i2_pow
		i2_exp
 This function uses a non-reentrant model


 *************** function i2___ftdiv *****************
 Defined at:
		line 54 in file "C:\Program Files (x86)\Microchip\xc8\v1.40\sources\common\ftdiv.c"
 Parameters:    Size  Location     Type
  f1              3    8[COMRAM] float 
  f2              3   11[COMRAM] float 
 Auto vars:     Size  Location     Type
  __ftdiv         3   18[COMRAM] float 
  __ftdiv         1   22[COMRAM] unsigned char 
  __ftdiv         1   21[COMRAM] unsigned char 
  __ftdiv         1   17[COMRAM] unsigned char 
 Return value:  Size  Location     Type
                  3    8[COMRAM] float 
 Registers used:
		wreg, status,2, status,0, cstack
 Tracked objects:
		On entry : 
		On exit  : 
		Unchanged: 
 Data sizes:     COMRAM   BANK0   BANK1   BANK2   BANK3   BANK4   BANK5   BANK6   BANK7   BANK8   BANK9  BANK10  BANK11  BANK12  BANK13  BANK14  BANK15
      Params:         6       0       0       0       0       0       0       0       0       0       0       0       0       0       0       0       0
      Locals:         6       0       0       0       0       0       0       0       0       0       0       0       0       0       0       0       0
      Temps:          3       0       0       0       0       0       0       0       0       0       0       0       0       0       0       0       0
      Totals:        15       0       0       0       0       0       0       0       0       0       0       0       0       0       0       0       0
Total ram usage:       15 bytes
 Hardware stack levels used:    1
 Hardware stack levels required when called:    1
 This function calls:
		i2___ftpack
 This function is called by:
		i2_exp
 This function uses a non-reentrant model


 *************** function i2___awtoft *****************
 Defined at:
		line 32 in file "C:\Program Files (x86)\Microchip\xc8\v1.40\sources\common\awtoft.c"
 Parameters:    Size  Location     Type
  c               2    8[COMRAM] int 
 Auto vars:     Size  Location     Type
  __awtoft        1   11[COMRAM] unsigned char 
 Return value:  Size  Location     Type
                  3    8[COMRAM] float 
 Registers used:
		wreg, status,2, status,0, cstack
 Tracked objects:
		On entry : 
		On exit  : 
		Unchanged: 
 Data sizes:     COMRAM   BANK0   BANK1   BANK2   BANK3   BANK4   BANK5   BANK6   BANK7   BANK8   BANK9  BANK10  BANK11  BANK12  BANK13  BANK14  BANK15
      Params:         3       0       0       0       0       0       0       0       0       0       0       0       0       0       0       0       0
      Locals:         1       0       0       0       0       0       0       0       0       0       0       0       0       0       0       0       0
      Temps:          0       0       0       0       0       0       0       0       0       0       0       0       0       0       0       0       0
      Totals:         4       0       0       0       0       0       0       0       0       0       0       0       0       0       0       0       0
Total ram usage:        4 bytes
 Hardware stack levels used:    1
 Hardware stack levels required when called:    1
 This function calls:
		i2___ftpack
 This function is called by:
		i2_dec_to_hex
		i2_exp
		i2_log
 This function uses a non-reentrant model


 *************** function i2___lltoft *****************
 Defined at:
		line 35 in file "C:\Program Files (x86)\Microchip\xc8\v1.40\sources\common\lltoft.c"
 Parameters:    Size  Location     Type
  c               4    8[COMRAM] unsigned long 
 Auto vars:     Size  Location     Type
  __lltoft        1   16[COMRAM] unsigned char 
 Return value:  Size  Location     Type
                  3    8[COMRAM] float 
 Registers used:
		wreg, status,2, status,0, cstack
 Tracked objects:
		On entry : 
		On exit  : 
		Unchanged: 
 Data sizes:     COMRAM   BANK0   BANK1   BANK2   BANK3   BANK4   BANK5   BANK6   BANK7   BANK8   BANK9  BANK10  BANK11  BANK12  BANK13  BANK14  BANK15
      Params:         4       0       0       0       0       0       0       0       0       0       0       0       0       0       0       0       0
      Locals:         1       0       0       0       0       0       0       0       0       0       0       0       0       0       0       0       0
      Temps:          4       0       0       0       0       0       0       0       0       0       0       0       0       0       0       0       0
      Totals:         9       0       0       0       0       0       0       0       0       0       0       0       0       0       0       0       0
Total ram usage:        9 bytes
 Hardware stack levels used:    1
 Hardware stack levels required when called:    1
 This function calls:
		i2___ftpack
 This function is called by:
		i2_pow
 This function uses a non-reentrant model


 *************** function i2___ftpack *****************
 Defined at:
		line 62 in file "C:\Program Files (x86)\Microchip\xc8\v1.40\sources\common\float.c"
 Parameters:    Size  Location     Type
  arg             3    0[COMRAM] unsigned um
  exp             1    3[COMRAM] unsigned char 
  sign            1    4[COMRAM] unsigned char 
 Auto vars:     Size  Location     Type
		None
 Return value:  Size  Location     Type
                  3    0[COMRAM] float 
 Registers used:
		wreg, status,2, status,0
 Tracked objects:
		On entry : 
		On exit  : 
		Unchanged: 
 Data sizes:     COMRAM   BANK0   BANK1   BANK2   BANK3   BANK4   BANK5   BANK6   BANK7   BANK8   BANK9  BANK10  BANK11  BANK12  BANK13  BANK14  BANK15
      Params:         5       0       0       0       0       0       0       0       0       0       0       0       0       0       0       0       0
      Locals:         0       0       0       0       0       0       0       0       0       0       0       0       0       0       0       0       0
      Temps:          3       0       0       0       0       0       0       0       0       0       0       0       0       0       0       0       0
      Totals:         8       0       0       0       0       0       0       0       0       0       0       0       0       0       0       0       0
Total ram usage:        8 bytes
 Hardware stack levels used:    1
 This function calls:
		Nothing
 This function is called by:
		i2___altoft
		i2___awtoft
		i2___ftadd
		i2___ftdiv
		i2___ftmul
		i2___lltoft
 This function uses a non-reentrant model


 *************** function i2___awdiv *****************
 Defined at:
		line 8 in file "C:\Program Files (x86)\Microchip\xc8\v1.40\sources\common\awdiv.c"
 Parameters:    Size  Location     Type
  dividend        2    0[COMRAM] int 
  divisor         2    2[COMRAM] int 
 Auto vars:     Size  Location     Type
  __awdiv         2    6[COMRAM] int 
  __awdiv         1    5[COMRAM] unsigned char 
  __awdiv         1    4[COMRAM] unsigned char 
 Return value:  Size  Location     Type
                  2    0[COMRAM] int 
 Registers used:
		wreg, status,2, status,0
 Tracked objects:
		On entry : 
		On exit  : 
		Unchanged: 
 Data sizes:     COMRAM   BANK0   BANK1   BANK2   BANK3   BANK4   BANK5   BANK6   BANK7   BANK8   BANK9  BANK10  BANK11  BANK12  BANK13  BANK14  BANK15
      Params:         4       0       0       0       0       0       0       0       0       0       0       0       0       0       0       0       0
      Locals:         4       0       0       0       0       0       0       0       0       0       0       0       0       0       0       0       0
      Temps:          0       0       0       0       0       0       0       0       0       0       0       0       0       0       0       0       0
      Totals:         8       0       0       0       0       0       0       0       0       0       0       0       0       0       0       0       0
Total ram usage:        8 bytes
 Hardware stack levels used:    1
 This function calls:
		Nothing
 This function is called by:
		i2_dec_to_hex
 This function uses a non-reentrant model



MODULE INFORMATION

Module		Function		Class		Link	Load	Size
C:\Program Files (x86)\Microchip\xc8\v1.40\sources\common\awtoft.c
		___awtoft      		CODE           	50E0	0000	69

C:\Program Files (x86)\Microchip\xc8\v1.40\sources\common\awtoft.c estimated size: 69

C:\Program Files (x86)\Microchip\xc8\v1.40\sources\common\altoft.c
		___altoft      		CODE           	4948	0000	159

C:\Program Files (x86)\Microchip\xc8\v1.40\sources\common\altoft.c estimated size: 159

C:\Program Files (x86)\Microchip\xc8\v1.40\sources\common\evalpoly.c
		_eval_poly     		CODE           	3F18	0000	237

C:\Program Files (x86)\Microchip\xc8\v1.40\sources\common\evalpoly.c estimated size: 237

C:\Program Files (x86)\Microchip\xc8\v1.40\sources\common\ftneg.c
		___ftneg       		CODE           	5284	0000	49

C:\Program Files (x86)\Microchip\xc8\v1.40\sources\common\ftneg.c estimated size: 49

C:\Program Files (x86)\Microchip\xc8\v1.40\sources\common\doprnt.c
		_printf        		CODE           	1038	0000	983

C:\Program Files (x86)\Microchip\xc8\v1.40\sources\common\doprnt.c estimated size: 983

C:\Program Files (x86)\Microchip\xc8\v1.40\sources\common\exp.c
		_exp           		CODE           	21A0	0000	571

C:\Program Files (x86)\Microchip\xc8\v1.40\sources\common\exp.c estimated size: 571

C:\Program Files (x86)\Microchip\xc8\v1.40\sources\common\lwtoft.c
		___lwtoft      		CODE           	52E2	0000	43

C:\Program Files (x86)\Microchip\xc8\v1.40\sources\common\lwtoft.c estimated size: 43

C:\Program Files (x86)\Microchip\xc8\v1.40\sources\common\lltoft.c
		___lltoft      		CODE           	4B8A	0000	125

C:\Program Files (x86)\Microchip\xc8\v1.40\sources\common\lltoft.c estimated size: 125

C:\Program Files (x86)\Microchip\xc8\v1.40\sources\common\ftsub.c
		___ftsub       		CODE           	5094	0000	77

C:\Program Files (x86)\Microchip\xc8\v1.40\sources\common\ftsub.c estimated size: 77

C:\Program Files (x86)\Microchip\xc8\v1.40\sources\common\float.c
		___ftpack      		CODE           	3320	0000	269

C:\Program Files (x86)\Microchip\xc8\v1.40\sources\common\float.c estimated size: 269

I2C.c
		_I2C_Master_Read		CODE           	52B4	0000	47
		_I2C_Master_Wait		CODE           	547A	0000	21
		_I2C_Master_Init		CODE           	4E96	0000	97
		_I2C_Master_Stop		CODE           	54F6	0000	9
		_I2C_ColorSens_Init		CODE           	3A3E	0000	255
		_I2C_Master_Write		CODE           	54E2	0000	11
		_I2C_Master_Start		CODE           	54FE	0000	9

I2C.c estimated size: 449

C:\Program Files (x86)\Microchip\xc8\v1.40\sources\common\frexp.c
		_ldexp         		CODE           	30F4	0000	281
		_frexp         		CODE           	474A	0000	175

C:\Program Files (x86)\Microchip\xc8\v1.40\sources\common\frexp.c estimated size: 456

C:\Program Files (x86)\Microchip\xc8\v1.40\sources\common\log.c
		_log           		CODE           	2BF6	0000	337

C:\Program Files (x86)\Microchip\xc8\v1.40\sources\common\log.c estimated size: 337

C:\Program Files (x86)\Microchip\xc8\v1.40\sources\common\ftge.c
		___ftge        		CODE           	4442	0000	201

C:\Program Files (x86)\Microchip\xc8\v1.40\sources\common\ftge.c estimated size: 201

C:\Program Files (x86)\Microchip\xc8\v1.40\sources\common\floor.c
		_floor         		CODE           	3940	0000	255

C:\Program Files (x86)\Microchip\xc8\v1.40\sources\common\floor.c estimated size: 255

C:\Program Files (x86)\Microchip\xc8\v1.40\sources\common\Umul16.c
		___wmul        		CODE           	524E	0000	55

C:\Program Files (x86)\Microchip\xc8\v1.40\sources\common\Umul16.c estimated size: 55

C:\Program Files (x86)\Microchip\xc8\v1.40\sources\common\lwmod.c
		___lwmod       		CODE           	4DD4	0000	99

C:\Program Files (x86)\Microchip\xc8\v1.40\sources\common\lwmod.c estimated size: 99

C:\Program Files (x86)\Microchip\xc8\v1.40\sources\common\ftmul.c
		___ftmul       		CODE           	2A98	0000	351

C:\Program Files (x86)\Microchip\xc8\v1.40\sources\common\ftmul.c estimated size: 351

C:\Program Files (x86)\Microchip\xc8\v1.40\sources\common\awmod.c
		___awmod       		CODE           	48A6	0000	163

C:\Program Files (x86)\Microchip\xc8\v1.40\sources\common\awmod.c estimated size: 163

C:\Program Files (x86)\Microchip\xc8\v1.40\sources\common\ftdiv.c
		___ftdiv       		CODE           	2D46	0000	333

C:\Program Files (x86)\Microchip\xc8\v1.40\sources\common\ftdiv.c estimated size: 333

C:\Program Files (x86)\Microchip\xc8\v1.40\sources\common\pow.c
		_pow           		CODE           	25C2	0000	437

C:\Program Files (x86)\Microchip\xc8\v1.40\sources\common\pow.c estimated size: 437

C:\Program Files (x86)\Microchip\xc8\v1.40\sources\common\isdigit.c
		_isdigit       		CODE           	530C	0000	43

C:\Program Files (x86)\Microchip\xc8\v1.40\sources\common\isdigit.c estimated size: 43

shared
		i2_printf      		CODE           	140E	0000	813
		exp@coeff      		MEDIUMCONST    	FDBD	0000	31
		i2_floor       		CODE           	40EA	0000	223
		i2___ftneg     		CODE           	53D0	0000	37
		i2_I2C_Master_Start		CODE           	550E	0000	9
		i2_putch       		CODE           	54C0	0000	13
		i2___ftadd     		CODE           	2776	0000	429
		i2_lcdNibble   		CODE           	5046	0000	79
		i2_eeprom_writebyte		CODE           	535E	0000	39
		i2___ftdiv     		CODE           	4004	0000	231
		i2___fttol     		CODE           	3D30	0000	245
		_dpowers       		MEDIUMCONST    	FDA4	0000	11
		i2___ftge      		CODE           	4A76	0000	145
		i2___lwdiv     		CODE           	4FA4	0000	83
		i2_dec_to_hex  		CODE           	3B3C	0000	253
		_timeset       		MEDIUMCONST    	FDB6	0000	8
		i2_isdigit     		CODE           	5416	0000	31
		i2___awdiv     		CODE           	4B06	0000	133
		i2___awtoft    		CODE           	51E0	0000	57
		i2___ftmul     		CODE           	3E24	0000	245
		i2___wmul      		CODE           	53AA	0000	39
		i2_eval_poly   		CODE           	4370	0000	211
		i2_I2C_Master_Read		CODE           	5384	0000	39
		i2___lwmod     		CODE           	5124	0000	67
		i2___ftpack    		CODE           	47F8	0000	175
		_keys          		MEDIUMCONST    	FD93	0000	18
		__initialization		CODE           	4F52	0000	69
		i2___lltoft    		CODE           	4EF6	0000	93
		i2___ftsub     		CODE           	5166	0000	65
		i2_pow         		CODE           	2922	0000	375
		i2_read_colorsensor		CODE           	41C8	0000	215
		i2_frexp       		CODE           	49E6	0000	145
		i2_log         		CODE           	2FD6	0000	287
		i2___altoft    		CODE           	4C7E	0000	121
		i2_exp         		CODE           	23DA	0000	489
		i2_I2C_Master_Wait		CODE           	548E	0000	19
		i2_ldexp       		CODE           	450A	0000	199
		_hexpowers     		MEDIUMCONST    	FDAE	0000	9
		i2_I2C_Master_Stop		CODE           	5506	0000	9
		i2_read_time   		CODE           	4D6C	0000	105
		log@coeff      		MEDIUMCONST    	FDDB	0000	28
		i2_savedata    		CODE           	1F46	0000	603
		i2_lcdInst     		CODE           	54CC	0000	13
		i2_I2C_Master_Write		CODE           	54EC	0000	11
		i2_eeprom_readbyte		CODE           	5464	0000	23

shared estimated size: 6542

lcd.c
		_putch         		CODE           	54A0	0000	17
		_lcdInst       		CODE           	54B0	0000	17
		_lcdNibble     		CODE           	4E36	0000	97
		_initLCD       		CODE           	4FF6	0000	81

lcd.c estimated size: 212

C:\Program Files (x86)\Microchip\xc8\v1.40\sources\common\fttol.c
		___fttol       		CODE           	2E92	0000	325

C:\Program Files (x86)\Microchip\xc8\v1.40\sources\common\fttol.c estimated size: 325

C:\Program Files (x86)\Microchip\xc8\v1.40\sources\common\lwdiv.c
		___lwdiv       		CODE           	4C06	0000	121

C:\Program Files (x86)\Microchip\xc8\v1.40\sources\common\lwdiv.c estimated size: 121

C:\Program Files (x86)\Microchip\xc8\v1.40\sources\common\awdiv.c
		___awdiv       		CODE           	45D0	0000	191

C:\Program Files (x86)\Microchip\xc8\v1.40\sources\common\awdiv.c estimated size: 191

main.c
		_eeprom_writebyte		CODE           	5336	0000	41
		_bottle_time   		CODE           	5218	0000	55
		_read_colorsensor		CODE           	3C38	0000	249
		_bottle_count  		CODE           	383C	0000	261
		_dec_to_hex    		CODE           	320C	0000	277
		_bottle_count1 		CODE           	3738	0000	261
		_bottle_count2 		CODE           	3634	0000	261
		_bottle_count3 		CODE           	3530	0000	261
		_bottle_count4 		CODE           	342C	0000	261
		_main          		CODE           	1A16	0000	713
		_date_time     		CODE           	429E	0000	211
		_eeprom_readbyte		CODE           	544C	0000	25
		_savedata      		CODE           	173A	0000	733
		_isr           		CODE           	0008	0000	2747
		_standby       		CODE           	51A6	0000	59
		_operation     		CODE           	0AC6	0000	1395
		_operationend  		CODE           	5434	0000	25
		_read_time     		CODE           	4CF6	0000	119
		_emergencystop 		CODE           	53F4	0000	35

main.c estimated size: 7989

C:\Program Files (x86)\Microchip\xc8\v1.40\sources\common\ftadd.c
		___ftadd       		CODE           	1CDE	0000	617

C:\Program Files (x86)\Microchip\xc8\v1.40\sources\common\ftadd.c estimated size: 617

C:\Program Files (x86)\Microchip\xc8\v1.40\sources\common\lldiv.c
		___lldiv       		CODE           	468E	0000	189

C:\Program Files (x86)\Microchip\xc8\v1.40\sources\common\lldiv.c estimated size: 189

