Microchip MPLAB XC8 Compiler V1.40 ()

Linker command line:

-W-3 --edf=D:\Program Files (x86)\Microchip\xc8\v1.40\dat\en_msgs.txt -cs \
  -h+dist/default/production\AER201_PIC.X.production.sym \
  --cmf=dist/default/production\AER201_PIC.X.production.cmf -z -Q18F4620 \
  -oC:\Users\shich\AppData\Local\Temp\s5o0.2 \
  -Mdist/default/production/AER201_PIC.X.production.map -E1 -ver=XC8 \
  -ASTACK=0189h-0f7fh -pstack=STACK -ACODE=00h-0FFFFh -ACONST=00h-0FFFFh \
  -ASMALLCONST=01000h-010FFhx240 -AMEDIUMCONST=01000h-0FFFFh \
  -ACOMRAM=01h-07Fh -AABS1=00h-0F7Fh -ABIGRAM=01h-0F7Fh \
  -ARAM=080h-0FFh,0100h-01FFhx14,0F00h-0F7Fh -ABANK0=080h-0FFh \
  -ABANK1=0100h-01FFh -ABANK2=0200h-02FFh -ABANK3=0300h-03FFh \
  -ABANK4=0400h-04FFh -ABANK5=0500h-05FFh -ABANK6=0600h-06FFh \
  -ABANK7=0700h-07FFh -ABANK8=0800h-08FFh -ABANK9=0900h-09FFh \
  -ABANK10=0A00h-0AFFh -ABANK11=0B00h-0BFFh -ABANK12=0C00h-0CFFh \
  -ABANK13=0D00h-0DFFh -ABANK14=0E00h-0EFFh -ABANK15=0F00h-0F7Fh \
  -ASFR=0F80h-0FFFh -preset_vec=00h,intcode=08h,intcodelo,powerup,init \
  -pramtop=01000h -psmallconst=SMALLCONST -pmediumconst=MEDIUMCONST \
  -pconst=CONST -AFARRAM=00h-00h -ACONFIG=0300000h-030000Dh -pconfig=CONFIG \
  -AIDLOC=0200000h-0200007h -pidloc=IDLOC -AEEDATA=0F00000h-0F003FFh \
  -peeprom_data=EEDATA \
  -prdata=COMRAM,nvrram=COMRAM,nvbit=COMRAM,rbss=COMRAM,rbit=COMRAM \
  -pfarbss=FARRAM,fardata=FARRAM,nvFARRAM=FARRAM \
  -pintsave_regs=BIGRAM,bigbss=BIGRAM,bigdata=BIGRAM -pbss=RAM \
  -pidata=CODE,irdata=CODE,ibigdata=CODE,ifardata=CODE -prparam=COMRAM \
  C:\Users\shich\AppData\Local\Temp\s5o0.obj \
  dist/default/production\AER201_PIC.X.production.obj 

Object code version is 3.11

Machine type is 18F4620

Call graph: (short form)




                Name                               Link     Load   Length Selector   Space Scale
C:\Users\shich\AppData\Local\Temp\s5o0.obj
                init                                  E        E        4        4       0
                reset_vec                             0        0        4        0       0
                idloc                            200000   200000        8   200000       0
                config                           300000   300000        E   300000       0
dist/default/production\AER201_PIC.X.production.obj
                intcode                               8        8        6        4       0
                temp                                 7F       7F        1        1       1
                mediumconst                        FDB4     FDB4      24C     7EDA       0
                text81                             4E2A     4E2A       AE        4       0
                text80                             5734     5734       38        4       0
                text79                             323C     323C      1AC        4       0
                text78                             45F0     45F0       F4        4       0
                text77                             58B0     58B0       26        4       0
                text76                             4A50     4A50       D2        4       0
                text75                             52B6     52B6       78        4       0
                text74                             50A4     50A4       90        4       0
                text73                             5014     5014       90        4       0
                text72                             44FC     44FC       F4        4       0
                text71                             47CA     47CA       DE        4       0
                text70                             4BEA     4BEA       C6        4       0
                text69                             46E4     46E4       E6        4       0
                text68                             58D6     58D6       24        4       0
                text67                             56BA     56BA       40        4       0
                text66                             2EA4     2EA4      1E8        4       0
                text65                             3ECC     3ECC      11E        4       0
                text64                             552C     552C       5C        4       0
                text63                             370E     370E      176        4       0
                text62                             5134     5134       84        4       0
                text61                             40F6     40F6      10C        4       0
                text60                             5966     5966       12        4       0
                text59                             588A     588A       26        4       0
                text58                             59DC     59DC        8        4       0
                text57                             59D4     59D4        8        4       0
                text56                             59BA     59BA        A        4       0
                text55                             539E     539E       68        4       0
                text54                             55D8     55D8       4E        4       0
                text53                             59A4     59A4        C        4       0
                text52                             51B8     51B8       82        4       0
                text51                             5406     5406       66        4       0
                text50                             3DA4     3DA4      128        4       0
                text49                             3C72     3C72      132        4       0
                text48                             532E     532E       70        4       0
                text47                             2C5E     2C5E      246        4       0
                text46                             591C     591C       1E        4       0
                text45                             5998     5998        C        4       0
                text44                             235A     235A      3F0        4       0
                text43                              BFC      BFC      9DE        4       0
                text42                             48A8     48A8       D6        4       0
                intcode_body                       1A88     1A88      46E        4       0
                text40                             5952     5952       14        4       0
                text39                             59CC     59CC        8        4       0
                text38                             59C4     59C4        8        4       0
                text37                             59B0     59B0        A        4       0
                text36                             4306     4306       FE        4       0
                text35                             4D6E     4D6E       BC        4       0
                text34                             54CC     54CC       60        4       0
                text33                             546C     546C       60        4       0
                text32                             5988     5988       10        4       0
                text31                             4B22     4B22       C8        4       0
                text30                             57D8     57D8       30        4       0
                text29                             3FEA     3FEA      10C        4       0
                text28                             29F6     29F6      268        4       0
                text27                             5626     5626       4C        4       0
                text26                             3B2E     3B2E      144        4       0
                text25                             4F7A     4F7A       9A        4       0
                text24                             523A     523A       7C        4       0
                text23                             3586     3586      188        4       0
                text22                             33E8     33E8      19E        4       0
                text21                             4CB0     4CB0       BE        4       0
                text20                             4ED8     4ED8       A2        4       0
                text19                             3884     3884      15E        4       0
                text18                             57A2     57A2       36        4       0
                text17                             274A     274A      2AC        4       0
                text16                             5860     5860       2A        4       0
                text15                             5978     5978       10        4       0
                text14                             15DA     15DA      4AE        4       0
                text13                               12       12      BEA        4       0
                text12                             4202     4202      104        4       0
                text11                             576C     576C       36        4       0
                text10                             5808     5808       2E        4       0
                text9                              497E     497E       D2        4       0
                text8                              58FA     58FA       22        4       0
                text7                              5588     5588       50        4       0
                text6                              39E2     39E2      14C        4       0
                text5                              5836     5836       2A        4       0
                text4                              4404     4404       F8        4       0
                text3                              1EF6     1EF6      464        4       0
                text2                              593A     593A       18        4       0
                text1                              56FA     56FA       3A        4       0
                text0                              308C     308C      1B0        4       0
                cstackCOMRAM                          1        1       79        1       1
                cstackBANK0                          80       80       42       80       1
                cstackBANK1                         100      100       46      100       1
                dataBANK1                           187      187        2      100       1
                bssBANK1                            146      146       41      100       1
                bssBANK0                             C2       C2       20       80       1
                bssCOMRAM                            7A       7A        5        1       1
                cinit                              5672     5672       48        4       0
                idataBANK1                         59E4     59E4        2        4       0

TOTAL           Name                               Link     Load   Length     Space
        CLASS   STACK          

        CLASS   CODE           
                intcode                               8        8        6         0
                init                                  E        E        4         0
                reset_vec                             0        0        4         0
                text81                             4E2A     4E2A       AE         0
                text80                             5734     5734       38         0
                text79                             323C     323C      1AC         0
                text78                             45F0     45F0       F4         0
                text77                             58B0     58B0       26         0
                text76                             4A50     4A50       D2         0
                text75                             52B6     52B6       78         0
                text74                             50A4     50A4       90         0
                text73                             5014     5014       90         0
                text72                             44FC     44FC       F4         0
                text71                             47CA     47CA       DE         0
                text70                             4BEA     4BEA       C6         0
                text69                             46E4     46E4       E6         0
                text68                             58D6     58D6       24         0
                text67                             56BA     56BA       40         0
                text66                             2EA4     2EA4      1E8         0
                text65                             3ECC     3ECC      11E         0
                text64                             552C     552C       5C         0
                text63                             370E     370E      176         0
                text62                             5134     5134       84         0
                text61                             40F6     40F6      10C         0
                text60                             5966     5966       12         0
                text59                             588A     588A       26         0
                text58                             59DC     59DC        8         0
                text57                             59D4     59D4        8         0
                text56                             59BA     59BA        A         0
                text55                             539E     539E       68         0
                text54                             55D8     55D8       4E         0
                text53                             59A4     59A4        C         0
                text52                             51B8     51B8       82         0
                text51                             5406     5406       66         0
                text50                             3DA4     3DA4      128         0
                text49                             3C72     3C72      132         0
                text48                             532E     532E       70         0
                text47                             2C5E     2C5E      246         0
                text46                             591C     591C       1E         0
                text45                             5998     5998        C         0
                text44                             235A     235A      3F0         0
                text43                              BFC      BFC      9DE         0
                text42                             48A8     48A8       D6         0
                intcode_body                       1A88     1A88      46E         0
                text40                             5952     5952       14         0
                text39                             59CC     59CC        8         0
                text38                             59C4     59C4        8         0
                text37                             59B0     59B0        A         0
                text36                             4306     4306       FE         0
                text35                             4D6E     4D6E       BC         0
                text34                             54CC     54CC       60         0
                text33                             546C     546C       60         0
                text32                             5988     5988       10         0
                text31                             4B22     4B22       C8         0
                text30                             57D8     57D8       30         0
                text29                             3FEA     3FEA      10C         0
                text28                             29F6     29F6      268         0
                text27                             5626     5626       4C         0
                text26                             3B2E     3B2E      144         0
                text25                             4F7A     4F7A       9A         0
                text24                             523A     523A       7C         0
                text23                             3586     3586      188         0
                text22                             33E8     33E8      19E         0
                text21                             4CB0     4CB0       BE         0
                text20                             4ED8     4ED8       A2         0
                text19                             3884     3884      15E         0
                text18                             57A2     57A2       36         0
                text17                             274A     274A      2AC         0
                text16                             5860     5860       2A         0
                text15                             5978     5978       10         0
                text14                             15DA     15DA      4AE         0
                text13                               12       12      BEA         0
                text12                             4202     4202      104         0
                text11                             576C     576C       36         0
                text10                             5808     5808       2E         0
                text9                              497E     497E       D2         0
                text8                              58FA     58FA       22         0
                text7                              5588     5588       50         0
                text6                              39E2     39E2      14C         0
                text5                              5836     5836       2A         0
                text4                              4404     4404       F8         0
                text3                              1EF6     1EF6      464         0
                text2                              593A     593A       18         0
                text1                              56FA     56FA       3A         0
                text0                              308C     308C      1B0         0
                cinit                              5672     5672       48         0
                idataBANK1                         59E4     59E4        2         0

        CLASS   CONST          

        CLASS   SMALLCONST     

        CLASS   MEDIUMCONST    
                mediumconst                        FDB4     FDB4      24C         0

        CLASS   COMRAM         
                temp                                 7F       7F        1         1
                cstackCOMRAM                          1        1       79         1
                bssCOMRAM                            7A       7A        5         1

        CLASS   ABS1           

        CLASS   BIGRAM         

        CLASS   RAM            

        CLASS   BANK0          
                cstackBANK0                          80       80       42         1
                bssBANK0                             C2       C2       20         1

        CLASS   BANK1          
                cstackBANK1                         100      100       46         1
                dataBANK1                           187      187        2         1
                bssBANK1                            146      146       41         1

        CLASS   BANK2          

        CLASS   BANK3          

        CLASS   BANK4          

        CLASS   BANK5          

        CLASS   BANK6          

        CLASS   BANK7          

        CLASS   BANK8          

        CLASS   BANK9          

        CLASS   BANK10         

        CLASS   BANK11         

        CLASS   BANK12         

        CLASS   BANK13         

        CLASS   BANK14         

        CLASS   BANK15         

        CLASS   SFR            

        CLASS   FARRAM         

        CLASS   CONFIG         
                config                           300000   300000        E         0

        CLASS   IDLOC          
                idloc                            200000   200000        8         0

        CLASS   EEDATA         



SEGMENTS        Name                           Load    Length   Top    Selector   Space  Class

                reset_vec                      000000  000004  000004         0       0  CODE    
                cstackCOMRAM                   000001  00007F  000080         1       1  COMRAM  
                intcode                        000008  0059DE  0059E6         4       0  CODE    
                cstackBANK0                    000080  000062  0000E2        80       1  BANK0   
                cstackBANK1                    000100  000089  000189       100       1  BANK1   
                mediumconst                    00FDB4  00024C  010000      7EDA       0  MEDIUMCO
                idloc                          200000  000008  200008    200000       0  IDLOC   
                config                         300000  00000E  30000E    300000       0  CONFIG  


UNUSED ADDRESS RANGES

        Name                Unused          Largest block    Delta
        BANK0            0000E2-0000FF               1E
        BANK1            000189-0001FF               77
        BANK10           000A00-000AFF              100
        BANK11           000B00-000BFF              100
        BANK12           000C00-000CFF              100
        BANK13           000D00-000DFF              100
        BANK14           000E00-000EFF              100
        BANK15           000F00-000F7F               80
        BANK2            000200-0002FF              100
        BANK3            000300-0003FF              100
        BANK4            000400-0004FF              100
        BANK5            000500-0005FF              100
        BANK6            000600-0006FF              100
        BANK7            000700-0007FF              100
        BANK8            000800-0008FF              100
        BANK9            000900-0009FF              100
        BIGRAM           0000E2-0000FF               1E
                         000189-000F7F              DF7
        CODE             000004-000007                4
                         0059E6-00FDB3             A3CE
        CONST            000004-000007                4
                         0059E6-00FDB3             A3CE
        EEDATA           F00000-F003FF              400
        MEDIUMCONST      0059E6-00FDB3             A3CE
        RAM              0000E2-0000FF               1E
                         000189-000F7F              100
        SFR              000F80-000FFF               80
        SMALLCONST       0059E6-00FDB3              100
        STACK            000189-000F7F              DF7

                                  Symbol Table

?___altoft                   cstackCOMRAM 000049
?___awdiv                    cstackBANK0  0000A4
?___awmod                    cstackBANK0  00009E
?___awtoft                   cstackCOMRAM 000009
?___ftadd                    cstackBANK1  00010A
?___ftdiv                    cstackBANK0  0000A6
?___ftmul                    cstackBANK0  0000B2
?___ftneg                    cstackBANK0  00009E
?___ftpack                   cstackBANK0  00009E
?___ftsub                    cstackBANK1  000116
?___fttol                    cstackBANK1  000107
?___lldiv                    cstackBANK0  00009E
?___llmod                    cstackBANK0  0000AB
?___lltoft                   cstackBANK0  0000A6
?___lwtoft                   cstackBANK0  0000A6
?___wmul                     cstackBANK0  0000AC
?__div_to_l_                 cstackBANK0  00009E
?__tdiv_to_l_                cstackBANK0  00009E
?_dec_to_hex                 cstackCOMRAM 000075
?_eval_poly                  cstackCOMRAM 00003A
?_exp                        cstackCOMRAM 00005B
?_floor                      cstackCOMRAM 000053
?_frexp                      cstackCOMRAM 000001
?_fround                     cstackBANK1  000100
?_ldexp                      cstackCOMRAM 000046
?_log                        cstackCOMRAM 000046
?_pow                        cstackCOMRAM 000064
?_printf                     cstackBANK1  00011C
?_scale                      cstackBANK1  000100
?i2___awdiv                  cstackCOMRAM 000007
?i2___awmod                  cstackCOMRAM 000001
?i2___ftadd                  cstackCOMRAM 00002E
?i2___ftdiv                  cstackCOMRAM 000009
?i2___ftmul                  cstackCOMRAM 000015
?i2___ftneg                  cstackCOMRAM 000001
?i2___ftpack                 cstackCOMRAM 000001
?i2___ftsub                  cstackCOMRAM 00003A
?i2___fttol                  cstackCOMRAM 00003A
?i2___lldiv                  cstackCOMRAM 000001
?i2___llmod                  cstackCOMRAM 00000E
?i2___lltoft                 cstackCOMRAM 000009
?i2___wmul                   cstackCOMRAM 00000F
?i2__div_to_l_               cstackCOMRAM 000001
?i2__tdiv_to_l_              cstackCOMRAM 000001
?i2_fround                   cstackCOMRAM 000024
?i2_printf                   cstackCOMRAM 000049
?i2_scale                    cstackCOMRAM 000024
I2C_Master_Init@c            cstackBANK0  0000AB
I2C_Master_Read@a            cstackBANK0  00009F
I2C_Master_Read@temp         cstackBANK0  0000A0
I2C_Master_Write@d           cstackBANK0  00009F
_ACKDT                       (abs)        007E2D
_ACKEN                       (abs)        007E2C
_ADCON0                      (abs)        000FC2
_ADCON1                      (abs)        000FC1
_GIE                         (abs)        007F97
_I2C_ColorSens_Init          text36       004306
_I2C_Master_Init             text34       0054CC
_I2C_Master_Read             text10       005808
_I2C_Master_Start            text39       0059CC
_I2C_Master_Stop             text38       0059C4
_I2C_Master_Wait             text40       005952
_I2C_Master_Write            text37       0059B0
_INT0IE                      (abs)        007F94
_INT1IE                      (abs)        007F83
_INT1IF                      (abs)        007F80
_INT2IE                      (abs)        007F84
_INTCONbits                  (abs)        000FF2
_LATA                        (abs)        000F89
_LATAbits                    (abs)        000F89
_LATB                        (abs)        000F8A
_LATC                        (abs)        000F8B
_LATCbits                    (abs)        000F8B
_LATD                        (abs)        000F8C
_LATDbits                    (abs)        000F8C
_LATE                        (abs)        000F8D
_PEIE                        (abs)        007F96
_PEN                         (abs)        007E2A
_PORTAbits                   (abs)        000F80
_PORTB                       (abs)        000F81
_PSA                         (abs)        007EAB
_RCEN                        (abs)        007E2B
_RSEN                        (abs)        007E29
_SEN                         (abs)        007E28
_SSPADD                      (abs)        000FC8
_SSPBUF                      (abs)        000FC9
_SSPCON1                     (abs)        000FC6
_SSPCON2                     (abs)        000FC5
_SSPSTAT                     (abs)        000FC7
_T08BIT                      (abs)        007EAE
_T0CS                        (abs)        007EAD
_T0PS0                       (abs)        007EA8
_T0PS1                       (abs)        007EA9
_T0PS2                       (abs)        007EAA
_T1CKPS0                     (abs)        007E6C
_T1CKPS1                     (abs)        007E6D
_T1CON                       (abs)        000FCD
_T3CKPS0                     (abs)        007D8C
_T3CKPS1                     (abs)        007D8D
_T3CON                       (abs)        000FB1
_TMR0                        (abs)        000FD6
_TMR0IE                      (abs)        007F95
_TMR0IF                      (abs)        007F92
_TMR0ON                      (abs)        007EAF
_TMR1                        (abs)        000FCE
_TMR1CS                      (abs)        007E69
_TMR1IE                      (abs)        007CE8
_TMR1IF                      (abs)        007CF0
_TMR1ON                      (abs)        007E68
_TMR3                        (abs)        000FB2
_TMR3CS                      (abs)        007D89
_TMR3IE                      (abs)        007D01
_TMR3IF                      (abs)        007D09
_TMR3ON                      (abs)        007D88
_TRISA                       (abs)        000F92
_TRISB                       (abs)        000F93
_TRISC                       (abs)        000F94
_TRISC3                      (abs)        007CA3
_TRISC4                      (abs)        007CA4
_TRISD                       (abs)        000F95
_TRISE                       (abs)        000F96
__CFG_BOREN$SBORDIS          (abs)        000000
__CFG_BORV$3                 (abs)        000000
__CFG_CCP2MX$PORTC           (abs)        000000
__CFG_CP0$OFF                (abs)        000000
__CFG_CP1$OFF                (abs)        000000
__CFG_CP2$OFF                (abs)        000000
__CFG_CP3$OFF                (abs)        000000
__CFG_CPB$OFF                (abs)        000000
__CFG_CPD$OFF                (abs)        000000
__CFG_EBTR0$OFF              (abs)        000000
__CFG_EBTR1$OFF              (abs)        000000
__CFG_EBTR2$OFF              (abs)        000000
__CFG_EBTR3$OFF              (abs)        000000
__CFG_EBTRB$OFF              (abs)        000000
__CFG_FCMEN$OFF              (abs)        000000
__CFG_IESO$OFF               (abs)        000000
__CFG_LPT1OSC$OFF            (abs)        000000
__CFG_LVP$OFF                (abs)        000000
__CFG_MCLRE$ON               (abs)        000000
__CFG_OSC$HS                 (abs)        000000
__CFG_PBADEN$ON              (abs)        000000
__CFG_PWRT$OFF               (abs)        000000
__CFG_STVREN$ON              (abs)        000000
__CFG_WDT$OFF                (abs)        000000
__CFG_WDTPS$32768            (abs)        000000
__CFG_WRT0$OFF               (abs)        000000
__CFG_WRT1$OFF               (abs)        000000
__CFG_WRT2$OFF               (abs)        000000
__CFG_WRT3$OFF               (abs)        000000
__CFG_WRTB$OFF               (abs)        000000
__CFG_WRTC$OFF               (abs)        000000
__CFG_WRTD$OFF               (abs)        000000
__CFG_XINST$OFF              (abs)        000000
__HRAM                       (abs)        000000
__Habs1                      abs1         000000
__Hbank0                     bank0        000000
__Hbank1                     bank1        000000
__Hbank10                    bank10       000000
__Hbank11                    bank11       000000
__Hbank12                    bank12       000000
__Hbank13                    bank13       000000
__Hbank14                    bank14       000000
__Hbank15                    bank15       000000
__Hbank2                     bank2        000000
__Hbank3                     bank3        000000
__Hbank4                     bank4        000000
__Hbank5                     bank5        000000
__Hbank6                     bank6        000000
__Hbank7                     bank7        000000
__Hbank8                     bank8        000000
__Hbank9                     bank9        000000
__Hbigbss                    bigbss       000000
__Hbigdata                   bigdata      000000
__Hbigram                    bigram       000000
__Hbss                       bss          000000
__HbssBANK0                  bssBANK0     000000
__HbssBANK1                  bssBANK1     000000
__HbssCOMRAM                 bssCOMRAM    000000
__Hcinit                     cinit        000000
__Hclrtext                   clrtext      000000
__Hcomram                    comram       000000
__Hconfig                    config       30000E
__Hconst                     const        000000
__HcstackBANK0               cstackBANK0  000000
__HcstackBANK1               cstackBANK1  000000
__HcstackCOMRAM              cstackCOMRAM 000000
__Hdata                      data         000000
__HdataBANK1                 dataBANK1    000000
__Heeprom_data               eeprom_data  000000
__Hfarbss                    farbss       000000
__Hfardata                   fardata      000000
__Hibigdata                  ibigdata     000000
__Hidata                     idata        000000
__HidataBANK1                idataBANK1   000000
__Hidloc                     idloc        200008
__Hifardata                  ifardata     000000
__Hinit                      init         000012
__Hintcode                   intcode      00000E
__Hintcode_body              intcode_body 000000
__Hintcodelo                 intcodelo    00000E
__Hintentry                  intentry     000000
__Hintret                    intret       000000
__Hintsave_regs              intsave_regs 000000
__Hirdata                    irdata       000000
__Hmediumconst               mediumconst  010000
__HnvFARRAM                  nvFARRAM     000000
__Hnvbit                     nvbit        000000
__Hnvrram                    nvrram       000000
__Hparam                     rparam       000000
__Hpowerup                   powerup      00000E
__Hram                       ram          000000
__Hramtop                    ramtop       001000
__Hrbit                      rbit         000000
__Hrbss                      rbss         000000
__Hrdata                     rdata        000000
__Hreset_vec                 reset_vec    000004
__Hrparam                    rparam       000000
__Hsfr                       sfr          000000
__Hsmallconst                smallconst   000000
__Hspace_0                   (abs)        30000E
__Hspace_1                   (abs)        000189
__Hspace_2                   (abs)        000000
__Hstack                     stack        000000
__Hstruct                    struct       000000
__Htemp                      temp         000080
__Htext                      text         000000
__Htext0                     text0        000000
__Htext1                     text1        000000
__Htext10                    text10       000000
__Htext11                    text11       000000
__Htext12                    text12       000000
__Htext13                    text13       000000
__Htext14                    text14       000000
__Htext15                    text15       000000
__Htext16                    text16       000000
__Htext17                    text17       000000
__Htext18                    text18       000000
__Htext19                    text19       000000
__Htext2                     text2        000000
__Htext20                    text20       000000
__Htext21                    text21       000000
__Htext22                    text22       000000
__Htext23                    text23       000000
__Htext24                    text24       000000
__Htext25                    text25       000000
__Htext26                    text26       000000
__Htext27                    text27       000000
__Htext28                    text28       000000
__Htext29                    text29       000000
__Htext3                     text3        000000
__Htext30                    text30       000000
__Htext31                    text31       000000
__Htext32                    text32       000000
__Htext33                    text33       000000
__Htext34                    text34       000000
__Htext35                    text35       000000
__Htext36                    text36       000000
__Htext37                    text37       000000
__Htext38                    text38       000000
__Htext39                    text39       000000
__Htext4                     text4        000000
__Htext40                    text40       000000
__Htext42                    text42       000000
__Htext43                    text43       000000
__Htext44                    text44       000000
__Htext45                    text45       000000
__Htext46                    text46       000000
__Htext47                    text47       000000
__Htext48                    text48       000000
__Htext49                    text49       000000
__Htext5                     text5        000000
__Htext50                    text50       000000
__Htext51                    text51       000000
__Htext52                    text52       000000
__Htext53                    text53       000000
__Htext54                    text54       000000
__Htext55                    text55       000000
__Htext56                    text56       000000
__Htext57                    text57       000000
__Htext58                    text58       000000
__Htext59                    text59       000000
__Htext6                     text6        000000
__Htext60                    text60       000000
__Htext61                    text61       000000
__Htext62                    text62       000000
__Htext63                    text63       000000
__Htext64                    text64       000000
__Htext65                    text65       000000
__Htext66                    text66       000000
__Htext67                    text67       000000
__Htext68                    text68       000000
__Htext69                    text69       000000
__Htext7                     text7        000000
__Htext70                    text70       000000
__Htext71                    text71       000000
__Htext72                    text72       000000
__Htext73                    text73       000000
__Htext74                    text74       000000
__Htext75                    text75       000000
__Htext76                    text76       000000
__Htext77                    text77       000000
__Htext78                    text78       000000
__Htext79                    text79       000000
__Htext8                     text8        000000
__Htext80                    text80       000000
__Htext81                    text81       000000
__Htext9                     text9        000000
__LRAM                       (abs)        000001
__Labs1                      abs1         000000
__Lbank0                     bank0        000000
__Lbank1                     bank1        000000
__Lbank10                    bank10       000000
__Lbank11                    bank11       000000
__Lbank12                    bank12       000000
__Lbank13                    bank13       000000
__Lbank14                    bank14       000000
__Lbank15                    bank15       000000
__Lbank2                     bank2        000000
__Lbank3                     bank3        000000
__Lbank4                     bank4        000000
__Lbank5                     bank5        000000
__Lbank6                     bank6        000000
__Lbank7                     bank7        000000
__Lbank8                     bank8        000000
__Lbank9                     bank9        000000
__Lbigbss                    bigbss       000000
__Lbigdata                   bigdata      000000
__Lbigram                    bigram       000000
__Lbss                       bss          000000
__LbssBANK0                  bssBANK0     000000
__LbssBANK1                  bssBANK1     000000
__LbssCOMRAM                 bssCOMRAM    000000
__Lcinit                     cinit        000000
__Lclrtext                   clrtext      000000
__Lcomram                    comram       000000
__Lconfig                    config       300000
__Lconst                     const        000000
__LcstackBANK0               cstackBANK0  000000
__LcstackBANK1               cstackBANK1  000000
__LcstackCOMRAM              cstackCOMRAM 000000
__Ldata                      data         000000
__LdataBANK1                 dataBANK1    000000
__Leeprom_data               eeprom_data  000000
__Lfarbss                    farbss       000000
__Lfardata                   fardata      000000
__Libigdata                  ibigdata     000000
__Lidata                     idata        000000
__LidataBANK1                idataBANK1   000000
__Lidloc                     idloc        200000
__Lifardata                  ifardata     000000
__Linit                      init         00000E
__Lintcode                   intcode      000008
__Lintcode_body              intcode_body 000000
__Lintcodelo                 intcodelo    00000E
__Lintentry                  intentry     000000
__Lintret                    intret       000000
__Lintsave_regs              intsave_regs 000000
__Lirdata                    irdata       000000
__Lmediumconst               mediumconst  00FDB4
__LnvFARRAM                  nvFARRAM     000000
__Lnvbit                     nvbit        000000
__Lnvrram                    nvrram       000000
__Lparam                     rparam       000000
__Lpowerup                   powerup      00000E
__Lram                       ram          000000
__Lramtop                    ramtop       001000
__Lrbit                      rbit         000000
__Lrbss                      rbss         000000
__Lrdata                     rdata        000000
__Lreset_vec                 reset_vec    000000
__Lrparam                    rparam       000000
__Lsfr                       sfr          000000
__Lsmallconst                smallconst   000000
__Lspace_0                   (abs)        000000
__Lspace_1                   (abs)        000000
__Lspace_2                   (abs)        000000
__Lstack                     stack        000000
__Lstruct                    struct       000000
__Ltemp                      temp         00007F
__Ltext                      text         000000
__Ltext0                     text0        000000
__Ltext1                     text1        000000
__Ltext10                    text10       000000
__Ltext11                    text11       000000
__Ltext12                    text12       000000
__Ltext13                    text13       000000
__Ltext14                    text14       000000
__Ltext15                    text15       000000
__Ltext16                    text16       000000
__Ltext17                    text17       000000
__Ltext18                    text18       000000
__Ltext19                    text19       000000
__Ltext2                     text2        000000
__Ltext20                    text20       000000
__Ltext21                    text21       000000
__Ltext22                    text22       000000
__Ltext23                    text23       000000
__Ltext24                    text24       000000
__Ltext25                    text25       000000
__Ltext26                    text26       000000
__Ltext27                    text27       000000
__Ltext28                    text28       000000
__Ltext29                    text29       000000
__Ltext3                     text3        000000
__Ltext30                    text30       000000
__Ltext31                    text31       000000
__Ltext32                    text32       000000
__Ltext33                    text33       000000
__Ltext34                    text34       000000
__Ltext35                    text35       000000
__Ltext36                    text36       000000
__Ltext37                    text37       000000
__Ltext38                    text38       000000
__Ltext39                    text39       000000
__Ltext4                     text4        000000
__Ltext40                    text40       000000
__Ltext42                    text42       000000
__Ltext43                    text43       000000
__Ltext44                    text44       000000
__Ltext45                    text45       000000
__Ltext46                    text46       000000
__Ltext47                    text47       000000
__Ltext48                    text48       000000
__Ltext49                    text49       000000
__Ltext5                     text5        000000
__Ltext50                    text50       000000
__Ltext51                    text51       000000
__Ltext52                    text52       000000
__Ltext53                    text53       000000
__Ltext54                    text54       000000
__Ltext55                    text55       000000
__Ltext56                    text56       000000
__Ltext57                    text57       000000
__Ltext58                    text58       000000
__Ltext59                    text59       000000
__Ltext6                     text6        000000
__Ltext60                    text60       000000
__Ltext61                    text61       000000
__Ltext62                    text62       000000
__Ltext63                    text63       000000
__Ltext64                    text64       000000
__Ltext65                    text65       000000
__Ltext66                    text66       000000
__Ltext67                    text67       000000
__Ltext68                    text68       000000
__Ltext69                    text69       000000
__Ltext7                     text7        000000
__Ltext70                    text70       000000
__Ltext71                    text71       000000
__Ltext72                    text72       000000
__Ltext73                    text73       000000
__Ltext74                    text74       000000
__Ltext75                    text75       000000
__Ltext76                    text76       000000
__Ltext77                    text77       000000
__Ltext78                    text78       000000
__Ltext79                    text79       000000
__Ltext8                     text8        000000
__Ltext80                    text80       000000
__Ltext81                    text81       000000
__Ltext9                     text9        000000
__S0                         (abs)        30000E
__S1                         (abs)        000189
__S2                         (abs)        000000
___altoft                    text75       0052B6
___altoft@c                  cstackCOMRAM 000049
___altoft@exp                cstackCOMRAM 000051
___altoft@sign               cstackCOMRAM 000052
___awdiv                     text21       004CB0
___awdiv@counter             cstackBANK0  0000A8
___awdiv@dividend            cstackBANK0  0000A4
___awdiv@divisor             cstackBANK0  0000A6
___awdiv@quotient            cstackBANK0  0000AA
___awdiv@sign                cstackBANK0  0000A9
___awmod                     text20       004ED8
___awmod@counter             cstackBANK0  0000A2
___awmod@dividend            cstackBANK0  00009E
___awmod@divisor             cstackBANK0  0000A0
___awmod@sign                cstackBANK0  0000A3
___awtoft                    text80       005734
___awtoft@c                  cstackCOMRAM 000009
___awtoft@sign               cstackCOMRAM 00000C
___ftadd                     text28       0029F6
___ftadd@exp1                cstackBANK1  000115
___ftadd@exp2                cstackBANK1  000114
___ftadd@f1                  cstackBANK1  00010A
___ftadd@f2                  cstackBANK1  00010D
___ftadd@sign                cstackBANK1  000113
___ftdiv                     text6        0039E2
___ftdiv@cntr                cstackBANK0  0000AF
___ftdiv@exp                 cstackBANK0  0000B3
___ftdiv@f1                  cstackBANK0  0000A6
___ftdiv@f2                  cstackBANK0  0000A9
___ftdiv@f3                  cstackBANK0  0000B0
___ftdiv@sign                cstackBANK0  0000B4
___ftge                      text31       004B22
___ftge@ff1                  cstackBANK0  0000B5
___ftge@ff2                  cstackBANK0  0000B8
___ftmul                     text19       003884
___ftmul@cntr                cstackBANK0  0000BF
___ftmul@exp                 cstackBANK0  0000BB
___ftmul@f1                  cstackBANK0  0000B2
___ftmul@f2                  cstackBANK0  0000B5
___ftmul@f3_as_product       cstackBANK0  0000BC
___ftmul@sign                cstackBANK0  0000C0
___ftneg                     text30       0057D8
___ftneg@f1                  cstackBANK0  00009E
___ftpack                    text29       003FEA
___ftpack@arg                cstackBANK0  00009E
___ftpack@exp                cstackBANK0  0000A1
___ftpack@sign               cstackBANK0  0000A2
___ftsub                     text27       005626
___ftsub@f1                  cstackBANK1  000116
___ftsub@f2                  cstackBANK1  000119
___fttol                     text26       003B2E
___fttol@exp1                cstackBANK1  000115
___fttol@f1                  cstackBANK1  000107
___fttol@lval                cstackBANK1  000111
___fttol@sign1               cstackBANK1  000110
___inthi_sp                  stack        000000
___intlo_sp                  stack        000000
___lldiv                     text35       004D6E
___lldiv@counter             cstackBANK0  0000AA
___lldiv@dividend            cstackBANK0  00009E
___lldiv@divisor             cstackBANK0  0000A2
___lldiv@quotient            cstackBANK0  0000A6
___llmod                     text25       004F7A
___llmod@counter             cstackBANK0  0000B3
___llmod@dividend            cstackBANK0  0000AB
___llmod@divisor             cstackBANK0  0000AF
___lltoft                    text24       00523A
___lltoft@c                  cstackBANK0  0000A6
___lltoft@exp                cstackBANK0  0000AE
___lwtoft                    text5        005836
___lwtoft@c                  cstackBANK0  0000A6
___param_bank                (abs)        000000
___rparam_used               (abs)        000001
___sp                        stack        000000
___wmul                      text18       0057A2
___wmul@multiplicand         cstackBANK0  0000AE
___wmul@multiplier           cstackBANK0  0000AC
___wmul@product              cstackBANK0  0000B0
__accesstop                  (abs)        000080
__activetblptr               (abs)        000002
__div_to_l_                  text23       003586
__div_to_l_@cntr             cstackBANK0  0000A8
__div_to_l_@exp1             cstackBANK0  0000A9
__div_to_l_@f1               cstackBANK0  00009E
__div_to_l_@f2               cstackBANK0  0000A1
__div_to_l_@quot             cstackBANK0  0000A4
__end_of_I2C_ColorSens_Init  text36       004404
__end_of_I2C_Master_Init     text34       00552C
__end_of_I2C_Master_Read     text10       005836
__end_of_I2C_Master_Start    text39       0059D4
__end_of_I2C_Master_Stop     text38       0059CC
__end_of_I2C_Master_Wait     text40       005966
__end_of_I2C_Master_Write    text37       0059BA
__end_of___altoft            text75       00532E
__end_of___awdiv             text21       004D6E
__end_of___awmod             text20       004F7A
__end_of___awtoft            text80       00576C
__end_of___ftadd             text28       002C5E
__end_of___ftdiv             text6        003B2E
__end_of___ftge              text31       004BEA
__end_of___ftmul             text19       0039E2
__end_of___ftneg             text30       005808
__end_of___ftpack            text29       0040F6
__end_of___ftsub             text27       005672
__end_of___fttol             text26       003C72
__end_of___lldiv             text35       004E2A
__end_of___llmod             text25       005014
__end_of___lltoft            text24       0052B6
__end_of___lwtoft            text5        005860
__end_of___wmul              text18       0057D8
__end_of__div_to_l_          text23       00370E
__end_of__initialization     cinit        0056AC
__end_of__npowers_           mediumconst  00FE04
__end_of__powers_            mediumconst  00FE2B
__end_of__tdiv_to_l_         text22       003586
__end_of_bottle_count        text12       004306
__end_of_bottle_time         text11       0057A2
__end_of_date_time           text9        004A50
__end_of_dec_to_hex          text61       004202
__end_of_dpowers             mediumconst  00FDDD
__end_of_emergencystop       text8        00591C
__end_of_eval_poly           text76       004B22
__end_of_exp                 text66       00308C
__end_of_floor               text71       0048A8
__end_of_frexp               text74       005134
__end_of_fround              text17       0029F6
__end_of_hexpowers           mediumconst  00FE4B
__end_of_initLCD             text7        0055D8
__end_of_isdigit             text16       00588A
__end_of_isr                 intcode_body 001EF6
__end_of_keys                mediumconst  00FE5C
__end_of_lcdInst             text32       005998
__end_of_lcdNibble           text33       0054CC
__end_of_ldexp               text70       004CB0
__end_of_log                 text65       003FEA
__end_of_main                text0        00323C
__end_of_operation           text3        00235A
__end_of_operationend        text2        005952
__end_of_pow                 text63       003884
__end_of_printf              text13       000BFC
__end_of_putch               text15       005988
__end_of_read_colorsensor    text4        0044FC
__end_of_read_time           text55       005406
__end_of_scale               text14       001A88
__end_of_standby             text1        005734
__end_of_timeset             mediumconst  00FE63
__end_ofexp@coeff            mediumconst  00FE81
__end_ofi2_I2C_Master_Read   text59       0058B0
__end_ofi2_I2C_Master_Start  text58       0059E4
__end_ofi2_I2C_Master_Stop   text57       0059DC
__end_ofi2_I2C_Master_Wait   text60       005978
__end_ofi2_I2C_Master_Write  text56       0059C4
__end_ofi2___awdiv           text62       0051B8
__end_ofi2___awmod           text48       00539E
__end_ofi2___ftadd           text79       0033E8
__end_ofi2___ftdiv           text69       0047CA
__end_ofi2___ftge            text73       0050A4
__end_ofi2___ftmul           text78       0046E4
__end_ofi2___ftneg           text68       0058FA
__end_ofi2___ftpack          text81       004ED8
__end_ofi2___ftsub           text67       0056FA
__end_ofi2___fttol           text72       0045F0
__end_ofi2___lldiv           text52       00523A
__end_ofi2___llmod           text51       00546C
__end_ofi2___lltoft          text64       005588
__end_ofi2___wmul            text77       0058D6
__end_ofi2__div_to_l_        text50       003ECC
__end_ofi2__tdiv_to_l_       text49       003DA4
__end_ofi2_fround            text47       002EA4
__end_ofi2_isdigit           text46       00593A
__end_ofi2_lcdInst           text53       0059B0
__end_ofi2_lcdNibble         text54       005626
__end_ofi2_printf            text43       0015DA
__end_ofi2_putch             text45       0059A4
__end_ofi2_read_colorsensor  text42       00497E
__end_ofi2_scale             text44       00274A
__end_oflog@coeff            mediumconst  00FE9C
__initialization             cinit        005672
__mediumconst                mediumconst  00FDB4
__npowers_                   mediumconst  00FDDD
__pbssBANK0                  bssBANK0     0000C2
__pbssBANK1                  bssBANK1     000146
__pbssCOMRAM                 bssCOMRAM    00007A
__pcinit                     cinit        005672
__pcstackBANK0               cstackBANK0  000080
__pcstackBANK1               cstackBANK1  000100
__pcstackCOMRAM              cstackCOMRAM 000001
__pdataBANK1                 dataBANK1    000187
__pidataBANK1                idataBANK1   0059E4
__pintcode                   intcode      000008
__pintcode_body              intcode_body 001A88
__pmediumconst               mediumconst  00FDB4
__powers_                    mediumconst  00FE04
__ptext0                     text0        00308C
__ptext1                     text1        0056FA
__ptext10                    text10       005808
__ptext11                    text11       00576C
__ptext12                    text12       004202
__ptext13                    text13       000012
__ptext14                    text14       0015DA
__ptext15                    text15       005978
__ptext16                    text16       005860
__ptext17                    text17       00274A
__ptext18                    text18       0057A2
__ptext19                    text19       003884
__ptext2                     text2        00593A
__ptext20                    text20       004ED8
__ptext21                    text21       004CB0
__ptext22                    text22       0033E8
__ptext23                    text23       003586
__ptext24                    text24       00523A
__ptext25                    text25       004F7A
__ptext26                    text26       003B2E
__ptext27                    text27       005626
__ptext28                    text28       0029F6
__ptext29                    text29       003FEA
__ptext3                     text3        001EF6
__ptext30                    text30       0057D8
__ptext31                    text31       004B22
__ptext32                    text32       005988
__ptext33                    text33       00546C
__ptext34                    text34       0054CC
__ptext35                    text35       004D6E
__ptext36                    text36       004306
__ptext37                    text37       0059B0
__ptext38                    text38       0059C4
__ptext39                    text39       0059CC
__ptext4                     text4        004404
__ptext40                    text40       005952
__ptext42                    text42       0048A8
__ptext43                    text43       000BFC
__ptext44                    text44       00235A
__ptext45                    text45       005998
__ptext46                    text46       00591C
__ptext47                    text47       002C5E
__ptext48                    text48       00532E
__ptext49                    text49       003C72
__ptext5                     text5        005836
__ptext50                    text50       003DA4
__ptext51                    text51       005406
__ptext52                    text52       0051B8
__ptext53                    text53       0059A4
__ptext54                    text54       0055D8
__ptext55                    text55       00539E
__ptext56                    text56       0059BA
__ptext57                    text57       0059D4
__ptext58                    text58       0059DC
__ptext59                    text59       00588A
__ptext6                     text6        0039E2
__ptext60                    text60       005966
__ptext61                    text61       0040F6
__ptext62                    text62       005134
__ptext63                    text63       00370E
__ptext64                    text64       00552C
__ptext65                    text65       003ECC
__ptext66                    text66       002EA4
__ptext67                    text67       0056BA
__ptext68                    text68       0058D6
__ptext69                    text69       0046E4
__ptext7                     text7        005588
__ptext70                    text70       004BEA
__ptext71                    text71       0047CA
__ptext72                    text72       0044FC
__ptext73                    text73       005014
__ptext74                    text74       0050A4
__ptext75                    text75       0052B6
__ptext76                    text76       004A50
__ptext77                    text77       0058B0
__ptext78                    text78       0045F0
__ptext79                    text79       00323C
__ptext8                     text8        0058FA
__ptext80                    text80       005734
__ptext81                    text81       004E2A
__ptext9                     text9        00497E
__ramtop                     ramtop       001000
__size_of_I2C_ColorSens_Init (abs)        000000
__size_of_I2C_Master_Init    (abs)        000000
__size_of_I2C_Master_Read    (abs)        000000
__size_of_I2C_Master_Start   (abs)        000000
__size_of_I2C_Master_Stop    (abs)        000000
__size_of_I2C_Master_Wait    (abs)        000000
__size_of_I2C_Master_Write   (abs)        000000
__size_of___altoft           (abs)        000000
__size_of___awdiv            (abs)        000000
__size_of___awmod            (abs)        000000
__size_of___awtoft           (abs)        000000
__size_of___ftadd            (abs)        000000
__size_of___ftdiv            (abs)        000000
__size_of___ftge             (abs)        000000
__size_of___ftmul            (abs)        000000
__size_of___ftneg            (abs)        000000
__size_of___ftpack           (abs)        000000
__size_of___ftsub            (abs)        000000
__size_of___fttol            (abs)        000000
__size_of___lldiv            (abs)        000000
__size_of___llmod            (abs)        000000
__size_of___lltoft           (abs)        000000
__size_of___lwtoft           (abs)        000000
__size_of___wmul             (abs)        000000
__size_of__div_to_l_         (abs)        000000
__size_of__tdiv_to_l_        (abs)        000000
__size_of_bottle_count       (abs)        000000
__size_of_bottle_time        (abs)        000000
__size_of_date_time          (abs)        000000
__size_of_dec_to_hex         (abs)        000000
__size_of_emergencystop      (abs)        000000
__size_of_eval_poly          (abs)        000000
__size_of_exp                (abs)        000000
__size_of_floor              (abs)        000000
__size_of_frexp              (abs)        000000
__size_of_fround             (abs)        000000
__size_of_initLCD            (abs)        000000
__size_of_isdigit            (abs)        000000
__size_of_isr                (abs)        000000
__size_of_lcdInst            (abs)        000000
__size_of_lcdNibble          (abs)        000000
__size_of_ldexp              (abs)        000000
__size_of_log                (abs)        000000
__size_of_main               (abs)        000000
__size_of_operation          (abs)        000000
__size_of_operationend       (abs)        000000
__size_of_pow                (abs)        000000
__size_of_printf             (abs)        000000
__size_of_putch              (abs)        000000
__size_of_read_colorsensor   (abs)        000000
__size_of_read_time          (abs)        000000
__size_of_scale              (abs)        000000
__size_of_standby            (abs)        000000
__size_ofi2_I2C_Master_Read  (abs)        000000
__size_ofi2_I2C_Master_Start (abs)        000000
__size_ofi2_I2C_Master_Stop  (abs)        000000
__size_ofi2_I2C_Master_Wait  (abs)        000000
__size_ofi2_I2C_Master_Write (abs)        000000
__size_ofi2___awdiv          (abs)        000000
__size_ofi2___awmod          (abs)        000000
__size_ofi2___ftadd          (abs)        000000
__size_ofi2___ftdiv          (abs)        000000
__size_ofi2___ftge           (abs)        000000
__size_ofi2___ftmul          (abs)        000000
__size_ofi2___ftneg          (abs)        000000
__size_ofi2___ftpack         (abs)        000000
__size_ofi2___ftsub          (abs)        000000
__size_ofi2___fttol          (abs)        000000
__size_ofi2___lldiv          (abs)        000000
__size_ofi2___llmod          (abs)        000000
__size_ofi2___lltoft         (abs)        000000
__size_ofi2___wmul           (abs)        000000
__size_ofi2__div_to_l_       (abs)        000000
__size_ofi2__tdiv_to_l_      (abs)        000000
__size_ofi2_fround           (abs)        000000
__size_ofi2_isdigit          (abs)        000000
__size_ofi2_lcdInst          (abs)        000000
__size_ofi2_lcdNibble        (abs)        000000
__size_ofi2_printf           (abs)        000000
__size_ofi2_putch            (abs)        000000
__size_ofi2_read_colorsensor (abs)        000000
__size_ofi2_scale            (abs)        000000
__smallconst                 smallconst   000000
__tdiv_to_l_                 text22       0033E8
__tdiv_to_l_@cntr            cstackBANK0  0000AB
__tdiv_to_l_@exp1            cstackBANK0  0000AC
__tdiv_to_l_@f1              cstackBANK0  00009E
__tdiv_to_l_@f2              cstackBANK0  0000A1
__tdiv_to_l_@quot            cstackBANK0  0000A7
_b                           bssBANK1     000165
_b_p                         bssBANK1     000168
_bottle_count                text12       004202
_bottle_count_array          bssBANK1     000146
_bottle_count_disp           dataBANK1    000187
_bottle_read_bot             bssBANK1     00016B
_bottle_read_top             bssBANK1     00016D
_bottle_time                 text11       00576C
_color                       bssBANK0     0000C2
_color_high                  bssBANK0     0000CA
_color_low                   bssBANK0     0000CE
_colorprev                   bssBANK1     000150
_curr_state                  bssBANK0     0000E0
_date_time                   text9        00497E
_dec_to_hex                  text61       0040F6
_dec_to_hex$1304             cstackBANK0  000080
_dec_to_hex$1522             cstackBANK0  000083
_dpowers                     mediumconst  00FDB5
_emergencystop               text8        0058FA
_end_time                    bssBANK0     0000D8
_errno                       bssBANK1     00016F
_etime                       bssBANK1     000171
_eval_poly                   text76       004A50
_exp                         text66       002EA4
_exp$1525                    cstackCOMRAM 00005E
_flag_bottle                 bssBANK1     000173
_flag_bottle_high            bssBANK1     000175
_flag_eskaC                  bssBANK1     000177
_flag_picbug                 bssBANK0     0000DA
_flag_top_read               bssBANK0     0000DC
_flag_yopNC                  bssBANK1     000179
_floor                       text71       0047CA
_frexp                       text74       0050A4
_fround                      text17       00274A
_fround$1306                 cstackBANK1  000106
_fround$1307                 cstackBANK1  000103
_hexpowers                   mediumconst  00FE2B
_i                           bssCOMRAM    00007A
_initLCD                     text7        005588
_isdigit                     text16       005860
_isdigit$853                 cstackBANK0  00009F
_isr                         intcode      000008
_isr$1521                    cstackCOMRAM 000078
_j                           bssCOMRAM    00007C
_keys                        mediumconst  00FE4B
_lcdInst                     text32       005988
_lcdNibble                   text33       00546C
_ldexp                       text70       004BEA
_log                         text65       003ECC
_main                        text0        00308C
_nRBPU                       (abs)        007F8F
_operation                   text3        001EF6
_operation_disp              bssBANK1     00017B
_operation_time              bssBANK1     00017D
_operationend                text2        00593A
_pow                         text63       00370E
_pow$1523                    cstackCOMRAM 00006A
_pow$1524                    cstackCOMRAM 00006D
_printf                      text13       000012
_printf$1309                 cstackBANK1  00012A
_putch                       text15       005978
_r                           bssBANK0     0000D2
_r_p                         bssBANK0     0000D5
_read_colorsensor            text4        004404
_read_time                   text55       00539E
_scale                       text14       0015DA
_scale$1308                  cstackBANK1  000103
_servo0_flag                 bssCOMRAM    00007E
_servo0_timer                bssBANK1     00017F
_servo1_flag                 bssBANK0     0000E1
_servo1_timer                bssBANK1     000181
_standby                     text1        0056FA
_start_time                  bssBANK0     0000DE
_stime                       bssBANK1     000183
_testflag                    bssBANK1     000185
_testint                     bssBANK1     00015F
_time                        bssBANK1     000158
_timeset                     mediumconst  00FE5C
btemp                        temp         00007F
date_time@i                  cstackBANK0  0000C1
dec_to_hex@hexnum            cstackBANK0  00008A
dec_to_hex@i                 cstackBANK0  000088
dec_to_hex@num               cstackCOMRAM 000075
dec_to_hex@quotient          cstackBANK0  00008C
dec_to_hex@temp              cstackBANK0  000086
end_of_initialization        cinit        0056AC
eval_poly@d                  cstackCOMRAM 00003D
eval_poly@n                  cstackCOMRAM 00003F
eval_poly@res                cstackCOMRAM 000043
eval_poly@x                  cstackCOMRAM 00003A
exp@coeff                    mediumconst  00FE63
exp@exponent                 cstackCOMRAM 000061
exp@sign                     cstackCOMRAM 000063
exp@x                        cstackCOMRAM 00005B
floor@expon                  cstackCOMRAM 000059
floor@i                      cstackCOMRAM 000056
floor@x                      cstackCOMRAM 000053
frexp@eptr                   cstackCOMRAM 000004
frexp@value                  cstackCOMRAM 000001
fround@prec                  cstackBANK1  000109
i2I2C_Master_Read@a          cstackCOMRAM 000002
i2I2C_Master_Read@temp       cstackCOMRAM 000003
i2I2C_Master_Write@d         cstackCOMRAM 000002
i2_I2C_Master_Read           text59       00588A
i2_I2C_Master_Start          text58       0059DC
i2_I2C_Master_Stop           text57       0059D4
i2_I2C_Master_Wait           text60       005966
i2_I2C_Master_Write          text56       0059BA
i2___awdiv                   text62       005134
i2___awdiv@counter           cstackCOMRAM 00000B
i2___awdiv@dividend          cstackCOMRAM 000007
i2___awdiv@divisor           cstackCOMRAM 000009
i2___awdiv@quotient          cstackCOMRAM 00000D
i2___awdiv@sign              cstackCOMRAM 00000C
i2___awmod                   text48       00532E
i2___awmod@counter           cstackCOMRAM 000005
i2___awmod@dividend          cstackCOMRAM 000001
i2___awmod@divisor           cstackCOMRAM 000003
i2___awmod@sign              cstackCOMRAM 000006
i2___ftadd                   text79       00323C
i2___ftadd@exp1              cstackCOMRAM 000039
i2___ftadd@exp2              cstackCOMRAM 000038
i2___ftadd@f1                cstackCOMRAM 00002E
i2___ftadd@f2                cstackCOMRAM 000031
i2___ftadd@sign              cstackCOMRAM 000037
i2___ftdiv                   text69       0046E4
i2___ftdiv@cntr              cstackCOMRAM 000012
i2___ftdiv@exp               cstackCOMRAM 000016
i2___ftdiv@f1                cstackCOMRAM 000009
i2___ftdiv@f2                cstackCOMRAM 00000C
i2___ftdiv@f3                cstackCOMRAM 000013
i2___ftdiv@sign              cstackCOMRAM 000017
i2___ftge                    text73       005014
i2___ftge@ff1                cstackCOMRAM 000001
i2___ftge@ff2                cstackCOMRAM 000004
i2___ftmul                   text78       0045F0
i2___ftmul@cntr              cstackCOMRAM 000022
i2___ftmul@exp               cstackCOMRAM 00001E
i2___ftmul@f1                cstackCOMRAM 000015
i2___ftmul@f2                cstackCOMRAM 000018
i2___ftmul@f3_as_product     cstackCOMRAM 00001F
i2___ftmul@sign              cstackCOMRAM 000023
i2___ftneg                   text68       0058D6
i2___ftneg@f1                cstackCOMRAM 000001
i2___ftpack                  text81       004E2A
i2___ftpack@arg              cstackCOMRAM 000001
i2___ftpack@exp              cstackCOMRAM 000004
i2___ftpack@sign             cstackCOMRAM 000005
i2___ftsub                   text67       0056BA
i2___ftsub@f1                cstackCOMRAM 00003A
i2___ftsub@f2                cstackCOMRAM 00003D
i2___fttol                   text72       0044FC
i2___fttol@exp1              cstackCOMRAM 000048
i2___fttol@f1                cstackCOMRAM 00003A
i2___fttol@lval              cstackCOMRAM 000044
i2___fttol@sign1             cstackCOMRAM 000043
i2___lldiv                   text52       0051B8
i2___lldiv@counter           cstackCOMRAM 00000D
i2___lldiv@dividend          cstackCOMRAM 000001
i2___lldiv@divisor           cstackCOMRAM 000005
i2___lldiv@quotient          cstackCOMRAM 000009
i2___llmod                   text51       005406
i2___llmod@counter           cstackCOMRAM 000016
i2___llmod@dividend          cstackCOMRAM 00000E
i2___llmod@divisor           cstackCOMRAM 000012
i2___lltoft                  text64       00552C
i2___lltoft@c                cstackCOMRAM 000009
i2___lltoft@exp              cstackCOMRAM 000011
i2___wmul                    text77       0058B0
i2___wmul@multiplicand       cstackCOMRAM 000011
i2___wmul@multiplier         cstackCOMRAM 00000F
i2___wmul@product            cstackCOMRAM 000013
i2__div_to_l_                text50       003DA4
i2__div_to_l_@cntr           cstackCOMRAM 00000B
i2__div_to_l_@exp1           cstackCOMRAM 00000C
i2__div_to_l_@f1             cstackCOMRAM 000001
i2__div_to_l_@f2             cstackCOMRAM 000004
i2__div_to_l_@quot           cstackCOMRAM 000007
i2__tdiv_to_l_               text49       003C72
i2__tdiv_to_l_@cntr          cstackCOMRAM 00000E
i2__tdiv_to_l_@exp1          cstackCOMRAM 00000F
i2__tdiv_to_l_@f1            cstackCOMRAM 000001
i2__tdiv_to_l_@f2            cstackCOMRAM 000004
i2__tdiv_to_l_@quot          cstackCOMRAM 00000A
i2_fround                    text47       002C5E
i2_fround$1526               cstackCOMRAM 00002A
i2_fround$1527               cstackCOMRAM 000027
i2_isdigit                   text46       00591C
i2_isdigit$853               cstackCOMRAM 000002
i2_lcdInst                   text53       0059A4
i2_lcdNibble                 text54       0055D8
i2_printf                    text43       000BFC
i2_printf$1529               cstackCOMRAM 000055
i2_putch                     text45       005998
i2_read_colorsensor          text42       0048A8
i2_scale                     text44       00235A
i2_scale$1528                cstackCOMRAM 000027
i2fround@prec                cstackCOMRAM 00002D
i2isdigit@c                  cstackCOMRAM 000003
i2lcdInst@data               cstackCOMRAM 000003
i2lcdNibble@data             cstackCOMRAM 000002
i2lcdNibble@temp             cstackCOMRAM 000001
i2printf@ap                  cstackCOMRAM 000059
i2printf@c                   cstackCOMRAM 00006E
i2printf@exp                 cstackCOMRAM 000063
i2printf@f                   cstackCOMRAM 000049
i2printf@flag                cstackCOMRAM 000069
i2printf@fval                cstackCOMRAM 00006B
i2printf@idx                 cstackCOMRAM 000058
i2printf@prec                cstackCOMRAM 00005B
i2printf@tmpval              cstackCOMRAM 00005D
i2printf@val                 cstackCOMRAM 000065
i2printf@width               cstackCOMRAM 000061
i2putch@data                 cstackCOMRAM 000003
i2scale@scl                  cstackCOMRAM 00002A
int$flags                    temp         00007F
int_func                     intcode_body 001A88
intlevel0                    text         000000
intlevel1                    text         000000
intlevel2                    text         000000
intlevel3                    text         000000
isdigit@c                    cstackBANK0  0000A0
isr@i                        cstackCOMRAM 000077
lcdInst@data                 cstackBANK0  0000A0
lcdNibble@data               cstackBANK0  00009F
lcdNibble@temp               cstackBANK0  00009E
ldexp@newexp                 cstackCOMRAM 000049
ldexp@value                  cstackCOMRAM 000046
log@coeff                    mediumconst  00FE81
log@exponent                 cstackCOMRAM 000049
log@x                        cstackCOMRAM 000046
pow@sign                     cstackCOMRAM 000070
pow@x                        cstackCOMRAM 000064
pow@y                        cstackCOMRAM 000067
pow@yi                       cstackCOMRAM 000071
printf@ap                    cstackBANK1  00012E
printf@c                     cstackBANK1  000143
printf@exp                   cstackBANK1  000138
printf@f                     cstackBANK1  00011C
printf@flag                  cstackBANK1  00013E
printf@fval                  cstackBANK1  000140
printf@idx                   cstackBANK1  00012D
printf@prec                  cstackBANK1  000130
printf@tmpval                cstackBANK1  000132
printf@val                   cstackBANK1  00013A
printf@width                 cstackBANK1  000136
putch@data                   cstackBANK0  0000A0
read_time@i                  cstackCOMRAM 000004
scale@scl                    cstackBANK1  000106
stackhi                      (abs)        000F7F
stacklo                      (abs)        000189
start                        init         00000E
start_initialization         cinit        005672


FUNCTION INFORMATION:

 *************** function _main *****************
 Defined at:
		line 16 in file "main.c"
 Parameters:    Size  Location     Type
		None
 Auto vars:     Size  Location     Type
		None
 Return value:  Size  Location     Type
                  1    wreg      void 
 Registers used:
		wreg, fsr2l, fsr2h, status,2, status,0, tblptrl, tblptrh, tblptru, prodl, prodh, cstack
 Tracked objects:
		On entry : 
		On exit  : 
		Unchanged: 
 Data sizes:     COMRAM   BANK0   BANK1   BANK2   BANK3   BANK4   BANK5   BANK6   BANK7   BANK8   BANK9  BANK10  BANK11  BANK12  BANK13  BANK14  BANK15
      Params:         0       0       0       0       0       0       0       0       0       0       0       0       0       0       0       0       0
      Locals:         0       0       0       0       0       0       0       0       0       0       0       0       0       0       0       0       0
      Temps:          0       0       2       0       0       0       0       0       0       0       0       0       0       0       0       0       0
      Totals:         0       0       2       0       0       0       0       0       0       0       0       0       0       0       0       0       0
Total ram usage:        2 bytes
 Hardware stack levels required when called:   12
 This function calls:
		_I2C_ColorSens_Init
		_I2C_Master_Init
		_bottle_count
		_bottle_time
		_date_time
		_emergencystop
		_initLCD
		_operation
		_operationend
		_standby
 This function is called by:
		Startup code after reset
 This function uses a non-reentrant model


 *************** function _standby *****************
 Defined at:
		line 256 in file "main.c"
 Parameters:    Size  Location     Type
		None
 Auto vars:     Size  Location     Type
		None
 Return value:  Size  Location     Type
                  1    wreg      void 
 Registers used:
		wreg, fsr2l, fsr2h, status,2, status,0, tblptrl, tblptrh, tblptru, prodl, prodh, cstack
 Tracked objects:
		On entry : 
		On exit  : 
		Unchanged: 
 Data sizes:     COMRAM   BANK0   BANK1   BANK2   BANK3   BANK4   BANK5   BANK6   BANK7   BANK8   BANK9  BANK10  BANK11  BANK12  BANK13  BANK14  BANK15
      Params:         0       0       0       0       0       0       0       0       0       0       0       0       0       0       0       0       0
      Locals:         0       0       0       0       0       0       0       0       0       0       0       0       0       0       0       0       0
      Temps:          0       0       0       0       0       0       0       0       0       0       0       0       0       0       0       0       0
      Totals:         0       0       0       0       0       0       0       0       0       0       0       0       0       0       0       0       0
Total ram usage:        0 bytes
 Hardware stack levels used:    1
 Hardware stack levels required when called:   11
 This function calls:
		_lcdInst
		_printf
		_read_colorsensor
 This function is called by:
		_main
 This function uses a non-reentrant model


 *************** function _operationend *****************
 Defined at:
		line 462 in file "main.c"
 Parameters:    Size  Location     Type
		None
 Auto vars:     Size  Location     Type
		None
 Return value:  Size  Location     Type
                  1    wreg      void 
 Registers used:
		wreg, fsr2l, fsr2h, status,2, status,0, tblptrl, tblptrh, tblptru, prodl, prodh, cstack
 Tracked objects:
		On entry : 
		On exit  : 
		Unchanged: 
 Data sizes:     COMRAM   BANK0   BANK1   BANK2   BANK3   BANK4   BANK5   BANK6   BANK7   BANK8   BANK9  BANK10  BANK11  BANK12  BANK13  BANK14  BANK15
      Params:         0       0       0       0       0       0       0       0       0       0       0       0       0       0       0       0       0
      Locals:         0       0       0       0       0       0       0       0       0       0       0       0       0       0       0       0       0
      Temps:          0       0       0       0       0       0       0       0       0       0       0       0       0       0       0       0       0
[...]
 Auto vars:     Size  Location     Type
  sign            1   81[COMRAM] unsigned char 
  exp             1   80[COMRAM] unsigned char 
 Return value:  Size  Location     Type
                  3   72[COMRAM] float 
 Registers used:
		wreg, status,2, status,0, cstack
 Tracked objects:
		On entry : 
		On exit  : 
		Unchanged: 
 Data sizes:     COMRAM   BANK0   BANK1   BANK2   BANK3   BANK4   BANK5   BANK6   BANK7   BANK8   BANK9  BANK10  BANK11  BANK12  BANK13  BANK14  BANK15
      Params:         4       0       0       0       0       0       0       0       0       0       0       0       0       0       0       0       0
      Locals:         2       0       0       0       0       0       0       0       0       0       0       0       0       0       0       0       0
      Temps:          4       0       0       0       0       0       0       0       0       0       0       0       0       0       0       0       0
      Totals:        10       0       0       0       0       0       0       0       0       0       0       0       0       0       0       0       0
Total ram usage:       10 bytes
 Hardware stack levels used:    1
 Hardware stack levels required when called:    1
 This function calls:
		i2___ftpack
 This function is called by:
		_floor
 This function uses a non-reentrant model


 *************** function _eval_poly *****************
 Defined at:
		line 4 in file "D:\Program Files (x86)\Microchip\xc8\v1.40\sources\common\evalpoly.c"
 Parameters:    Size  Location     Type
  x               3   57[COMRAM] float 
  d               2   60[COMRAM] PTR const 
		 -> log@coeff(27), exp@coeff(30), 
  n               2   62[COMRAM] int 
 Auto vars:     Size  Location     Type
  res             3   66[COMRAM] int 
 Return value:  Size  Location     Type
                  3   57[COMRAM] int 
 Registers used:
		wreg, status,2, status,0, tblptrl, tblptrh, tblptru, prodl, prodh, cstack
 Tracked objects:
		On entry : 
		On exit  : 
		Unchanged: 
 Data sizes:     COMRAM   BANK0   BANK1   BANK2   BANK3   BANK4   BANK5   BANK6   BANK7   BANK8   BANK9  BANK10  BANK11  BANK12  BANK13  BANK14  BANK15
      Params:         7       0       0       0       0       0       0       0       0       0       0       0       0       0       0       0       0
      Locals:         3       0       0       0       0       0       0       0       0       0       0       0       0       0       0       0       0
      Temps:          2       0       0       0       0       0       0       0       0       0       0       0       0       0       0       0       0
      Totals:        12       0       0       0       0       0       0       0       0       0       0       0       0       0       0       0       0
Total ram usage:       12 bytes
 Hardware stack levels used:    1
 Hardware stack levels required when called:    2
 This function calls:
		i2___ftadd
		i2___ftmul
		i2___wmul
 This function is called by:
		_exp
		_log
 This function uses a non-reentrant model


 *************** function i2___wmul *****************
 Defined at:
		line 15 in file "D:\Program Files (x86)\Microchip\xc8\v1.40\sources\common\Umul16.c"
 Parameters:    Size  Location     Type
  multiplier      2   14[COMRAM] unsigned int 
  multiplicand    2   16[COMRAM] unsigned int 
 Auto vars:     Size  Location     Type
  __wmul          2   18[COMRAM] unsigned int 
 Return value:  Size  Location     Type
                  2   14[COMRAM] unsigned int 
 Registers used:
		wreg, status,2, status,0, prodl, prodh
 Tracked objects:
		On entry : 
		On exit  : 
		Unchanged: 
 Data sizes:     COMRAM   BANK0   BANK1   BANK2   BANK3   BANK4   BANK5   BANK6   BANK7   BANK8   BANK9  BANK10  BANK11  BANK12  BANK13  BANK14  BANK15
      Params:         4       0       0       0       0       0       0       0       0       0       0       0       0       0       0       0       0
      Locals:         2       0       0       0       0       0       0       0       0       0       0       0       0       0       0       0       0
      Temps:          0       0       0       0       0       0       0       0       0       0       0       0       0       0       0       0       0
      Totals:         6       0       0       0       0       0       0       0       0       0       0       0       0       0       0       0       0
Total ram usage:        6 bytes
 Hardware stack levels used:    1
 This function calls:
		Nothing
 This function is called by:
		_isr
		_eval_poly
		i2_fround
		i2_scale
		i2_printf
 This function uses a non-reentrant model


 *************** function i2___ftmul *****************
 Defined at:
		line 62 in file "D:\Program Files (x86)\Microchip\xc8\v1.40\sources\common\ftmul.c"
 Parameters:    Size  Location     Type
  f1              3   20[COMRAM] float 
  f2              3   23[COMRAM] float 
 Auto vars:     Size  Location     Type
  __ftmul         3   30[COMRAM] unsigned um
  __ftmul         1   34[COMRAM] unsigned char 
  __ftmul         1   33[COMRAM] unsigned char 
  __ftmul         1   29[COMRAM] unsigned char 
 Return value:  Size  Location     Type
                  3   20[COMRAM] float 
 Registers used:
		wreg, status,2, status,0, cstack
 Tracked objects:
		On entry : 
		On exit  : 
		Unchanged: 
 Data sizes:     COMRAM   BANK0   BANK1   BANK2   BANK3   BANK4   BANK5   BANK6   BANK7   BANK8   BANK9  BANK10  BANK11  BANK12  BANK13  BANK14  BANK15
      Params:         6       0       0       0       0       0       0       0       0       0       0       0       0       0       0       0       0
      Locals:         6       0       0       0       0       0       0       0       0       0       0       0       0       0       0       0       0
      Temps:          3       0       0       0       0       0       0       0       0       0       0       0       0       0       0       0       0
      Totals:        15       0       0       0       0       0       0       0       0       0       0       0       0       0       0       0       0
Total ram usage:       15 bytes
 Hardware stack levels used:    1
 Hardware stack levels required when called:    1
 This function calls:
		i2___ftpack
 This function is called by:
		_dec_to_hex
		_pow
		_exp
		_log
		_eval_poly
		i2_fround
		i2_scale
		i2_printf
 This function uses a non-reentrant model


 *************** function i2___ftadd *****************
 Defined at:
		line 86 in file "D:\Program Files (x86)\Microchip\xc8\v1.40\sources\common\ftadd.c"
 Parameters:    Size  Location     Type
  f1              3   45[COMRAM] float 
  f2              3   48[COMRAM] float 
 Auto vars:     Size  Location     Type
  __ftadd         1   56[COMRAM] unsigned char 
  __ftadd         1   55[COMRAM] unsigned char 
  __ftadd         1   54[COMRAM] unsigned char 
 Return value:  Size  Location     Type
                  3   45[COMRAM] float 
 Registers used:
		wreg, status,2, status,0, cstack
 Tracked objects:
		On entry : 
		On exit  : 
		Unchanged: 
 Data sizes:     COMRAM   BANK0   BANK1   BANK2   BANK3   BANK4   BANK5   BANK6   BANK7   BANK8   BANK9  BANK10  BANK11  BANK12  BANK13  BANK14  BANK15
      Params:         6       0       0       0       0       0       0       0       0       0       0       0       0       0       0       0       0
      Locals:         3       0       0       0       0       0       0       0       0       0       0       0       0       0       0       0       0
      Temps:          3       0       0       0       0       0       0       0       0       0       0       0       0       0       0       0       0
      Totals:        12       0       0       0       0       0       0       0       0       0       0       0       0       0       0       0       0
Total ram usage:       12 bytes
 Hardware stack levels used:    1
 Hardware stack levels required when called:    1
 This function calls:
		i2___ftpack
 This function is called by:
		_dec_to_hex
		_floor
		_log
		_eval_poly
		i2_printf
		i2___ftsub
 This function uses a non-reentrant model


 *************** function ___awtoft *****************
 Defined at:
		line 32 in file "D:\Program Files (x86)\Microchip\xc8\v1.40\sources\common\awtoft.c"
 Parameters:    Size  Location     Type
  c               2    8[COMRAM] int 
 Auto vars:     Size  Location     Type
  sign            1   11[COMRAM] unsigned char 
 Return value:  Size  Location     Type
                  3    8[COMRAM] float 
 Registers used:
		wreg, status,2, status,0, cstack
 Tracked objects:
		On entry : 
		On exit  : 
		Unchanged: 
 Data sizes:     COMRAM   BANK0   BANK1   BANK2   BANK3   BANK4   BANK5   BANK6   BANK7   BANK8   BANK9  BANK10  BANK11  BANK12  BANK13  BANK14  BANK15
      Params:         3       0       0       0       0       0       0       0       0       0       0       0       0       0       0       0       0
      Locals:         1       0       0       0       0       0       0       0       0       0       0       0       0       0       0       0       0
      Temps:          0       0       0       0       0       0       0       0       0       0       0       0       0       0       0       0       0
      Totals:         4       0       0       0       0       0       0       0       0       0       0       0       0       0       0       0       0
Total ram usage:        4 bytes
 Hardware stack levels used:    1
 Hardware stack levels required when called:    1
 This function calls:
		i2___ftpack
 This function is called by:
		_dec_to_hex
		_exp
		_log
 This function uses a non-reentrant model


 *************** function i2___ftpack *****************
 Defined at:
		line 62 in file "D:\Program Files (x86)\Microchip\xc8\v1.40\sources\common\float.c"
 Parameters:    Size  Location     Type
  arg             3    0[COMRAM] unsigned um
  exp             1    3[COMRAM] unsigned char 
  sign            1    4[COMRAM] unsigned char 
 Auto vars:     Size  Location     Type
		None
 Return value:  Size  Location     Type
                  3    0[COMRAM] float 
 Registers used:
		wreg, status,2, status,0
 Tracked objects:
		On entry : 
		On exit  : 
		Unchanged: 
 Data sizes:     COMRAM   BANK0   BANK1   BANK2   BANK3   BANK4   BANK5   BANK6   BANK7   BANK8   BANK9  BANK10  BANK11  BANK12  BANK13  BANK14  BANK15
      Params:         5       0       0       0       0       0       0       0       0       0       0       0       0       0       0       0       0
      Locals:         0       0       0       0       0       0       0       0       0       0       0       0       0       0       0       0       0
      Temps:          3       0       0       0       0       0       0       0       0       0       0       0       0       0       0       0       0
      Totals:         8       0       0       0       0       0       0       0       0       0       0       0       0       0       0       0       0
Total ram usage:        8 bytes
 Hardware stack levels used:    1
 This function calls:
		Nothing
 This function is called by:
		___altoft
		___awtoft
		i2___ftadd
		i2___ftdiv
		i2___ftmul
		i2___lltoft
 This function uses a non-reentrant model



MODULE INFORMATION

Module		Function		Class		Link	Load	Size
D:\Program Files (x86)\Microchip\xc8\v1.40\sources\common\float.c
		___ftpack      		CODE           	3FEA	0000	269

D:\Program Files (x86)\Microchip\xc8\v1.40\sources\common\float.c estimated size: 269

D:\Program Files (x86)\Microchip\xc8\v1.40\sources\common\ftmul.c
		___ftmul       		CODE           	3884	0000	351

D:\Program Files (x86)\Microchip\xc8\v1.40\sources\common\ftmul.c estimated size: 351

D:\Program Files (x86)\Microchip\xc8\v1.40\sources\common\ftge.c
		___ftge        		CODE           	4B22	0000	201

D:\Program Files (x86)\Microchip\xc8\v1.40\sources\common\ftge.c estimated size: 201

D:\Program Files (x86)\Microchip\xc8\v1.40\sources\common\awmod.c
		___awmod       		CODE           	4ED8	0000	163

D:\Program Files (x86)\Microchip\xc8\v1.40\sources\common\awmod.c estimated size: 163

D:\Program Files (x86)\Microchip\xc8\v1.40\sources\common\ftdiv.c
		___ftdiv       		CODE           	39E2	0000	333

D:\Program Files (x86)\Microchip\xc8\v1.40\sources\common\ftdiv.c estimated size: 333

D:\Program Files (x86)\Microchip\xc8\v1.40\sources\common\ftdivl.c
		__tdiv_to_l_   		CODE           	33E8	0000	415

D:\Program Files (x86)\Microchip\xc8\v1.40\sources\common\ftdivl.c estimated size: 415

D:\Program Files (x86)\Microchip\xc8\v1.40\sources\common\llmod.c
		___llmod       		CODE           	4F7A	0000	155

D:\Program Files (x86)\Microchip\xc8\v1.40\sources\common\llmod.c estimated size: 155

D:\Program Files (x86)\Microchip\xc8\v1.40\sources\common\Umul16.c
		___wmul        		CODE           	57A2	0000	55

D:\Program Files (x86)\Microchip\xc8\v1.40\sources\common\Umul16.c estimated size: 55

D:\Program Files (x86)\Microchip\xc8\v1.40\sources\common\frexp.c
		_ldexp         		CODE           	4BEA	0000	199
		_frexp         		CODE           	50A4	0000	145

D:\Program Files (x86)\Microchip\xc8\v1.40\sources\common\frexp.c estimated size: 344

D:\Program Files (x86)\Microchip\xc8\v1.40\sources\common\floor.c
		_floor         		CODE           	47CA	0000	223

D:\Program Files (x86)\Microchip\xc8\v1.40\sources\common\floor.c estimated size: 223

I2C.c
		_I2C_Master_Read		CODE           	5808	0000	47
		_I2C_Master_Wait		CODE           	5952	0000	21
		_I2C_Master_Init		CODE           	54CC	0000	97
		_I2C_Master_Stop		CODE           	59C4	0000	9
		_I2C_ColorSens_Init		CODE           	4306	0000	255
		_I2C_Master_Write		CODE           	59B0	0000	11
		_I2C_Master_Start		CODE           	59CC	0000	9

I2C.c estimated size: 449

D:\Program Files (x86)\Microchip\xc8\v1.40\sources\common\fttol.c
		___fttol       		CODE           	3B2E	0000	325

D:\Program Files (x86)\Microchip\xc8\v1.40\sources\common\fttol.c estimated size: 325

D:\Program Files (x86)\Microchip\xc8\v1.40\sources\common\awdiv.c
		___awdiv       		CODE           	4CB0	0000	191

D:\Program Files (x86)\Microchip\xc8\v1.40\sources\common\awdiv.c estimated size: 191

D:\Program Files (x86)\Microchip\xc8\v1.40\sources\common\exp.c
		_exp           		CODE           	2EA4	0000	489

D:\Program Files (x86)\Microchip\xc8\v1.40\sources\common\exp.c estimated size: 489

D:\Program Files (x86)\Microchip\xc8\v1.40\sources\common\ftadd.c
		___ftadd       		CODE           	29F6	0000	617

D:\Program Files (x86)\Microchip\xc8\v1.40\sources\common\ftadd.c estimated size: 617

D:\Program Files (x86)\Microchip\xc8\v1.40\sources\common\lldiv.c
		___lldiv       		CODE           	4D6E	0000	189

D:\Program Files (x86)\Microchip\xc8\v1.40\sources\common\lldiv.c estimated size: 189

D:\Program Files (x86)\Microchip\xc8\v1.40\sources\common\fldivl.c
		__div_to_l_    		CODE           	3586	0000	393

D:\Program Files (x86)\Microchip\xc8\v1.40\sources\common\fldivl.c estimated size: 393

shared
		i2_printf      		CODE           	0BFC	0000	2527
		exp@coeff      		MEDIUMCONST    	FE63	0000	31
		i2___ftneg     		CODE           	58D6	0000	37
		i2_I2C_Master_Start		CODE           	59DC	0000	9
		i2_putch       		CODE           	5998	0000	13
		i2___ftadd     		CODE           	323C	0000	429
		i2_lcdNibble   		CODE           	55D8	0000	79
		i2___ftdiv     		CODE           	46E4	0000	231
		__powers_      		MEDIUMCONST    	FE04	0000	40
		i2___fttol     		CODE           	44FC	0000	245
		_dpowers       		MEDIUMCONST    	FDB5	0000	41
		i2___ftge      		CODE           	5014	0000	145
		_timeset       		MEDIUMCONST    	FE5C	0000	8
		i2_isdigit     		CODE           	591C	0000	31
		i2___awdiv     		CODE           	5134	0000	133
		i2__tdiv_to_l_ 		CODE           	3C72	0000	307
		i2___ftmul     		CODE           	45F0	0000	245
		i2___wmul      		CODE           	58B0	0000	39
		i2_I2C_Master_Read		CODE           	588A	0000	39
		i2__div_to_l_  		CODE           	3DA4	0000	297
		__npowers_     		MEDIUMCONST    	FDDD	0000	40
		i2___ftpack    		CODE           	4E2A	0000	175
		i2_scale       		CODE           	235A	0000	1009
		_keys          		MEDIUMCONST    	FE4B	0000	18
		i2___lldiv     		CODE           	51B8	0000	131
		__initialization		CODE           	5672	0000	59
		i2___lltoft    		CODE           	552C	0000	93
		i2___ftsub     		CODE           	56BA	0000	65
		i2___awmod     		CODE           	532E	0000	113
		i2_read_colorsensor		CODE           	48A8	0000	215
		i2_I2C_Master_Wait		CODE           	5966	0000	19
		_hexpowers     		MEDIUMCONST    	FE2B	0000	33
		i2_I2C_Master_Stop		CODE           	59D4	0000	9
		i2___llmod     		CODE           	5406	0000	103
		log@coeff      		MEDIUMCONST    	FE81	0000	28
		i2_lcdInst     		CODE           	59A4	0000	13
		i2_I2C_Master_Write		CODE           	59BA	0000	11
		i2_fround      		CODE           	2C5E	0000	583

shared estimated size: 7643

D:\Program Files (x86)\Microchip\xc8\v1.40\sources\common\awtoft.c
		___awtoft      		CODE           	5734	0000	57

D:\Program Files (x86)\Microchip\xc8\v1.40\sources\common\awtoft.c estimated size: 57

D:\Program Files (x86)\Microchip\xc8\v1.40\sources\common\ftneg.c
		___ftneg       		CODE           	57D8	0000	49

D:\Program Files (x86)\Microchip\xc8\v1.40\sources\common\ftneg.c estimated size: 49

D:\Program Files (x86)\Microchip\xc8\v1.40\sources\common\altoft.c
		___altoft      		CODE           	52B6	0000	121

D:\Program Files (x86)\Microchip\xc8\v1.40\sources\common\altoft.c estimated size: 121

D:\Program Files (x86)\Microchip\xc8\v1.40\sources\common\log.c
		_log           		CODE           	3ECC	0000	287

D:\Program Files (x86)\Microchip\xc8\v1.40\sources\common\log.c estimated size: 287

D:\Program Files (x86)\Microchip\xc8\v1.40\sources\common\ftsub.c
		___ftsub       		CODE           	5626	0000	77

D:\Program Files (x86)\Microchip\xc8\v1.40\sources\common\ftsub.c estimated size: 77

lcd.c
		_putch         		CODE           	5978	0000	17
		_lcdInst       		CODE           	5988	0000	17
		_lcdNibble     		CODE           	546C	0000	97
		_initLCD       		CODE           	5588	0000	81

lcd.c estimated size: 212

D:\Program Files (x86)\Microchip\xc8\v1.40\sources\common\evalpoly.c
		_eval_poly     		CODE           	4A50	0000	211

D:\Program Files (x86)\Microchip\xc8\v1.40\sources\common\evalpoly.c estimated size: 211

D:\Program Files (x86)\Microchip\xc8\v1.40\sources\common\isdigit.c
		_isdigit       		CODE           	5860	0000	43

D:\Program Files (x86)\Microchip\xc8\v1.40\sources\common\isdigit.c estimated size: 43

D:\Program Files (x86)\Microchip\xc8\v1.40\sources\common\doprnt.c
		_scale         		CODE           	15DA	0000	1199
		_printf        		CODE           	0012	0000	3051
		_fround        		CODE           	274A	0000	685

D:\Program Files (x86)\Microchip\xc8\v1.40\sources\common\doprnt.c estimated size: 4935

D:\Program Files (x86)\Microchip\xc8\v1.40\sources\common\lwtoft.c
		___lwtoft      		CODE           	5836	0000	43

D:\Program Files (x86)\Microchip\xc8\v1.40\sources\common\lwtoft.c estimated size: 43

D:\Program Files (x86)\Microchip\xc8\v1.40\sources\common\pow.c
		_pow           		CODE           	370E	0000	375

D:\Program Files (x86)\Microchip\xc8\v1.40\sources\common\pow.c estimated size: 375

D:\Program Files (x86)\Microchip\xc8\v1.40\sources\common\lltoft.c
		___lltoft      		CODE           	523A	0000	125

D:\Program Files (x86)\Microchip\xc8\v1.40\sources\common\lltoft.c estimated size: 125

main.c
		_bottle_time   		CODE           	576C	0000	55
		_read_colorsensor		CODE           	4404	0000	249
		_bottle_count  		CODE           	4202	0000	261
		_dec_to_hex    		CODE           	40F6	0000	269
		_main          		CODE           	308C	0000	433
		_date_time     		CODE           	497E	0000	211
		_isr           		CODE           	0008	0000	1141
		_standby       		CODE           	56FA	0000	59
		_operation     		CODE           	1EF6	0000	1125
		_operationend  		CODE           	593A	0000	25
		_read_time     		CODE           	539E	0000	105
		_emergencystop 		CODE           	58FA	0000	35

main.c estimated size: 3968

