Microchip MPLAB XC8 Compiler V1.40 ()

Linker command line:

-W-3 --edf=C:\Program Files (x86)\Microchip\xc8\v1.40\dat\en_msgs.txt -cs \
  -h+dist/default/production\AER201_PIC.X.production.sym \
  --cmf=dist/default/production\AER201_PIC.X.production.cmf -z -Q18F4620 \
  -oC:\Users\shich\AppData\Local\Temp\s1t4.2 \
  -Mdist/default/production/AER201_PIC.X.production.map -E1 -ver=XC8 \
  -ASTACK=0116h-0f7fh -pstack=STACK -ACODE=00h-0FFFFh -ACONST=00h-0FFFFh \
  -ASMALLCONST=01000h-010FFhx240 -AMEDIUMCONST=01000h-0FFFFh \
  -ACOMRAM=01h-07Fh -AABS1=00h-0F7Fh -ABIGRAM=01h-0F7Fh \
  -ARAM=080h-0FFh,0100h-01FFhx14,0F00h-0F7Fh -ABANK0=080h-0FFh \
  -ABANK1=0100h-01FFh -ABANK2=0200h-02FFh -ABANK3=0300h-03FFh \
  -ABANK4=0400h-04FFh -ABANK5=0500h-05FFh -ABANK6=0600h-06FFh \
  -ABANK7=0700h-07FFh -ABANK8=0800h-08FFh -ABANK9=0900h-09FFh \
  -ABANK10=0A00h-0AFFh -ABANK11=0B00h-0BFFh -ABANK12=0C00h-0CFFh \
  -ABANK13=0D00h-0DFFh -ABANK14=0E00h-0EFFh -ABANK15=0F00h-0F7Fh \
  -ASFR=0F80h-0FFFh -preset_vec=00h,intcode=08h,intcodelo,powerup,init \
  -pramtop=01000h -psmallconst=SMALLCONST -pmediumconst=MEDIUMCONST \
  -pconst=CONST -AFARRAM=00h-00h -ACONFIG=0300000h-030000Dh -pconfig=CONFIG \
  -AIDLOC=0200000h-0200007h -pidloc=IDLOC -AEEDATA=0F00000h-0F003FFh \
  -peeprom_data=EEDATA \
  -prdata=COMRAM,nvrram=COMRAM,nvbit=COMRAM,rbss=COMRAM,rbit=COMRAM \
  -pfarbss=FARRAM,fardata=FARRAM,nvFARRAM=FARRAM \
  -pintsave_regs=BIGRAM,bigbss=BIGRAM,bigdata=BIGRAM -pbss=RAM \
  -pidata=CODE,irdata=CODE,ibigdata=CODE,ifardata=CODE -prparam=COMRAM \
  C:\Users\shich\AppData\Local\Temp\s1t4.obj \
  dist/default/production\AER201_PIC.X.production.obj 

Object code version is 3.11

Machine type is 18F4620

Call graph: (short form)




                Name                               Link     Load   Length Selector   Space Scale
C:\Users\shich\AppData\Local\Temp\s1t4.obj
                init                                  E        E        4        4       0
                reset_vec                             0        0        4        0       0
                idloc                            200000   200000        8   200000       0
                config                           300000   300000        E   300000       0
dist/default/production\AER201_PIC.X.production.obj
                intcode                               8        8        6        4       0
                temp                                 7E       7E        1        1       1
                mediumconst                        FD90     FD90      270     7EC8       0
                text64                             24A0     24A0       84        4       0
                text63                             21A0     21A0       AE        4       0
                text62                             279E     279E       5C        4       0
                text61                             29B6     29B6       38        4       0
                text60                             1A5E     1A5E       E6        4       0
                text59                             2AFE     2AFE       24        4       0
                text58                              CE4      CE4      1AC        4       0
                text57                             2976     2976       40        4       0
                text56                             187C     187C       F4        4       0
                text55                             2AD8     2AD8       26        4       0
                text54                             1DD0     1DD0       D2        4       0
                text53                             259C     259C       78        4       0
                text52                             2410     2410       90        4       0
                text51                             1788     1788       F4        4       0
                text50                             2380     2380       90        4       0
                text49                             1B44     1B44       DE        4       0
                text48                             1EA2     1EA2       C6        4       0
                text47                              AFC      AFC      1E8        4       0
                text46                             156E     156E      11E        4       0
                text45                             1024     1024      176        4       0
                text44                             168C     168C       FC        4       0
                text43                             2B8E     2B8E       12        4       0
                text42                             2AB2     2AB2       26        4       0
                text41                             2C04     2C04        8        4       0
                text40                             2BFC     2BFC        8        4       0
                text39                             2BE2     2BE2        A        4       0
                text38                             2614     2614       68        4       0
                text37                             22F0     22F0       90        4       0
                text36                             1304     1304      13E        4       0
                text35                             289C     289C       4E        4       0
                text34                             2BCC     2BCC        C        4       0
                text33                             27FA     27FA       52        4       0
                text32                             2934     2934       42        4       0
                text31                             2B44     2B44       1E        4       0
                text30                             2BC0     2BC0        C        4       0
                text29                              7D0      7D0      32C        4       0
                text28                             1970     1970       EE        4       0
                intcode_body                         12       12      3E8        4       0
                text26                             2B7A     2B7A       14        4       0
                text25                             2BF4     2BF4        8        4       0
                text24                             2BEC     2BEC        8        4       0
                text23                             2BD8     2BD8        A        4       0
                text22                             119A     119A      16A        4       0
                text21                             20E4     20E4       BC        4       0
                text20                             273E     273E       60        4       0
                text19                             224E     224E       A2        4       0
                text18                             26DE     26DE       60        4       0
                text17                             2BB0     2BB0       10        4       0
                text16                             2524     2524       78        4       0
                text15                             267C     267C       62        4       0
                text14                             2A24     2A24       36        4       0
                text13                             2A88     2A88       2A        4       0
                text12                             2BA0     2BA0       10        4       0
                text11                              3FA      3FA      3D6        4       0
                text10                              E90      E90      194        4       0
                text9                              29EE     29EE       36        4       0
                text8                              2A5A     2A5A       2E        4       0
                text7                              1CFE     1CFE       D2        4       0
                text6                              2B22     2B22       22        4       0
                text5                              284C     284C       50        4       0
                text4                              1442     1442      12C        4       0
                text3                              1F68     1F68       C0        4       0
                text2                              2B62     2B62       18        4       0
                text1                              2028     2028       BC        4       0
                text0                              1C22     1C22       DC        4       0
                cstackCOMRAM                          1        1       75        1       1
                cstackBANK0                          80       80       37       80       1
                bssBANK1                            100      100       16      100       1
                dataBANK0                            ED       ED        2       80       1
                bssBANK0                             B7       B7       36       80       1
                bssCOMRAM                            76       76        8        1       1
                cinit                              28EA     28EA       4A        4       0
                idataBANK0                         2C0C     2C0C        2        4       0

TOTAL           Name                               Link     Load   Length     Space
        CLASS   STACK          

        CLASS   CODE           
                intcode                               8        8        6         0
                init                                  E        E        4         0
                reset_vec                             0        0        4         0
                text64                             24A0     24A0       84         0
                text63                             21A0     21A0       AE         0
                text62                             279E     279E       5C         0
                text61                             29B6     29B6       38         0
                text60                             1A5E     1A5E       E6         0
                text59                             2AFE     2AFE       24         0
                text58                              CE4      CE4      1AC         0
                text57                             2976     2976       40         0
                text56                             187C     187C       F4         0
                text55                             2AD8     2AD8       26         0
                text54                             1DD0     1DD0       D2         0
                text53                             259C     259C       78         0
                text52                             2410     2410       90         0
                text51                             1788     1788       F4         0
                text50                             2380     2380       90         0
                text49                             1B44     1B44       DE         0
                text48                             1EA2     1EA2       C6         0
                text47                              AFC      AFC      1E8         0
                text46                             156E     156E      11E         0
                text45                             1024     1024      176         0
                text44                             168C     168C       FC         0
                text43                             2B8E     2B8E       12         0
                text42                             2AB2     2AB2       26         0
                text41                             2C04     2C04        8         0
                text40                             2BFC     2BFC        8         0
                text39                             2BE2     2BE2        A         0
                text38                             2614     2614       68         0
                text37                             22F0     22F0       90         0
                text36                             1304     1304      13E         0
                text35                             289C     289C       4E         0
                text34                             2BCC     2BCC        C         0
                text33                             27FA     27FA       52         0
                text32                             2934     2934       42         0
                text31                             2B44     2B44       1E         0
                text30                             2BC0     2BC0        C         0
                text29                              7D0      7D0      32C         0
                text28                             1970     1970       EE         0
                intcode_body                         12       12      3E8         0
                text26                             2B7A     2B7A       14         0
                text25                             2BF4     2BF4        8         0
                text24                             2BEC     2BEC        8         0
                text23                             2BD8     2BD8        A         0
                text22                             119A     119A      16A         0
                text21                             20E4     20E4       BC         0
                text20                             273E     273E       60         0
                text19                             224E     224E       A2         0
                text18                             26DE     26DE       60         0
                text17                             2BB0     2BB0       10         0
                text16                             2524     2524       78         0
                text15                             267C     267C       62         0
                text14                             2A24     2A24       36         0
                text13                             2A88     2A88       2A         0
                text12                             2BA0     2BA0       10         0
                text11                              3FA      3FA      3D6         0
                text10                              E90      E90      194         0
                text9                              29EE     29EE       36         0
                text8                              2A5A     2A5A       2E         0
                text7                              1CFE     1CFE       D2         0
                text6                              2B22     2B22       22         0
                text5                              284C     284C       50         0
                text4                              1442     1442      12C         0
                text3                              1F68     1F68       C0         0
                text2                              2B62     2B62       18         0
                text1                              2028     2028       BC         0
                text0                              1C22     1C22       DC         0
                cinit                              28EA     28EA       4A         0
                idataBANK0                         2C0C     2C0C        2         0

        CLASS   CONST          

        CLASS   SMALLCONST     

        CLASS   MEDIUMCONST    
                mediumconst                        FD90     FD90      270         0

        CLASS   COMRAM         
                temp                                 7E       7E        1         1
                cstackCOMRAM                          1        1       75         1
                bssCOMRAM                            76       76        8         1

        CLASS   ABS1           

        CLASS   BIGRAM         

        CLASS   RAM            

        CLASS   BANK0          
                cstackBANK0                          80       80       37         1
                dataBANK0                            ED       ED        2         1
                bssBANK0                             B7       B7       36         1

        CLASS   BANK1          
                bssBANK1                            100      100       16         1

        CLASS   BANK2          

        CLASS   BANK3          

        CLASS   BANK4          

        CLASS   BANK5          

        CLASS   BANK6          

        CLASS   BANK7          

        CLASS   BANK8          

        CLASS   BANK9          

        CLASS   BANK10         

        CLASS   BANK11         

        CLASS   BANK12         

        CLASS   BANK13         

        CLASS   BANK14         

        CLASS   BANK15         

        CLASS   SFR            

        CLASS   FARRAM         

        CLASS   CONFIG         
                config                           300000   300000        E         0

        CLASS   IDLOC          
                idloc                            200000   200000        8         0

        CLASS   EEDATA         



SEGMENTS        Name                           Load    Length   Top    Selector   Space  Class

                reset_vec                      000000  000004  000004         0       0  CODE    
                cstackCOMRAM                   000001  00007E  00007F         1       1  COMRAM  
                intcode                        000008  002C06  002C0E         4       0  CODE    
                cstackBANK0                    000080  00006F  0000EF        80       1  BANK0   
                bssBANK1                       000100  000016  000116       100       1  BANK1   
                mediumconst                    00FD90  000270  010000      7EC8       0  MEDIUMCO
                idloc                          200000  000008  200008    200000       0  IDLOC   
                config                         300000  00000E  30000E    300000       0  CONFIG  


UNUSED ADDRESS RANGES

        Name                Unused          Largest block    Delta
        BANK0            0000EF-0000FF               11
        BANK1            000116-0001FF               EA
        BANK10           000A00-000AFF              100
        BANK11           000B00-000BFF              100
        BANK12           000C00-000CFF              100
        BANK13           000D00-000DFF              100
        BANK14           000E00-000EFF              100
        BANK15           000F00-000F7F               80
        BANK2            000200-0002FF              100
        BANK3            000300-0003FF              100
        BANK4            000400-0004FF              100
        BANK5            000500-0005FF              100
        BANK6            000600-0006FF              100
        BANK7            000700-0007FF              100
        BANK8            000800-0008FF              100
        BANK9            000900-0009FF              100
        BIGRAM           00007F-00007F                1
                         0000EF-0000FF               11
                         000116-000F7F              E6A
        CODE             000004-000007                4
                         002C0E-00FD8F             D182
        COMRAM           00007F-00007F                1
        CONST            000004-000007                4
                         002C0E-00FD8F             D182
        EEDATA           F00000-F003FF              400
        MEDIUMCONST      002C0E-00FD8F             D182
        RAM              0000EF-0000FF               11
                         000116-000F7F              100
        SFR              000F80-000FFF               80
        SMALLCONST       002C0E-00FD8F              100
        STACK            000116-000F7F              E6A

                                  Symbol Table

?___altoft                     cstackCOMRAM 000037
?___awdiv                      cstackCOMRAM 000001
?___awmod                      cstackBANK0  000090
?___awtoft                     cstackCOMRAM 000009
?___ftadd                      cstackCOMRAM 00001C
?___ftdiv                      cstackCOMRAM 000009
?___ftmul                      cstackCOMRAM 00000D
?___ftneg                      cstackCOMRAM 000001
?___ftpack                     cstackCOMRAM 000001
?___ftsub                      cstackCOMRAM 000028
?___fttol                      cstackCOMRAM 000028
?___lldiv                      cstackBANK0  000090
?___lltoft                     cstackCOMRAM 000009
?___lwdiv                      cstackBANK0  000090
?___lwmod                      cstackBANK0  000097
?___wmul                       cstackBANK0  000090
?_dec_to_hex                   cstackCOMRAM 000063
?_eval_poly                    cstackCOMRAM 000028
?_exp                          cstackCOMRAM 000049
?_floor                        cstackCOMRAM 000041
?_frexp                        cstackCOMRAM 000001
?_ldexp                        cstackCOMRAM 000034
?_log                          cstackCOMRAM 000034
?_pow                          cstackCOMRAM 000052
?_printf                       cstackBANK0  00009C
?i2___lwdiv                    cstackCOMRAM 000001
?i2___lwmod                    cstackCOMRAM 000008
?i2___wmul                     cstackCOMRAM 000001
?i2_printf                     cstackCOMRAM 00000D
I2C_Master_Init@c              cstackBANK0  00009D
I2C_Master_Read@a              cstackBANK0  000091
I2C_Master_Read@temp           cstackBANK0  000092
I2C_Master_Write@d             cstackBANK0  000091
_ACKDT                         (abs)        007E2D
_ACKEN                         (abs)        007E2C
_ADCON0                        (abs)        000FC2
_ADCON1                        (abs)        000FC1
_GIE                           (abs)        007F97
_I2C_ColorSens_Init            text22       00119A
_I2C_Master_Init               text20       00273E
_I2C_Master_Read               text8        002A5A
_I2C_Master_Start              text25       002BF4
_I2C_Master_Stop               text24       002BEC
_I2C_Master_Wait               text26       002B7A
_I2C_Master_Write              text23       002BD8
_INT0IE                        (abs)        007F94
_INT1IE                        (abs)        007F83
_INT1IF                        (abs)        007F80
_INT2IE                        (abs)        007F84
_INTCONbits                    (abs)        000FF2
_LATA                          (abs)        000F89
_LATAbits                      (abs)        000F89
_LATB                          (abs)        000F8A
_LATC                          (abs)        000F8B
_LATCbits                      (abs)        000F8B
_LATD                          (abs)        000F8C
_LATDbits                      (abs)        000F8C
_LATE                          (abs)        000F8D
_PEN                           (abs)        007E2A
_PORTAbits                     (abs)        000F80
_PORTB                         (abs)        000F81
_PSA                           (abs)        007EAB
_RCEN                          (abs)        007E2B
_RSEN                          (abs)        007E29
_SEN                           (abs)        007E28
_SSPADD                        (abs)        000FC8
_SSPBUF                        (abs)        000FC9
_SSPCON1                       (abs)        000FC6
_SSPCON2                       (abs)        000FC5
_SSPSTAT                       (abs)        000FC7
_T08BIT                        (abs)        007EAE
_T0CS                          (abs)        007EAD
_T0PS0                         (abs)        007EA8
_T0PS1                         (abs)        007EA9
_T0PS2                         (abs)        007EAA
_TMR0                          (abs)        000FD6
_TMR0IE                        (abs)        007F95
_TMR0IF                        (abs)        007F92
_TMR0ON                        (abs)        007EAF
_TRISA                         (abs)        000F92
_TRISB                         (abs)        000F93
_TRISC                         (abs)        000F94
_TRISC3                        (abs)        007CA3
_TRISC4                        (abs)        007CA4
_TRISD                         (abs)        000F95
_TRISE                         (abs)        000F96
__CFG_BOREN$SBORDIS            (abs)        000000
__CFG_BORV$3                   (abs)        000000
__CFG_CCP2MX$PORTC             (abs)        000000
__CFG_CP0$OFF                  (abs)        000000
__CFG_CP1$OFF                  (abs)        000000
__CFG_CP2$OFF                  (abs)        000000
__CFG_CP3$OFF                  (abs)        000000
__CFG_CPB$OFF                  (abs)        000000
__CFG_CPD$OFF                  (abs)        000000
__CFG_EBTR0$OFF                (abs)        000000
__CFG_EBTR1$OFF                (abs)        000000
__CFG_EBTR2$OFF                (abs)        000000
__CFG_EBTR3$OFF                (abs)        000000
__CFG_EBTRB$OFF                (abs)        000000
__CFG_FCMEN$OFF                (abs)        000000
__CFG_IESO$OFF                 (abs)        000000
__CFG_LPT1OSC$OFF              (abs)        000000
__CFG_LVP$OFF                  (abs)        000000
__CFG_MCLRE$ON                 (abs)        000000
__CFG_OSC$HS                   (abs)        000000
__CFG_PBADEN$ON                (abs)        000000
__CFG_PWRT$OFF                 (abs)        000000
__CFG_STVREN$ON                (abs)        000000
__CFG_WDT$OFF                  (abs)        000000
__CFG_WDTPS$32768              (abs)        000000
__CFG_WRT0$OFF                 (abs)        000000
__CFG_WRT1$OFF                 (abs)        000000
__CFG_WRT2$OFF                 (abs)        000000
__CFG_WRT3$OFF                 (abs)        000000
__CFG_WRTB$OFF                 (abs)        000000
__CFG_WRTC$OFF                 (abs)        000000
__CFG_WRTD$OFF                 (abs)        000000
__CFG_XINST$OFF                (abs)        000000
__HRAM                         (abs)        000000
__Habs1                        abs1         000000
__Hbank0                       bank0        000000
__Hbank1                       bank1        000000
__Hbank10                      bank10       000000
__Hbank11                      bank11       000000
__Hbank12                      bank12       000000
__Hbank13                      bank13       000000
__Hbank14                      bank14       000000
__Hbank15                      bank15       000000
__Hbank2                       bank2        000000
__Hbank3                       bank3        000000
__Hbank4                       bank4        000000
__Hbank5                       bank5        000000
__Hbank6                       bank6        000000
__Hbank7                       bank7        000000
__Hbank8                       bank8        000000
__Hbank9                       bank9        000000
__Hbigbss                      bigbss       000000
__Hbigdata                     bigdata      000000
__Hbigram                      bigram       000000
__Hbss                         bss          000000
__HbssBANK0                    bssBANK0     000000
__HbssBANK1                    bssBANK1     000000
__HbssCOMRAM                   bssCOMRAM    000000
__Hcinit                       cinit        000000
__Hclrtext                     clrtext      000000
__Hcomram                      comram       000000
__Hconfig                      config       30000E
__Hconst                       const        000000
__HcstackBANK0                 cstackBANK0  000000
__HcstackCOMRAM                cstackCOMRAM 000000
__Hdata                        data         000000
__HdataBANK0                   dataBANK0    000000
__Heeprom_data                 eeprom_data  000000
__Hfarbss                      farbss       000000
__Hfardata                     fardata      000000
__Hibigdata                    ibigdata     000000
__Hidata                       idata        000000
__HidataBANK0                  idataBANK0   000000
__Hidloc                       idloc        200008
__Hifardata                    ifardata     000000
__Hinit                        init         000012
__Hintcode                     intcode      00000E
__Hintcode_body                intcode_body 000000
__Hintcodelo                   intcodelo    00000E
__Hintentry                    intentry     000000
__Hintret                      intret       000000
__Hintsave_regs                intsave_regs 000000
__Hirdata                      irdata       000000
__Hmediumconst                 mediumconst  010000
__HnvFARRAM                    nvFARRAM     000000
__Hnvbit                       nvbit        000000
__Hnvrram                      nvrram       000000
__Hparam                       rparam       000000
__Hpowerup                     powerup      00000E
__Hram                         ram          000000
__Hramtop                      ramtop       001000
__Hrbit                        rbit         000000
__Hrbss                        rbss         000000
__Hrdata                       rdata        000000
__Hreset_vec                   reset_vec    000004
__Hrparam                      rparam       000000
__Hsfr                         sfr          000000
__Hsmallconst                  smallconst   000000
__Hspace_0                     (abs)        30000E
__Hspace_1                     (abs)        000116
__Hspace_2                     (abs)        000000
__Hstack                       stack        000000
__Hstruct                      struct       000000
__Htemp                        temp         00007F
__Htext                        text         000000
__Htext0                       text0        000000
__Htext1                       text1        000000
__Htext10                      text10       000000
__Htext11                      text11       000000
__Htext12                      text12       000000
__Htext13                      text13       000000
__Htext14                      text14       000000
__Htext15                      text15       000000
__Htext16                      text16       000000
__Htext17                      text17       000000
__Htext18                      text18       000000
__Htext19                      text19       000000
__Htext2                       text2        000000
__Htext20                      text20       000000
__Htext21                      text21       000000
__Htext22                      text22       000000
__Htext23                      text23       000000
__Htext24                      text24       000000
__Htext25                      text25       000000
__Htext26                      text26       000000
__Htext28                      text28       000000
__Htext29                      text29       000000
__Htext3                       text3        000000
__Htext30                      text30       000000
__Htext31                      text31       000000
__Htext32                      text32       000000
__Htext33                      text33       000000
__Htext34                      text34       000000
__Htext35                      text35       000000
__Htext36                      text36       000000
__Htext37                      text37       000000
__Htext38                      text38       000000
__Htext39                      text39       000000
__Htext4                       text4        000000
__Htext40                      text40       000000
__Htext41                      text41       000000
__Htext42                      text42       000000
__Htext43                      text43       000000
__Htext44                      text44       000000
__Htext45                      text45       000000
__Htext46                      text46       000000
__Htext47                      text47       000000
__Htext48                      text48       000000
__Htext49                      text49       000000
__Htext5                       text5        000000
__Htext50                      text50       000000
__Htext51                      text51       000000
__Htext52                      text52       000000
__Htext53                      text53       000000
__Htext54                      text54       000000
__Htext55                      text55       000000
__Htext56                      text56       000000
__Htext57                      text57       000000
__Htext58                      text58       000000
__Htext59                      text59       000000
__Htext6                       text6        000000
__Htext60                      text60       000000
__Htext61                      text61       000000
__Htext62                      text62       000000
__Htext63                      text63       000000
__Htext64                      text64       000000
__Htext7                       text7        000000
__Htext8                       text8        000000
__Htext9                       text9        000000
__LRAM                         (abs)        000001
__Labs1                        abs1         000000
__Lbank0                       bank0        000000
__Lbank1                       bank1        000000
__Lbank10                      bank10       000000
__Lbank11                      bank11       000000
__Lbank12                      bank12       000000
__Lbank13                      bank13       000000
__Lbank14                      bank14       000000
__Lbank15                      bank15       000000
__Lbank2                       bank2        000000
__Lbank3                       bank3        000000
__Lbank4                       bank4        000000
__Lbank5                       bank5        000000
__Lbank6                       bank6        000000
__Lbank7                       bank7        000000
__Lbank8                       bank8        000000
__Lbank9                       bank9        000000
__Lbigbss                      bigbss       000000
__Lbigdata                     bigdata      000000
__Lbigram                      bigram       000000
__Lbss                         bss          000000
__LbssBANK0                    bssBANK0     000000
__LbssBANK1                    bssBANK1     000000
__LbssCOMRAM                   bssCOMRAM    000000
__Lcinit                       cinit        000000
__Lclrtext                     clrtext      000000
__Lcomram                      comram       000000
__Lconfig                      config       300000
__Lconst                       const        000000
__LcstackBANK0                 cstackBANK0  000000
__LcstackCOMRAM                cstackCOMRAM 000000
__Ldata                        data         000000
__LdataBANK0                   dataBANK0    000000
__Leeprom_data                 eeprom_data  000000
__Lfarbss                      farbss       000000
__Lfardata                     fardata      000000
__Libigdata                    ibigdata     000000
__Lidata                       idata        000000
__LidataBANK0                  idataBANK0   000000
__Lidloc                       idloc        200000
__Lifardata                    ifardata     000000
__Linit                        init         00000E
__Lintcode                     intcode      000008
__Lintcode_body                intcode_body 000000
__Lintcodelo                   intcodelo    00000E
__Lintentry                    intentry     000000
__Lintret                      intret       000000
__Lintsave_regs                intsave_regs 000000
__Lirdata                      irdata       000000
__Lmediumconst                 mediumconst  00FD90
__LnvFARRAM                    nvFARRAM     000000
__Lnvbit                       nvbit        000000
__Lnvrram                      nvrram       000000
__Lparam                       rparam       000000
__Lpowerup                     powerup      00000E
__Lram                         ram          000000
__Lramtop                      ramtop       001000
__Lrbit                        rbit         000000
__Lrbss                        rbss         000000
__Lrdata                       rdata        000000
__Lreset_vec                   reset_vec    000000
__Lrparam                      rparam       000000
__Lsfr                         sfr          000000
__Lsmallconst                  smallconst   000000
__Lspace_0                     (abs)        000000
__Lspace_1                     (abs)        000000
__Lspace_2                     (abs)        000000
__Lstack                       stack        000000
__Lstruct                      struct       000000
__Ltemp                        temp         00007E
__Ltext                        text         000000
__Ltext0                       text0        000000
__Ltext1                       text1        000000
__Ltext10                      text10       000000
__Ltext11                      text11       000000
__Ltext12                      text12       000000
__Ltext13                      text13       000000
__Ltext14                      text14       000000
__Ltext15                      text15       000000
__Ltext16                      text16       000000
__Ltext17                      text17       000000
__Ltext18                      text18       000000
__Ltext19                      text19       000000
__Ltext2                       text2        000000
__Ltext20                      text20       000000
__Ltext21                      text21       000000
__Ltext22                      text22       000000
__Ltext23                      text23       000000
__Ltext24                      text24       000000
__Ltext25                      text25       000000
__Ltext26                      text26       000000
__Ltext28                      text28       000000
__Ltext29                      text29       000000
__Ltext3                       text3        000000
__Ltext30                      text30       000000
__Ltext31                      text31       000000
__Ltext32                      text32       000000
__Ltext33                      text33       000000
__Ltext34                      text34       000000
__Ltext35                      text35       000000
__Ltext36                      text36       000000
__Ltext37                      text37       000000
__Ltext38                      text38       000000
__Ltext39                      text39       000000
__Ltext4                       text4        000000
__Ltext40                      text40       000000
__Ltext41                      text41       000000
__Ltext42                      text42       000000
__Ltext43                      text43       000000
__Ltext44                      text44       000000
__Ltext45                      text45       000000
__Ltext46                      text46       000000
__Ltext47                      text47       000000
__Ltext48                      text48       000000
__Ltext49                      text49       000000
__Ltext5                       text5        000000
__Ltext50                      text50       000000
__Ltext51                      text51       000000
__Ltext52                      text52       000000
__Ltext53                      text53       000000
__Ltext54                      text54       000000
__Ltext55                      text55       000000
__Ltext56                      text56       000000
__Ltext57                      text57       000000
__Ltext58                      text58       000000
__Ltext59                      text59       000000
__Ltext6                       text6        000000
__Ltext60                      text60       000000
__Ltext61                      text61       000000
__Ltext62                      text62       000000
__Ltext63                      text63       000000
__Ltext64                      text64       000000
__Ltext7                       text7        000000
__Ltext8                       text8        000000
__Ltext9                       text9        000000
__S0                           (abs)        30000E
__S1                           (abs)        000116
__S2                           (abs)        000000
___altoft                      text53       00259C
___altoft@c                    cstackCOMRAM 000037
___altoft@exp                  cstackCOMRAM 00003F
___altoft@sign                 cstackCOMRAM 000040
___awdiv                       text64       0024A0
___awdiv@counter               cstackCOMRAM 000005
___awdiv@dividend              cstackCOMRAM 000001
___awdiv@divisor               cstackCOMRAM 000003
___awdiv@quotient              cstackCOMRAM 000007
___awdiv@sign                  cstackCOMRAM 000006
___awmod                       text19       00224E
___awmod@counter               cstackBANK0  000094
___awmod@dividend              cstackBANK0  000090
___awmod@divisor               cstackBANK0  000092
___awmod@sign                  cstackBANK0  000095
___awtoft                      text61       0029B6
___awtoft@c                    cstackCOMRAM 000009
___awtoft@sign                 cstackCOMRAM 00000C
___ftadd                       text58       000CE4
___ftadd@exp1                  cstackCOMRAM 000027
___ftadd@exp2                  cstackCOMRAM 000026
___ftadd@f1                    cstackCOMRAM 00001C
___ftadd@f2                    cstackCOMRAM 00001F
___ftadd@sign                  cstackCOMRAM 000025
___ftdiv                       text60       001A5E
___ftdiv@cntr                  cstackCOMRAM 000012
___ftdiv@exp                   cstackCOMRAM 000016
___ftdiv@f1                    cstackCOMRAM 000009
___ftdiv@f2                    cstackCOMRAM 00000C
___ftdiv@f3                    cstackCOMRAM 000013
___ftdiv@sign                  cstackCOMRAM 000017
___ftge                        text52       002410
___ftge@ff1                    cstackCOMRAM 000001
___ftge@ff2                    cstackCOMRAM 000004
___ftmul                       text56       00187C
___ftmul@cntr                  cstackCOMRAM 00001A
___ftmul@exp                   cstackCOMRAM 000016
___ftmul@f1                    cstackCOMRAM 00000D
___ftmul@f2                    cstackCOMRAM 000010
___ftmul@f3_as_product         cstackCOMRAM 000017
___ftmul@sign                  cstackCOMRAM 00001B
___ftneg                       text59       002AFE
___ftneg@f1                    cstackCOMRAM 000001
___ftpack                      text63       0021A0
___ftpack@arg                  cstackCOMRAM 000001
___ftpack@exp                  cstackCOMRAM 000004
___ftpack@sign                 cstackCOMRAM 000005
___ftsub                       text57       002976
___ftsub@f1                    cstackCOMRAM 000028
___ftsub@f2                    cstackCOMRAM 00002B
___fttol                       text51       001788
___fttol@exp1                  cstackCOMRAM 000036
___fttol@f1                    cstackCOMRAM 000028
___fttol@lval                  cstackCOMRAM 000032
___fttol@sign1                 cstackCOMRAM 000031
___inthi_sp                    stack        000000
___intlo_sp                    stack        000000
___lldiv                       text21       0020E4
___lldiv@counter               cstackBANK0  00009C
___lldiv@dividend              cstackBANK0  000090
___lldiv@divisor               cstackBANK0  000094
___lldiv@quotient              cstackBANK0  000098
___lltoft                      text62       00279E
___lltoft@c                    cstackCOMRAM 000009
___lltoft@exp                  cstackCOMRAM 000011
___lwdiv                       text16       002524
___lwdiv@counter               cstackBANK0  000096
___lwdiv@dividend              cstackBANK0  000090
___lwdiv@divisor               cstackBANK0  000092
___lwdiv@quotient              cstackBANK0  000094
___lwmod                       text15       00267C
___lwmod@counter               cstackBANK0  00009B
___lwmod@dividend              cstackBANK0  000097
___lwmod@divisor               cstackBANK0  000099
___param_bank                  (abs)        000000
___rparam_used                 (abs)        000001
___sp                          stack        000000
___wmul                        text14       002A24
___wmul@multiplicand           cstackBANK0  000092
___wmul@multiplier             cstackBANK0  000090
___wmul@product                cstackBANK0  000094
__accesstop                    (abs)        000080
__activetblptr                 (abs)        000002
__end_of_I2C_ColorSens_Init    text22       001304
__end_of_I2C_Master_Init       text20       00279E
__end_of_I2C_Master_Read       text8        002A88
__end_of_I2C_Master_Start      text25       002BFC
__end_of_I2C_Master_Stop       text24       002BF4
__end_of_I2C_Master_Wait       text26       002B8E
__end_of_I2C_Master_Write      text23       002BE2
__end_of___altoft              text53       002614
__end_of___awdiv               text64       002524
__end_of___awmod               text19       0022F0
__end_of___awtoft              text61       0029EE
__end_of___ftadd               text58       000E90
__end_of___ftdiv               text60       001B44
__end_of___ftge                text52       0024A0
__end_of___ftmul               text56       001970
__end_of___ftneg               text59       002B22
__end_of___ftpack              text63       00224E
__end_of___ftsub               text57       0029B6
__end_of___fttol               text51       00187C
__end_of___lldiv               text21       0021A0
__end_of___lltoft              text62       0027FA
__end_of___lwdiv               text16       00259C
__end_of___lwmod               text15       0026DE
__end_of___wmul                text14       002A5A
__end_of__initialization       cinit        002926
__end_of_bottle_count          text10       001024
__end_of_bottle_time           text9        002A24
__end_of_date_time             text7        001DD0
__end_of_dec_to_hex            text44       001788
__end_of_dpowers               mediumconst  00FDAC
__end_of_emergencystop         text6        002B44
__end_of_eval_poly             text54       001EA2
__end_of_exp                   text47       000CE4
__end_of_floor                 text49       001C22
__end_of_frexp                 text50       002410
__end_of_hexpowers             mediumconst  00FDB4
__end_of_initLCD               text5        00289C
__end_of_isdigit               text13       002AB2
__end_of_isr                   intcode_body 0003FA
__end_of_keys                  mediumconst  00FDA2
__end_of_lcdInst               text17       002BC0
__end_of_lcdNibble             text18       00273E
__end_of_ldexp                 text48       001F68
__end_of_log                   text46       00168C
__end_of_main                  text0        001CFE
__end_of_operation             text3        002028
__end_of_operationend          text2        002B7A
__end_of_pow                   text45       00119A
__end_of_printf                text11       0007D0
__end_of_putch                 text12       002BB0
__end_of_read_colorsensor      text4        00156E
__end_of_read_time             text38       00267C
__end_of_servo_rotate0         text37       002380
__end_of_standby               text1        0020E4
__end_of_timeset               mediumconst  00FDBB
__end_ofexp@coeff              mediumconst  00FDD9
__end_ofi2_I2C_ColorSens_Init  text36       001442
__end_ofi2_I2C_Master_Read     text42       002AD8
__end_ofi2_I2C_Master_Start    text41       002C0C
__end_ofi2_I2C_Master_Stop     text40       002C04
__end_ofi2_I2C_Master_Wait     text43       002BA0
__end_ofi2_I2C_Master_Write    text39       002BEC
__end_ofi2___lwdiv             text33       00284C
__end_ofi2___lwmod             text32       002976
__end_ofi2___wmul              text55       002AFE
__end_ofi2_isdigit             text31       002B62
__end_ofi2_lcdInst             text34       002BD8
__end_ofi2_lcdNibble           text35       0028EA
__end_ofi2_printf              text29       000AFC
__end_ofi2_putch               text30       002BCC
__end_ofi2_read_colorsensor    text28       001A5E
__end_oflog@coeff              mediumconst  00FDF4
__initialization               cinit        0028EA
__mediumconst                  mediumconst  00FD90
__pbssBANK0                    bssBANK0     0000B7
__pbssBANK1                    bssBANK1     000100
__pbssCOMRAM                   bssCOMRAM    000076
__pcinit                       cinit        0028EA
__pcstackBANK0                 cstackBANK0  000080
__pcstackCOMRAM                cstackCOMRAM 000001
__pdataBANK0                   dataBANK0    0000ED
__pidataBANK0                  idataBANK0   002C0C
__pintcode                     intcode      000008
__pintcode_body                intcode_body 000012
__pmediumconst                 mediumconst  00FD90
__ptext0                       text0        001C22
__ptext1                       text1        002028
__ptext10                      text10       000E90
__ptext11                      text11       0003FA
__ptext12                      text12       002BA0
__ptext13                      text13       002A88
__ptext14                      text14       002A24
__ptext15                      text15       00267C
__ptext16                      text16       002524
__ptext17                      text17       002BB0
__ptext18                      text18       0026DE
__ptext19                      text19       00224E
__ptext2                       text2        002B62
__ptext20                      text20       00273E
__ptext21                      text21       0020E4
__ptext22                      text22       00119A
__ptext23                      text23       002BD8
__ptext24                      text24       002BEC
__ptext25                      text25       002BF4
__ptext26                      text26       002B7A
__ptext28                      text28       001970
__ptext29                      text29       0007D0
__ptext3                       text3        001F68
__ptext30                      text30       002BC0
__ptext31                      text31       002B44
__ptext32                      text32       002934
__ptext33                      text33       0027FA
__ptext34                      text34       002BCC
__ptext35                      text35       00289C
__ptext36                      text36       001304
__ptext37                      text37       0022F0
__ptext38                      text38       002614
__ptext39                      text39       002BE2
__ptext4                       text4        001442
__ptext40                      text40       002BFC
__ptext41                      text41       002C04
__ptext42                      text42       002AB2
__ptext43                      text43       002B8E
__ptext44                      text44       00168C
__ptext45                      text45       001024
__ptext46                      text46       00156E
__ptext47                      text47       000AFC
__ptext48                      text48       001EA2
__ptext49                      text49       001B44
__ptext5                       text5        00284C
__ptext50                      text50       002380
__ptext51                      text51       001788
__ptext52                      text52       002410
__ptext53                      text53       00259C
__ptext54                      text54       001DD0
__ptext55                      text55       002AD8
__ptext56                      text56       00187C
__ptext57                      text57       002976
__ptext58                      text58       000CE4
__ptext59                      text59       002AFE
__ptext6                       text6        002B22
__ptext60                      text60       001A5E
__ptext61                      text61       0029B6
__ptext62                      text62       00279E
__ptext63                      text63       0021A0
__ptext64                      text64       0024A0
__ptext7                       text7        001CFE
__ptext8                       text8        002A5A
__ptext9                       text9        0029EE
__ramtop                       ramtop       001000
__size_of_I2C_ColorSens_Init   (abs)        000000
__size_of_I2C_Master_Init      (abs)        000000
__size_of_I2C_Master_Read      (abs)        000000
__size_of_I2C_Master_Start     (abs)        000000
__size_of_I2C_Master_Stop      (abs)        000000
__size_of_I2C_Master_Wait      (abs)        000000
__size_of_I2C_Master_Write     (abs)        000000
__size_of___altoft             (abs)        000000
__size_of___awdiv              (abs)        000000
__size_of___awmod              (abs)        000000
__size_of___awtoft             (abs)        000000
__size_of___ftadd              (abs)        000000
__size_of___ftdiv              (abs)        000000
__size_of___ftge               (abs)        000000
__size_of___ftmul              (abs)        000000
__size_of___ftneg              (abs)        000000
__size_of___ftpack             (abs)        000000
__size_of___ftsub              (abs)        000000
__size_of___fttol              (abs)        000000
__size_of___lldiv              (abs)        000000
__size_of___lltoft             (abs)        000000
__size_of___lwdiv              (abs)        000000
__size_of___lwmod              (abs)        000000
__size_of___wmul               (abs)        000000
__size_of_bottle_count         (abs)        000000
__size_of_bottle_time          (abs)        000000
__size_of_date_time            (abs)        000000
__size_of_dec_to_hex           (abs)        000000
__size_of_emergencystop        (abs)        000000
__size_of_eval_poly            (abs)        000000
__size_of_exp                  (abs)        000000
__size_of_floor                (abs)        000000
__size_of_frexp                (abs)        000000
__size_of_initLCD              (abs)        000000
__size_of_isdigit              (abs)        000000
__size_of_isr                  (abs)        000000
__size_of_lcdInst              (abs)        000000
__size_of_lcdNibble            (abs)        000000
__size_of_ldexp                (abs)        000000
__size_of_log                  (abs)        000000
__size_of_main                 (abs)        000000
__size_of_operation            (abs)        000000
__size_of_operationend         (abs)        000000
__size_of_pow                  (abs)        000000
__size_of_printf               (abs)        000000
__size_of_putch                (abs)        000000
__size_of_read_colorsensor     (abs)        000000
__size_of_read_time            (abs)        000000
__size_of_servo_rotate0        (abs)        000000
__size_of_standby              (abs)        000000
__size_ofi2_I2C_ColorSens_Init (abs)        000000
__size_ofi2_I2C_Master_Read    (abs)        000000
__size_ofi2_I2C_Master_Start   (abs)        000000
__size_ofi2_I2C_Master_Stop    (abs)        000000
__size_ofi2_I2C_Master_Wait    (abs)        000000
__size_ofi2_I2C_Master_Write   (abs)        000000
__size_ofi2___lwdiv            (abs)        000000
__size_ofi2___lwmod            (abs)        000000
__size_ofi2___wmul             (abs)        000000
__size_ofi2_isdigit            (abs)        000000
__size_ofi2_lcdInst            (abs)        000000
__size_ofi2_lcdNibble          (abs)        000000
__size_ofi2_printf             (abs)        000000
__size_ofi2_putch              (abs)        000000
__size_ofi2_read_colorsensor   (abs)        000000
__smallconst                   smallconst   000000
_bottle_count                  text10       000E90
_bottle_count_disp             dataBANK0    0000ED
_bottle_time                   text9        0029EE
_bottlequeue                   bssBANK1     000100
_bottlequeue_head              bssBANK0     0000C4
_bottlequeue_tail              bssBANK0     0000C6
_color                         bssCOMRAM    000076
_curr_state                    bssBANK0     0000EC
_date_time                     text7        001CFE
_dec_to_hex                    text44       00168C
_dec_to_hex$1261               cstackCOMRAM 000065
_dec_to_hex$1262               cstackCOMRAM 000068
_dpowers                       mediumconst  00FDA2
_emergencystop                 text6        002B22
_end_time                      bssBANK0     0000C8
_errno                         bssBANK0     0000CA
_eska_count                    bssBANK0     0000CC
_eskacap_count                 bssBANK0     0000CE
_eskacaplbl_count              bssBANK0     0000D0
_eskalbl_count                 bssBANK0     0000D2
_etime                         bssBANK0     0000D4
_eval_poly                     text54       001DD0
_exp                           text47       000AFC
_exp$1265                      cstackCOMRAM 00004C
_floor                         text49       001B44
_frexp                         text50       002380
_hexpowers                     mediumconst  00FDAC
_initLCD                       text5        00284C
_isdigit                       text13       002A88
_isdigit$816                   cstackBANK0  000091
_isr                           intcode      000008
_isr$1360                      cstackCOMRAM 000074
_keys                          mediumconst  00FD91
_lcdInst                       text17       002BB0
_lcdNibble                     text18       0026DE
_ldexp                         text48       001EA2
_log                           text46       00156E
_main                          text0        001C22
_nRBPU                         (abs)        007F8F
_nodedata                      bssBANK0     0000D6
_operation                     text3        001F68
_operation_disp                bssBANK0     0000D8
_operation_time                bssBANK0     0000DA
_operationend                  text2        002B62
_pow                           text45       001024
_pow$1263                      cstackCOMRAM 000058
_pow$1264                      cstackCOMRAM 00005B
_printf                        text11       0003FA
_putch                         text12       002BA0
_read_colorsensor              text4        001442
_read_time                     text38       002614
_servo_rotate0                 text37       0022F0
_standby                       text1        002028
_start_time                    bssBANK0     0000DC
_stime                         bssBANK0     0000DE
_testflag                      bssBANK0     0000E0
_testint                       bssBANK0     0000BE
_time                          bssBANK0     0000B7
_timeset                       mediumconst  00FDB4
_total_bottle_count            bssBANK0     0000E2
_yop_count                     bssBANK0     0000E4
_yopcap_count                  bssBANK0     0000E6
_yopcaplbl_count               bssBANK0     0000E8
_yoplbl_count                  bssBANK0     0000EA
btemp                          temp         00007E
date_time@i                    cstackBANK0  0000B4
dec_to_hex@hexnum              cstackCOMRAM 00006F
dec_to_hex@i                   cstackCOMRAM 00006D
dec_to_hex@num                 cstackCOMRAM 000063
dec_to_hex@quotient            cstackCOMRAM 000071
dec_to_hex@temp                cstackCOMRAM 00006B
end_of_initialization          cinit        002926
eval_poly@d                    cstackCOMRAM 00002B
eval_poly@n                    cstackCOMRAM 00002D
eval_poly@res                  cstackCOMRAM 000031
eval_poly@x                    cstackCOMRAM 000028
exp@coeff                      mediumconst  00FDBB
exp@exponent                   cstackCOMRAM 00004F
exp@sign                       cstackCOMRAM 000051
exp@x                          cstackCOMRAM 000049
floor@expon                    cstackCOMRAM 000047
floor@i                        cstackCOMRAM 000044
floor@x                        cstackCOMRAM 000041
frexp@eptr                     cstackCOMRAM 000004
frexp@value                    cstackCOMRAM 000001
i2I2C_Master_Read@a            cstackCOMRAM 000002
i2I2C_Master_Read@temp         cstackCOMRAM 000003
i2I2C_Master_Write@d           cstackCOMRAM 000002
i2_I2C_ColorSens_Init          text36       001304
i2_I2C_Master_Read             text42       002AB2
i2_I2C_Master_Start            text41       002C04
i2_I2C_Master_Stop             text40       002BFC
i2_I2C_Master_Wait             text43       002B8E
i2_I2C_Master_Write            text39       002BE2
i2___lwdiv                     text33       0027FA
i2___lwdiv@counter             cstackCOMRAM 000007
i2___lwdiv@dividend            cstackCOMRAM 000001
i2___lwdiv@divisor             cstackCOMRAM 000003
i2___lwdiv@quotient            cstackCOMRAM 000005
i2___lwmod                     text32       002934
i2___lwmod@counter             cstackCOMRAM 00000C
i2___lwmod@dividend            cstackCOMRAM 000008
i2___lwmod@divisor             cstackCOMRAM 00000A
i2___wmul                      text55       002AD8
i2___wmul@multiplicand         cstackCOMRAM 000003
i2___wmul@multiplier           cstackCOMRAM 000001
i2___wmul@product              cstackCOMRAM 000005
i2_isdigit                     text31       002B44
i2_isdigit$816                 cstackCOMRAM 000002
i2_lcdInst                     text34       002BCC
i2_lcdNibble                   text35       00289C
i2_printf                      text29       0007D0
i2_putch                       text30       002BC0
i2_read_colorsensor            text28       001970
i2isdigit@c                    cstackCOMRAM 000003
i2lcdInst@data                 cstackCOMRAM 000003
i2lcdNibble@data               cstackCOMRAM 000002
i2lcdNibble@temp               cstackCOMRAM 000001
i2printf@ap                    cstackCOMRAM 000018
i2printf@c                     cstackCOMRAM 000020
i2printf@f                     cstackCOMRAM 00000D
i2printf@flag                  cstackCOMRAM 00001D
i2printf@idx                   cstackCOMRAM 000017
i2printf@prec                  cstackCOMRAM 00001A
i2printf@val                   cstackCOMRAM 00001B
i2printf@width                 cstackCOMRAM 00001E
i2putch@data                   cstackCOMRAM 000003
i2read_colorsensor@color_high  cstackCOMRAM 00000C
i2read_colorsensor@color_low   cstackCOMRAM 000008
i2read_colorsensor@i           cstackCOMRAM 000010
int$flags                      temp         00007E
int_func                       intcode_body 000012
intlevel0                      text         000000
intlevel1                      text         000000
intlevel2                      text         000000
intlevel3                      text         000000
isdigit@c                      cstackBANK0  000092
isr@i                          cstackCOMRAM 000073
lcdInst@data                   cstackBANK0  000092
lcdNibble@data                 cstackBANK0  000091
lcdNibble@temp                 cstackBANK0  000090
ldexp@newexp                   cstackCOMRAM 000037
ldexp@value                    cstackCOMRAM 000034
log@coeff                      mediumconst  00FDD9
log@exponent                   cstackCOMRAM 000037
log@x                          cstackCOMRAM 000034
pow@sign                       cstackCOMRAM 00005E
pow@x                          cstackCOMRAM 000052
pow@y                          cstackCOMRAM 000055
pow@yi                         cstackCOMRAM 00005F
printf@ap                      cstackBANK0  0000AB
printf@c                       cstackBANK0  0000B3
printf@f                       cstackBANK0  00009C
printf@flag                    cstackBANK0  0000B0
printf@idx                     cstackBANK0  0000AA
printf@prec                    cstackBANK0  0000AD
printf@val                     cstackBANK0  0000AE
printf@width                   cstackBANK0  0000B1
putch@data                     cstackBANK0  000092
read_colorsensor@color_high    cstackBANK0  00009B
read_colorsensor@color_low     cstackBANK0  000097
read_colorsensor@i             cstackBANK0  00009F
read_time@i                    cstackCOMRAM 000004
servo_rotate0@degree           cstackCOMRAM 000001
servo_rotate0@duty             cstackCOMRAM 000005
servo_rotate0@i                cstackCOMRAM 000007
servo_rotate0@j                cstackCOMRAM 000009
stackhi                        (abs)        000F7F
stacklo                        (abs)        000116
start                          init         00000E
start_initialization           cinit        0028EA


FUNCTION INFORMATION:

 *************** function _main *****************
 Defined at:
		line 90 in file "main.c"
 Parameters:    Size  Location     Type
		None
 Auto vars:     Size  Location     Type
		None
 Return value:  Size  Location     Type
                  1    wreg      void 
 Registers used:
		wreg, fsr2l, fsr2h, status,2, status,0, tblptrl, tblptrh, tblptru, prodl, prodh, cstack
 Tracked objects:
		On entry : 
		On exit  : 
		Unchanged: 
 Data sizes:     COMRAM   BANK0   BANK1   BANK2   BANK3   BANK4   BANK5   BANK6   BANK7   BANK8   BANK9  BANK10  BANK11  BANK12  BANK13  BANK14  BANK15
      Params:         0       0       0       0       0       0       0       0       0       0       0       0       0       0       0       0       0
      Locals:         0       0       0       0       0       0       0       0       0       0       0       0       0       0       0       0       0
      Temps:          0       1       0       0       0       0       0       0       0       0       0       0       0       0       0       0       0
      Totals:         0       1       0       0       0       0       0       0       0       0       0       0       0       0       0       0       0
Total ram usage:        1 bytes
 Hardware stack levels required when called:   11
 This function calls:
		_I2C_ColorSens_Init
		_I2C_Master_Init
		_bottle_count
		_bottle_time
		_date_time
		_emergencystop
		_initLCD
		_operation
		_operationend
		_standby
 This function is called by:
		Startup code after reset
 This function uses a non-reentrant model


 *************** function _standby *****************
 Defined at:
		line 376 in file "main.c"
 Parameters:    Size  Location     Type
		None
 Auto vars:     Size  Location     Type
		None
 Return value:  Size  Location     Type
                  1    wreg      void 
 Registers used:
		wreg, fsr2l, fsr2h, status,2, status,0, tblptrl, tblptrh, tblptru, prodl, prodh, cstack
 Tracked objects:
		On entry : 
		On exit  : 
		Unchanged: 
 Data sizes:     COMRAM   BANK0   BANK1   BANK2   BANK3   BANK4   BANK5   BANK6   BANK7   BANK8   BANK9  BANK10  BANK11  BANK12  BANK13  BANK14  BANK15
      Params:         0       0       0       0       0       0       0       0       0       0       0       0       0       0       0       0       0
      Locals:         0       0       0       0       0       0       0       0       0       0       0       0       0       0       0       0       0
      Temps:          0       0       0       0       0       0       0       0       0       0       0       0       0       0       0       0       0
      Totals:         0       0       0       0       0       0       0       0       0       0       0       0       0       0       0       0       0
Total ram usage:        0 bytes
 Hardware stack levels used:    1
 Hardware stack levels required when called:   10
 This function calls:
		_lcdInst
		_printf
		_read_colorsensor
 This function is called by:
		_main
 This function uses a non-reentrant model


 *************** function _operationend *****************
 Defined at:
		line 563 in file "main.c"
 Parameters:    Size  Location     Type
		None
 Auto vars:     Size  Location     Type
		None
 Return value:  Size  Location     Type
                  1    wreg      void 
 Registers used:
		wreg, fsr2l, fsr2h, status,2, status,0, tblptrl, tblptrh, tblptru, prodl, prodh, cstack
 Tracked objects:
		On entry : 
		On exit  : 
		Unchanged: 
 Data sizes:     COMRAM   BANK0   BANK1   BANK2   BANK3   BANK4   BANK5   BANK6   BANK7   BANK8   BANK9  BANK10  BANK11  BANK12  BANK13  BANK14  BANK15
      Params:         0       0       0       0       0       0       0       0       0       0       0       0       0       0       0       0       0
      Locals:         0       0       0       0       0       0       0       0       0       0       0       0       0       0       0       0       0
      Temps:          0       0       0       0       0       0       0       0       0       0       0       0       0       0       0       0       0
      Totals:         0       0       0       0       0       0       0       0       0       0       0       0       0       0       0       0       0
Total ram usage:        0 bytes
 Hardware stack levels used:    1
 Hardware stack levels required when called:   10
 This function calls:
		_lcdInst
		_printf
 This function is called by:
		_main
 This function uses a non-reentrant model


 *************** function _operation *****************
 Defined at:
		line 538 in file "main.c"
 Parameters:    Size  Location     Type
		None
 Auto vars:     Size  Location     Type
		None
 Return value:  Size  Location     Type
                  1    wreg      void 
 Registers used:
		wreg, fsr2l, fsr2h, status,2, status,0, tblptrl, tblptrh, tblptru, prodl, prodh, cstack
 Tracked objects:
		On entry : 
		On exit  : 
		Unchanged: 
 Data sizes:     COMRAM   BANK0   BANK1   BANK2   BANK3   BANK4   BANK5   BANK6   BANK7   BANK8   BANK9  BANK10  BANK11  BANK12  BANK13  BANK14  BANK15
      Params:         0       0       0       0       0       0       0       0       0       0       0       0       0       0       0       0       0
      Locals:         0       0       0       0       0       0       0       0       0       0       0       0       0       0       0       0       0
      Temps:          0       2       0       0       0       0       0       0       0       0       0       0       0       0       0       0       0
      Totals:         0       2       0       0       0       0       0       0       0       0       0       0       0       0       0       0       0
Total ram usage:        2 bytes
 Hardware stack levels used:    1
 Hardware stack levels required when called:   10
 This function calls:
		_lcdInst
		_printf
		_read_colorsensor
 This function is called by:
		_main
 This function uses a non-reentrant model


 *************** function _read_colorsensor *****************
 Defined at:
		line 618 in file "main.c"
 Parameters:    Size  Location     Type
		None
 Auto vars:     Size  Location     Type
  color_high      4   27[BANK0 ] unsigned char [4]
  color_low       4   23[BANK0 ] unsigned char [4]
  i               2   31[BANK0 ] int 
 Return value:  Size  Location     Type
                  1    wreg      void 
 Registers used:
		wreg, fsr2l, fsr2h, status,2, status,0, cstack
 Tracked objects:
		On entry : 
		On exit  : 
		Unchanged: 
 Data sizes:     COMRAM   BANK0   BANK1   BANK2   BANK3   BANK4   BANK5   BANK6   BANK7   BANK8   BANK9  BANK10  BANK11  BANK12  BANK13  BANK14  BANK15
      Params:         0       0       0       0       0       0       0       0       0       0       0       0       0       0       0       0       0
      Locals:         0      10       0       0       0       0       0       0       0       0       0       0       0       0       0       0       0
      Temps:          0       4       0       0       0       0       0       0       0       0       0       0       0       0       0       0       0
      Totals:         0      14       0       0       0       0       0       0       0       0       0       0       0       0       0       0       0
Total ram usage:       14 bytes
 Hardware stack levels used:    1
 Hardware stack levels required when called:    9
 This function calls:
		_I2C_Master_Read
		_I2C_Master_Start
		_I2C_Master_Stop
		_I2C_Master_Write
 This function is called by:
		_standby
		_operation
 This function uses a non-reentrant model


 *************** function _initLCD *****************
 Defined at:
		line 14 in file "lcd.c"
 Parameters:    Size  Location     Type
		None
 Auto vars:     Size  Location     Type
		None
 Return value:  Size  Location     Type
                  1    wreg      void 
 Registers used:
		wreg, status,2, status,0, cstack
 Tracked objects:
		On entry : 
		On exit  : 
		Unchanged: 
 Data sizes:     COMRAM   BANK0   BANK1   BANK2   BANK3   BANK4   BANK5   BANK6   BANK7   BANK8   BANK9  BANK10  BANK11  BANK12  BANK13  BANK14  BANK15
      Params:         0       0       0       0       0       0       0       0       0       0       0       0       0       0       0       0       0
      Locals:         0       0       0       0       0       0       0       0       0       0       0       0       0       0       0       0       0
      Temps:          0       1       0       0       0       0       0       0       0       0       0       0       0       0       0       0       0
      Totals:         0       1       0       0       0       0       0       0       0       0       0       0       0       0       0       0       0
Total ram usage:        1 bytes
 Hardware stack levels used:    1
 Hardware stack levels required when called:    9
 This function calls:
		_lcdInst
 This function is called by:
		_main
 This function uses a non-reentrant model


 *************** function _emergencystop *****************
 Defined at:
		line 569 in file "main.c"
 Parameters:    Size  Location     Type
		None
 Auto vars:     Size  Location     Type
		None
 Return value:  Size  Location     Type
                  1    wreg      void 
 Registers used:
		wreg, fsr2l, fsr2h, status,2, status,0, tblptrl, tblptrh, tblptru, prodl, prodh, cstack
 Tracked objects:
		On entry : 
		On exit  : 
		Unchanged: 
 Data sizes:     COMRAM   BANK0   BANK1   BANK2   BANK3   BANK4   BANK5   BANK6   BANK7   BANK8   BANK9  BANK10  BANK11  BANK12  BANK13  BANK14  BANK15
      Params:         0       0       0       0       0       0       0       0       0       0       0       0       0       0       0       0       0
      Locals:         0       0       0       0       0       0       0       0       0       0       0       0       0       0       0       0       0
      Temps:          0       0       0       0       0       0       0       0       0       0       0       0       0       0       0       0       0
      Totals:         0       0       0       0       0       0       0       0       0       0       0       0       0       0       0       0       0
Total ram usage:        0 bytes
 Hardware stack levels used:    1
 Hardware stack levels required when called:   10
 This function calls:
		_lcdInst
		_printf
 This function is called by:
		_main
 This function uses a non-reentrant model


 *************** function _date_time *****************
 Defined at:
		line 445 in file "main.c"
 Parameters:    Size  Location     Type
		None
 Auto vars:     Size  Location     Type
  i               1   52[BANK0 ] unsigned char 
 Return value:  Size  Location     Type
                  1    wreg      void 
 Registers used:
		wreg, fsr2l, fsr2h, status,2, status,0, tblptrl, tblptrh, tblptru, prodl, prodh, cstack
 Tracked objects:
		On entry : 
		On exit  : 
		Unchanged: 
 Data sizes:     COMRAM   BANK0   BANK1   BANK2   BANK3   BANK4   BANK5   BANK6   BANK7   BANK8   BANK9  BANK10  BANK11  BANK12  BANK13  BANK14  BANK15
      Params:         0       0       0       0       0       0       0       0       0       0       0       0       0       0       0       0       0
      Locals:         0       1       0       0       0       0       0       0       0       0       0       0       0       0       0       0       0
      Temps:          0       0       0       0       0       0       0       0       0       0       0       0       0       0       0       0       0
      Totals:         0       1       0       0       0       0       0       0       0       0       0       0       0       0       0       0       0
Total ram usage:        1 bytes
 Hardware stack levels used:    1
 Hardware stack levels required when called:   10
 This function calls:
		_I2C_Master_Read
		_I2C_Master_Start
		_I2C_Master_Stop
		_I2C_Master_Write
		_lcdInst
		_printf
 This function is called by:
		_main
 This function uses a non-reentrant model


 *************** function _I2C_Master_Read *****************
 Defined at:
		line 105 in file "I2C.c"
 Parameters:    Size  Location     Type
  a               1    wreg     unsigned char 
 Auto vars:     Size  Location     Type
  a               1   17[BANK0 ] unsigned char 
  temp            1   18[BANK0 ] unsigned char 
 Return value:  Size  Location     Type
                  1    wreg      unsigned char 
 Registers used:
		wreg, status,2, status,0, cstack
 Tracked objects:
		On entry : 
		On exit  : 
		Unchanged: 
 Data sizes:     COMRAM   BANK0   BANK1   BANK2   BANK3   BANK4   BANK5   BANK6   BANK7   BANK8   BANK9  BANK10  BANK11  BANK12  BANK13  BANK14  BANK15
      Params:         0       0       0       0       0       0       0       0       0       0       0       0       0       0       0       0       0
      Locals:         0       2       0       0       0       0       0       0       0       0       0       0       0       0       0       0       0
      Temps:          0       0       0       0       0       0       0       0       0       0       0       0       0       0       0       0       0
      Totals:         0       2       0       0       0       0       0       0       0       0       0       0       0       0       0       0       0
Total ram usage:        2 bytes
 Hardware stack levels used:    1
 Hardware stack levels required when called:    8
 This function calls:
		_I2C_Master_Wait
 This function is called by:
		_date_time
		_read_colorsensor
 This function uses a non-reentrant model


 *************** function _bottle_time *****************
 Defined at:
		line 530 in file "main.c"
 Parameters:    Size  Location     Type
		None
 Auto vars:     Size  Location     Type
		None
 Return value:  Size  Location     Type
                  1    wreg      void 
 Registers used:
		wreg, fsr2l, fsr2h, status,2, status,0, tblptrl, tblptrh, tblptru, prodl, prodh, cstack
 Tracked objects:
		On entry : 
		On exit  : 
		Unchanged: 
 Data sizes:     COMRAM   BANK0   BANK1   BANK2   BANK3   BANK4   BANK5   BANK6   BANK7   BANK8   BANK9  BANK10  BANK11  BANK12  BANK13  BANK14  BANK15
      Params:         0       0       0       0       0       0       0       0       0       0       0       0       0       0       0       0       0
      Locals:         0       0       0       0       0       0       0       0       0       0       0       0       0       0       0       0       0
      Temps:          0       0       0       0       0       0       0       0       0       0       0       0       0       0       0       0       0
      Totals:         0       0       0       0       0       0       0       0       0       0       0       0       0       0       0       0       0
Total ram usage:        0 bytes
 Hardware stack levels used:    1
 Hardware stack levels required when called:   10
 This function calls:
		_lcdInst
		_printf
 This function is called by:
		_main
 This function uses a non-reentrant model


 *************** function _bottle_count *****************
 Defined at:
		line 488 in file "main.c"
 Parameters:    Size  Location     Type
		None
 Auto vars:     Size  Location     Type
		None
 Return value:  Size  Location     Type
                  1    wreg      void 
 Registers used:
		wreg, fsr2l, fsr2h, status,2, status,0, tblptrl, tblptrh, tblptru, prodl, prodh, cstack
 Tracked objects:
		On entry : 
		On exit  : 
		Unchanged: 
 Data sizes:     COMRAM   BANK0   BANK1   BANK2   BANK3   BANK4   BANK5   BANK6   BANK7   BANK8   BANK9  BANK10  BANK11  BANK12  BANK13  BANK14  BANK15
      Params:         0       0       0       0       0       0       0       0       0       0       0       0       0       0       0       0       0
      Locals:         0       0       0       0       0       0       0       0       0       0       0       0       0       0       0       0       0
      Temps:          0       0       0       0       0       0       0       0       0       0       0       0       0       0       0       0       0
      Totals:         0       0       0       0       0       0       0       0       0       0       0       0       0       0       0       0       0
Total ram usage:        0 bytes
 Hardware stack levels used:    1
[...]
 Defined at:
		line 20 in file "C:\Program Files (x86)\Microchip\xc8\v1.40\sources\common\ftsub.c"
 Parameters:    Size  Location     Type
  f1              3   39[COMRAM] float 
  f2              3   42[COMRAM] float 
 Auto vars:     Size  Location     Type
		None
 Return value:  Size  Location     Type
                  3   39[COMRAM] float 
 Registers used:
		wreg, status,2, status,0, cstack
 Tracked objects:
		On entry : 
		On exit  : 
		Unchanged: 
 Data sizes:     COMRAM   BANK0   BANK1   BANK2   BANK3   BANK4   BANK5   BANK6   BANK7   BANK8   BANK9  BANK10  BANK11  BANK12  BANK13  BANK14  BANK15
      Params:         6       0       0       0       0       0       0       0       0       0       0       0       0       0       0       0       0
      Locals:         0       0       0       0       0       0       0       0       0       0       0       0       0       0       0       0       0
      Temps:          0       0       0       0       0       0       0       0       0       0       0       0       0       0       0       0       0
      Totals:         6       0       0       0       0       0       0       0       0       0       0       0       0       0       0       0       0
Total ram usage:        6 bytes
 Hardware stack levels used:    1
 Hardware stack levels required when called:    2
 This function calls:
		___ftadd
 This function is called by:
		_exp
 This function uses a non-reentrant model


 *************** function ___ftadd *****************
 Defined at:
		line 86 in file "C:\Program Files (x86)\Microchip\xc8\v1.40\sources\common\ftadd.c"
 Parameters:    Size  Location     Type
  f1              3   27[COMRAM] float 
  f2              3   30[COMRAM] float 
 Auto vars:     Size  Location     Type
  exp1            1   38[COMRAM] unsigned char 
  exp2            1   37[COMRAM] unsigned char 
  sign            1   36[COMRAM] unsigned char 
 Return value:  Size  Location     Type
                  3   27[COMRAM] float 
 Registers used:
		wreg, status,2, status,0, cstack
 Tracked objects:
		On entry : 
		On exit  : 
		Unchanged: 
 Data sizes:     COMRAM   BANK0   BANK1   BANK2   BANK3   BANK4   BANK5   BANK6   BANK7   BANK8   BANK9  BANK10  BANK11  BANK12  BANK13  BANK14  BANK15
      Params:         6       0       0       0       0       0       0       0       0       0       0       0       0       0       0       0       0
      Locals:         3       0       0       0       0       0       0       0       0       0       0       0       0       0       0       0       0
      Temps:          3       0       0       0       0       0       0       0       0       0       0       0       0       0       0       0       0
      Totals:        12       0       0       0       0       0       0       0       0       0       0       0       0       0       0       0       0
Total ram usage:       12 bytes
 Hardware stack levels used:    1
 Hardware stack levels required when called:    1
 This function calls:
		___ftpack
 This function is called by:
		_dec_to_hex
		___ftsub
		_floor
		_log
		_eval_poly
 This function uses a non-reentrant model


 *************** function ___ftneg *****************
 Defined at:
		line 15 in file "C:\Program Files (x86)\Microchip\xc8\v1.40\sources\common\ftneg.c"
 Parameters:    Size  Location     Type
  f1              3    0[COMRAM] float 
 Auto vars:     Size  Location     Type
		None
 Return value:  Size  Location     Type
                  3    0[COMRAM] float 
 Registers used:
		wreg, status,2, status,0
 Tracked objects:
		On entry : 
		On exit  : 
		Unchanged: 
 Data sizes:     COMRAM   BANK0   BANK1   BANK2   BANK3   BANK4   BANK5   BANK6   BANK7   BANK8   BANK9  BANK10  BANK11  BANK12  BANK13  BANK14  BANK15
      Params:         3       0       0       0       0       0       0       0       0       0       0       0       0       0       0       0       0
      Locals:         0       0       0       0       0       0       0       0       0       0       0       0       0       0       0       0       0
      Temps:          0       0       0       0       0       0       0       0       0       0       0       0       0       0       0       0       0
      Totals:         3       0       0       0       0       0       0       0       0       0       0       0       0       0       0       0       0
Total ram usage:        3 bytes
 Hardware stack levels used:    1
 This function calls:
		Nothing
 This function is called by:
		_pow
		_exp
 This function uses a non-reentrant model


 *************** function ___ftdiv *****************
 Defined at:
		line 54 in file "C:\Program Files (x86)\Microchip\xc8\v1.40\sources\common\ftdiv.c"
 Parameters:    Size  Location     Type
  f1              3    8[COMRAM] float 
  f2              3   11[COMRAM] float 
 Auto vars:     Size  Location     Type
  f3              3   18[COMRAM] float 
  sign            1   22[COMRAM] unsigned char 
  exp             1   21[COMRAM] unsigned char 
  cntr            1   17[COMRAM] unsigned char 
 Return value:  Size  Location     Type
                  3    8[COMRAM] float 
 Registers used:
		wreg, status,2, status,0, cstack
 Tracked objects:
		On entry : 
		On exit  : 
		Unchanged: 
 Data sizes:     COMRAM   BANK0   BANK1   BANK2   BANK3   BANK4   BANK5   BANK6   BANK7   BANK8   BANK9  BANK10  BANK11  BANK12  BANK13  BANK14  BANK15
      Params:         6       0       0       0       0       0       0       0       0       0       0       0       0       0       0       0       0
      Locals:         6       0       0       0       0       0       0       0       0       0       0       0       0       0       0       0       0
      Temps:          3       0       0       0       0       0       0       0       0       0       0       0       0       0       0       0       0
      Totals:        15       0       0       0       0       0       0       0       0       0       0       0       0       0       0       0       0
Total ram usage:       15 bytes
 Hardware stack levels used:    1
 Hardware stack levels required when called:    1
 This function calls:
		___ftpack
 This function is called by:
		_exp
 This function uses a non-reentrant model


 *************** function ___awtoft *****************
 Defined at:
		line 32 in file "C:\Program Files (x86)\Microchip\xc8\v1.40\sources\common\awtoft.c"
 Parameters:    Size  Location     Type
  c               2    8[COMRAM] int 
 Auto vars:     Size  Location     Type
  sign            1   11[COMRAM] unsigned char 
 Return value:  Size  Location     Type
                  3    8[COMRAM] float 
 Registers used:
		wreg, status,2, status,0, cstack
 Tracked objects:
		On entry : 
		On exit  : 
		Unchanged: 
 Data sizes:     COMRAM   BANK0   BANK1   BANK2   BANK3   BANK4   BANK5   BANK6   BANK7   BANK8   BANK9  BANK10  BANK11  BANK12  BANK13  BANK14  BANK15
      Params:         3       0       0       0       0       0       0       0       0       0       0       0       0       0       0       0       0
      Locals:         1       0       0       0       0       0       0       0       0       0       0       0       0       0       0       0       0
      Temps:          0       0       0       0       0       0       0       0       0       0       0       0       0       0       0       0       0
      Totals:         4       0       0       0       0       0       0       0       0       0       0       0       0       0       0       0       0
Total ram usage:        4 bytes
 Hardware stack levels used:    1
 Hardware stack levels required when called:    1
 This function calls:
		___ftpack
 This function is called by:
		_dec_to_hex
		_exp
		_log
 This function uses a non-reentrant model


 *************** function ___lltoft *****************
 Defined at:
		line 35 in file "C:\Program Files (x86)\Microchip\xc8\v1.40\sources\common\lltoft.c"
 Parameters:    Size  Location     Type
  c               4    8[COMRAM] unsigned long 
 Auto vars:     Size  Location     Type
  exp             1   16[COMRAM] unsigned char 
 Return value:  Size  Location     Type
                  3    8[COMRAM] float 
 Registers used:
		wreg, status,2, status,0, cstack
 Tracked objects:
		On entry : 
		On exit  : 
		Unchanged: 
 Data sizes:     COMRAM   BANK0   BANK1   BANK2   BANK3   BANK4   BANK5   BANK6   BANK7   BANK8   BANK9  BANK10  BANK11  BANK12  BANK13  BANK14  BANK15
      Params:         4       0       0       0       0       0       0       0       0       0       0       0       0       0       0       0       0
      Locals:         1       0       0       0       0       0       0       0       0       0       0       0       0       0       0       0       0
      Temps:          4       0       0       0       0       0       0       0       0       0       0       0       0       0       0       0       0
      Totals:         9       0       0       0       0       0       0       0       0       0       0       0       0       0       0       0       0
Total ram usage:        9 bytes
 Hardware stack levels used:    1
 Hardware stack levels required when called:    1
 This function calls:
		___ftpack
 This function is called by:
		_pow
 This function uses a non-reentrant model


 *************** function ___ftpack *****************
 Defined at:
		line 62 in file "C:\Program Files (x86)\Microchip\xc8\v1.40\sources\common\float.c"
 Parameters:    Size  Location     Type
  arg             3    0[COMRAM] unsigned um
  exp             1    3[COMRAM] unsigned char 
  sign            1    4[COMRAM] unsigned char 
 Auto vars:     Size  Location     Type
		None
 Return value:  Size  Location     Type
                  3    0[COMRAM] float 
 Registers used:
		wreg, status,2, status,0
 Tracked objects:
		On entry : 
		On exit  : 
		Unchanged: 
 Data sizes:     COMRAM   BANK0   BANK1   BANK2   BANK3   BANK4   BANK5   BANK6   BANK7   BANK8   BANK9  BANK10  BANK11  BANK12  BANK13  BANK14  BANK15
      Params:         5       0       0       0       0       0       0       0       0       0       0       0       0       0       0       0       0
      Locals:         0       0       0       0       0       0       0       0       0       0       0       0       0       0       0       0       0
      Temps:          3       0       0       0       0       0       0       0       0       0       0       0       0       0       0       0       0
      Totals:         8       0       0       0       0       0       0       0       0       0       0       0       0       0       0       0       0
Total ram usage:        8 bytes
 Hardware stack levels used:    1
 This function calls:
		Nothing
 This function is called by:
		___altoft
		___awtoft
		___ftadd
		___ftdiv
		___ftmul
		___lltoft
 This function uses a non-reentrant model


 *************** function ___awdiv *****************
 Defined at:
		line 8 in file "C:\Program Files (x86)\Microchip\xc8\v1.40\sources\common\awdiv.c"
 Parameters:    Size  Location     Type
  dividend        2    0[COMRAM] int 
  divisor         2    2[COMRAM] int 
 Auto vars:     Size  Location     Type
  quotient        2    6[COMRAM] int 
  sign            1    5[COMRAM] unsigned char 
  counter         1    4[COMRAM] unsigned char 
 Return value:  Size  Location     Type
                  2    0[COMRAM] int 
 Registers used:
		wreg, status,2, status,0
 Tracked objects:
		On entry : 
		On exit  : 
		Unchanged: 
 Data sizes:     COMRAM   BANK0   BANK1   BANK2   BANK3   BANK4   BANK5   BANK6   BANK7   BANK8   BANK9  BANK10  BANK11  BANK12  BANK13  BANK14  BANK15
      Params:         4       0       0       0       0       0       0       0       0       0       0       0       0       0       0       0       0
      Locals:         4       0       0       0       0       0       0       0       0       0       0       0       0       0       0       0       0
      Temps:          0       0       0       0       0       0       0       0       0       0       0       0       0       0       0       0       0
      Totals:         8       0       0       0       0       0       0       0       0       0       0       0       0       0       0       0       0
Total ram usage:        8 bytes
 Hardware stack levels used:    1
 This function calls:
		Nothing
 This function is called by:
		_dec_to_hex
		_servo_rotate1
		_servo_rotate2
 This function uses a non-reentrant model



MODULE INFORMATION

Module		Function		Class		Link	Load	Size
C:\Program Files (x86)\Microchip\xc8\v1.40\sources\common\awtoft.c
		___awtoft      		CODE           	29B6	0000	57

C:\Program Files (x86)\Microchip\xc8\v1.40\sources\common\awtoft.c estimated size: 57

C:\Program Files (x86)\Microchip\xc8\v1.40\sources\common\altoft.c
		___altoft      		CODE           	259C	0000	121

C:\Program Files (x86)\Microchip\xc8\v1.40\sources\common\altoft.c estimated size: 121

C:\Program Files (x86)\Microchip\xc8\v1.40\sources\common\evalpoly.c
		_eval_poly     		CODE           	1DD0	0000	211

C:\Program Files (x86)\Microchip\xc8\v1.40\sources\common\evalpoly.c estimated size: 211

C:\Program Files (x86)\Microchip\xc8\v1.40\sources\common\ftneg.c
		___ftneg       		CODE           	2AFE	0000	37

C:\Program Files (x86)\Microchip\xc8\v1.40\sources\common\ftneg.c estimated size: 37

C:\Program Files (x86)\Microchip\xc8\v1.40\sources\common\doprnt.c
		_printf        		CODE           	03FA	0000	983

C:\Program Files (x86)\Microchip\xc8\v1.40\sources\common\doprnt.c estimated size: 983

C:\Program Files (x86)\Microchip\xc8\v1.40\sources\common\exp.c
		_exp           		CODE           	0AFC	0000	489

C:\Program Files (x86)\Microchip\xc8\v1.40\sources\common\exp.c estimated size: 489

C:\Program Files (x86)\Microchip\xc8\v1.40\sources\common\lltoft.c
		___lltoft      		CODE           	279E	0000	93

C:\Program Files (x86)\Microchip\xc8\v1.40\sources\common\lltoft.c estimated size: 93

C:\Program Files (x86)\Microchip\xc8\v1.40\sources\common\ftsub.c
		___ftsub       		CODE           	2976	0000	65

C:\Program Files (x86)\Microchip\xc8\v1.40\sources\common\ftsub.c estimated size: 65

C:\Program Files (x86)\Microchip\xc8\v1.40\sources\common\float.c
		___ftpack      		CODE           	21A0	0000	175

C:\Program Files (x86)\Microchip\xc8\v1.40\sources\common\float.c estimated size: 175

I2C.c
		_I2C_Master_Read		CODE           	2A5A	0000	47
		_I2C_Master_Wait		CODE           	2B7A	0000	21
		_I2C_Master_Init		CODE           	273E	0000	97
		_I2C_Master_Stop		CODE           	2BEC	0000	9
		_I2C_ColorSens_Init		CODE           	119A	0000	363
		_I2C_Master_Write		CODE           	2BD8	0000	11
		_I2C_Master_Start		CODE           	2BF4	0000	9

I2C.c estimated size: 557

C:\Program Files (x86)\Microchip\xc8\v1.40\sources\common\frexp.c
		_ldexp         		CODE           	1EA2	0000	199
		_frexp         		CODE           	2380	0000	145

C:\Program Files (x86)\Microchip\xc8\v1.40\sources\common\frexp.c estimated size: 344

C:\Program Files (x86)\Microchip\xc8\v1.40\sources\common\log.c
		_log           		CODE           	156E	0000	287

C:\Program Files (x86)\Microchip\xc8\v1.40\sources\common\log.c estimated size: 287

C:\Program Files (x86)\Microchip\xc8\v1.40\sources\common\ftge.c
		___ftge        		CODE           	2410	0000	145

C:\Program Files (x86)\Microchip\xc8\v1.40\sources\common\ftge.c estimated size: 145

C:\Program Files (x86)\Microchip\xc8\v1.40\sources\common\Umul16.c
		___wmul        		CODE           	2A24	0000	55

C:\Program Files (x86)\Microchip\xc8\v1.40\sources\common\Umul16.c estimated size: 55

C:\Program Files (x86)\Microchip\xc8\v1.40\sources\common\floor.c
		_floor         		CODE           	1B44	0000	223

C:\Program Files (x86)\Microchip\xc8\v1.40\sources\common\floor.c estimated size: 223

C:\Program Files (x86)\Microchip\xc8\v1.40\sources\common\lwmod.c
		___lwmod       		CODE           	267C	0000	99

C:\Program Files (x86)\Microchip\xc8\v1.40\sources\common\lwmod.c estimated size: 99

C:\Program Files (x86)\Microchip\xc8\v1.40\sources\common\ftmul.c
		___ftmul       		CODE           	187C	0000	245

C:\Program Files (x86)\Microchip\xc8\v1.40\sources\common\ftmul.c estimated size: 245

C:\Program Files (x86)\Microchip\xc8\v1.40\sources\common\awmod.c
		___awmod       		CODE           	224E	0000	163

C:\Program Files (x86)\Microchip\xc8\v1.40\sources\common\awmod.c estimated size: 163

C:\Program Files (x86)\Microchip\xc8\v1.40\sources\common\ftdiv.c
		___ftdiv       		CODE           	1A5E	0000	231

C:\Program Files (x86)\Microchip\xc8\v1.40\sources\common\ftdiv.c estimated size: 231

C:\Program Files (x86)\Microchip\xc8\v1.40\sources\common\pow.c
		_pow           		CODE           	1024	0000	375

C:\Program Files (x86)\Microchip\xc8\v1.40\sources\common\pow.c estimated size: 375

C:\Program Files (x86)\Microchip\xc8\v1.40\sources\common\isdigit.c
		_isdigit       		CODE           	2A88	0000	43

C:\Program Files (x86)\Microchip\xc8\v1.40\sources\common\isdigit.c estimated size: 43

shared
		i2_printf      		CODE           	07D0	0000	813
		exp@coeff      		MEDIUMCONST    	FDBB	0000	31
		i2_I2C_Master_Start		CODE           	2C04	0000	9
		i2_putch       		CODE           	2BC0	0000	13
		i2_lcdNibble   		CODE           	289C	0000	79
		i2_I2C_ColorSens_Init		CODE           	1304	0000	319
		_dpowers       		MEDIUMCONST    	FDA2	0000	11
		i2___lwdiv     		CODE           	27FA	0000	83
		_timeset       		MEDIUMCONST    	FDB4	0000	8
		i2_isdigit     		CODE           	2B44	0000	31
		i2___wmul      		CODE           	2AD8	0000	39
		i2_I2C_Master_Read		CODE           	2AB2	0000	39
		i2___lwmod     		CODE           	2934	0000	67
		_keys          		MEDIUMCONST    	FD91	0000	18
		__initialization		CODE           	28EA	0000	61
		i2_read_colorsensor		CODE           	1970	0000	239
		i2_I2C_Master_Wait		CODE           	2B8E	0000	19
		_hexpowers     		MEDIUMCONST    	FDAC	0000	9
		i2_I2C_Master_Stop		CODE           	2BFC	0000	9
		log@coeff      		MEDIUMCONST    	FDD9	0000	28
		i2_lcdInst     		CODE           	2BCC	0000	13
		i2_I2C_Master_Write		CODE           	2BE2	0000	11

shared estimated size: 1949

lcd.c
		_putch         		CODE           	2BA0	0000	17
		_lcdInst       		CODE           	2BB0	0000	17
		_lcdNibble     		CODE           	26DE	0000	97
		_initLCD       		CODE           	284C	0000	81

lcd.c estimated size: 212

C:\Program Files (x86)\Microchip\xc8\v1.40\sources\common\fttol.c
		___fttol       		CODE           	1788	0000	245

C:\Program Files (x86)\Microchip\xc8\v1.40\sources\common\fttol.c estimated size: 245

C:\Program Files (x86)\Microchip\xc8\v1.40\sources\common\lwdiv.c
		___lwdiv       		CODE           	2524	0000	121

C:\Program Files (x86)\Microchip\xc8\v1.40\sources\common\lwdiv.c estimated size: 121

C:\Program Files (x86)\Microchip\xc8\v1.40\sources\common\awdiv.c
		___awdiv       		CODE           	24A0	0000	133

C:\Program Files (x86)\Microchip\xc8\v1.40\sources\common\awdiv.c estimated size: 133

main.c
		_bottle_time   		CODE           	29EE	0000	55
		_read_colorsensor		CODE           	1442	0000	301
		_bottle_count  		CODE           	0E90	0000	405
		_dec_to_hex    		CODE           	168C	0000	253
		_main          		CODE           	1C22	0000	221
		_date_time     		CODE           	1CFE	0000	211
		_isr           		CODE           	0008	0000	1007
		_standby       		CODE           	2028	0000	189
		_operation     		CODE           	1F68	0000	193
		_operationend  		CODE           	2B62	0000	25
		_read_time     		CODE           	2614	0000	105
		_servo_rotate0 		CODE           	22F0	0000	145
		_emergencystop 		CODE           	2B22	0000	35

main.c estimated size: 3145

C:\Program Files (x86)\Microchip\xc8\v1.40\sources\common\ftadd.c
		___ftadd       		CODE           	0CE4	0000	429

C:\Program Files (x86)\Microchip\xc8\v1.40\sources\common\ftadd.c estimated size: 429

C:\Program Files (x86)\Microchip\xc8\v1.40\sources\common\lldiv.c
		___lldiv       		CODE           	20E4	0000	189

C:\Program Files (x86)\Microchip\xc8\v1.40\sources\common\lldiv.c estimated size: 189

