Microchip MPLAB XC8 Compiler V1.40 ()

Linker command line:

-W-3 --edf=D:\Program Files (x86)\Microchip\xc8\v1.40\dat\en_msgs.txt -cs \
  -h+dist/default/production\AER201_PIC.X.production.sym \
  --cmf=dist/default/production\AER201_PIC.X.production.cmf -z -Q18F4620 \
  -oC:\Users\shich\AppData\Local\Temp\s8uo.2 \
  -Mdist/default/production/AER201_PIC.X.production.map -E1 -ver=XC8 \
  -ASTACK=011Eh-0f7fh -pstack=STACK -ACODE=00h-0FFFFh -ACONST=00h-0FFFFh \
  -ASMALLCONST=01000h-010FFhx240 -AMEDIUMCONST=01000h-0FFFFh \
  -ACOMRAM=01h-07Fh -AABS1=00h-0F7Fh -ABIGRAM=01h-0F7Fh \
  -ARAM=080h-0FFh,0100h-01FFhx14,0F00h-0F7Fh -ABANK0=080h-0FFh \
  -ABANK1=0100h-01FFh -ABANK2=0200h-02FFh -ABANK3=0300h-03FFh \
  -ABANK4=0400h-04FFh -ABANK5=0500h-05FFh -ABANK6=0600h-06FFh \
  -ABANK7=0700h-07FFh -ABANK8=0800h-08FFh -ABANK9=0900h-09FFh \
  -ABANK10=0A00h-0AFFh -ABANK11=0B00h-0BFFh -ABANK12=0C00h-0CFFh \
  -ABANK13=0D00h-0DFFh -ABANK14=0E00h-0EFFh -ABANK15=0F00h-0F7Fh \
  -ASFR=0F80h-0FFFh -preset_vec=00h,intcode=08h,intcodelo,powerup,init \
  -pramtop=01000h -psmallconst=SMALLCONST -pmediumconst=MEDIUMCONST \
  -pconst=CONST -AFARRAM=00h-00h -ACONFIG=0300000h-030000Dh -pconfig=CONFIG \
  -AIDLOC=0200000h-0200007h -pidloc=IDLOC -AEEDATA=0F00000h-0F003FFh \
  -peeprom_data=EEDATA \
  -prdata=COMRAM,nvrram=COMRAM,nvbit=COMRAM,rbss=COMRAM,rbit=COMRAM \
  -pfarbss=FARRAM,fardata=FARRAM,nvFARRAM=FARRAM \
  -pintsave_regs=BIGRAM,bigbss=BIGRAM,bigdata=BIGRAM -pbss=RAM \
  -pidata=CODE,irdata=CODE,ibigdata=CODE,ifardata=CODE -prparam=COMRAM \
  C:\Users\shich\AppData\Local\Temp\s8uo.obj \
  dist/default/production\AER201_PIC.X.production.obj 

Object code version is 3.11

Machine type is 18F4620

Call graph: (short form)




                Name                               Link     Load   Length Selector   Space Scale
C:\Users\shich\AppData\Local\Temp\s8uo.obj
                init                                  E        E        4        4       0
                reset_vec                             0        0        4        0       0
                idloc                            200000   200000        8   200000       0
                config                           300000   300000        E   300000       0
dist/default/production\AER201_PIC.X.production.obj
                intcode                               8        8        6        4       0
                temp                                 7E       7E        1        1       1
                mediumconst                        FE44     FE44      1BC     7F22       0
                text69                             295C     295C       84        4       0
                text68                             2644     2644       AE        4       0
                text67                             2C5A     2C5A       5C        4       0
                text66                             3038     3038       24        4       0
                text65                             1070     1070      1AC        4       0
                text64                             2E76     2E76       40        4       0
                text63                             1D50     1D50       F4        4       0
                text62                             3012     3012       26        4       0
                text61                             21B0     21B0       D2        4       0
                text60                             2A58     2A58       78        4       0
                text59                             1C5C     1C5C       F4        4       0
                text58                             28CC     28CC       90        4       0
                text57                             283C     283C       90        4       0
                text56                             1F2A     1F2A       DE        4       0
                text55                             234A     234A       C6        4       0
                text54                             2EF0     2EF0       38        4       0
                text53                             1E44     1E44       E6        4       0
                text52                              E88      E88      1E8        4       0
                text51                             163C     163C      11E        4       0
                text50                             121C     121C      176        4       0
                text49                             1A68     1A68       FC        4       0
                text48                             30C8     30C8       12        4       0
                text47                             2FEC     2FEC       26        4       0
                text46                             313E     313E        8        4       0
                text45                             3136     3136        8        4       0
                text44                             311C     311C        A        4       0
                text43                             2AD0     2AD0       68        4       0
                text42                             2D58     2D58       4E        4       0
                text41                             3106     3106        C        4       0
                text40                             2CB6     2CB6       52        4       0
                text39                             2E34     2E34       42        4       0
                text38                             307E     307E       1E        4       0
                text37                             30FA     30FA        C        4       0
                text36                              B5C      B5C      32C        4       0
                text35                             2008     2008       D6        4       0
                text34                             26F2     26F2       A8        4       0
                intcode_body                        3E8      3E8      3D2        4       0
                text32                             30B4     30B4       14        4       0
                text31                             312E     312E        8        4       0
                text30                             3126     3126        8        4       0
                text29                             3112     3112        A        4       0
                text28                             196A     196A       FE        4       0
                text27                             2588     2588       BC        4       0
                text26                             2BFA     2BFA       60        4       0
                text25                             279A     279A       A2        4       0
                text24                             2B9A     2B9A       60        4       0
                text23                             30EA     30EA       10        4       0
                text22                             29E0     29E0       78        4       0
                text21                             2B38     2B38       62        4       0
                text20                             2F5E     2F5E       36        4       0
                text19                             2FC2     2FC2       2A        4       0
                text18                             30DA     30DA       10        4       0
                text17                               12       12      3D6        4       0
                text16                             1866     1866      104        4       0
                text15                             2F28     2F28       36        4       0
                text14                             2F94     2F94       2E        4       0
                text13                             20DE     20DE       D2        4       0
                text12                             305C     305C       22        4       0
                text11                             2D08     2D08       50        4       0
                text10                             175A     175A      10C        4       0
                text9                              2DF0     2DF0       44        4       0
                text8                              14F0     14F0      14C        4       0
                text7                              2282     2282       C8        4       0
                text6                              1B64     1B64       F8        4       0
                text5                              24CC     24CC       BC        4       0
                text4                              2410     2410       BC        4       0
                text3                               7BA      7BA      3A2        4       0
                text2                              309C     309C       18        4       0
                text1                              2EB6     2EB6       3A        4       0
                text0                              1392     1392      15E        4       0
                cstackCOMRAM                          1        1       75        1       1
                cstackBANK0                          C8       C8       25       80       1
                cstackBANK1                         100      100       10      100       1
                bssBANK1                            110      110        E      100       1
                dataBANK0                            ED       ED        2       80       1
                bssBANK0                             80       80       48       80       1
                bssCOMRAM                            76       76        8        1       1
                cinit                              2DA6     2DA6       4A        4       0
                idataBANK0                         3146     3146        2        4       0

TOTAL           Name                               Link     Load   Length     Space
        CLASS   STACK          

        CLASS   CODE           
                intcode                               8        8        6         0
                init                                  E        E        4         0
                reset_vec                             0        0        4         0
                text69                             295C     295C       84         0
                text68                             2644     2644       AE         0
                text67                             2C5A     2C5A       5C         0
                text66                             3038     3038       24         0
                text65                             1070     1070      1AC         0
                text64                             2E76     2E76       40         0
                text63                             1D50     1D50       F4         0
                text62                             3012     3012       26         0
                text61                             21B0     21B0       D2         0
                text60                             2A58     2A58       78         0
                text59                             1C5C     1C5C       F4         0
                text58                             28CC     28CC       90         0
                text57                             283C     283C       90         0
                text56                             1F2A     1F2A       DE         0
                text55                             234A     234A       C6         0
                text54                             2EF0     2EF0       38         0
                text53                             1E44     1E44       E6         0
                text52                              E88      E88      1E8         0
                text51                             163C     163C      11E         0
                text50                             121C     121C      176         0
                text49                             1A68     1A68       FC         0
                text48                             30C8     30C8       12         0
                text47                             2FEC     2FEC       26         0
                text46                             313E     313E        8         0
                text45                             3136     3136        8         0
                text44                             311C     311C        A         0
                text43                             2AD0     2AD0       68         0
                text42                             2D58     2D58       4E         0
                text41                             3106     3106        C         0
                text40                             2CB6     2CB6       52         0
                text39                             2E34     2E34       42         0
                text38                             307E     307E       1E         0
                text37                             30FA     30FA        C         0
                text36                              B5C      B5C      32C         0
                text35                             2008     2008       D6         0
                text34                             26F2     26F2       A8         0
                intcode_body                        3E8      3E8      3D2         0
                text32                             30B4     30B4       14         0
                text31                             312E     312E        8         0
                text30                             3126     3126        8         0
                text29                             3112     3112        A         0
                text28                             196A     196A       FE         0
                text27                             2588     2588       BC         0
                text26                             2BFA     2BFA       60         0
                text25                             279A     279A       A2         0
                text24                             2B9A     2B9A       60         0
                text23                             30EA     30EA       10         0
                text22                             29E0     29E0       78         0
                text21                             2B38     2B38       62         0
                text20                             2F5E     2F5E       36         0
                text19                             2FC2     2FC2       2A         0
                text18                             30DA     30DA       10         0
                text17                               12       12      3D6         0
                text16                             1866     1866      104         0
                text15                             2F28     2F28       36         0
                text14                             2F94     2F94       2E         0
                text13                             20DE     20DE       D2         0
                text12                             305C     305C       22         0
                text11                             2D08     2D08       50         0
                text10                             175A     175A      10C         0
                text9                              2DF0     2DF0       44         0
                text8                              14F0     14F0      14C         0
                text7                              2282     2282       C8         0
                text6                              1B64     1B64       F8         0
                text5                              24CC     24CC       BC         0
                text4                              2410     2410       BC         0
                text3                               7BA      7BA      3A2         0
                text2                              309C     309C       18         0
                text1                              2EB6     2EB6       3A         0
                text0                              1392     1392      15E         0
                cinit                              2DA6     2DA6       4A         0
                idataBANK0                         3146     3146        2         0

        CLASS   CONST          

        CLASS   SMALLCONST     

        CLASS   MEDIUMCONST    
                mediumconst                        FE44     FE44      1BC         0

        CLASS   COMRAM         
                temp                                 7E       7E        1         1
                cstackCOMRAM                          1        1       75         1
                bssCOMRAM                            76       76        8         1

        CLASS   ABS1           

        CLASS   BIGRAM         

        CLASS   RAM            

        CLASS   BANK0          
                cstackBANK0                          C8       C8       25         1
                dataBANK0                            ED       ED        2         1
                bssBANK0                             80       80       48         1

        CLASS   BANK1          
                cstackBANK1                         100      100       10         1
                bssBANK1                            110      110        E         1

        CLASS   BANK2          

        CLASS   BANK3          

        CLASS   BANK4          

        CLASS   BANK5          

        CLASS   BANK6          

        CLASS   BANK7          

        CLASS   BANK8          

        CLASS   BANK9          

        CLASS   BANK10         

        CLASS   BANK11         

        CLASS   BANK12         

        CLASS   BANK13         

        CLASS   BANK14         

        CLASS   BANK15         

        CLASS   SFR            

        CLASS   FARRAM         

        CLASS   CONFIG         
                config                           300000   300000        E         0

        CLASS   IDLOC          
                idloc                            200000   200000        8         0

        CLASS   EEDATA         



SEGMENTS        Name                           Load    Length   Top    Selector   Space  Class

                reset_vec                      000000  000004  000004         0       0  CODE    
                cstackCOMRAM                   000001  00007E  00007F         1       1  COMRAM  
                intcode                        000008  003140  003148         4       0  CODE    
                bssBANK0                       000080  00006F  0000EF        80       1  BANK0   
                cstackBANK1                    000100  00001E  00011E       100       1  BANK1   
                mediumconst                    00FE44  0001BC  010000      7F22       0  MEDIUMCO
                idloc                          200000  000008  200008    200000       0  IDLOC   
                config                         300000  00000E  30000E    300000       0  CONFIG  


UNUSED ADDRESS RANGES

        Name                Unused          Largest block    Delta
        BANK0            0000EF-0000FF               11
        BANK1            00011E-0001FF               E2
        BANK10           000A00-000AFF              100
        BANK11           000B00-000BFF              100
        BANK12           000C00-000CFF              100
        BANK13           000D00-000DFF              100
        BANK14           000E00-000EFF              100
        BANK15           000F00-000F7F               80
        BANK2            000200-0002FF              100
        BANK3            000300-0003FF              100
        BANK4            000400-0004FF              100
        BANK5            000500-0005FF              100
        BANK6            000600-0006FF              100
        BANK7            000700-0007FF              100
        BANK8            000800-0008FF              100
        BANK9            000900-0009FF              100
        BIGRAM           00007F-00007F                1
                         0000EF-0000FF               11
                         00011E-000F7F              E62
        CODE             000004-000007                4
                         003148-00FE43             CCFC
        COMRAM           00007F-00007F                1
        CONST            000004-000007                4
                         003148-00FE43             CCFC
        EEDATA           F00000-F003FF              400
        MEDIUMCONST      003148-00FE43             CCFC
        RAM              0000EF-0000FF               11
                         00011E-000F7F              100
        SFR              000F80-000FFF               80
        SMALLCONST       003148-00FE43              100
        STACK            00011E-000F7F              E62

                                  Symbol Table

?___altoft                   cstackCOMRAM 000037
?___awdiv                    cstackCOMRAM 000001
?___awmod                    cstackBANK0  0000D8
?___awtoft                   cstackBANK0  0000E0
?___ftadd                    cstackCOMRAM 00001C
?___ftdiv                    cstackBANK0  0000E0
?___ftmul                    cstackCOMRAM 00000D
?___ftneg                    cstackCOMRAM 000001
?___ftpack                   cstackBANK0  0000D8
?___ftsub                    cstackCOMRAM 000028
?___fttol                    cstackCOMRAM 000028
?___lldiv                    cstackBANK0  0000D8
?___lltoft                   cstackCOMRAM 000009
?___lwdiv                    cstackBANK0  0000D8
?___lwmod                    cstackBANK0  0000DF
?___wmul                     cstackBANK0  0000D8
?_dec_to_hex                 cstackCOMRAM 000063
?_eval_poly                  cstackCOMRAM 000028
?_exp                        cstackCOMRAM 000049
?_floor                      cstackCOMRAM 000041
?_frexp                      cstackCOMRAM 000001
?_ldexp                      cstackCOMRAM 000034
?_log                        cstackCOMRAM 000034
?_pow                        cstackCOMRAM 000052
?_printf                     cstackBANK0  0000E4
?i2___awtoft                 cstackCOMRAM 000009
?i2___ftdiv                  cstackCOMRAM 000009
?i2___ftpack                 cstackCOMRAM 000001
?i2___lwdiv                  cstackCOMRAM 000001
?i2___lwmod                  cstackCOMRAM 000008
?i2___wmul                   cstackCOMRAM 000001
?i2_printf                   cstackCOMRAM 00000D
I2C_Master_Init@c            cstackBANK0  0000E5
I2C_Master_Read@a            cstackBANK0  0000D9
I2C_Master_Read@temp         cstackBANK0  0000DA
I2C_Master_Write@d           cstackBANK0  0000D9
_ACKDT                       (abs)        007E2D
_ACKEN                       (abs)        007E2C
_ADCON0                      (abs)        000FC2
_ADCON1                      (abs)        000FC1
_GIE                         (abs)        007F97
_I2C_ColorSens_Init          text28       00196A
_I2C_Master_Init             text26       002BFA
_I2C_Master_Read             text14       002F94
_I2C_Master_Start            text31       00312E
_I2C_Master_Stop             text30       003126
_I2C_Master_Wait             text32       0030B4
_I2C_Master_Write            text29       003112
_INT0IE                      (abs)        007F94
_INT1IE                      (abs)        007F83
_INT1IF                      (abs)        007F80
_INT2IE                      (abs)        007F84
_INTCONbits                  (abs)        000FF2
_LATA                        (abs)        000F89
_LATAbits                    (abs)        000F89
_LATB                        (abs)        000F8A
_LATC                        (abs)        000F8B
_LATCbits                    (abs)        000F8B
_LATD                        (abs)        000F8C
_LATDbits                    (abs)        000F8C
_LATE                        (abs)        000F8D
_PEN                         (abs)        007E2A
_PORTAbits                   (abs)        000F80
_PORTB                       (abs)        000F81
_PSA                         (abs)        007EAB
_RCEN                        (abs)        007E2B
_RSEN                        (abs)        007E29
_SEN                         (abs)        007E28
_SSPADD                      (abs)        000FC8
_SSPBUF                      (abs)        000FC9
_SSPCON1                     (abs)        000FC6
_SSPCON2                     (abs)        000FC5
_SSPSTAT                     (abs)        000FC7
_T08BIT                      (abs)        007EAE
_T0CS                        (abs)        007EAD
_T0PS0                       (abs)        007EA8
_T0PS1                       (abs)        007EA9
_T0PS2                       (abs)        007EAA
_TMR0                        (abs)        000FD6
_TMR0IE                      (abs)        007F95
_TMR0IF                      (abs)        007F92
_TMR0ON                      (abs)        007EAF
_TRISA                       (abs)        000F92
_TRISB                       (abs)        000F93
_TRISC                       (abs)        000F94
_TRISC3                      (abs)        007CA3
_TRISC4                      (abs)        007CA4
_TRISD                       (abs)        000F95
_TRISE                       (abs)        000F96
__CFG_BOREN$SBORDIS          (abs)        000000
__CFG_BORV$3                 (abs)        000000
__CFG_CCP2MX$PORTC           (abs)        000000
__CFG_CP0$OFF                (abs)        000000
__CFG_CP1$OFF                (abs)        000000
__CFG_CP2$OFF                (abs)        000000
__CFG_CP3$OFF                (abs)        000000
__CFG_CPB$OFF                (abs)        000000
__CFG_CPD$OFF                (abs)        000000
__CFG_EBTR0$OFF              (abs)        000000
__CFG_EBTR1$OFF              (abs)        000000
__CFG_EBTR2$OFF              (abs)        000000
__CFG_EBTR3$OFF              (abs)        000000
__CFG_EBTRB$OFF              (abs)        000000
__CFG_FCMEN$OFF              (abs)        000000
__CFG_IESO$OFF               (abs)        000000
__CFG_LPT1OSC$OFF            (abs)        000000
__CFG_LVP$OFF                (abs)        000000
__CFG_MCLRE$ON               (abs)        000000
__CFG_OSC$HS                 (abs)        000000
__CFG_PBADEN$ON              (abs)        000000
__CFG_PWRT$OFF               (abs)        000000
__CFG_STVREN$ON              (abs)        000000
__CFG_WDT$OFF                (abs)        000000
__CFG_WDTPS$32768            (abs)        000000
__CFG_WRT0$OFF               (abs)        000000
__CFG_WRT1$OFF               (abs)        000000
__CFG_WRT2$OFF               (abs)        000000
__CFG_WRT3$OFF               (abs)        000000
__CFG_WRTB$OFF               (abs)        000000
__CFG_WRTC$OFF               (abs)        000000
__CFG_WRTD$OFF               (abs)        000000
__CFG_XINST$OFF              (abs)        000000
__HRAM                       (abs)        000000
__Habs1                      abs1         000000
__Hbank0                     bank0        000000
__Hbank1                     bank1        000000
__Hbank10                    bank10       000000
__Hbank11                    bank11       000000
__Hbank12                    bank12       000000
__Hbank13                    bank13       000000
__Hbank14                    bank14       000000
__Hbank15                    bank15       000000
__Hbank2                     bank2        000000
__Hbank3                     bank3        000000
__Hbank4                     bank4        000000
__Hbank5                     bank5        000000
__Hbank6                     bank6        000000
__Hbank7                     bank7        000000
__Hbank8                     bank8        000000
__Hbank9                     bank9        000000
__Hbigbss                    bigbss       000000
__Hbigdata                   bigdata      000000
__Hbigram                    bigram       000000
__Hbss                       bss          000000
__HbssBANK0                  bssBANK0     000000
__HbssBANK1                  bssBANK1     000000
__HbssCOMRAM                 bssCOMRAM    000000
__Hcinit                     cinit        000000
__Hclrtext                   clrtext      000000
__Hcomram                    comram       000000
__Hconfig                    config       30000E
__Hconst                     const        000000
__HcstackBANK0               cstackBANK0  000000
__HcstackBANK1               cstackBANK1  000000
__HcstackCOMRAM              cstackCOMRAM 000000
__Hdata                      data         000000
__HdataBANK0                 dataBANK0    000000
__Heeprom_data               eeprom_data  000000
__Hfarbss                    farbss       000000
__Hfardata                   fardata      000000
__Hibigdata                  ibigdata     000000
__Hidata                     idata        000000
__HidataBANK0                idataBANK0   000000
__Hidloc                     idloc        200008
__Hifardata                  ifardata     000000
__Hinit                      init         000012
__Hintcode                   intcode      00000E
__Hintcode_body              intcode_body 000000
__Hintcodelo                 intcodelo    00000E
__Hintentry                  intentry     000000
__Hintret                    intret       000000
__Hintsave_regs              intsave_regs 000000
__Hirdata                    irdata       000000
__Hmediumconst               mediumconst  010000
__HnvFARRAM                  nvFARRAM     000000
__Hnvbit                     nvbit        000000
__Hnvrram                    nvrram       000000
__Hparam                     rparam       000000
__Hpowerup                   powerup      00000E
__Hram                       ram          000000
__Hramtop                    ramtop       001000
__Hrbit                      rbit         000000
__Hrbss                      rbss         000000
__Hrdata                     rdata        000000
__Hreset_vec                 reset_vec    000004
__Hrparam                    rparam       000000
__Hsfr                       sfr          000000
__Hsmallconst                smallconst   000000
__Hspace_0                   (abs)        30000E
__Hspace_1                   (abs)        00011E
__Hspace_2                   (abs)        000000
__Hstack                     stack        000000
__Hstruct                    struct       000000
__Htemp                      temp         00007F
__Htext                      text         000000
__Htext0                     text0        000000
__Htext1                     text1        000000
__Htext10                    text10       000000
__Htext11                    text11       000000
__Htext12                    text12       000000
__Htext13                    text13       000000
__Htext14                    text14       000000
__Htext15                    text15       000000
__Htext16                    text16       000000
__Htext17                    text17       000000
__Htext18                    text18       000000
__Htext19                    text19       000000
__Htext2                     text2        000000
__Htext20                    text20       000000
__Htext21                    text21       000000
__Htext22                    text22       000000
__Htext23                    text23       000000
__Htext24                    text24       000000
__Htext25                    text25       000000
__Htext26                    text26       000000
__Htext27                    text27       000000
__Htext28                    text28       000000
__Htext29                    text29       000000
__Htext3                     text3        000000
__Htext30                    text30       000000
__Htext31                    text31       000000
__Htext32                    text32       000000
__Htext34                    text34       000000
__Htext35                    text35       000000
__Htext36                    text36       000000
__Htext37                    text37       000000
__Htext38                    text38       000000
__Htext39                    text39       000000
__Htext4                     text4        000000
__Htext40                    text40       000000
__Htext41                    text41       000000
__Htext42                    text42       000000
__Htext43                    text43       000000
__Htext44                    text44       000000
__Htext45                    text45       000000
__Htext46                    text46       000000
__Htext47                    text47       000000
__Htext48                    text48       000000
__Htext49                    text49       000000
__Htext5                     text5        000000
__Htext50                    text50       000000
__Htext51                    text51       000000
__Htext52                    text52       000000
__Htext53                    text53       000000
__Htext54                    text54       000000
__Htext55                    text55       000000
__Htext56                    text56       000000
__Htext57                    text57       000000
__Htext58                    text58       000000
__Htext59                    text59       000000
__Htext6                     text6        000000
__Htext60                    text60       000000
__Htext61                    text61       000000
__Htext62                    text62       000000
__Htext63                    text63       000000
__Htext64                    text64       000000
__Htext65                    text65       000000
__Htext66                    text66       000000
__Htext67                    text67       000000
__Htext68                    text68       000000
__Htext69                    text69       000000
__Htext7                     text7        000000
__Htext8                     text8        000000
__Htext9                     text9        000000
__LRAM                       (abs)        000001
__Labs1                      abs1         000000
__Lbank0                     bank0        000000
__Lbank1                     bank1        000000
__Lbank10                    bank10       000000
__Lbank11                    bank11       000000
__Lbank12                    bank12       000000
__Lbank13                    bank13       000000
__Lbank14                    bank14       000000
__Lbank15                    bank15       000000
__Lbank2                     bank2        000000
__Lbank3                     bank3        000000
__Lbank4                     bank4        000000
__Lbank5                     bank5        000000
__Lbank6                     bank6        000000
__Lbank7                     bank7        000000
__Lbank8                     bank8        000000
__Lbank9                     bank9        000000
__Lbigbss                    bigbss       000000
__Lbigdata                   bigdata      000000
__Lbigram                    bigram       000000
__Lbss                       bss          000000
__LbssBANK0                  bssBANK0     000000
__LbssBANK1                  bssBANK1     000000
__LbssCOMRAM                 bssCOMRAM    000000
__Lcinit                     cinit        000000
__Lclrtext                   clrtext      000000
__Lcomram                    comram       000000
__Lconfig                    config       300000
__Lconst                     const        000000
__LcstackBANK0               cstackBANK0  000000
__LcstackBANK1               cstackBANK1  000000
__LcstackCOMRAM              cstackCOMRAM 000000
__Ldata                      data         000000
__LdataBANK0                 dataBANK0    000000
__Leeprom_data               eeprom_data  000000
__Lfarbss                    farbss       000000
__Lfardata                   fardata      000000
__Libigdata                  ibigdata     000000
__Lidata                     idata        000000
__LidataBANK0                idataBANK0   000000
__Lidloc                     idloc        200000
__Lifardata                  ifardata     000000
__Linit                      init         00000E
__Lintcode                   intcode      000008
__Lintcode_body              intcode_body 000000
__Lintcodelo                 intcodelo    00000E
__Lintentry                  intentry     000000
__Lintret                    intret       000000
__Lintsave_regs              intsave_regs 000000
__Lirdata                    irdata       000000
__Lmediumconst               mediumconst  00FE44
__LnvFARRAM                  nvFARRAM     000000
__Lnvbit                     nvbit        000000
__Lnvrram                    nvrram       000000
__Lparam                     rparam       000000
__Lpowerup                   powerup      00000E
__Lram                       ram          000000
__Lramtop                    ramtop       001000
__Lrbit                      rbit         000000
__Lrbss                      rbss         000000
__Lrdata                     rdata        000000
__Lreset_vec                 reset_vec    000000
__Lrparam                    rparam       000000
__Lsfr                       sfr          000000
__Lsmallconst                smallconst   000000
__Lspace_0                   (abs)        000000
__Lspace_1                   (abs)        000000
__Lspace_2                   (abs)        000000
__Lstack                     stack        000000
__Lstruct                    struct       000000
__Ltemp                      temp         00007E
__Ltext                      text         000000
__Ltext0                     text0        000000
__Ltext1                     text1        000000
__Ltext10                    text10       000000
__Ltext11                    text11       000000
__Ltext12                    text12       000000
__Ltext13                    text13       000000
__Ltext14                    text14       000000
__Ltext15                    text15       000000
__Ltext16                    text16       000000
__Ltext17                    text17       000000
__Ltext18                    text18       000000
__Ltext19                    text19       000000
__Ltext2                     text2        000000
__Ltext20                    text20       000000
__Ltext21                    text21       000000
__Ltext22                    text22       000000
__Ltext23                    text23       000000
__Ltext24                    text24       000000
__Ltext25                    text25       000000
__Ltext26                    text26       000000
__Ltext27                    text27       000000
__Ltext28                    text28       000000
__Ltext29                    text29       000000
__Ltext3                     text3        000000
__Ltext30                    text30       000000
__Ltext31                    text31       000000
__Ltext32                    text32       000000
__Ltext34                    text34       000000
__Ltext35                    text35       000000
__Ltext36                    text36       000000
__Ltext37                    text37       000000
__Ltext38                    text38       000000
__Ltext39                    text39       000000
__Ltext4                     text4        000000
__Ltext40                    text40       000000
__Ltext41                    text41       000000
__Ltext42                    text42       000000
__Ltext43                    text43       000000
__Ltext44                    text44       000000
__Ltext45                    text45       000000
__Ltext46                    text46       000000
__Ltext47                    text47       000000
__Ltext48                    text48       000000
__Ltext49                    text49       000000
__Ltext5                     text5        000000
__Ltext50                    text50       000000
__Ltext51                    text51       000000
__Ltext52                    text52       000000
__Ltext53                    text53       000000
__Ltext54                    text54       000000
__Ltext55                    text55       000000
__Ltext56                    text56       000000
__Ltext57                    text57       000000
__Ltext58                    text58       000000
__Ltext59                    text59       000000
__Ltext6                     text6        000000
__Ltext60                    text60       000000
__Ltext61                    text61       000000
__Ltext62                    text62       000000
__Ltext63                    text63       000000
__Ltext64                    text64       000000
__Ltext65                    text65       000000
__Ltext66                    text66       000000
__Ltext67                    text67       000000
__Ltext68                    text68       000000
__Ltext69                    text69       000000
__Ltext7                     text7        000000
__Ltext8                     text8        000000
__Ltext9                     text9        000000
__S0                         (abs)        30000E
__S1                         (abs)        00011E
__S2                         (abs)        000000
___altoft                    text60       002A58
___altoft@c                  cstackCOMRAM 000037
___altoft@exp                cstackCOMRAM 00003F
___altoft@sign               cstackCOMRAM 000040
___awdiv                     text69       00295C
___awdiv@counter             cstackCOMRAM 000005
___awdiv@dividend            cstackCOMRAM 000001
___awdiv@divisor             cstackCOMRAM 000003
___awdiv@quotient            cstackCOMRAM 000007
___awdiv@sign                cstackCOMRAM 000006
___awmod                     text25       00279A
___awmod@counter             cstackBANK0  0000DC
___awmod@dividend            cstackBANK0  0000D8
___awmod@divisor             cstackBANK0  0000DA
___awmod@sign                cstackBANK0  0000DD
___awtoft                    text9        002DF0
___awtoft@c                  cstackBANK0  0000E0
___awtoft@sign               cstackBANK0  0000E3
___ftadd                     text65       001070
___ftadd@exp1                cstackCOMRAM 000027
___ftadd@exp2                cstackCOMRAM 000026
___ftadd@f1                  cstackCOMRAM 00001C
___ftadd@f2                  cstackCOMRAM 00001F
___ftadd@sign                cstackCOMRAM 000025
___ftdiv                     text8        0014F0
___ftdiv@cntr                cstackBANK1  000100
___ftdiv@exp                 cstackBANK1  000104
___ftdiv@f1                  cstackBANK0  0000E0
___ftdiv@f2                  cstackBANK0  0000E3
___ftdiv@f3                  cstackBANK1  000101
___ftdiv@sign                cstackBANK1  000105
___ftge                      text7        002282
___ftge@ff1                  cstackBANK1  000106
___ftge@ff2                  cstackBANK1  000109
___ftmul                     text63       001D50
___ftmul@cntr                cstackCOMRAM 00001A
___ftmul@exp                 cstackCOMRAM 000016
___ftmul@f1                  cstackCOMRAM 00000D
___ftmul@f2                  cstackCOMRAM 000010
___ftmul@f3_as_product       cstackCOMRAM 000017
___ftmul@sign                cstackCOMRAM 00001B
___ftneg                     text66       003038
___ftneg@f1                  cstackCOMRAM 000001
___ftpack                    text10       00175A
___ftpack@arg                cstackBANK0  0000D8
___ftpack@exp                cstackBANK0  0000DB
___ftpack@sign               cstackBANK0  0000DC
___ftsub                     text64       002E76
___ftsub@f1                  cstackCOMRAM 000028
___ftsub@f2                  cstackCOMRAM 00002B
___fttol                     text59       001C5C
___fttol@exp1                cstackCOMRAM 000036
___fttol@f1                  cstackCOMRAM 000028
___fttol@lval                cstackCOMRAM 000032
___fttol@sign1               cstackCOMRAM 000031
___inthi_sp                  stack        000000
___intlo_sp                  stack        000000
___lldiv                     text27       002588
___lldiv@counter             cstackBANK0  0000E4
___lldiv@dividend            cstackBANK0  0000D8
___lldiv@divisor             cstackBANK0  0000DC
___lldiv@quotient            cstackBANK0  0000E0
___lltoft                    text67       002C5A
___lltoft@c                  cstackCOMRAM 000009
___lltoft@exp                cstackCOMRAM 000011
___lwdiv                     text22       0029E0
___lwdiv@counter             cstackBANK0  0000DC
___lwdiv@dividend            cstackBANK0  0000D8
___lwdiv@divisor             cstackBANK0  0000DA
___lwdiv@quotient            cstackBANK0  0000DD
___lwmod                     text21       002B38
___lwmod@counter             cstackBANK0  0000E3
___lwmod@dividend            cstackBANK0  0000DF
___lwmod@divisor             cstackBANK0  0000E1
___param_bank                (abs)        000000
___rparam_used               (abs)        000001
___sp                        stack        000000
___wmul                      text20       002F5E
___wmul@multiplicand         cstackBANK0  0000DA
___wmul@multiplier           cstackBANK0  0000D8
___wmul@product              cstackBANK0  0000DC
__accesstop                  (abs)        000080
__activetblptr               (abs)        000002
__end_of_I2C_ColorSens_Init  text28       001A68
__end_of_I2C_Master_Init     text26       002C5A
__end_of_I2C_Master_Read     text14       002FC2
__end_of_I2C_Master_Start    text31       003136
__end_of_I2C_Master_Stop     text30       00312E
__end_of_I2C_Master_Wait     text32       0030C8
__end_of_I2C_Master_Write    text29       00311C
__end_of___altoft            text60       002AD0
__end_of___awdiv             text69       0029E0
__end_of___awmod             text25       00283C
__end_of___awtoft            text9        002E34
__end_of___ftadd             text65       00121C
__end_of___ftdiv             text8        00163C
__end_of___ftge              text7        00234A
__end_of___ftmul             text63       001E44
__end_of___ftneg             text66       00305C
__end_of___ftpack            text10       001866
__end_of___ftsub             text64       002EB6
__end_of___fttol             text59       001D50
__end_of___lldiv             text27       002644
__end_of___lltoft            text67       002CB6
__end_of___lwdiv             text22       002A58
__end_of___lwmod             text21       002B9A
__end_of___wmul              text20       002F94
__end_of__initialization     cinit        002DE2
__end_of_bottle_count        text16       00196A
__end_of_bottle_time         text15       002F5E
__end_of_date_time           text13       0021B0
__end_of_dec_to_hex          text49       001B64
__end_of_dpowers             mediumconst  00FE60
__end_of_emergencystop       text12       00307E
__end_of_eval_poly           text61       002282
__end_of_exp                 text52       001070
__end_of_floor               text56       002008
__end_of_frexp               text58       00295C
__end_of_hexpowers           mediumconst  00FE68
__end_of_initLCD             text11       002D58
__end_of_isdigit             text19       002FEC
__end_of_isr                 intcode_body 0007BA
__end_of_keys                mediumconst  00FE56
__end_of_lcdInst             text23       0030FA
__end_of_lcdNibble           text24       002BFA
__end_of_ldexp               text55       002410
__end_of_log                 text51       00175A
__end_of_main                text0        0014F0
__end_of_operation           text3        000B5C
__end_of_operationend        text2        0030B4
__end_of_pow                 text50       001392
__end_of_printf              text17       0003E8
__end_of_putch               text18       0030EA
__end_of_read_colorsensor    text6        001C5C
__end_of_read_time           text43       002B38
__end_of_servo_rotate0       text5        002588
__end_of_servo_rotate1       text4        0024CC
__end_of_standby             text1        002EF0
__end_of_timeset             mediumconst  00FE6F
__end_ofexp@coeff            mediumconst  00FE8D
__end_ofi2_I2C_Master_Read   text47       003012
__end_ofi2_I2C_Master_Start  text46       003146
__end_ofi2_I2C_Master_Stop   text45       00313E
__end_ofi2_I2C_Master_Wait   text48       0030DA
__end_ofi2_I2C_Master_Write  text44       003126
__end_ofi2___awtoft          text54       002F28
__end_ofi2___ftdiv           text53       001F2A
__end_ofi2___ftge            text57       0028CC
__end_ofi2___ftpack          text68       0026F2
__end_ofi2___lwdiv           text40       002D08
__end_ofi2___lwmod           text39       002E76
__end_ofi2___wmul            text62       003038
__end_ofi2_isdigit           text38       00309C
__end_ofi2_lcdInst           text41       003112
__end_ofi2_lcdNibble         text42       002DA6
__end_ofi2_printf            text36       000E88
__end_ofi2_putch             text37       003106
__end_ofi2_read_colorsensor  text35       0020DE
__end_ofi2_servo_rotate1     text34       00279A
__end_oflog@coeff            mediumconst  00FEA8
__initialization             cinit        002DA6
__mediumconst                mediumconst  00FE44
__pbssBANK0                  bssBANK0     000080
__pbssBANK1                  bssBANK1     000110
__pbssCOMRAM                 bssCOMRAM    000076
__pcinit                     cinit        002DA6
__pcstackBANK0               cstackBANK0  0000C8
__pcstackBANK1               cstackBANK1  000100
__pcstackCOMRAM              cstackCOMRAM 000001
__pdataBANK0                 dataBANK0    0000ED
__pidataBANK0                idataBANK0   003146
__pintcode                   intcode      000008
__pintcode_body              intcode_body 0003E8
__pmediumconst               mediumconst  00FE44
__ptext0                     text0        001392
__ptext1                     text1        002EB6
__ptext10                    text10       00175A
__ptext11                    text11       002D08
__ptext12                    text12       00305C
__ptext13                    text13       0020DE
__ptext14                    text14       002F94
__ptext15                    text15       002F28
__ptext16                    text16       001866
__ptext17                    text17       000012
__ptext18                    text18       0030DA
__ptext19                    text19       002FC2
__ptext2                     text2        00309C
__ptext20                    text20       002F5E
__ptext21                    text21       002B38
__ptext22                    text22       0029E0
__ptext23                    text23       0030EA
__ptext24                    text24       002B9A
__ptext25                    text25       00279A
__ptext26                    text26       002BFA
__ptext27                    text27       002588
__ptext28                    text28       00196A
__ptext29                    text29       003112
__ptext3                     text3        0007BA
__ptext30                    text30       003126
__ptext31                    text31       00312E
__ptext32                    text32       0030B4
__ptext34                    text34       0026F2
__ptext35                    text35       002008
__ptext36                    text36       000B5C
__ptext37                    text37       0030FA
__ptext38                    text38       00307E
__ptext39                    text39       002E34
__ptext4                     text4        002410
__ptext40                    text40       002CB6
__ptext41                    text41       003106
__ptext42                    text42       002D58
__ptext43                    text43       002AD0
__ptext44                    text44       00311C
__ptext45                    text45       003136
__ptext46                    text46       00313E
__ptext47                    text47       002FEC
__ptext48                    text48       0030C8
__ptext49                    text49       001A68
__ptext5                     text5        0024CC
__ptext50                    text50       00121C
__ptext51                    text51       00163C
__ptext52                    text52       000E88
__ptext53                    text53       001E44
__ptext54                    text54       002EF0
__ptext55                    text55       00234A
__ptext56                    text56       001F2A
__ptext57                    text57       00283C
__ptext58                    text58       0028CC
__ptext59                    text59       001C5C
__ptext6                     text6        001B64
__ptext60                    text60       002A58
__ptext61                    text61       0021B0
__ptext62                    text62       003012
__ptext63                    text63       001D50
__ptext64                    text64       002E76
__ptext65                    text65       001070
__ptext66                    text66       003038
__ptext67                    text67       002C5A
__ptext68                    text68       002644
__ptext69                    text69       00295C
__ptext7                     text7        002282
__ptext8                     text8        0014F0
__ptext9                     text9        002DF0
__ramtop                     ramtop       001000
__size_of_I2C_ColorSens_Init (abs)        000000
__size_of_I2C_Master_Init    (abs)        000000
__size_of_I2C_Master_Read    (abs)        000000
__size_of_I2C_Master_Start   (abs)        000000
__size_of_I2C_Master_Stop    (abs)        000000
__size_of_I2C_Master_Wait    (abs)        000000
__size_of_I2C_Master_Write   (abs)        000000
__size_of___altoft           (abs)        000000
__size_of___awdiv            (abs)        000000
__size_of___awmod            (abs)        000000
__size_of___awtoft           (abs)        000000
__size_of___ftadd            (abs)        000000
__size_of___ftdiv            (abs)        000000
__size_of___ftge             (abs)        000000
__size_of___ftmul            (abs)        000000
__size_of___ftneg            (abs)        000000
__size_of___ftpack           (abs)        000000
__size_of___ftsub            (abs)        000000
__size_of___fttol            (abs)        000000
__size_of___lldiv            (abs)        000000
__size_of___lltoft           (abs)        000000
__size_of___lwdiv            (abs)        000000
__size_of___lwmod            (abs)        000000
__size_of___wmul             (abs)        000000
__size_of_bottle_count       (abs)        000000
__size_of_bottle_time        (abs)        000000
__size_of_date_time          (abs)        000000
__size_of_dec_to_hex         (abs)        000000
__size_of_emergencystop      (abs)        000000
__size_of_eval_poly          (abs)        000000
__size_of_exp                (abs)        000000
__size_of_floor              (abs)        000000
__size_of_frexp              (abs)        000000
__size_of_initLCD            (abs)        000000
__size_of_isdigit            (abs)        000000
__size_of_isr                (abs)        000000
__size_of_lcdInst            (abs)        000000
__size_of_lcdNibble          (abs)        000000
__size_of_ldexp              (abs)        000000
__size_of_log                (abs)        000000
__size_of_main               (abs)        000000
__size_of_operation          (abs)        000000
__size_of_operationend       (abs)        000000
__size_of_pow                (abs)        000000
__size_of_printf             (abs)        000000
__size_of_putch              (abs)        000000
__size_of_read_colorsensor   (abs)        000000
__size_of_read_time          (abs)        000000
__size_of_servo_rotate0      (abs)        000000
__size_of_servo_rotate1      (abs)        000000
__size_of_standby            (abs)        000000
__size_ofi2_I2C_Master_Read  (abs)        000000
__size_ofi2_I2C_Master_Start (abs)        000000
__size_ofi2_I2C_Master_Stop  (abs)        000000
__size_ofi2_I2C_Master_Wait  (abs)        000000
__size_ofi2_I2C_Master_Write (abs)        000000
__size_ofi2___awtoft         (abs)        000000
__size_ofi2___ftdiv          (abs)        000000
__size_ofi2___ftge           (abs)        000000
__size_ofi2___ftpack         (abs)        000000
__size_ofi2___lwdiv          (abs)        000000
__size_ofi2___lwmod          (abs)        000000
__size_ofi2___wmul           (abs)        000000
__size_ofi2_isdigit          (abs)        000000
__size_ofi2_lcdInst          (abs)        000000
__size_ofi2_lcdNibble        (abs)        000000
__size_ofi2_printf           (abs)        000000
__size_ofi2_putch            (abs)        000000
__size_ofi2_read_colorsensor (abs)        000000
__size_ofi2_servo_rotate1    (abs)        000000
__smallconst                 smallconst   000000
_b                           bssBANK0     0000A1
_b_p                         bssBANK0     0000A4
_bottle_count                text16       001866
_bottle_count_array          bssBANK0     000080
_bottle_count_disp           dataBANK0    0000ED
_bottle_read_bot             bssBANK0     0000AD
_bottle_read_top             bssBANK0     0000AF
_bottle_time                 text15       002F28
_color                       bssBANK0     00008A
_color_high                  bssBANK0     000099
_color_low                   bssBANK0     00009D
_colorprev                   bssBANK1     000110
_curr_state                  bssBANK0     0000C7
_date_time                   text13       0020DE
_dec_to_hex                  text49       001A68
_dec_to_hex$1245             cstackCOMRAM 000065
_dec_to_hex$1372             cstackCOMRAM 000068
_dpowers                     mediumconst  00FE56
_emergencystop               text12       00305C
_end_time                    bssCOMRAM    000076
_errno                       bssBANK0     0000B1
_etime                       bssBANK0     0000B3
_eval_poly                   text61       0021B0
_exp                         text52       000E88
_exp$1248                    cstackCOMRAM 00004C
_flag_bottle                 bssBANK0     0000B5
_flag_bottle_high            bssBANK0     0000B7
_flag_picbug                 bssBANK0     0000B9
_flag_top_read               bssBANK0     0000BB
_flag_yopNC                  bssBANK0     0000BD
_floor                       text56       001F2A
_frexp                       text58       0028CC
_hexpowers                   mediumconst  00FE60
_i                           bssCOMRAM    000078
_initLCD                     text11       002D08
_isdigit                     text19       002FC2
_isdigit$805                 cstackBANK0  0000D9
_isr                         intcode      000008
_isr$1371                    cstackCOMRAM 000074
_j                           bssBANK0     0000BF
_keys                        mediumconst  00FE45
_lcdInst                     text23       0030EA
_lcdNibble                   text24       002B9A
_ldexp                       text55       00234A
_log                         text51       00163C
_main                        text0        001392
_nRBPU                       (abs)        007F8F
_operation                   text3        0007BA
_operation_disp              bssBANK0     0000C1
_operation_time              bssBANK0     0000C3
_operationend                text2        00309C
_pow                         text50       00121C
_pow$1246                    cstackCOMRAM 000058
_pow$1247                    cstackCOMRAM 00005B
_printf                      text17       000012
_putch                       text18       0030DA
_r                           bssBANK0     0000A7
_r_p                         bssBANK0     0000AA
_read_colorsensor            text6        001B64
_read_time                   text43       002AD0
_servo_rotate0               text5        0024CC
_servo_rotate1               text4        002410
_standby                     text1        002EB6
_start_time                  bssCOMRAM    00007A
_stime                       bssCOMRAM    00007C
_testflag                    bssBANK0     0000C5
_testint                     bssBANK1     000118
_time                        bssBANK0     000092
_timeset                     mediumconst  00FE68
btemp                        temp         00007E
date_time@i                  cstackBANK0  0000EC
dec_to_hex@hexnum            cstackCOMRAM 00006F
dec_to_hex@i                 cstackCOMRAM 00006D
dec_to_hex@num               cstackCOMRAM 000063
dec_to_hex@quotient          cstackCOMRAM 000071
dec_to_hex@temp              cstackCOMRAM 00006B
end_of_initialization        cinit        002DE2
eval_poly@d                  cstackCOMRAM 00002B
eval_poly@n                  cstackCOMRAM 00002D
eval_poly@res                cstackCOMRAM 000031
eval_poly@x                  cstackCOMRAM 000028
exp@coeff                    mediumconst  00FE6F
exp@exponent                 cstackCOMRAM 00004F
exp@sign                     cstackCOMRAM 000051
exp@x                        cstackCOMRAM 000049
floor@expon                  cstackCOMRAM 000047
floor@i                      cstackCOMRAM 000044
floor@x                      cstackCOMRAM 000041
frexp@eptr                   cstackCOMRAM 000004
frexp@value                  cstackCOMRAM 000001
i2I2C_Master_Read@a          cstackCOMRAM 000002
i2I2C_Master_Read@temp       cstackCOMRAM 000003
i2I2C_Master_Write@d         cstackCOMRAM 000002
i2_I2C_Master_Read           text47       002FEC
i2_I2C_Master_Start          text46       00313E
i2_I2C_Master_Stop           text45       003136
i2_I2C_Master_Wait           text48       0030C8
i2_I2C_Master_Write          text44       00311C
i2___awtoft                  text54       002EF0
i2___awtoft@c                cstackCOMRAM 000009
i2___awtoft@sign             cstackCOMRAM 00000C
i2___ftdiv                   text53       001E44
i2___ftdiv@cntr              cstackCOMRAM 000012
i2___ftdiv@exp               cstackCOMRAM 000016
i2___ftdiv@f1                cstackCOMRAM 000009
i2___ftdiv@f2                cstackCOMRAM 00000C
i2___ftdiv@f3                cstackCOMRAM 000013
i2___ftdiv@sign              cstackCOMRAM 000017
i2___ftge                    text57       00283C
i2___ftge@ff1                cstackCOMRAM 000001
i2___ftge@ff2                cstackCOMRAM 000004
i2___ftpack                  text68       002644
i2___ftpack@arg              cstackCOMRAM 000001
i2___ftpack@exp              cstackCOMRAM 000004
i2___ftpack@sign             cstackCOMRAM 000005
i2___lwdiv                   text40       002CB6
i2___lwdiv@counter           cstackCOMRAM 000007
i2___lwdiv@dividend          cstackCOMRAM 000001
i2___lwdiv@divisor           cstackCOMRAM 000003
i2___lwdiv@quotient          cstackCOMRAM 000005
i2___lwmod                   text39       002E34
i2___lwmod@counter           cstackCOMRAM 00000C
i2___lwmod@dividend          cstackCOMRAM 000008
i2___lwmod@divisor           cstackCOMRAM 00000A
i2___wmul                    text62       003012
i2___wmul@multiplicand       cstackCOMRAM 000003
i2___wmul@multiplier         cstackCOMRAM 000001
i2___wmul@product            cstackCOMRAM 000005
i2_isdigit                   text38       00307E
i2_isdigit$805               cstackCOMRAM 000002
i2_lcdInst                   text41       003106
i2_lcdNibble                 text42       002D58
i2_printf                    text36       000B5C
i2_putch                     text37       0030FA
i2_read_colorsensor          text35       002008
i2_servo_rotate1             text34       0026F2
i2isdigit@c                  cstackCOMRAM 000003
i2lcdInst@data               cstackCOMRAM 000003
i2lcdNibble@data             cstackCOMRAM 000002
i2lcdNibble@temp             cstackCOMRAM 000001
i2printf@ap                  cstackCOMRAM 000018
i2printf@c                   cstackCOMRAM 000020
i2printf@f                   cstackCOMRAM 00000D
i2printf@flag                cstackCOMRAM 00001D
i2printf@idx                 cstackCOMRAM 000017
i2printf@prec                cstackCOMRAM 00001A
i2printf@val                 cstackCOMRAM 00001B
i2printf@width               cstackCOMRAM 00001E
i2putch@data                 cstackCOMRAM 000003
i2servo_rotate1@degree       cstackCOMRAM 000001
i2servo_rotate1@duty         cstackCOMRAM 000006
int$flags                    temp         00007E
int_func                     intcode_body 0003E8
intlevel0                    text         000000
intlevel1                    text         000000
intlevel2                    text         000000
intlevel3                    text         000000
isdigit@c                    cstackBANK0  0000DA
isr@i                        cstackCOMRAM 000073
lcdInst@data                 cstackBANK0  0000DA
lcdNibble@data               cstackBANK0  0000D9
lcdNibble@temp               cstackBANK0  0000D8
ldexp@newexp                 cstackCOMRAM 000037
ldexp@value                  cstackCOMRAM 000034
log@coeff                    mediumconst  00FE8D
log@exponent                 cstackCOMRAM 000037
log@x                        cstackCOMRAM 000034
pow@sign                     cstackCOMRAM 00005E
pow@x                        cstackCOMRAM 000052
pow@y                        cstackCOMRAM 000055
pow@yi                       cstackCOMRAM 00005F
printf@ap                    cstackBANK1  000105
printf@c                     cstackBANK1  00010D
printf@f                     cstackBANK0  0000E4
printf@flag                  cstackBANK1  00010A
printf@idx                   cstackBANK1  000104
printf@prec                  cstackBANK1  000107
printf@val                   cstackBANK1  000108
printf@width                 cstackBANK1  00010B
putch@data                   cstackBANK0  0000DA
read_time@i                  cstackCOMRAM 000004
servo_rotate0@degree         cstackBANK0  0000D8
servo_rotate0@duty           cstackBANK0  0000DD
servo_rotate1@degree         cstackBANK0  0000D8
servo_rotate1@duty           cstackBANK0  0000DD
stackhi                      (abs)        000F7F
stacklo                      (abs)        00011E
start                        init         00000E
start_initialization         cinit        002DA6


FUNCTION INFORMATION:

 *************** function _main *****************
 Defined at:
		line 16 in file "main.c"
 Parameters:    Size  Location     Type
		None
 Auto vars:     Size  Location     Type
		None
 Return value:  Size  Location     Type
                  1    wreg      void 
 Registers used:
		wreg, fsr2l, fsr2h, status,2, status,0, tblptrl, tblptrh, tblptru, prodl, prodh, cstack
 Tracked objects:
		On entry : 
		On exit  : 
		Unchanged: 
 Data sizes:     COMRAM   BANK0   BANK1   BANK2   BANK3   BANK4   BANK5   BANK6   BANK7   BANK8   BANK9  BANK10  BANK11  BANK12  BANK13  BANK14  BANK15
      Params:         0       0       0       0       0       0       0       0       0       0       0       0       0       0       0       0       0
      Locals:         0       0       0       0       0       0       0       0       0       0       0       0       0       0       0       0       0
      Temps:          0       0       2       0       0       0       0       0       0       0       0       0       0       0       0       0       0
      Totals:         0       0       2       0       0       0       0       0       0       0       0       0       0       0       0       0       0
Total ram usage:        2 bytes
 Hardware stack levels required when called:   11
 This function calls:
		_I2C_ColorSens_Init
		_I2C_Master_Init
		_bottle_count
		_bottle_time
		_date_time
		_emergencystop
		_initLCD
		_operation
		_operationend
		_standby
 This function is called by:
		Startup code after reset
 This function uses a non-reentrant model


 *************** function _standby *****************
 Defined at:
		line 198 in file "main.c"
 Parameters:    Size  Location     Type
		None
 Auto vars:     Size  Location     Type
		None
 Return value:  Size  Location     Type
                  1    wreg      void 
 Registers used:
		wreg, fsr2l, fsr2h, status,2, status,0, tblptrl, tblptrh, tblptru, prodl, prodh, cstack
 Tracked objects:
		On entry : 
		On exit  : 
		Unchanged: 
 Data sizes:     COMRAM   BANK0   BANK1   BANK2   BANK3   BANK4   BANK5   BANK6   BANK7   BANK8   BANK9  BANK10  BANK11  BANK12  BANK13  BANK14  BANK15
      Params:         0       0       0       0       0       0       0       0       0       0       0       0       0       0       0       0       0
      Locals:         0       0       0       0       0       0       0       0       0       0       0       0       0       0       0       0       0
      Temps:          0       0       0       0       0       0       0       0       0       0       0       0       0       0       0       0       0
      Totals:         0       0       0       0       0       0       0       0       0       0       0       0       0       0       0       0       0
Total ram usage:        0 bytes
 Hardware stack levels used:    1
 Hardware stack levels required when called:   10
 This function calls:
		_lcdInst
		_printf
		_read_colorsensor
 This function is called by:
		_main
 This function uses a non-reentrant model


 *************** function _operationend *****************
 Defined at:
		line 403 in file "main.c"
 Parameters:    Size  Location     Type
		None
 Auto vars:     Size  Location     Type
		None
 Return value:  Size  Location     Type
                  1    wreg      void 
 Registers used:
		wreg, fsr2l, fsr2h, status,2, status,0, tblptrl, tblptrh, tblptru, prodl, prodh, cstack
 Tracked objects:
		On entry : 
		On exit  : 
		Unchanged: 
 Data sizes:     COMRAM   BANK0   BANK1   BANK2   BANK3   BANK4   BANK5   BANK6   BANK7   BANK8   BANK9  BANK10  BANK11  BANK12  BANK13  BANK14  BANK15
      Params:         0       0       0       0       0       0       0       0       0       0       0       0       0       0       0       0       0
      Locals:         0       0       0       0       0       0       0       0       0       0       0       0       0       0       0       0       0
      Temps:          0       0       0       0       0       0       0       0       0       0       0       0       0       0       0       0       0
      Totals:         0       0       0       0       0       0       0       0       0       0       0       0       0       0       0       0       0
Total ram usage:        0 bytes
 Hardware stack levels used:    1
 Hardware stack levels required when called:   10
 This function calls:
		_lcdInst
		_printf
 This function is called by:
		_main
 This function uses a non-reentrant model


 *************** function _operation *****************
 Defined at:
		line 310 in file "main.c"
 Parameters:    Size  Location     Type
		None
 Auto vars:     Size  Location     Type
		None
 Return value:  Size  Location     Type
                  1    wreg      void 
 Registers used:
		wreg, fsr2l, fsr2h, status,2, status,0, tblptrl, tblptrh, tblptru, prodl, prodh, cstack
 Tracked objects:
		On entry : 
		On exit  : 
		Unchanged: 
 Data sizes:     COMRAM   BANK0   BANK1   BANK2   BANK3   BANK4   BANK5   BANK6   BANK7   BANK8   BANK9  BANK10  BANK11  BANK12  BANK13  BANK14  BANK15
      Params:         0       0       0       0       0       0       0       0       0       0       0       0       0       0       0       0       0
      Locals:         0       0       0       0       0       0       0       0       0       0       0       0       0       0       0       0       0
      Temps:          0       1       0       0       0       0       0       0       0       0       0       0       0       0       0       0       0
      Totals:         0       1       0       0       0       0       0       0       0       0       0       0       0       0       0       0       0
Total ram usage:        1 bytes
 Hardware stack levels used:    1
 Hardware stack levels required when called:   10
 This function calls:
		___awtoft
		___ftdiv
		___ftge
		_lcdInst
		_printf
		_read_colorsensor
		_servo_rotate0
		_servo_rotate1
 This function is called by:
		_main
 This function uses a non-reentrant model


 *************** function _servo_rotate1 *****************
 Defined at:
		line 436 in file "main.c"
 Parameters:    Size  Location     Type
  degree          2   16[BANK0 ] int 
 Auto vars:     Size  Location     Type
  duty            2   21[BANK0 ] int 
 Return value:  Size  Location     Type
                  1    wreg      void 
 Registers used:
		wreg, status,2, status,0
 Tracked objects:
		On entry : 
		On exit  : 
		Unchanged: 
 Data sizes:     COMRAM   BANK0   BANK1   BANK2   BANK3   BANK4   BANK5   BANK6   BANK7   BANK8   BANK9  BANK10  BANK11  BANK12  BANK13  BANK14  BANK15
      Params:         0       2       0       0       0       0       0       0       0       0       0       0       0       0       0       0       0
      Locals:         0       2       0       0       0       0       0       0       0       0       0       0       0       0       0       0       0
      Temps:          0       3       0       0       0       0       0       0       0       0       0       0       0       0       0       0       0
      Totals:         0       7       0       0       0       0       0       0       0       0       0       0       0       0       0       0       0
Total ram usage:        7 bytes
 Hardware stack levels used:    1
 Hardware stack levels required when called:    7
 This function calls:
		Nothing
 This function is called by:
		_operation
 This function uses a non-reentrant model


 *************** function _servo_rotate0 *****************
 Defined at:
		line 419 in file "main.c"
 Parameters:    Size  Location     Type
  degree          2   16[BANK0 ] int 
 Auto vars:     Size  Location     Type
  duty            2   21[BANK0 ] int 
 Return value:  Size  Location     Type
                  1    wreg      void 
 Registers used:
		wreg, status,2, status,0
 Tracked objects:
		On entry : 
		On exit  : 
		Unchanged: 
 Data sizes:     COMRAM   BANK0   BANK1   BANK2   BANK3   BANK4   BANK5   BANK6   BANK7   BANK8   BANK9  BANK10  BANK11  BANK12  BANK13  BANK14  BANK15
      Params:         0       2       0       0       0       0       0       0       0       0       0       0       0       0       0       0       0
      Locals:         0       2       0       0       0       0       0       0       0       0       0       0       0       0       0       0       0
      Temps:          0       3       0       0       0       0       0       0       0       0       0       0       0       0       0       0       0
      Totals:         0       7       0       0       0       0       0       0       0       0       0       0       0       0       0       0       0
Total ram usage:        7 bytes
 Hardware stack levels used:    1
 Hardware stack levels required when called:    7
 This function calls:
		Nothing
 This function is called by:
		_operation
 This function uses a non-reentrant model


 *************** function _read_colorsensor *****************
 Defined at:
		line 451 in file "main.c"
 Parameters:    Size  Location     Type
		None
 Auto vars:     Size  Location     Type
		None
 Return value:  Size  Location     Type
                  1    wreg      void 
 Registers used:
		wreg, status,2, status,0, cstack
 Tracked objects:
		On entry : 
		On exit  : 
		Unchanged: 
 Data sizes:     COMRAM   BANK0   BANK1   BANK2   BANK3   BANK4   BANK5   BANK6   BANK7   BANK8   BANK9  BANK10  BANK11  BANK12  BANK13  BANK14  BANK15
      Params:         0       0       0       0       0       0       0       0       0       0       0       0       0       0       0       0       0
      Locals:         0       0       0       0       0       0       0       0       0       0       0       0       0       0       0       0       0
      Temps:          0       2       0       0       0       0       0       0       0       0       0       0       0       0       0       0       0
      Totals:         0       2       0       0       0       0       0       0       0       0       0       0       0       0       0       0       0
Total ram usage:        2 bytes
 Hardware stack levels used:    1
 Hardware stack levels required when called:    9
 This function calls:
		_I2C_Master_Read
		_I2C_Master_Start
		_I2C_Master_Stop
		_I2C_Master_Write
 This function is called by:
		_standby
		_operation
 This function uses a non-reentrant model


 *************** function ___ftge *****************
 Defined at:
		line 4 in file "D:\Program Files (x86)\Microchip\xc8\v1.40\sources\common\ftge.c"
 Parameters:    Size  Location     Type
  ff1             3    6[BANK1 ] float 
  ff2             3    9[BANK1 ] float 
 Auto vars:     Size  Location     Type
		None
 Return value:  Size  Location     Type
		None               void
 Registers used:
		wreg, status,2, status,0
 Tracked objects:
		On entry : 
		On exit  : 
		Unchanged: 
 Data sizes:     COMRAM   BANK0   BANK1   BANK2   BANK3   BANK4   BANK5   BANK6   BANK7   BANK8   BANK9  BANK10  BANK11  BANK12  BANK13  BANK14  BANK15
      Params:         0       0       6       0       0       0       0       0       0       0       0       0       0       0       0       0       0
      Locals:         0       0       0       0       0       0       0       0       0       0       0       0       0       0       0       0       0
      Temps:          0       3       0       0       0       0       0       0       0       0       0       0       0       0       0       0       0
      Totals:         0       3       6       0       0       0       0       0       0       0       0       0       0       0       0       0       0
Total ram usage:        9 bytes
 Hardware stack levels used:    1
 Hardware stack levels required when called:    7
 This function calls:
		Nothing
 This function is called by:
		_operation
 This function uses a non-reentrant model


 *************** function ___ftdiv *****************
 Defined at:
		line 54 in file "D:\Program Files (x86)\Microchip\xc8\v1.40\sources\common\ftdiv.c"
 Parameters:    Size  Location     Type
  f1              3   24[BANK0 ] float 
  f2              3   27[BANK0 ] float 
 Auto vars:     Size  Location     Type
  f3              3    1[BANK1 ] float 
  sign            1    5[BANK1 ] unsigned char 
  exp             1    4[BANK1 ] unsigned char 
  cntr            1    0[BANK1 ] unsigned char 
 Return value:  Size  Location     Type
                  3   24[BANK0 ] float 
 Registers used:
		wreg, status,2, status,0, cstack
 Tracked objects:
		On entry : 
		On exit  : 
		Unchanged: 
 Data sizes:     COMRAM   BANK0   BANK1   BANK2   BANK3   BANK4   BANK5   BANK6   BANK7   BANK8   BANK9  BANK10  BANK11  BANK12  BANK13  BANK14  BANK15
      Params:         0       6       0       0       0       0       0       0       0       0       0       0       0       0       0       0       0
      Locals:         0       0       6       0       0       0       0       0       0       0       0       0       0       0       0       0       0
      Temps:          0       3       0       0       0       0       0       0       0       0       0       0       0       0       0       0       0
      Totals:         0       9       6       0       0       0       0       0       0       0       0       0       0       0       0       0       0
Total ram usage:       15 bytes
 Hardware stack levels used:    1
 Hardware stack levels required when called:    8
 This function calls:
		___ftpack
 This function is called by:
		_operation
 This function uses a non-reentrant model


 *************** function ___awtoft *****************
 Defined at:
		line 32 in file "D:\Program Files (x86)\Microchip\xc8\v1.40\sources\common\awtoft.c"
 Parameters:    Size  Location     Type
  c               2   24[BANK0 ] int 
 Auto vars:     Size  Location     Type
  sign            1   27[BANK0 ] unsigned char 
 Return value:  Size  Location     Type
                  3   24[BANK0 ] float 
 Registers used:
		wreg, status,2, status,0, cstack
 Tracked objects:
		On entry : 
		On exit  : 
		Unchanged: 
 Data sizes:     COMRAM   BANK0   BANK1   BANK2   BANK3   BANK4   BANK5   BANK6   BANK7   BANK8   BANK9  BANK10  BANK11  BANK12  BANK13  BANK14  BANK15
      Params:         0       3       0       0       0       0       0       0       0       0       0       0       0       0       0       0       0
      Locals:         0       1       0       0       0       0       0       0       0       0       0       0       0       0       0       0       0
[...]
 Return value:  Size  Location     Type
                  2    0[COMRAM] unsigned int 
 Registers used:
		wreg, status,2, status,0, prodl, prodh
 Tracked objects:
		On entry : 
		On exit  : 
		Unchanged: 
 Data sizes:     COMRAM   BANK0   BANK1   BANK2   BANK3   BANK4   BANK5   BANK6   BANK7   BANK8   BANK9  BANK10  BANK11  BANK12  BANK13  BANK14  BANK15
      Params:         4       0       0       0       0       0       0       0       0       0       0       0       0       0       0       0       0
      Locals:         2       0       0       0       0       0       0       0       0       0       0       0       0       0       0       0       0
      Temps:          0       0       0       0       0       0       0       0       0       0       0       0       0       0       0       0       0
      Totals:         6       0       0       0       0       0       0       0       0       0       0       0       0       0       0       0       0
Total ram usage:        6 bytes
 Hardware stack levels used:    1
 This function calls:
		Nothing
 This function is called by:
		_isr
		_eval_poly
		i2_printf
 This function uses a non-reentrant model


 *************** function ___ftmul *****************
 Defined at:
		line 62 in file "D:\Program Files (x86)\Microchip\xc8\v1.40\sources\common\ftmul.c"
 Parameters:    Size  Location     Type
  f1              3   12[COMRAM] float 
  f2              3   15[COMRAM] float 
 Auto vars:     Size  Location     Type
  f3_as_produc    3   22[COMRAM] unsigned um
  sign            1   26[COMRAM] unsigned char 
  cntr            1   25[COMRAM] unsigned char 
  exp             1   21[COMRAM] unsigned char 
 Return value:  Size  Location     Type
                  3   12[COMRAM] float 
 Registers used:
		wreg, status,2, status,0, cstack
 Tracked objects:
		On entry : 
		On exit  : 
		Unchanged: 
 Data sizes:     COMRAM   BANK0   BANK1   BANK2   BANK3   BANK4   BANK5   BANK6   BANK7   BANK8   BANK9  BANK10  BANK11  BANK12  BANK13  BANK14  BANK15
      Params:         6       0       0       0       0       0       0       0       0       0       0       0       0       0       0       0       0
      Locals:         6       0       0       0       0       0       0       0       0       0       0       0       0       0       0       0       0
      Temps:          3       0       0       0       0       0       0       0       0       0       0       0       0       0       0       0       0
      Totals:        15       0       0       0       0       0       0       0       0       0       0       0       0       0       0       0       0
Total ram usage:       15 bytes
 Hardware stack levels used:    1
 Hardware stack levels required when called:    1
 This function calls:
		i2___ftpack
 This function is called by:
		_dec_to_hex
		_pow
		_exp
		_log
		_eval_poly
 This function uses a non-reentrant model


 *************** function ___ftsub *****************
 Defined at:
		line 20 in file "D:\Program Files (x86)\Microchip\xc8\v1.40\sources\common\ftsub.c"
 Parameters:    Size  Location     Type
  f1              3   39[COMRAM] float 
  f2              3   42[COMRAM] float 
 Auto vars:     Size  Location     Type
		None
 Return value:  Size  Location     Type
                  3   39[COMRAM] float 
 Registers used:
		wreg, status,2, status,0, cstack
 Tracked objects:
		On entry : 
		On exit  : 
		Unchanged: 
 Data sizes:     COMRAM   BANK0   BANK1   BANK2   BANK3   BANK4   BANK5   BANK6   BANK7   BANK8   BANK9  BANK10  BANK11  BANK12  BANK13  BANK14  BANK15
      Params:         6       0       0       0       0       0       0       0       0       0       0       0       0       0       0       0       0
      Locals:         0       0       0       0       0       0       0       0       0       0       0       0       0       0       0       0       0
      Temps:          0       0       0       0       0       0       0       0       0       0       0       0       0       0       0       0       0
      Totals:         6       0       0       0       0       0       0       0       0       0       0       0       0       0       0       0       0
Total ram usage:        6 bytes
 Hardware stack levels used:    1
 Hardware stack levels required when called:    2
 This function calls:
		___ftadd
 This function is called by:
		_exp
 This function uses a non-reentrant model


 *************** function ___ftadd *****************
 Defined at:
		line 86 in file "D:\Program Files (x86)\Microchip\xc8\v1.40\sources\common\ftadd.c"
 Parameters:    Size  Location     Type
  f1              3   27[COMRAM] float 
  f2              3   30[COMRAM] float 
 Auto vars:     Size  Location     Type
  exp1            1   38[COMRAM] unsigned char 
  exp2            1   37[COMRAM] unsigned char 
  sign            1   36[COMRAM] unsigned char 
 Return value:  Size  Location     Type
                  3   27[COMRAM] float 
 Registers used:
		wreg, status,2, status,0, cstack
 Tracked objects:
		On entry : 
		On exit  : 
		Unchanged: 
 Data sizes:     COMRAM   BANK0   BANK1   BANK2   BANK3   BANK4   BANK5   BANK6   BANK7   BANK8   BANK9  BANK10  BANK11  BANK12  BANK13  BANK14  BANK15
      Params:         6       0       0       0       0       0       0       0       0       0       0       0       0       0       0       0       0
      Locals:         3       0       0       0       0       0       0       0       0       0       0       0       0       0       0       0       0
      Temps:          3       0       0       0       0       0       0       0       0       0       0       0       0       0       0       0       0
      Totals:        12       0       0       0       0       0       0       0       0       0       0       0       0       0       0       0       0
Total ram usage:       12 bytes
 Hardware stack levels used:    1
 Hardware stack levels required when called:    1
 This function calls:
		i2___ftpack
 This function is called by:
		_dec_to_hex
		___ftsub
		_floor
		_log
		_eval_poly
 This function uses a non-reentrant model


 *************** function ___ftneg *****************
 Defined at:
		line 15 in file "D:\Program Files (x86)\Microchip\xc8\v1.40\sources\common\ftneg.c"
 Parameters:    Size  Location     Type
  f1              3    0[COMRAM] float 
 Auto vars:     Size  Location     Type
		None
 Return value:  Size  Location     Type
                  3    0[COMRAM] float 
 Registers used:
		wreg, status,2, status,0
 Tracked objects:
		On entry : 
		On exit  : 
		Unchanged: 
 Data sizes:     COMRAM   BANK0   BANK1   BANK2   BANK3   BANK4   BANK5   BANK6   BANK7   BANK8   BANK9  BANK10  BANK11  BANK12  BANK13  BANK14  BANK15
      Params:         3       0       0       0       0       0       0       0       0       0       0       0       0       0       0       0       0
      Locals:         0       0       0       0       0       0       0       0       0       0       0       0       0       0       0       0       0
      Temps:          0       0       0       0       0       0       0       0       0       0       0       0       0       0       0       0       0
      Totals:         3       0       0       0       0       0       0       0       0       0       0       0       0       0       0       0       0
Total ram usage:        3 bytes
 Hardware stack levels used:    1
 This function calls:
		Nothing
 This function is called by:
		_pow
		_exp
 This function uses a non-reentrant model


 *************** function ___lltoft *****************
 Defined at:
		line 35 in file "D:\Program Files (x86)\Microchip\xc8\v1.40\sources\common\lltoft.c"
 Parameters:    Size  Location     Type
  c               4    8[COMRAM] unsigned long 
 Auto vars:     Size  Location     Type
  exp             1   16[COMRAM] unsigned char 
 Return value:  Size  Location     Type
                  3    8[COMRAM] float 
 Registers used:
		wreg, status,2, status,0, cstack
 Tracked objects:
		On entry : 
		On exit  : 
		Unchanged: 
 Data sizes:     COMRAM   BANK0   BANK1   BANK2   BANK3   BANK4   BANK5   BANK6   BANK7   BANK8   BANK9  BANK10  BANK11  BANK12  BANK13  BANK14  BANK15
      Params:         4       0       0       0       0       0       0       0       0       0       0       0       0       0       0       0       0
      Locals:         1       0       0       0       0       0       0       0       0       0       0       0       0       0       0       0       0
      Temps:          4       0       0       0       0       0       0       0       0       0       0       0       0       0       0       0       0
      Totals:         9       0       0       0       0       0       0       0       0       0       0       0       0       0       0       0       0
Total ram usage:        9 bytes
 Hardware stack levels used:    1
 Hardware stack levels required when called:    1
 This function calls:
		i2___ftpack
 This function is called by:
		_pow
 This function uses a non-reentrant model


 *************** function i2___ftpack *****************
 Defined at:
		line 62 in file "D:\Program Files (x86)\Microchip\xc8\v1.40\sources\common\float.c"
 Parameters:    Size  Location     Type
  arg             3    0[COMRAM] unsigned um
  exp             1    3[COMRAM] unsigned char 
  sign            1    4[COMRAM] unsigned char 
 Auto vars:     Size  Location     Type
		None
 Return value:  Size  Location     Type
                  3    0[COMRAM] float 
 Registers used:
		wreg, status,2, status,0
 Tracked objects:
		On entry : 
		On exit  : 
		Unchanged: 
 Data sizes:     COMRAM   BANK0   BANK1   BANK2   BANK3   BANK4   BANK5   BANK6   BANK7   BANK8   BANK9  BANK10  BANK11  BANK12  BANK13  BANK14  BANK15
      Params:         5       0       0       0       0       0       0       0       0       0       0       0       0       0       0       0       0
      Locals:         0       0       0       0       0       0       0       0       0       0       0       0       0       0       0       0       0
      Temps:          3       0       0       0       0       0       0       0       0       0       0       0       0       0       0       0       0
      Totals:         8       0       0       0       0       0       0       0       0       0       0       0       0       0       0       0       0
Total ram usage:        8 bytes
 Hardware stack levels used:    1
 This function calls:
		Nothing
 This function is called by:
		___altoft
		___ftadd
		___ftmul
		___lltoft
		i2___awtoft
		i2___ftdiv
 This function uses a non-reentrant model


 *************** function ___awdiv *****************
 Defined at:
		line 8 in file "D:\Program Files (x86)\Microchip\xc8\v1.40\sources\common\awdiv.c"
 Parameters:    Size  Location     Type
  dividend        2    0[COMRAM] int 
  divisor         2    2[COMRAM] int 
 Auto vars:     Size  Location     Type
  quotient        2    6[COMRAM] int 
  sign            1    5[COMRAM] unsigned char 
  counter         1    4[COMRAM] unsigned char 
 Return value:  Size  Location     Type
                  2    0[COMRAM] int 
 Registers used:
		wreg, status,2, status,0
 Tracked objects:
		On entry : 
		On exit  : 
		Unchanged: 
 Data sizes:     COMRAM   BANK0   BANK1   BANK2   BANK3   BANK4   BANK5   BANK6   BANK7   BANK8   BANK9  BANK10  BANK11  BANK12  BANK13  BANK14  BANK15
      Params:         4       0       0       0       0       0       0       0       0       0       0       0       0       0       0       0       0
      Locals:         4       0       0       0       0       0       0       0       0       0       0       0       0       0       0       0       0
      Temps:          0       0       0       0       0       0       0       0       0       0       0       0       0       0       0       0       0
      Totals:         8       0       0       0       0       0       0       0       0       0       0       0       0       0       0       0       0
Total ram usage:        8 bytes
 Hardware stack levels used:    1
 This function calls:
		Nothing
 This function is called by:
		_dec_to_hex
 This function uses a non-reentrant model



MODULE INFORMATION

Module		Function		Class		Link	Load	Size
D:\Program Files (x86)\Microchip\xc8\v1.40\sources\common\float.c
		___ftpack      		CODE           	175A	0000	269

D:\Program Files (x86)\Microchip\xc8\v1.40\sources\common\float.c estimated size: 269

D:\Program Files (x86)\Microchip\xc8\v1.40\sources\common\lwmod.c
		___lwmod       		CODE           	2B38	0000	99

D:\Program Files (x86)\Microchip\xc8\v1.40\sources\common\lwmod.c estimated size: 99

D:\Program Files (x86)\Microchip\xc8\v1.40\sources\common\ftmul.c
		___ftmul       		CODE           	1D50	0000	245

D:\Program Files (x86)\Microchip\xc8\v1.40\sources\common\ftmul.c estimated size: 245

D:\Program Files (x86)\Microchip\xc8\v1.40\sources\common\ftge.c
		___ftge        		CODE           	2282	0000	201

D:\Program Files (x86)\Microchip\xc8\v1.40\sources\common\ftge.c estimated size: 201

D:\Program Files (x86)\Microchip\xc8\v1.40\sources\common\awmod.c
		___awmod       		CODE           	279A	0000	163

D:\Program Files (x86)\Microchip\xc8\v1.40\sources\common\awmod.c estimated size: 163

D:\Program Files (x86)\Microchip\xc8\v1.40\sources\common\ftdiv.c
		___ftdiv       		CODE           	14F0	0000	333

D:\Program Files (x86)\Microchip\xc8\v1.40\sources\common\ftdiv.c estimated size: 333

D:\Program Files (x86)\Microchip\xc8\v1.40\sources\common\Umul16.c
		___wmul        		CODE           	2F5E	0000	55

D:\Program Files (x86)\Microchip\xc8\v1.40\sources\common\Umul16.c estimated size: 55

D:\Program Files (x86)\Microchip\xc8\v1.40\sources\common\frexp.c
		_ldexp         		CODE           	234A	0000	199
		_frexp         		CODE           	28CC	0000	145

D:\Program Files (x86)\Microchip\xc8\v1.40\sources\common\frexp.c estimated size: 344

D:\Program Files (x86)\Microchip\xc8\v1.40\sources\common\floor.c
		_floor         		CODE           	1F2A	0000	223

D:\Program Files (x86)\Microchip\xc8\v1.40\sources\common\floor.c estimated size: 223

I2C.c
		_I2C_Master_Read		CODE           	2F94	0000	47
		_I2C_Master_Wait		CODE           	30B4	0000	21
		_I2C_Master_Init		CODE           	2BFA	0000	97
		_I2C_Master_Stop		CODE           	3126	0000	9
		_I2C_ColorSens_Init		CODE           	196A	0000	255
		_I2C_Master_Write		CODE           	3112	0000	11
		_I2C_Master_Start		CODE           	312E	0000	9

I2C.c estimated size: 449

D:\Program Files (x86)\Microchip\xc8\v1.40\sources\common\fttol.c
		___fttol       		CODE           	1C5C	0000	245

D:\Program Files (x86)\Microchip\xc8\v1.40\sources\common\fttol.c estimated size: 245

D:\Program Files (x86)\Microchip\xc8\v1.40\sources\common\lwdiv.c
		___lwdiv       		CODE           	29E0	0000	121

D:\Program Files (x86)\Microchip\xc8\v1.40\sources\common\lwdiv.c estimated size: 121

D:\Program Files (x86)\Microchip\xc8\v1.40\sources\common\awdiv.c
		___awdiv       		CODE           	295C	0000	133

D:\Program Files (x86)\Microchip\xc8\v1.40\sources\common\awdiv.c estimated size: 133

D:\Program Files (x86)\Microchip\xc8\v1.40\sources\common\exp.c
		_exp           		CODE           	0E88	0000	489

D:\Program Files (x86)\Microchip\xc8\v1.40\sources\common\exp.c estimated size: 489

D:\Program Files (x86)\Microchip\xc8\v1.40\sources\common\ftadd.c
		___ftadd       		CODE           	1070	0000	429

D:\Program Files (x86)\Microchip\xc8\v1.40\sources\common\ftadd.c estimated size: 429

D:\Program Files (x86)\Microchip\xc8\v1.40\sources\common\lldiv.c
		___lldiv       		CODE           	2588	0000	189

D:\Program Files (x86)\Microchip\xc8\v1.40\sources\common\lldiv.c estimated size: 189

shared
		i2_printf      		CODE           	0B5C	0000	813
		exp@coeff      		MEDIUMCONST    	FE6F	0000	31
		i2_I2C_Master_Start		CODE           	313E	0000	9
		i2_putch       		CODE           	30FA	0000	13
		i2_lcdNibble   		CODE           	2D58	0000	79
		i2___ftdiv     		CODE           	1E44	0000	231
		_dpowers       		MEDIUMCONST    	FE56	0000	11
		i2___ftge      		CODE           	283C	0000	145
		i2___lwdiv     		CODE           	2CB6	0000	83
		_timeset       		MEDIUMCONST    	FE68	0000	8
		i2_isdigit     		CODE           	307E	0000	31
		i2_servo_rotate1		CODE           	26F2	0000	169
		i2___awtoft    		CODE           	2EF0	0000	57
		i2___wmul      		CODE           	3012	0000	39
		i2_I2C_Master_Read		CODE           	2FEC	0000	39
		i2___lwmod     		CODE           	2E34	0000	67
		i2___ftpack    		CODE           	2644	0000	175
		_keys          		MEDIUMCONST    	FE45	0000	18
		__initialization		CODE           	2DA6	0000	61
		i2_read_colorsensor		CODE           	2008	0000	215
		i2_I2C_Master_Wait		CODE           	30C8	0000	19
		_hexpowers     		MEDIUMCONST    	FE60	0000	9
		i2_I2C_Master_Stop		CODE           	3136	0000	9
		log@coeff      		MEDIUMCONST    	FE8D	0000	28
		i2_lcdInst     		CODE           	3106	0000	13
		i2_I2C_Master_Write		CODE           	311C	0000	11

shared estimated size: 2383

D:\Program Files (x86)\Microchip\xc8\v1.40\sources\common\awtoft.c
		___awtoft      		CODE           	2DF0	0000	69

D:\Program Files (x86)\Microchip\xc8\v1.40\sources\common\awtoft.c estimated size: 69

D:\Program Files (x86)\Microchip\xc8\v1.40\sources\common\ftneg.c
		___ftneg       		CODE           	3038	0000	37

D:\Program Files (x86)\Microchip\xc8\v1.40\sources\common\ftneg.c estimated size: 37

D:\Program Files (x86)\Microchip\xc8\v1.40\sources\common\altoft.c
		___altoft      		CODE           	2A58	0000	121

D:\Program Files (x86)\Microchip\xc8\v1.40\sources\common\altoft.c estimated size: 121

D:\Program Files (x86)\Microchip\xc8\v1.40\sources\common\log.c
		_log           		CODE           	163C	0000	287

D:\Program Files (x86)\Microchip\xc8\v1.40\sources\common\log.c estimated size: 287

D:\Program Files (x86)\Microchip\xc8\v1.40\sources\common\ftsub.c
		___ftsub       		CODE           	2E76	0000	65

D:\Program Files (x86)\Microchip\xc8\v1.40\sources\common\ftsub.c estimated size: 65

lcd.c
		_putch         		CODE           	30DA	0000	17
		_lcdInst       		CODE           	30EA	0000	17
		_lcdNibble     		CODE           	2B9A	0000	97
		_initLCD       		CODE           	2D08	0000	81

lcd.c estimated size: 212

D:\Program Files (x86)\Microchip\xc8\v1.40\sources\common\evalpoly.c
		_eval_poly     		CODE           	21B0	0000	211

D:\Program Files (x86)\Microchip\xc8\v1.40\sources\common\evalpoly.c estimated size: 211

D:\Program Files (x86)\Microchip\xc8\v1.40\sources\common\isdigit.c
		_isdigit       		CODE           	2FC2	0000	43

D:\Program Files (x86)\Microchip\xc8\v1.40\sources\common\isdigit.c estimated size: 43

D:\Program Files (x86)\Microchip\xc8\v1.40\sources\common\doprnt.c
		_printf        		CODE           	0012	0000	983

D:\Program Files (x86)\Microchip\xc8\v1.40\sources\common\doprnt.c estimated size: 983

D:\Program Files (x86)\Microchip\xc8\v1.40\sources\common\pow.c
		_pow           		CODE           	121C	0000	375

D:\Program Files (x86)\Microchip\xc8\v1.40\sources\common\pow.c estimated size: 375

D:\Program Files (x86)\Microchip\xc8\v1.40\sources\common\lltoft.c
		___lltoft      		CODE           	2C5A	0000	93

D:\Program Files (x86)\Microchip\xc8\v1.40\sources\common\lltoft.c estimated size: 93

main.c
		_bottle_time   		CODE           	2F28	0000	55
		_read_colorsensor		CODE           	1B64	0000	249
		_bottle_count  		CODE           	1866	0000	261
		_dec_to_hex    		CODE           	1A68	0000	253
		_main          		CODE           	1392	0000	351
		_date_time     		CODE           	20DE	0000	211
		_isr           		CODE           	0008	0000	985
		_standby       		CODE           	2EB6	0000	59
		_operation     		CODE           	07BA	0000	931
		_operationend  		CODE           	309C	0000	25
		_read_time     		CODE           	2AD0	0000	105
		_servo_rotate0 		CODE           	24CC	0000	189
		_servo_rotate1 		CODE           	2410	0000	189
		_emergencystop 		CODE           	305C	0000	35

main.c estimated size: 3898

